09-13-2026 12:42:06 RAM 6577/7620MB (lfb 61x1MB) SWAP 2391/12002MB (cached 15MB) CPU [5%@1728,93%@1728,3%@1728,0%@1728,0%@729,4%@729] GR3D_FREQ 31% cpu@53.781C soc2@52.062C soc0@52.468C gpu@52.875C tj@53.781C soc1@53.093C VDD_IN 6001mW/6001mW VDD_CPU_GPU_CV 1428mW/1428mW VDD_SOC 1587mW/1587mW
09-13-2026 12:42:07 RAM 6619/7620MB (lfb 49x1MB) SWAP 2390/12002MB (cached 15MB) CPU [98%@1728,0%@1728,0%@1728,0%@1728,0%@729,0%@729] GR3D_FREQ 0% cpu@53.843C soc2@52.062C soc0@52.312C gpu@52.812C tj@53.718C soc1@53.156C VDD_IN 5882mW/5942mW VDD_CPU_GPU_CV 1269mW/1349mW VDD_SOC 1589mW/1588mW
09-13-2026 12:42:08 RAM 6658/7620MB (lfb 12x1MB) SWAP 2387/12002MB (cached 15MB) CPU [100%@1728,0%@1728,0%@1728,0%@1728,0%@729,0%@729] GR3D_FREQ 0% cpu@53.75C soc2@52.125C soc0@52.343C gpu@52.906C tj@53.75C soc1@53.187C VDD_IN 5882mW/5922mW VDD_CPU_GPU_CV 1269mW/1322mW VDD_SOC 1589mW/1588mW
09-13-2026 12:42:09 RAM 6842/7620MB (lfb 3x128kB) SWAP 2383/12002MB (cached 15MB) CPU [54%@1728,41%@1728,5%@1728,5%@1728,5%@729,15%@729] GR3D_FREQ 0% cpu@53.75C soc2@52.062C soc0@52.437C gpu@52.843C tj@53.75C soc1@53.281C VDD_IN 6041mW/5952mW VDD_CPU_GPU_CV 1507mW/1368mW VDD_SOC 1547mW/1578mW
09-13-2026 12:42:10 RAM 7118/7620MB (lfb 7826x32kB) SWAP 2378/12002MB (cached 15MB) CPU [3%@729,31%@729,0%@729,0%@729,0%@729,0%@729] GR3D_FREQ 99% cpu@54.593C soc2@53.093C soc0@52.781C gpu@56.125C tj@56.125C soc1@53.25C VDD_IN 17685mW/8298mW VDD_CPU_GPU_CV 9889mW/3072mW VDD_SOC 2728mW/1808mW
09-13-2026 12:42:11 RAM 7145/7620MB (lfb 6738x32kB) SWAP 2378/12002MB (cached 15MB) CPU [1%@1728,91%@1728,0%@1728,0%@1728,1%@729,0%@729] GR3D_FREQ 87% cpu@55.656C soc2@54C soc0@53.343C gpu@56.156C tj@56.156C soc1@53.687C VDD_IN 19533mW/10171mW VDD_CPU_GPU_CV 9934mW/4216mW VDD_SOC 4273mW/2219mW
09-13-2026 12:42:12 RAM 7146/7620MB (lfb 6707x32kB) SWAP 2377/12002MB (cached 15MB) CPU [0%@1728,100%@1728,0%@1728,0%@1728,0%@729,0%@729] GR3D_FREQ 88% cpu@55.906C soc2@54.25C soc0@53.531C gpu@56.468C tj@56.468C soc1@54.093C VDD_IN 19105mW/11447mW VDD_CPU_GPU_CV 8169mW/4781mW VDD_SOC 5011mW/2618mW
09-13-2026 12:42:13 RAM 7187/7620MB (lfb 2x128kB) SWAP 2379/12002MB (cached 15MB) CPU [23%@1728,62%@1728,5%@1728,7%@1728,20%@729,13%@729] GR3D_FREQ 61% cpu@55.718C soc2@54.062C soc0@53.75C gpu@55.312C tj@55.718C soc1@54.375C VDD_IN 12319mW/11556mW VDD_CPU_GPU_CV 4550mW/4752mW VDD_SOC 3497mW/2728mW
09-13-2026 12:42:14 RAM 7195/7620MB (lfb 15x1MB) SWAP 2378/12002MB (cached 16MB) CPU [100%@1728,0%@1728,0%@1728,0%@1728,11%@729,3%@729] GR3D_FREQ 99% cpu@56.437C soc2@55C soc0@54.093C gpu@58.218C tj@58.218C soc1@54.562C VDD_IN 21912mW/12707mW VDD_CPU_GPU_CV 11731mW/5527mW VDD_SOC 4530mW/2928mW
09-13-2026 12:42:15 RAM 7201/7620MB (lfb 15x1MB) SWAP 2377/12002MB (cached 16MB) CPU [100%@1728,3%@1728,2%@1728,1%@1728,1%@729,1%@729] GR3D_FREQ 86% cpu@57.25C soc2@55.406C soc0@54.531C gpu@57.406C tj@57.406C soc1@54.812C VDD_IN 19922mW/13428mW VDD_CPU_GPU_CV 9316mW/5906mW VDD_SOC 4856mW/3121mW
09-13-2026 12:42:16 RAM 7203/7620MB (lfb 15x1MB) SWAP 2376/12002MB (cached 16MB) CPU [100%@1728,5%@1728,6%@1728,9%@1728,24%@729,21%@729] GR3D_FREQ 90% cpu@57.218C soc2@55.593C soc0@54.812C gpu@57.687C tj@57.906C soc1@55.031C VDD_IN 19339mW/13966mW VDD_CPU_GPU_CV 8247mW/6119mW VDD_SOC 5089mW/3300mW
09-13-2026 12:42:17 RAM 7196/7620MB (lfb 14x1MB) SWAP 2377/12002MB (cached 18MB) CPU [30%@1728,4%@1728,4%@1728,71%@1728,19%@729,11%@729] GR3D_FREQ 99% cpu@57.093C soc2@55.343C soc0@54.656C gpu@58.656C tj@58.656C soc1@55.218C VDD_IN 18084mW/14309mW VDD_CPU_GPU_CV 8803mW/6343mW VDD_SOC 4163mW/3372mW
09-13-2026 12:42:18 RAM 7201/7620MB (lfb 2x2MB) SWAP 2377/12002MB (cached 18MB) CPU [0%@1728,0%@1728,0%@1728,100%@1728,0%@729,6%@729] GR3D_FREQ 99% cpu@57.687C soc2@56.093C soc0@55.062C gpu@59.718C tj@59.718C soc1@55.5C VDD_IN 22573mW/14944mW VDD_CPU_GPU_CV 12441mW/6812mW VDD_SOC 4522mW/3460mW
09-13-2026 12:42:19 RAM 7202/7620MB (lfb 2x2MB) SWAP 2377/12002MB (cached 18MB) CPU [0%@1728,0%@1728,0%@1728,100%@1728,0%@729,0%@729] GR3D_FREQ 88% cpu@57.843C soc2@56.25C soc0@55.437C gpu@58.781C tj@58.781C soc1@55.781C VDD_IN 19533mW/15272mW VDD_CPU_GPU_CV 8620mW/6941mW VDD_SOC 5011mW/3571mW
09-13-2026 12:42:20 RAM 7202/7620MB (lfb 2x2MB) SWAP 2376/12002MB (cached 18MB) CPU [4%@1728,3%@1728,2%@1728,99%@1728,3%@729,6%@729] GR3D_FREQ 0% cpu@58.218C soc2@56.125C soc0@55.562C gpu@57.781C tj@58.218C soc1@56.062C VDD_IN 17021mW/15389mW VDD_CPU_GPU_CV 7031mW/6947mW VDD_SOC 4560mW/3637mW
09-13-2026 12:42:21 RAM 7204/7620MB (lfb 2x2MB) SWAP 2376/12002MB (cached 18MB) CPU [0%@1728,0%@1728,0%@1728,100%@1728,8%@729,4%@729] GR3D_FREQ 99% cpu@58.156C soc2@56.625C soc0@55.812C gpu@59.625C tj@59.625C soc1@55.968C VDD_IN 21253mW/15755mW VDD_CPU_GPU_CV 11019mW/7201mW VDD_SOC 4491mW/3690mW
09-13-2026 12:42:22 RAM 7203/7620MB (lfb 2x2MB) SWAP 2375/12002MB (cached 18MB) CPU [1%@1728,0%@1728,0%@1728,100%@1728,0%@729,1%@729] GR3D_FREQ 90% cpu@58.75C soc2@57C soc0@56.062C gpu@59.468C tj@59.468C soc1@56.375C VDD_IN 20744mW/16049mW VDD_CPU_GPU_CV 10402mW/7390mW VDD_SOC 4692mW/3749mW
09-13-2026 12:42:23 RAM 7204/7620MB (lfb 2x2MB) SWAP 2375/12002MB (cached 18MB) CPU [0%@1728,0%@1728,0%@1728,100%@1728,0%@729,0%@729] GR3D_FREQ 88% cpu@58.625C soc2@57.187C soc0@56.281C gpu@59.406C tj@59.406C soc1@56.625C VDD_IN 19261mW/16227mW VDD_CPU_GPU_CV 8208mW/7435mW VDD_SOC 5089mW/3824mW
09-13-2026 12:42:24 RAM 7140/7620MB (lfb 21x1MB) SWAP 2376/12002MB (cached 18MB) CPU [7%@1728,45%@1728,7%@1728,57%@1728,15%@729,7%@729] GR3D_FREQ 0% cpu@58.187C soc2@56.593C soc0@56.375C gpu@57.343C tj@58.187C soc1@56.875C VDD_IN 11335mW/15970mW VDD_CPU_GPU_CV 3968mW/7253mW VDD_SOC 3306mW/3796mW
09-13-2026 12:42:25 RAM 7255/7620MB (lfb 1x256kB) SWAP 2375/12002MB (cached 18MB) CPU [1%@1728,99%@1728,0%@1728,0%@1728,0%@729,6%@729] GR3D_FREQ 99% cpu@58.812C soc2@57.562C soc0@56.687C gpu@60.687C tj@60.687C soc1@57.031C VDD_IN 21719mW/16257mW VDD_CPU_GPU_CV 11346mW/7457mW VDD_SOC 4530mW/3833mW
09-13-2026 12:42:26 RAM 7255/7620MB (lfb 1x256kB) SWAP 2375/12002MB (cached 18MB) CPU [1%@1728,99%@1728,0%@1728,0%@1728,0%@729,0%@729] GR3D_FREQ 87% cpu@59.312C soc2@58.093C soc0@57.093C gpu@60.687C tj@60.687C soc1@57.187C VDD_IN 21876mW/16525mW VDD_CPU_GPU_CV 11539mW/7652mW VDD_SOC 4677mW/3873mW
09-13-2026 12:42:27 RAM 7255/7620MB (lfb 1x256kB) SWAP 2375/12002MB (cached 18MB) CPU [0%@1728,100%@1728,0%@1728,0%@1728,0%@729,0%@729] GR3D_FREQ 88% cpu@59.562C soc2@58.031C soc0@57.281C gpu@60.406C tj@60.406C soc1@57.468C VDD_IN 19385mW/16655mW VDD_CPU_GPU_CV 8427mW/7687mW VDD_SOC 5166mW/3932mW
09-13-2026 12:42:28 RAM 7200/7620MB (lfb 1x2MB) SWAP 2534/12002MB (cached 17MB) CPU [7%@1728,24%@1728,6%@1728,77%@1728,13%@1728,61%@1728] GR3D_FREQ 0% cpu@59.031C soc2@57.281C soc0@57.218C gpu@58.125C tj@59.031C soc1@57.562C VDD_IN 9516mW/16344mW VDD_CPU_GPU_CV 3109mW/7488mW VDD_SOC 2882mW/3886mW
09-13-2026 12:42:29 RAM 7178/7620MB (lfb 5x2MB) SWAP 2535/12002MB (cached 16MB) CPU [0%@1728,0%@1728,0%@1728,100%@1728,12%@1651,5%@1651] GR3D_FREQ 99% cpu@59.875C soc2@58.312C soc0@57.312C gpu@61.625C tj@61.625C soc1@57.75C VDD_IN 21602mW/16563mW VDD_CPU_GPU_CV 11346mW/7649mW VDD_SOC 4491mW/3911mW
09-13-2026 12:42:30 RAM 7179/7620MB (lfb 9x2MB) SWAP 2534/12002MB (cached 16MB) CPU [0%@1728,0%@1728,0%@1728,100%@1728,7%@729,0%@729] GR3D_FREQ 88% cpu@60.25C soc2@58.75C soc0@57.812C gpu@61.593C tj@61.593C soc1@58.031C VDD_IN 21992mW/16781mW VDD_CPU_GPU_CV 11731mW/7812mW VDD_SOC 4677mW/3942mW
09-13-2026 12:42:31 RAM 7186/7620MB (lfb 9x2MB) SWAP 2527/12002MB (cached 17MB) CPU [1%@1728,0%@1728,2%@1728,100%@1728,0%@729,0%@729] GR3D_FREQ 88% cpu@60.437C soc2@58.843C soc0@58.062C gpu@61.281C tj@61.281C soc1@58.093C VDD_IN 19689mW/16892mW VDD_CPU_GPU_CV 8427mW/7836mW VDD_SOC 5127mW/3988mW
09-13-2026 12:42:32 RAM 7282/7620MB (lfb 5435x32kB) SWAP 2572/12002MB (cached 17MB) CPU [12%@1728,8%@1728,74%@1728,27%@1728,10%@729,26%@729] GR3D_FREQ 99% cpu@60.312C soc2@58.593C soc0@57.937C gpu@61.468C tj@61.468C soc1@58.218C VDD_IN 15079mW/16825mW VDD_CPU_GPU_CV 6781mW/7797mW VDD_SOC 3714mW/3978mW
09-13-2026 12:42:33 RAM 7288/7620MB (lfb 5417x32kB) SWAP 2571/12002MB (cached 17MB) CPU [1%@1728,1%@1728,100%@1728,0%@1728,0%@729,0%@729] GR3D_FREQ 99% cpu@60.875C soc2@59.375C soc0@58.375C gpu@62.875C tj@62.875C soc1@58.5C VDD_IN 22264mW/17020mW VDD_CPU_GPU_CV 12019mW/7947mW VDD_SOC 4522mW/3997mW
09-13-2026 12:42:34 RAM 7287/7620MB (lfb 3x64kB) SWAP 2566/12002MB (cached 17MB) CPU [0%@1728,0%@1728,100%@1728,1%@1728,1%@729,0%@729] GR3D_FREQ 90% cpu@61.625C soc2@59.781C soc0@58.718C gpu@62.218C tj@62.218C soc1@58.843C VDD_IN 20749mW/17148mW VDD_CPU_GPU_CV 9978mW/8017mW VDD_SOC 4917mW/4029mW
09-13-2026 12:42:35 RAM 7292/7620MB (lfb 5224x32kB) SWAP 2562/12002MB (cached 17MB) CPU [5%@1728,4%@1728,97%@1728,3%@1728,5%@729,4%@729] GR3D_FREQ 0% cpu@61.343C soc2@59.656C soc0@58.812C gpu@61.093C tj@61.343C soc1@59.031C VDD_IN 17216mW/17150mW VDD_CPU_GPU_CV 7225mW/7991mW VDD_SOC 4599mW/4048mW
09-13-2026 12:42:36 RAM 7189/7620MB (lfb 12x2MB) SWAP 2564/12002MB (cached 17MB) CPU [6%@1728,0%@1728,100%@1728,0%@1728,3%@729,1%@729] GR3D_FREQ 99% cpu@61.656C soc2@60.093C soc0@59C gpu@63.218C tj@63.218C soc1@59.125C VDD_IN 21757mW/17299mW VDD_CPU_GPU_CV 11654mW/8109mW VDD_SOC 4530mW/4063mW
09-13-2026 12:42:37 RAM 7189/7620MB (lfb 12x2MB) SWAP 2564/12002MB (cached 17MB) CPU [1%@1728,0%@1728,100%@1728,0%@1728,3%@729,0%@729] GR3D_FREQ 88% cpu@61.968C soc2@60.156C soc0@59.218C gpu@62.281C tj@62.281C soc1@59.343C VDD_IN 19261mW/17360mW VDD_CPU_GPU_CV 8311mW/8115mW VDD_SOC 5050mW/4094mW
09-13-2026 12:42:38 RAM 7229/7620MB (lfb 1x1MB) SWAP 2564/12002MB (cached 17MB) CPU [91%@1728,2%@1728,10%@1728,2%@1728,5%@729,4%@729] GR3D_FREQ 99% cpu@61.437C soc2@60.468C soc0@59.593C gpu@63.625C tj@63.625C soc1@59.593C VDD_IN 21331mW/17481mW VDD_CPU_GPU_CV 11193mW/8209mW VDD_SOC 4491mW/4106mW
09-13-2026 12:42:39 RAM 7238/7620MB (lfb 1x2MB) SWAP 2553/12002MB (cached 18MB) CPU [100%@1728,0%@1728,0%@1728,3%@1728,1%@729,1%@729] GR3D_FREQ 85% cpu@61.937C soc2@60.781C soc0@59.593C gpu@62.843C tj@62.843C soc1@59.906C VDD_IN 19494mW/17540mW VDD_CPU_GPU_CV 8542mW/8219mW VDD_SOC 5011mW/4133mW
09-13-2026 12:42:40 RAM 7231/7620MB (lfb 1x2MB) SWAP 2557/12002MB (cached 18MB) CPU [27%@1728,74%@1728,2%@1728,2%@1728,6%@729,8%@729] GR3D_FREQ 99% cpu@61.812C soc2@60.531C soc0@59.718C gpu@63.781C tj@63.781C soc1@60C VDD_IN 20511mW/17625mW VDD_CPU_GPU_CV 10364mW/8280mW VDD_SOC 4460mW/4142mW
09-13-2026 12:42:41 RAM 7234/7620MB (lfb 1x2MB) SWAP 2557/12002MB (cached 18MB) CPU [0%@1728,100%@1728,0%@1728,0%@1728,1%@729,0%@729] GR3D_FREQ 88% cpu@62.125C soc2@60.937C soc0@60.093C gpu@63.312C tj@63.312C soc1@60.312C VDD_IN 19734mW/17683mW VDD_CPU_GPU_CV 8852mW/8296mW VDD_SOC 4964mW/4165mW
09-13-2026 12:42:42 RAM 7361/7620MB (lfb 3728x32kB) SWAP 2659/12002MB (cached 17MB) CPU [4%@1728,98%@1728,4%@1728,4%@1728,6%@1728,37%@1728] GR3D_FREQ 0% cpu@61.843C soc2@60.281C soc0@59.937C gpu@61.187C tj@61.843C soc1@60.281C VDD_IN 10762mW/17496mW VDD_CPU_GPU_CV 3811mW/8174mW VDD_SOC 3109mW/4136mW
09-13-2026 12:42:43 RAM 7191/7620MB (lfb 1x1MB) SWAP 2689/12002MB (cached 16MB) CPU [4%@1728,77%@1728,0%@1728,31%@1728,48%@1728,12%@1728] GR3D_FREQ 99% cpu@62.593C soc2@61.187C soc0@60.437C gpu@64.343C tj@64.343C soc1@60.406C VDD_IN 21486mW/17601mW VDD_CPU_GPU_CV 11462mW/8261mW VDD_SOC 4414mW/4144mW
09-13-2026 12:42:44 RAM 7192/7620MB (lfb 1x1MB) SWAP 2688/12002MB (cached 16MB) CPU [0%@729,0%@729,0%@729,11%@729,100%@1728,7%@1728] GR3D_FREQ 91% cpu@62.781C soc2@61.531C soc0@60.5C gpu@63.781C tj@63.781C soc1@60.75C VDD_IN 20317mW/17671mW VDD_CPU_GPU_CV 9840mW/8301mW VDD_SOC 4770mW/4160mW
09-13-2026 12:42:45 RAM 7174/7620MB (lfb 1x2MB) SWAP 2710/12002MB (cached 17MB) CPU [38%@1728,4%@1728,5%@1728,6%@1728,63%@729,20%@729] GR3D_FREQ 99% cpu@62.531C soc2@61.531C soc0@60.5C gpu@64.312C tj@64.312C soc1@60.906C VDD_IN 18318mW/17687mW VDD_CPU_GPU_CV 8905mW/8317mW VDD_SOC 4163mW/4160mW
09-13-2026 12:42:46 RAM 7178/7620MB (lfb 1x2MB) SWAP 2709/12002MB (cached 17MB) CPU [24%@729,3%@729,0%@729,0%@729,76%@1728,0%@1728] GR3D_FREQ 99% cpu@63.25C soc2@61.906C soc0@61C gpu@65.312C tj@65.312C soc1@61C VDD_IN 22535mW/17805mW VDD_CPU_GPU_CV 12364mW/8415mW VDD_SOC 4561mW/4170mW
09-13-2026 12:42:47 RAM 7180/7620MB (lfb 4x512kB) SWAP 2709/12002MB (cached 17MB) CPU [5%@1728,4%@1728,5%@1728,10%@1728,93%@729,3%@729] GR3D_FREQ 0% cpu@63.5C soc2@61.781C soc0@61.187C gpu@63.062C tj@63.5C soc1@61.187C VDD_IN 16904mW/17784mW VDD_CPU_GPU_CV 7342mW/8390mW VDD_SOC 4365mW/4174mW
09-13-2026 12:42:48 RAM 7214/7620MB (lfb 2x1MB) SWAP 2710/12002MB (cached 17MB) CPU [0%@1728,2%@1728,0%@1728,100%@1728,0%@729,1%@729] GR3D_FREQ 99% cpu@63.406C soc2@62.187C soc0@61.406C gpu@65.281C tj@65.281C soc1@61.375C VDD_IN 21447mW/17869mW VDD_CPU_GPU_CV 11231mW/8456mW VDD_SOC 4491mW/4182mW
09-13-2026 12:42:49 RAM 7220/7620MB (lfb 2x1MB) SWAP 2706/12002MB (cached 19MB) CPU [1%@1728,0%@1728,0%@1728,100%@1728,1%@729,6%@729] GR3D_FREQ 90% cpu@64.031C soc2@62.531C soc0@61.437C gpu@65.093C tj@65.093C soc1@61.625C VDD_IN 20633mW/17932mW VDD_CPU_GPU_CV 10325mW/8498mW VDD_SOC 4685mW/4193mW
09-13-2026 12:42:50 RAM 7258/7620MB (lfb 1x256kB) SWAP 2706/12002MB (cached 19MB) CPU [2%@1728,3%@1728,54%@1728,45%@1728,3%@729,2%@729] GR3D_FREQ 99% cpu@63.937C soc2@62.468C soc0@61.593C gpu@65.843C tj@65.843C soc1@61.843C VDD_IN 19845mW/17974mW VDD_CPU_GPU_CV 9879mW/8529mW VDD_SOC 4421mW/4198mW
09-13-2026 12:42:51 RAM 7269/7620MB (lfb 1x256kB) SWAP 2705/12002MB (cached 19MB) CPU [26%@1728,25%@1728,99%@1728,18%@1728,30%@729,28%@729] GR3D_FREQ 99% cpu@64.468C soc2@62.562C soc0@61.812C gpu@65.406C tj@65.406C soc1@62C VDD_IN 17617mW/17967mW VDD_CPU_GPU_CV 8571mW/8530mW VDD_SOC 4085mW/4196mW
09-13-2026 12:42:52 RAM 7269/7620MB (lfb 1x256kB) SWAP 2705/12002MB (cached 19MB) CPU [0%@1728,1%@1728,100%@1728,0%@1728,0%@729,0%@729] GR3D_FREQ 83% cpu@64.875C soc2@63.125C soc0@62.187C gpu@65.937C tj@65.937C soc1@62.125C VDD_IN 21331mW/18038mW VDD_CPU_GPU_CV 10923mW/8581mW VDD_SOC 4723mW/4207mW
09-13-2026 12:42:53 RAM 7270/7620MB (lfb 1x256kB) SWAP 2704/12002MB (cached 19MB) CPU [2%@1728,3%@1728,7%@1728,93%@1728,3%@729,3%@729] GR3D_FREQ 99% cpu@64.593C soc2@63.187C soc0@62.5C gpu@66.937C tj@66.937C soc1@62.312C VDD_IN 21915mW/18119mW VDD_CPU_GPU_CV 11788mW/8648mW VDD_SOC 4522mW/4213mW
09-13-2026 12:42:54 RAM 7137/7620MB (lfb 2x1MB) SWAP 2704/12002MB (cached 19MB) CPU [4%@1728,2%@1728,3%@1728,99%@1728,5%@729,3%@729] GR3D_FREQ 99% cpu@64.718C soc2@63.281C soc0@62.468C gpu@66.562C tj@66.562C soc1@62.531C VDD_IN 20200mW/18161mW VDD_CPU_GPU_CV 10364mW/8683mW VDD_SOC 4343mW/4216mW
09-13-2026 12:42:55 RAM 7137/7620MB (lfb 2x1MB) SWAP 2704/12002MB (cached 19MB) CPU [0%@1728,0%@1728,0%@1728,100%@1728,0%@729,0%@729] GR3D_FREQ 91% cpu@65.031C soc2@63.593C soc0@62.656C gpu@66.25C tj@66.25C soc1@62.843C VDD_IN 20045mW/18199mW VDD_CPU_GPU_CV 9223mW/8693mW VDD_SOC 4964mW/4231mW
09-13-2026 12:42:56 RAM 7154/7620MB (lfb 1x512kB) SWAP 2704/12002MB (cached 19MB) CPU [4%@1728,2%@1728,1%@1728,96%@1728,4%@729,4%@729] GR3D_FREQ 99% cpu@65.218C soc2@63.625C soc0@62.843C gpu@67.218C tj@67.218C soc1@62.968C VDD_IN 21098mW/18256mW VDD_CPU_GPU_CV 11000mW/8739mW VDD_SOC 4491mW/4236mW
09-13-2026 12:42:57 RAM 7154/7620MB (lfb 1x512kB) SWAP 2704/12002MB (cached 19MB) CPU [3%@1728,2%@1728,2%@1728,99%@1728,4%@729,4%@729] GR3D_FREQ 0% cpu@65.5C soc2@63.593C soc0@63.031C gpu@65.343C tj@65.5C soc1@63.156C VDD_IN 17773mW/18247mW VDD_CPU_GPU_CV 7795mW/8721mW VDD_SOC 4552mW/4242mW
09-13-2026 12:42:58 RAM 7116/7620MB (lfb 8x2MB) SWAP 2703/12002MB (cached 19MB) CPU [0%@1728,0%@1728,0%@1728,100%@1728,0%@729,0%@729] GR3D_FREQ 99% cpu@65.531C soc2@64.062C soc0@63.25C gpu@67.812C tj@67.812C soc1@63.187C VDD_IN 21992mW/18317mW VDD_CPU_GPU_CV 11827mW/8779mW VDD_SOC 4561mW/4248mW
09-13-2026 12:42:59 RAM 7126/7620MB (lfb 1x2MB) SWAP 2703/12002MB (cached 19MB) CPU [3%@1728,30%@1728,2%@1728,71%@1728,2%@729,2%@729] GR3D_FREQ 99% cpu@65.562C soc2@63.843C soc0@63.312C gpu@66.718C tj@66.718C soc1@63.343C VDD_IN 16670mW/18287mW VDD_CPU_GPU_CV 7458mW/8755mW VDD_SOC 4131mW/4246mW
09-13-2026 12:43:00 RAM 7127/7620MB (lfb 1x2MB) SWAP 2702/12002MB (cached 19MB) CPU [0%@1728,100%@1728,0%@1728,0%@1728,0%@729,0%@729] GR3D_FREQ 88% cpu@65.812C soc2@64.531C soc0@63.468C gpu@67.093C tj@67.093C soc1@63.5C VDD_IN 21098mW/18338mW VDD_CPU_GPU_CV 10500mW/8786mW VDD_SOC 4762mW/4255mW
09-13-2026 12:43:01 RAM 7161/7620MB (lfb 2x512kB) SWAP 2702/12002MB (cached 19MB) CPU [4%@1728,69%@1728,33%@1728,2%@1728,2%@729,5%@729] GR3D_FREQ 99% cpu@65.906C soc2@64.187C soc0@63.562C gpu@67.218C tj@67.218C soc1@63.781C VDD_IN 16592mW/18307mW VDD_CPU_GPU_CV 7419mW/8762mW VDD_SOC 4131mW/4253mW
09-13-2026 12:43:02 RAM 7162/7620MB (lfb 2x512kB) SWAP 2702/12002MB (cached 19MB) CPU [0%@1728,0%@1728,100%@1728,0%@1728,0%@729,1%@729] GR3D_FREQ 88% cpu@66.562C soc2@64.75C soc0@63.906C gpu@67.468C tj@67.468C soc1@64.031C VDD_IN 20943mW/18353mW VDD_CPU_GPU_CV 10441mW/8791mW VDD_SOC 4801mW/4263mW
09-13-2026 12:43:03 RAM 7124/7620MB (lfb 7x2MB) SWAP 2701/12002MB (cached 19MB) CPU [2%@1728,2%@1728,67%@1728,35%@1728,3%@729,3%@729] GR3D_FREQ 99% cpu@66.031C soc2@64.531C soc0@64C gpu@67.687C tj@67.687C soc1@63.937C VDD_IN 17461mW/18338mW VDD_CPU_GPU_CV 8028mW/8778mW VDD_SOC 4241mW/4262mW
09-13-2026 12:43:04 RAM 7124/7620MB (lfb 7x2MB) SWAP 2701/12002MB (cached 19MB) CPU [0%@1728,0%@1728,0%@1728,100%@1728,0%@729,1%@729] GR3D_FREQ 88% cpu@66.875C soc2@65.062C soc0@64.343C gpu@67.75C tj@67.75C soc1@64.187C VDD_IN 20865mW/18380mW VDD_CPU_GPU_CV 10286mW/8804mW VDD_SOC 4801mW/4272mW
09-13-2026 12:43:05 RAM 7313/7620MB (lfb 3745x32kB) SWAP 2709/12002MB (cached 19MB) CPU [7%@1728,7%@1728,7%@1728,96%@1728,7%@729,13%@729] GR3D_FREQ 0% cpu@66.125C soc2@64.531C soc0@64.187C gpu@65.843C tj@66.125C soc1@64.281C VDD_IN 12653mW/18285mW VDD_CPU_GPU_CV 4809mW/8737mW VDD_SOC 3530mW/4259mW
09-13-2026 12:43:06 RAM 7228/7620MB (lfb 1x1MB) SWAP 2730/12002MB (cached 19MB) CPU [0%@1728,0%@1728,0%@1728,100%@1728,11%@729,8%@729] GR3D_FREQ 99% cpu@66.718C soc2@65.343C soc0@64.5C gpu@68.687C tj@68.687C soc1@64.437C VDD_IN 21838mW/18343mW VDD_CPU_GPU_CV 11443mW/8782mW VDD_SOC 4561mW/4264mW
09-13-2026 12:43:07 RAM 7229/7620MB (lfb 1x1MB) SWAP 2729/12002MB (cached 19MB) CPU [2%@1728,0%@1728,0%@1728,100%@1728,0%@729,0%@729] GR3D_FREQ 88% cpu@67.25C soc2@65.593C soc0@64.75C gpu@68.812C tj@68.812C soc1@64.75C VDD_IN 22381mW/18408mW VDD_CPU_GPU_CV 12190mW/8837mW VDD_SOC 4592mW/4269mW
09-13-2026 12:43:08 RAM 7229/7620MB (lfb 1x1MB) SWAP 2729/12002MB (cached 19MB) CPU [0%@1728,0%@1728,0%@1728,100%@1728,0%@729,0%@729] GR3D_FREQ 88% cpu@67.25C soc2@65.593C soc0@64.906C gpu@68.281C tj@68.281C soc1@64.781C VDD_IN 19890mW/18432mW VDD_CPU_GPU_CV 8567mW/8832mW VDD_SOC 5197mW/4284mW
09-13-2026 12:43:09 RAM 7201/7620MB (lfb 1x1MB) SWAP 2819/12002MB (cached 17MB) CPU [18%@1728,17%@1728,41%@1728,96%@1728,53%@729,32%@729] GR3D_FREQ 99% cpu@67.125C soc2@65.406C soc0@64.843C gpu@68.687C tj@68.687C soc1@64.906C VDD_IN 17411mW/18416mW VDD_CPU_GPU_CV 8416mW/8826mW VDD_SOC 4014mW/4280mW
09-13-2026 12:43:10 RAM 7205/7620MB (lfb 1x2MB) SWAP 2819/12002MB (cached 17MB) CPU [0%@1728,0%@1728,0%@1728,100%@1728,0%@729,14%@729] GR3D_FREQ 99% cpu@67.593C soc2@65.968C soc0@65.093C gpu@69.656C tj@69.656C soc1@65.062C VDD_IN 22457mW/18478mW VDD_CPU_GPU_CV 12211mW/8878mW VDD_SOC 4553mW/4284mW
09-13-2026 12:43:11 RAM 7205/7620MB (lfb 1x2MB) SWAP 2818/12002MB (cached 17MB) CPU [2%@1728,0%@1728,0%@1728,100%@1728,0%@729,0%@729] GR3D_FREQ 88% cpu@68.093C soc2@66.187C soc0@65.5C gpu@68.781C tj@68.781C soc1@65.281C VDD_IN 20633mW/18511mW VDD_CPU_GPU_CV 9786mW/8892mW VDD_SOC 5033mW/4296mW
09-13-2026 12:43:12 RAM 7320/7620MB (lfb 1x256kB) SWAP 2818/12002MB (cached 17MB) CPU [8%@1728,7%@1728,30%@1728,72%@1728,11%@1728,16%@1728] GR3D_FREQ 0% cpu@67.812C soc2@65.687C soc0@65.437C gpu@67.062C tj@67.812C soc1@65.562C VDD_IN 13574mW/18437mW VDD_CPU_GPU_CV 5309mW/8838mW VDD_SOC 3760mW/4288mW
09-13-2026 12:43:13 RAM 7218/7620MB (lfb 10x1MB) SWAP 2826/12002MB (cached 17MB) CPU [0%@1728,0%@1728,100%@1728,0%@1728,3%@729,3%@729] GR3D_FREQ 99% cpu@68.187C soc2@66.312C soc0@65.687C gpu@69.687C tj@69.687C soc1@65.593C VDD_IN 21876mW/18488mW VDD_CPU_GPU_CV 11404mW/8876mW VDD_SOC 4600mW/4292mW
09-13-2026 12:43:14 RAM 7219/7620MB (lfb 10x1MB) SWAP 2826/12002MB (cached 17MB) CPU [0%@1728,1%@1728,100%@1728,0%@1728,0%@729,0%@729] GR3D_FREQ 87% cpu@68.875C soc2@66.687C soc0@65.937C gpu@69.906C tj@69.906C soc1@65.75C VDD_IN 22343mW/18544mW VDD_CPU_GPU_CV 12229mW/8925mW VDD_SOC 4592mW/4296mW
09-13-2026 12:43:15 RAM 7219/7620MB (lfb 10x1MB) SWAP 2825/12002MB (cached 17MB) CPU [0%@1728,0%@1728,100%@1728,0%@1728,0%@729,0%@729] GR3D_FREQ 88% cpu@68.781C soc2@66.718C soc0@66.062C gpu@69.468C tj@69.468C soc1@65.843C VDD_IN 19929mW/18563mW VDD_CPU_GPU_CV 8644mW/8920mW VDD_SOC 5197mW/4309mW
09-13-2026 12:43:16 RAM 7134/7620MB (lfb 3x2MB) SWAP 2825/12002MB (cached 17MB) CPU [6%@1728,3%@1728,98%@1728,4%@1728,19%@729,5%@729] GR3D_FREQ 99% cpu@68.812C soc2@66.906C soc0@66.156C gpu@70.281C tj@70.281C soc1@66.062C VDD_IN 21525mW/18605mW VDD_CPU_GPU_CV 11039mW/8950mW VDD_SOC 4600mW/4313mW
09-13-2026 12:43:17 RAM 7136/7620MB (lfb 3x2MB) SWAP 2825/12002MB (cached 17MB) CPU [1%@1728,0%@1728,100%@1728,0%@1728,1%@729,1%@729] GR3D_FREQ 91% cpu@69.093C soc2@67.156C soc0@66.375C gpu@69.656C tj@69.656C soc1@66.218C VDD_IN 20477mW/18631mW VDD_CPU_GPU_CV 9632mW/8960mW VDD_SOC 4956mW/4322mW
09-13-2026 12:43:18 RAM 7150/7620MB (lfb 16x1MB) SWAP 2825/12002MB (cached 17MB) CPU [72%@1728,3%@1728,29%@1728,4%@1728,3%@729,4%@729] GR3D_FREQ 99% cpu@68.531C soc2@67.156C soc0@66.468C gpu@70.437C tj@70.437C soc1@66.343C VDD_IN 20434mW/18656mW VDD_CPU_GPU_CV 10364mW/8979mW VDD_SOC 4452mW/4324mW
09-13-2026 12:43:19 RAM 7150/7620MB (lfb 16x1MB) SWAP 2825/12002MB (cached 17MB) CPU [100%@1728,1%@1728,0%@1728,0%@1728,0%@729,0%@729] GR3D_FREQ 90% cpu@69.187C soc2@67.531C soc0@66.718C gpu@70.218C tj@70.281C soc1@66.437C VDD_IN 20982mW/18687mW VDD_CPU_GPU_CV 10402mW/8998mW VDD_SOC 4840mW/4331mW
09-13-2026 12:43:20 RAM 7170/7620MB (lfb 13x1MB) SWAP 2825/12002MB (cached 17MB) CPU [47%@1728,57%@1728,4%@1728,2%@1728,4%@729,5%@729] GR3D_FREQ 99% cpu@68.875C soc2@67.281C soc0@66.781C gpu@70.75C tj@70.75C soc1@66.656C VDD_IN 18794mW/18689mW VDD_CPU_GPU_CV 9161mW/9000mW VDD_SOC 4312mW/4331mW
09-13-2026 12:43:21 RAM 7170/7620MB (lfb 13x1MB) SWAP 2825/12002MB (cached 17MB) CPU [0%@1728,100%@1728,0%@1728,0%@1728,0%@729,0%@729] GR3D_FREQ 87% cpu@69.562C soc2@67.718C soc0@67.156C gpu@70.875C tj@70.875C soc1@66.812C VDD_IN 21760mW/18729mW VDD_CPU_GPU_CV 11520mW/9034mW VDD_SOC 4638mW/4335mW
09-13-2026 12:43:22 RAM 7335/7620MB (lfb 3998x32kB) SWAP 2824/12002MB (cached 17MB) CPU [12%@1728,70%@1728,11%@1728,36%@1728,12%@729,11%@729] GR3D_FREQ 0% cpu@69.093C soc2@67.312C soc0@66.968C gpu@68.75C tj@69.093C soc1@66.968C VDD_IN 12946mW/18654mW VDD_CPU_GPU_CV 5083mW/8982mW VDD_SOC 3570mW/4325mW
09-13-2026 12:43:23 RAM 7191/7620MB (lfb 1x2MB) SWAP 2824/12002MB (cached 17MB) CPU [0%@1728,0%@1728,0%@1728,98%@1728,4%@729,0%@729] GR3D_FREQ 99% cpu@69.5C soc2@67.75C soc0@67.25C gpu@71.437C tj@71.437C soc1@67C VDD_IN 21876mW/18695mW VDD_CPU_GPU_CV 11404mW/9013mW VDD_SOC 4600mW/4328mW
09-13-2026 12:43:24 RAM 7192/7620MB (lfb 1x2MB) SWAP 2824/12002MB (cached 17MB) CPU [0%@1728,0%@1728,0%@1728,100%@1728,0%@729,0%@729] GR3D_FREQ 99% cpu@69.937C soc2@68.125C soc0@67.468C gpu@71.781C tj@71.781C soc1@67.125C VDD_IN 22265mW/18740mW VDD_CPU_GPU_CV 12190mW/9054mW VDD_SOC 4553mW/4331mW
09-13-2026 12:43:25 RAM 7186/7620MB (lfb 1x2MB) SWAP 2825/12002MB (cached 17MB) CPU [27%@1728,27%@1728,57%@1728,62%@1728,41%@729,50%@729] GR3D_FREQ 99% cpu@70.031C soc2@67.718C soc0@67.437C gpu@70.062C tj@70.062C soc1@67.25C VDD_IN 13142mW/18670mW VDD_CPU_GPU_CV 5504mW/9009mW VDD_SOC 3446mW/4320mW
09-13-2026 12:43:26 RAM 7188/7620MB (lfb 1x2MB) SWAP 2825/12002MB (cached 17MB) CPU [0%@1728,0%@1728,100%@1728,0%@1728,0%@729,4%@729] GR3D_FREQ 99% cpu@70.562C soc2@68.343C soc0@67.781C gpu@72.156C tj@72.156C soc1@67.375C VDD_IN 22264mW/18715mW VDD_CPU_GPU_CV 11673mW/9042mW VDD_SOC 4669mW/4325mW
09-13-2026 12:43:27 RAM 7188/7620MB (lfb 1x2MB) SWAP 2825/12002MB (cached 17MB) CPU [0%@1728,0%@1728,100%@1728,0%@1728,0%@729,0%@729] GR3D_FREQ 88% cpu@70.625C soc2@68.656C soc0@67.937C gpu@71.5C tj@71.5C soc1@67.718C VDD_IN 21567mW/18750mW VDD_CPU_GPU_CV 11020mW/9066mW VDD_SOC 4793mW/4330mW
09-13-2026 12:43:28 RAM 7200/7620MB (lfb 20x1MB) SWAP 2827/12002MB (cached 17MB) CPU [15%@1728,13%@1728,40%@1728,12%@1728,16%@1728,69%@1728] GR3D_FREQ 99% cpu@69.812C soc2@68.125C soc0@67.843C gpu@71.562C tj@71.562C soc1@67.843C VDD_IN 16318mW/18720mW VDD_CPU_GPU_CV 7653mW/9049mW VDD_SOC 3858mW/4325mW
09-13-2026 12:43:29 RAM 7203/7620MB (lfb 20x1MB) SWAP 2827/12002MB (cached 17MB) CPU [1%@1728,0%@1728,0%@1728,0%@1728,1%@1728,100%@1728] GR3D_FREQ 99% cpu@70.437C soc2@68.687C soc0@68.093C gpu@72.468C tj@72.468C soc1@67.875C VDD_IN 22459mW/18765mW VDD_CPU_GPU_CV 12037mW/9085mW VDD_SOC 4631mW/4328mW
09-13-2026 12:43:30 RAM 7203/7620MB (lfb 20x1MB) SWAP 2827/12002MB (cached 17MB) CPU [0%@1728,0%@1728,0%@1728,1%@1728,0%@1728,100%@1728] GR3D_FREQ 88% cpu@70.468C soc2@68.906C soc0@68.437C gpu@71.875C tj@71.875C soc1@68C VDD_IN 20943mW/18790mW VDD_CPU_GPU_CV 10077mW/9096mW VDD_SOC 4994mW/4336mW
09-13-2026 12:43:31 RAM 7186/7620MB (lfb 1x2MB) SWAP 2847/12002MB (cached 17MB) CPU [12%@1728,12%@1728,84%@1728,9%@1728,21%@729,20%@729] GR3D_FREQ 99% cpu@70.843C soc2@68.687C soc0@68.156C gpu@72.218C tj@72.218C soc1@68.093C VDD_IN 18132mW/18783mW VDD_CPU_GPU_CV 8944mW/9095mW VDD_SOC 4117mW/4334mW
09-13-2026 12:43:32 RAM 7194/7620MB (lfb 1x2MB) SWAP 2847/12002MB (cached 17MB) CPU [2%@1728,0%@1728,100%@1728,0%@1728,1%@729,6%@729] GR3D_FREQ 99% cpu@71.093C soc2@69.343C soc0@68.5C gpu@73.031C tj@72.843C soc1@68.156C VDD_IN 22613mW/18827mW VDD_CPU_GPU_CV 12229mW/9131mW VDD_SOC 4631mW/4337mW
09-13-2026 12:43:33 RAM 7194/7620MB (lfb 1x2MB) SWAP 2846/12002MB (cached 17MB) CPU [0%@1728,0%@1728,100%@1728,0%@1728,1%@729,0%@729] GR3D_FREQ 88% cpu@71.312C soc2@69.281C soc0@68.718C gpu@72.062C tj@72.062C soc1@68.5C VDD_IN 20594mW/18847mW VDD_CPU_GPU_CV 9554mW/9135mW VDD_SOC 5033mW/4345mW
09-13-2026 12:43:34 RAM 7191/7620MB (lfb 20x1MB) SWAP 2848/12002MB (cached 17MB) CPU [9%@1728,12%@1728,96%@1728,10%@1728,12%@729,13%@729] GR3D_FREQ 99% cpu@71.25C soc2@69.187C soc0@68.75C gpu@72.531C tj@72.531C soc1@68.406C VDD_IN 19501mW/18854mW VDD_CPU_GPU_CV 9840mW/9143mW VDD_SOC 4305mW/4344mW
09-13-2026 12:43:35 RAM 7193/7620MB (lfb 20x1MB) SWAP 2848/12002MB (cached 17MB) CPU [0%@1728,0%@1728,100%@1728,0%@1728,4%@729,0%@729] GR3D_FREQ 99% cpu@71.718C soc2@69.687C soc0@69.062C gpu@73.281C tj@73.281C soc1@68.625C VDD_IN 22652mW/18896mW VDD_CPU_GPU_CV 12420mW/9180mW VDD_SOC 4592mW/4347mW
09-13-2026 12:43:36 RAM 7194/7620MB (lfb 20x1MB) SWAP 2847/12002MB (cached 17MB) CPU [1%@1728,0%@1728,100%@1728,2%@1728,0%@729,0%@729] GR3D_FREQ 0% cpu@72C soc2@69.625C soc0@69.343C gpu@71.937C tj@72C soc1@68.812C VDD_IN 19896mW/18907mW VDD_CPU_GPU_CV 9107mW/9179mW VDD_SOC 4964mW/4354mW
09-13-2026 12:43:37 RAM 7189/7620MB (lfb 1x2MB) SWAP 2850/12002MB (cached 17MB) CPU [12%@729,11%@729,9%@729,12%@729,12%@1728,98%@1728] GR3D_FREQ 99% cpu@71.125C soc2@69.687C soc0@69.125C gpu@73.093C tj@73.093C soc1@68.906C VDD_IN 20400mW/18924mW VDD_CPU_GPU_CV 10479mW/9193mW VDD_SOC 4414mW/4355mW
09-13-2026 12:43:38 RAM 7189/7620MB (lfb 1x2MB) SWAP 2850/12002MB (cached 17MB) CPU [0%@1728,0%@1728,0%@1728,0%@1728,0%@1728,100%@1728] GR3D_FREQ 99% cpu@71.75C soc2@69.968C soc0@69.406C gpu@73.687C tj@73.687C soc1@69.093C VDD_IN 22497mW/18962mW VDD_CPU_GPU_CV 12344mW/9227mW VDD_SOC 4592mW/4357mW
09-13-2026 12:43:39 RAM 7189/7620MB (lfb 20x1MB) SWAP 2850/12002MB (cached 17MB) CPU [8%@1651,7%@1651,7%@1651,7%@1651,7%@1728,96%@1728] GR3D_FREQ 0% cpu@72.562C soc2@69.937C soc0@69.625C gpu@71.812C tj@72.562C soc1@69.156C VDD_IN 18055mW/18952mW VDD_CPU_GPU_CV 8169mW/9216mW VDD_SOC 4506mW/4359mW
09-13-2026 12:43:40 RAM 7186/7620MB (lfb 20x1MB) SWAP 2850/12002MB (cached 17MB) CPU [7%@1728,6%@1728,8%@1728,97%@1728,8%@729,9%@729] GR3D_FREQ 99% cpu@71.75C soc2@70C soc0@69.687C gpu@73.781C tj@73.781C soc1@69.125C VDD_IN 20555mW/18969mW VDD_CPU_GPU_CV 10672mW/9231mW VDD_SOC 4414mW/4359mW
09-13-2026 12:43:41 RAM 7187/7620MB (lfb 20x1MB) SWAP 2850/12002MB (cached 17MB) CPU [0%@1728,0%@1728,0%@1728,100%@1728,0%@729,0%@729] GR3D_FREQ 99% cpu@72.406C soc2@70.343C soc0@69.781C gpu@74.218C tj@74.218C soc1@69.375C VDD_IN 22536mW/19006mW VDD_CPU_GPU_CV 12382mW/9264mW VDD_SOC 4592mW/4362mW
09-13-2026 12:43:42 RAM 7187/7620MB (lfb 20x1MB) SWAP 2850/12002MB (cached 17MB) CPU [0%@1728,0%@1728,0%@1728,100%@1728,0%@729,0%@729] GR3D_FREQ 88% cpu@72.281C soc2@70.656C soc0@69.843C gpu@73.375C tj@73.375C soc1@69.593C VDD_IN 20245mW/19019mW VDD_CPU_GPU_CV 9015mW/9261mW VDD_SOC 5149mW/4370mW
09-13-2026 12:43:43 RAM 7189/7620MB (lfb 1x2MB) SWAP 2849/12002MB (cached 17MB) CPU [16%@1728,15%@1728,15%@1728,94%@1728,12%@729,19%@729] GR3D_FREQ 99% cpu@72C soc2@70.062C soc0@69.718C gpu@73.781C tj@73.781C soc1@69.593C VDD_IN 18833mW/19017mW VDD_CPU_GPU_CV 9393mW/9263mW VDD_SOC 4195mW/4368mW
09-13-2026 12:43:44 RAM 7190/7620MB (lfb 1x2MB) SWAP 2849/12002MB (cached 17MB) CPU [0%@1728,0%@1728,0%@1728,100%@1728,0%@729,0%@729] GR3D_FREQ 99% cpu@72.656C soc2@70.656C soc0@70.062C gpu@74.5C tj@74.5C soc1@69.593C VDD_IN 22613mW/19054mW VDD_CPU_GPU_CV 12305mW/9293mW VDD_SOC 4631mW/4371mW
09-13-2026 12:43:45 RAM 7190/7620MB (lfb 1x2MB) SWAP 2849/12002MB (cached 17MB) CPU [0%@1728,0%@1728,0%@1728,100%@1728,0%@729,0%@729] GR3D_FREQ 88% cpu@72.625C soc2@70.718C soc0@70.187C gpu@73.593C tj@73.593C soc1@69.718C VDD_IN 20439mW/19067mW VDD_CPU_GPU_CV 9400mW/9294mW VDD_SOC 5111mW/4378mW
09-13-2026 12:43:46 RAM 7184/7620MB (lfb 20x1MB) SWAP 2851/12002MB (cached 17MB) CPU [14%@1728,14%@1728,14%@1728,33%@1728,15%@1728,76%@1728] GR3D_FREQ 99% cpu@72.125C soc2@70.281C soc0@69.906C gpu@73.656C tj@73.656C soc1@69.75C VDD_IN 17734mW/19054mW VDD_CPU_GPU_CV 8557mW/9287mW VDD_SOC 4124mW/4376mW
09-13-2026 12:43:47 RAM 7189/7620MB (lfb 20x1MB) SWAP 2851/12002MB (cached 17MB) CPU [1%@729,0%@729,1%@729,0%@729,1%@1728,100%@1728] GR3D_FREQ 99% cpu@72.281C soc2@70.718C soc0@70.125C gpu@74.437C tj@74.437C soc1@69.812C VDD_IN 22613mW/19089mW VDD_CPU_GPU_CV 12267mW/9316mW VDD_SOC 4631mW/4378mW
09-13-2026 12:43:48 RAM 7189/7620MB (lfb 20x1MB) SWAP 2851/12002MB (cached 17MB) CPU [1%@729,0%@729,1%@729,1%@729,0%@1728,100%@1728] GR3D_FREQ 89% cpu@72.468C soc2@70.781C soc0@70.25C gpu@73.812C tj@73.812C soc1@69.875C VDD_IN 20676mW/19105mW VDD_CPU_GPU_CV 9731mW/9320mW VDD_SOC 5033mW/4384mW
09-13-2026 12:43:49 RAM 7182/7620MB (lfb 1x2MB) SWAP 2859/12002MB (cached 18MB) CPU [43%@1728,8%@1728,12%@1728,5%@1728,32%@729,44%@729] GR3D_FREQ 99% cpu@72.25C soc2@70.562C soc0@70.156C gpu@73.812C tj@73.812C soc1@69.843C VDD_IN 17071mW/19085mW VDD_CPU_GPU_CV 7950mW/9307mW VDD_SOC 4124mW/4382mW
09-13-2026 12:43:50 RAM 7189/7620MB (lfb 1x2MB) SWAP 2859/12002MB (cached 18MB) CPU [100%@1728,0%@1728,0%@1728,0%@1728,5%@729,0%@729] GR3D_FREQ 99% cpu@72.625C soc2@71.093C soc0@70.437C gpu@74.937C tj@74.937C soc1@69.968C VDD_IN 22613mW/19119mW VDD_CPU_GPU_CV 12114mW/9334mW VDD_SOC 4669mW/4385mW
09-13-2026 12:43:51 RAM 7222/7620MB (lfb 4x1MB) SWAP 2859/12002MB (cached 18MB) CPU [84%@1728,6%@1728,4%@1728,17%@1728,4%@729,5%@729] GR3D_FREQ 0% cpu@72.781C soc2@70.718C soc0@70.343C gpu@72.75C tj@72.781C soc1@70.062C VDD_IN 16123mW/19090mW VDD_CPU_GPU_CV 7691mW/9318mW VDD_SOC 3819mW/4379mW
09-13-2026 12:43:52 RAM 7187/7620MB (lfb 22x1MB) SWAP 2860/12002MB (cached 18MB) CPU [0%@1728,0%@1728,0%@1728,100%@1728,4%@729,2%@729] GR3D_FREQ 99% cpu@72.656C soc2@70.812C soc0@70.375C gpu@74.343C tj@74.343C soc1@70.031C VDD_IN 21992mW/19117mW VDD_CPU_GPU_CV 11481mW/9339mW VDD_SOC 4631mW/4382mW
09-13-2026 12:43:53 RAM 7187/7620MB (lfb 22x1MB) SWAP 2860/12002MB (cached 18MB) CPU [0%@1728,0%@1728,0%@1728,100%@1728,0%@729,0%@729] GR3D_FREQ 99% cpu@73.031C soc2@71C soc0@70.406C gpu@74.562C tj@74.562C soc1@69.906C VDD_IN 22149mW/19146mW VDD_CPU_GPU_CV 12152mW/9365mW VDD_SOC 4553mW/4383mW
09-13-2026 12:43:54 RAM 7183/7620MB (lfb 2x2MB) SWAP 2859/12002MB (cached 18MB) CPU [78%@1728,6%@1728,5%@1728,26%@1728,5%@729,5%@729] GR3D_FREQ 99% cpu@72.562C soc2@70.75C soc0@70.375C gpu@74.093C tj@74.093C soc1@69.937C VDD_IN 19346mW/19147mW VDD_CPU_GPU_CV 9725mW/9368mW VDD_SOC 4305mW/4383mW
09-13-2026 12:43:55 RAM 7183/7620MB (lfb 2x2MB) SWAP 2859/12002MB (cached 18MB) CPU [100%@1728,1%@1728,0%@1728,0%@1728,4%@729,0%@729] GR3D_FREQ 99% cpu@72.718C soc2@71.125C soc0@70.625C gpu@74.687C tj@74.687C soc1@70C VDD_IN 22768mW/19180mW VDD_CPU_GPU_CV 12323mW/9395mW VDD_SOC 4661mW/4385mW
09-13-2026 12:43:56 RAM 7245/7620MB (lfb 1x256kB) SWAP 2796/12002MB (cached 18MB) CPU [68%@1728,27%@1728,0%@1728,0%@1728,0%@729,0%@729] GR3D_FREQ 0% cpu@72.281C soc2@70.5C soc0@70.375C gpu@71.906C tj@72.281C soc1@70.031C VDD_IN 13512mW/19129mW VDD_CPU_GPU_CV 5934mW/9364mW VDD_SOC 3446mW/4377mW
09-13-2026 12:43:57 RAM 7353/7620MB (lfb 3779x32kB) SWAP 2585/12002MB (cached 17MB) CPU [1%@1728,90%@1728,0%@1728,0%@1728,0%@729,28%@729] GR3D_FREQ 0% cpu@70.968C soc2@69.625C soc0@69.812C gpu@70.687C tj@70.968C soc1@69.812C VDD_IN 7198mW/19023mW VDD_CPU_GPU_CV 1934mW/9297mW VDD_SOC 2135mW/4357mW
09-13-2026 12:43:58 RAM 7334/7620MB (lfb 1x64kB) SWAP 2598/12002MB (cached 14MB) CPU [20%@1728,63%@1728,16%@1728,9%@1728,10%@1728,81%@1728] GR3D_FREQ 0% cpu@71.593C soc2@69.156C soc0@69.406C gpu@70.281C tj@71.593C soc1@69.406C VDD_IN 7012mW/18916mW VDD_CPU_GPU_CV 2290mW/9235mW VDD_SOC 1661mW/4333mW
09-13-2026 12:43:59 RAM 6836/7620MB (lfb 6x256kB) SWAP 1781/12002MB (cached 10MB) CPU [21%@1728,20%@1728,75%@1728,16%@1728,25%@729,58%@729] GR3D_FREQ 0% cpu@70.843C soc2@68.875C soc0@69.312C gpu@69.875C tj@70.843C soc1@69.25C VDD_IN 6338mW/18806mW VDD_CPU_GPU_CV 1819mW/9170mW VDD_SOC 1584mW/4309mW
09-13-2026 12:44:00 RAM 2783/7620MB (lfb 2x4MB) SWAP 1334/12002MB (cached 10MB) CPU [8%@1728,13%@1728,71%@1728,31%@1728,44%@729,14%@729] GR3D_FREQ 0% cpu@70.156C soc2@68.656C soc0@68.937C gpu@69.593C tj@70.156C soc1@69.156C VDD_IN 6259mW/18697mW VDD_CPU_GPU_CV 1621mW/9105mW VDD_SOC 1624mW/4285mW
09-13-2026 12:44:01 RAM 2785/7620MB (lfb 2x4MB) SWAP 1333/12002MB (cached 10MB) CPU [0%@1728,0%@1728,0%@1728,0%@1728,5%@729,0%@729] GR3D_FREQ 0% cpu@69.5C soc2@68.25C soc0@68.75C gpu@69.218C tj@69.5C soc1@69.031C VDD_IN 4880mW/18578mW VDD_CPU_GPU_CV 713mW/9032mW VDD_SOC 1507mW/4261mW
09-13-2026 12:44:02 RAM 2786/7620MB (lfb 2x4MB) SWAP 1332/12002MB (cached 12MB) CPU [2%@1728,0%@1728,0%@1728,0%@1728,0%@729,0%@729] GR3D_FREQ 0% cpu@69.406C soc2@68.031C soc0@68.625C gpu@69.25C tj@69.406C soc1@68.75C VDD_IN 4761mW/18460mW VDD_CPU_GPU_CV 634mW/8961mW VDD_SOC 1507mW/4238mW
09-13-2026 12:44:03 RAM 2786/7620MB (lfb 2x4MB) SWAP 1332/12002MB (cached 12MB) CPU [1%@729,0%@729,0%@729,0%@729,0%@729,0%@729] GR3D_FREQ 0% cpu@69.468C soc2@67.937C soc0@68.656C gpu@69.093C tj@69.468C soc1@68.625C VDD_IN 4721mW/18343mW VDD_CPU_GPU_CV 634mW/8890mW VDD_SOC 1507mW/4215mW
09-13-2026 12:44:04 RAM 2786/7620MB (lfb 2x4MB) SWAP 1332/12002MB (cached 12MB) CPU [0%@1728,0%@1728,0%@1728,0%@1728,0%@729,0%@729] GR3D_FREQ 0% cpu@68.937C soc2@67.843C soc0@68.281C gpu@69C tj@69C soc1@68.562C VDD_IN 4682mW/18229mW VDD_CPU_GPU_CV 595mW/8820mW VDD_SOC 1507mW/4192mW
09-13-2026 12:44:05 RAM 2786/7620MB (lfb 2x4MB) SWAP 1332/12002MB (cached 12MB) CPU [0%@1728,0%@1728,0%@1728,0%@1728,0%@729,0%@729] GR3D_FREQ 0% cpu@68.843C soc2@67.625C soc0@68.218C gpu@68.687C tj@68.843C soc1@68.562C VDD_IN 4682mW/18116mW VDD_CPU_GPU_CV 595mW/8752mW VDD_SOC 1507mW/4170mW
09-13-2026 12:44:07 RAM 2786/7620MB (lfb 2x4MB) SWAP 1331/12002MB (cached 12MB) CPU [0%@729,0%@729,0%@729,0%@729,0%@729,1%@729] GR3D_FREQ 0% cpu@68.906C soc2@67.437C soc0@68.156C gpu@68.562C tj@68.906C soc1@68.156C VDD_IN 4682mW/18005mW VDD_CPU_GPU_CV 595mW/8684mW VDD_SOC 1507mW/4148mW
09-13-2026 12:44:08 RAM 2786/7620MB (lfb 2x4MB) SWAP 1331/12002MB (cached 12MB) CPU [0%@729,0%@729,0%@1728,0%@1728,0%@729,0%@729] GR3D_FREQ 0% cpu@68.562C soc2@67.375C soc0@68.031C gpu@68.343C tj@68.531C soc1@68.156C VDD_IN 4682mW/17895mW VDD_CPU_GPU_CV 595mW/8618mW VDD_SOC 1507mW/4126mW
09-13-2026 12:44:09 RAM 2786/7620MB (lfb 2x4MB) SWAP 1331/12002MB (cached 12MB) CPU [0%@729,0%@729,0%@729,0%@729,0%@729,0%@729] GR3D_FREQ 0% cpu@68.625C soc2@67.281C soc0@67.687C gpu@68.468C tj@68.562C soc1@68.093C VDD_IN 4682mW/17788mW VDD_CPU_GPU_CV 595mW/8553mW VDD_SOC 1507mW/4105mW
09-13-2026 12:44:10 RAM 2787/7620MB (lfb 2x4MB) SWAP 1327/12002MB (cached 12MB) CPU [1%@1728,0%@1728,0%@1728,2%@1728,0%@729,0%@729] GR3D_FREQ 0% cpu@68.406C soc2@67.156C soc0@67.593C gpu@68.25C tj@68.406C soc1@68.125C VDD_IN 4721mW/17683mW VDD_CPU_GPU_CV 595mW/8489mW VDD_SOC 1507mW/4084mW
09-13-2026 12:44:11 RAM 2787/7620MB (lfb 2x4MB) SWAP 1327/12002MB (cached 12MB) CPU [0%@729,0%@729,0%@729,0%@729,0%@729,0%@729] GR3D_FREQ 0% cpu@68.375C soc2@67C soc0@67.468C gpu@67.968C tj@68.406C soc1@67.812C VDD_IN 4682mW/17579mW VDD_CPU_GPU_CV 595mW/8425mW VDD_SOC 1468mW/4063mW
09-13-2026 12:44:12 RAM 2787/7620MB (lfb 2x4MB) SWAP 1327/12002MB (cached 12MB) CPU [0%@1728,0%@1728,0%@1728,0%@1728,0%@729,0%@729] GR3D_FREQ 0% cpu@68.218C soc2@66.812C soc0@67.468C gpu@67.718C tj@68.218C soc1@67.718C VDD_IN 4682mW/17476mW VDD_CPU_GPU_CV 595mW/8363mW VDD_SOC 1507mW/4042mW
09-13-2026 12:44:13 RAM 2795/7620MB (lfb 2x4MB) SWAP 1315/12002MB (cached 17MB) CPU [3%@1728,0%@1728,17%@1728,0%@1728,0%@729,0%@729] GR3D_FREQ 0% cpu@67.906C soc2@66.937C soc0@67.187C gpu@67.718C tj@67.937C soc1@67.593C VDD_IN 4801mW/17376mW VDD_CPU_GPU_CV 674mW/8303mW VDD_SOC 1507mW/4022mW
09-13-2026 12:44:14 RAM 2795/7620MB (lfb 2x4MB) SWAP 1314/12002MB (cached 17MB) CPU [0%@1728,0%@1728,0%@1728,0%@1728,0%@729,0%@729] GR3D_FREQ 0% cpu@67.781C soc2@66.625C soc0@67C gpu@67.781C tj@67.781C soc1@67.656C VDD_IN 4682mW/17277mW VDD_CPU_GPU_CV 595mW/8243mW VDD_SOC 1468mW/4003mW
09-13-2026 12:44:15 RAM 2795/7620MB (lfb 2x4MB) SWAP 1314/12002MB (cached 17MB) CPU [0%@729,0%@1728,0%@1728,0%@1728,0%@729,0%@729] GR3D_FREQ 0% cpu@67.843C soc2@66.531C soc0@67.031C gpu@67.656C tj@67.843C soc1@67.281C VDD_IN 4682mW/17180mW VDD_CPU_GPU_CV 595mW/8183mW VDD_SOC 1468mW/3983mW
09-13-2026 12:44:16 RAM 2795/7620MB (lfb 2x4MB) SWAP 1314/12002MB (cached 17MB) CPU [0%@1728,0%@1728,0%@1728,0%@1728,0%@729,0%@729] GR3D_FREQ 0% cpu@67.875C soc2@66.468C soc0@66.968C gpu@67.593C tj@67.875C soc1@67.218C VDD_IN 4682mW/17083mW VDD_CPU_GPU_CV 595mW/8125mW VDD_SOC 1468mW/3964mW
09-13-2026 12:44:17 RAM 2795/7620MB (lfb 2x4MB) SWAP 1314/12002MB (cached 17MB) CPU [0%@729,0%@729,1%@729,0%@729,0%@729,0%@729] GR3D_FREQ 0% cpu@67.593C soc2@66.406C soc0@66.656C gpu@67.218C tj@67.593C soc1@67.093C VDD_IN 4682mW/16989mW VDD_CPU_GPU_CV 595mW/8067mW VDD_SOC 1468mW/3944mW
09-13-2026 12:44:18 RAM 2796/7620MB (lfb 2x4MB) SWAP 1314/12002MB (cached 17MB) CPU [1%@1728,0%@1728,0%@1728,0%@1728,0%@729,0%@729] GR3D_FREQ 0% cpu@67.437C soc2@66.25C soc0@66.593C gpu@67.093C tj@67.437C soc1@67.156C VDD_IN 4682mW/16896mW VDD_CPU_GPU_CV 595mW/8011mW VDD_SOC 1468mW/3926mW
09-13-2026 12:44:19 RAM 2796/7620MB (lfb 2x4MB) SWAP 1314/12002MB (cached 17MB) CPU [0%@729,0%@1728,0%@1728,0%@1728,0%@729,0%@729] GR3D_FREQ 0% cpu@67.343C soc2@66C soc0@66.625C gpu@67C tj@67.343C soc1@66.906C VDD_IN 4682mW/16804mW VDD_CPU_GPU_CV 595mW/7955mW VDD_SOC 1468mW/3907mW
09-13-2026 12:44:20 RAM 2797/7620MB (lfb 2x4MB) SWAP 1314/12002MB (cached 17MB) CPU [0%@729,0%@1728,0%@1728,0%@1728,0%@729,0%@729] GR3D_FREQ 0% cpu@67.093C soc2@65.968C soc0@66.437C gpu@67.187C tj@67.187C soc1@66.812C VDD_IN 4682mW/16713mW VDD_CPU_GPU_CV 595mW/7900mW VDD_SOC 1468mW/3889mW
09-13-2026 12:44:21 RAM 2797/7620MB (lfb 2x4MB) SWAP 1314/12002MB (cached 17MB) CPU [0%@729,0%@729,0%@729,0%@729,0%@729,0%@729] GR3D_FREQ 0% cpu@67.125C soc2@65.906C soc0@66.25C gpu@66.687C tj@67.125C soc1@66.687C VDD_IN 4642mW/16624mW VDD_CPU_GPU_CV 595mW/7846mW VDD_SOC 1468mW/3871mW
09-13-2026 12:44:22 RAM 2797/7620MB (lfb 2x4MB) SWAP 1313/12002MB (cached 17MB) CPU [0%@1728,0%@1728,0%@1728,0%@1728,0%@729,0%@729] GR3D_FREQ 0% cpu@66.812C soc2@65.75C soc0@66.156C gpu@66.531C tj@66.812C soc1@66.687C VDD_IN 4682mW/16536mW VDD_CPU_GPU_CV 595mW/7793mW VDD_SOC 1468mW/3853mW
09-13-2026 12:44:23 RAM 2797/7620MB (lfb 2x4MB) SWAP 1313/12002MB (cached 17MB) CPU [0%@1728,0%@1728,0%@1728,0%@1728,0%@729,0%@729] GR3D_FREQ 0% cpu@66.75C soc2@65.562C soc0@66C gpu@66.593C tj@66.75C soc1@66.468C VDD_IN 4682mW/16450mW VDD_CPU_GPU_CV 595mW/7740mW VDD_SOC 1468mW/3836mW
09-13-2026 12:44:24 RAM 2797/7620MB (lfb 2x4MB) SWAP 1312/12002MB (cached 17MB) CPU [0%@729,0%@729,4%@729,0%@729,0%@729,0%@729] GR3D_FREQ 0% cpu@66.781C soc2@65.531C soc0@66.031C gpu@66.468C tj@66.781C soc1@66.5C VDD_IN 4642mW/16364mW VDD_CPU_GPU_CV 595mW/7688mW VDD_SOC 1468mW/3819mW
09-13-2026 12:44:25 RAM 2797/7620MB (lfb 2x4MB) SWAP 1312/12002MB (cached 17MB) CPU [0%@729,0%@1728,0%@1728,0%@1728,0%@729,0%@729] GR3D_FREQ 0% cpu@66.5C soc2@65.5C soc0@65.812C gpu@66.281C tj@66.5C soc1@66.218C VDD_IN 4642mW/16280mW VDD_CPU_GPU_CV 595mW/7637mW VDD_SOC 1468mW/3802mW
09-13-2026 12:44:26 RAM 2797/7620MB (lfb 2x4MB) SWAP 1312/12002MB (cached 17MB) CPU [1%@729,0%@1728,0%@1728,0%@1728,0%@729,0%@729] GR3D_FREQ 0% cpu@66.375C soc2@65.312C soc0@65.687C gpu@66.25C tj@66.375C soc1@66.218C VDD_IN 4642mW/16197mW VDD_CPU_GPU_CV 595mW/7587mW VDD_SOC 1468mW/3785mW
09-13-2026 12:44:27 RAM 2797/7620MB (lfb 2x4MB) SWAP 1311/12002MB (cached 17MB) CPU [0%@1728,0%@1728,0%@1728,0%@1728,0%@729,0%@729] GR3D_FREQ 0% cpu@66.468C soc2@65.218C soc0@65.562C gpu@65.906C tj@66.468C soc1@66.093C VDD_IN 4642mW/16115mW VDD_CPU_GPU_CV 595mW/7537mW VDD_SOC 1468mW/3769mW
09-13-2026 12:44:28 RAM 2797/7620MB (lfb 2x4MB) SWAP 1311/12002MB (cached 17MB) CPU [0%@1728,0%@1728,0%@1728,0%@1728,0%@729,0%@729] GR3D_FREQ 0% cpu@66.437C soc2@65.093C soc0@65.5C gpu@65.781C tj@66.437C soc1@65.968C VDD_IN 4642mW/16034mW VDD_CPU_GPU_CV 555mW/7488mW VDD_SOC 1468mW/3753mW
09-13-2026 12:44:29 RAM 2798/7620MB (lfb 2x4MB) SWAP 1311/12002MB (cached 17MB) CPU [8%@729,0%@729,0%@729,0%@1728,0%@729,0%@729] GR3D_FREQ 0% cpu@66.125C soc2@65C soc0@65.343C gpu@65.937C tj@66.062C soc1@65.937C VDD_IN 4682mW/15954mW VDD_CPU_GPU_CV 595mW/7440mW VDD_SOC 1468mW/3737mW
09-13-2026 12:44:30 RAM 2798/7620MB (lfb 2x4MB) SWAP 1311/12002MB (cached 17MB) CPU [0%@729,0%@729,0%@729,0%@729,0%@729,0%@729] GR3D_FREQ 0% cpu@66C soc2@64.906C soc0@65.156C gpu@65.781C tj@66C soc1@65.812C VDD_IN 4642mW/15876mW VDD_CPU_GPU_CV 555mW/7392mW VDD_SOC 1468mW/3721mW
09-13-2026 12:44:31 RAM 2798/7620MB (lfb 2x4MB) SWAP 1310/12002MB (cached 17MB) CPU [2%@1728,0%@1728,0%@1728,0%@1728,0%@729,0%@729] GR3D_FREQ 0% cpu@66C soc2@64.875C soc0@65.218C gpu@65.625C tj@66C soc1@65.75C VDD_IN 4642mW/15798mW VDD_CPU_GPU_CV 555mW/7345mW VDD_SOC 1468mW/3705mW
09-13-2026 12:44:32 RAM 2800/7620MB (lfb 2x4MB) SWAP 1306/12002MB (cached 17MB) CPU [1%@1728,0%@1728,0%@1728,0%@1728,2%@729,0%@729] GR3D_FREQ 0% cpu@65.75C soc2@64.718C soc0@65.093C gpu@65.437C tj@65.75C soc1@65.625C VDD_IN 4642mW/15722mW VDD_CPU_GPU_CV 595mW/7299mW VDD_SOC 1468mW/3690mW
09-13-2026 12:44:33 RAM 2799/7620MB (lfb 2x4MB) SWAP 1306/12002MB (cached 18MB) CPU [0%@1728,0%@1728,0%@1728,0%@1728,0%@729,0%@729] GR3D_FREQ 0% cpu@65.625C soc2@64.593C soc0@64.875C gpu@65.25C tj@65.625C soc1@65.5C VDD_IN 4642mW/15647mW VDD_CPU_GPU_CV 595mW/7253mW VDD_SOC 1468mW/3675mW
09-13-2026 12:44:34 RAM 2803/7620MB (lfb 2x4MB) SWAP 1305/12002MB (cached 18MB) CPU [0%@729,0%@729,0%@729,8%@729,0%@729,0%@729] GR3D_FREQ 0% cpu@65.625C soc2@64.531C soc0@64.906C gpu@65.281C tj@65.625C soc1@65.562C VDD_IN 4801mW/15573mW VDD_CPU_GPU_CV 674mW/7209mW VDD_SOC 1468mW/3660mW
09-13-2026 12:44:35 RAM 2802/7620MB (lfb 2x4MB) SWAP 1301/12002MB (cached 18MB) CPU [2%@729,0%@729,0%@729,2%@729,0%@729,0%@729] GR3D_FREQ 0% cpu@65.656C soc2@64.312C soc0@64.843C gpu@65.25C tj@65.656C soc1@65.218C VDD_IN 4642mW/15500mW VDD_CPU_GPU_CV 595mW/7164mW VDD_SOC 1468mW/3645mW
09-13-2026 12:44:36 RAM 2803/7620MB (lfb 2x4MB) SWAP 1300/12002MB (cached 18MB) CPU [0%@1728,0%@1728,0%@1728,0%@1728,0%@729,0%@729] GR3D_FREQ 0% cpu@65.468C soc2@64.25C soc0@64.531C gpu@64.906C tj@65.468C soc1@65.187C VDD_IN 4602mW/15427mW VDD_CPU_GPU_CV 555mW/7120mW VDD_SOC 1468mW/3631mW
09-13-2026 12:44:37 RAM 2806/7620MB (lfb 2x4MB) SWAP 1300/12002MB (cached 18MB) CPU [7%@1651,5%@1420,9%@1420,6%@1420,4%@729,4%@729] GR3D_FREQ 0% cpu@65.625C soc2@64.25C soc0@64.531C gpu@65C tj@65.625C soc1@65.218C VDD_IN 5079mW/15359mW VDD_CPU_GPU_CV 871mW/7079mW VDD_SOC 1507mW/3617mW
09-13-2026 12:44:38 RAM 2879/7620MB (lfb 2x4MB) SWAP 1297/12002MB (cached 18MB) CPU [11%@729,7%@729,5%@729,8%@729,5%@1497,46%@1497] GR3D_FREQ 0% cpu@65.343C soc2@64.156C soc0@64.468C gpu@64.906C tj@65.5C soc1@65C VDD_IN 5515mW/15294mW VDD_CPU_GPU_CV 1188mW/7040mW VDD_SOC 1507mW/3603mW
09-13-2026 12:44:39 RAM 3014/7620MB (lfb 2x4MB) SWAP 1297/12002MB (cached 18MB) CPU [14%@1728,13%@1728,13%@1728,13%@1728,41%@1728,54%@1728] GR3D_FREQ 0% cpu@65.625C soc2@64.062C soc0@64.437C gpu@65.125C tj@65.625C soc1@65C VDD_IN 5872mW/15232mW VDD_CPU_GPU_CV 1505mW/7004mW VDD_SOC 1507mW/3589mW
09-13-2026 12:44:40 RAM 3045/7620MB (lfb 2x4MB) SWAP 1294/12002MB (cached 18MB) CPU [1%@729,2%@729,5%@729,1%@729,0%@1728,90%@1728] GR3D_FREQ 0% cpu@65.656C soc2@64.156C soc0@64.281C gpu@65C tj@65.656C soc1@64.937C VDD_IN 5872mW/15172mW VDD_CPU_GPU_CV 1505mW/6968mW VDD_SOC 1507mW/3576mW
09-13-2026 12:44:41 RAM 3072/7620MB (lfb 2x4MB) SWAP 1294/12002MB (cached 18MB) CPU [1%@729,0%@729,1%@729,0%@729,0%@1728,94%@1728] GR3D_FREQ 0% cpu@65.312C soc2@63.968C soc0@64.093C gpu@64.937C tj@65.312C soc1@64.843C VDD_IN 5872mW/15112mW VDD_CPU_GPU_CV 1465mW/6933mW VDD_SOC 1507mW/3562mW
09-13-2026 12:44:42 RAM 3101/7620MB (lfb 2x4MB) SWAP 1294/12002MB (cached 18MB) CPU [1%@729,0%@729,0%@729,0%@729,0%@1728,85%@1728] GR3D_FREQ 0% cpu@65.375C soc2@63.843C soc0@64.093C gpu@64.625C tj@65.375C soc1@64.718C VDD_IN 5753mW/15052mW VDD_CPU_GPU_CV 1386mW/6897mW VDD_SOC 1507mW/3549mW
09-13-2026 12:44:43 RAM 3126/7620MB (lfb 2x4MB) SWAP 1287/12002MB (cached 19MB) CPU [2%@1728,0%@1728,1%@1728,1%@1728,1%@1728,94%@1728] GR3D_FREQ 0% cpu@65.343C soc2@63.906C soc0@64.125C gpu@64.531C tj@65.343C soc1@64.656C VDD_IN 5872mW/14993mW VDD_CPU_GPU_CV 1426mW/6862mW VDD_SOC 1547mW/3536mW
09-13-2026 12:44:44 RAM 3160/7620MB (lfb 2x4MB) SWAP 1286/12002MB (cached 19MB) CPU [11%@729,16%@729,14%@729,6%@729,13%@1728,78%@1728] GR3D_FREQ 0% cpu@65.187C soc2@63.875C soc0@63.875C gpu@64.781C tj@65.187C soc1@64.718C VDD_IN 5991mW/14936mW VDD_CPU_GPU_CV 1703mW/6830mW VDD_SOC 1507mW/3524mW
09-13-2026 12:44:45 RAM 3165/7620MB (lfb 2x4MB) SWAP 1282/12002MB (cached 20MB) CPU [11%@729,27%@729,6%@729,34%@729,5%@1728,85%@1728] GR3D_FREQ 0% cpu@65.093C soc2@63.718C soc0@63.875C gpu@64.718C tj@65.093C soc1@64.718C VDD_IN 5952mW/14880mW VDD_CPU_GPU_CV 1663mW/6797mW VDD_SOC 1507mW/3511mW
09-13-2026 12:44:46 RAM 3176/7620MB (lfb 2x4MB) SWAP 1282/12002MB (cached 20MB) CPU [1%@729,0%@729,0%@729,0%@729,0%@1728,91%@1728] GR3D_FREQ 0% cpu@64.937C soc2@63.593C soc0@63.843C gpu@64.656C tj@65.156C soc1@64.468C VDD_IN 5832mW/14823mW VDD_CPU_GPU_CV 1386mW/6763mW VDD_SOC 1547mW/3499mW
09-13-2026 12:44:47 RAM 3215/7620MB (lfb 11x2MB) SWAP 1281/12002MB (cached 20MB) CPU [11%@729,10%@729,8%@729,13%@729,7%@1728,88%@1728] GR3D_FREQ 0% cpu@65.25C soc2@63.656C soc0@63.781C gpu@64.312C tj@65.218C soc1@64.343C VDD_IN 5991mW/14768mW VDD_CPU_GPU_CV 1624mW/6732mW VDD_SOC 1547mW/3486mW
09-13-2026 12:44:48 RAM 3201/7620MB (lfb 160x1MB) SWAP 1280/12002MB (cached 20MB) CPU [29%@1574,35%@1574,29%@1574,37%@1574,70%@1728,44%@1728] GR3D_FREQ 0% cpu@65.437C soc2@63.718C soc0@63.656C gpu@64.312C tj@65.437C soc1@64.343C VDD_IN 6734mW/14719mW VDD_CPU_GPU_CV 2096mW/6703mW VDD_SOC 1584mW/3475mW
09-13-2026 12:44:49 RAM 3143/7620MB (lfb 157x1MB) SWAP 1279/12002MB (cached 20MB) CPU [24%@1728,38%@1728,58%@1728,24%@1728,44%@1728,33%@1728] GR3D_FREQ 0% cpu@65.718C soc2@63.718C soc0@63.625C gpu@64.406C tj@65.843C soc1@64.437C VDD_IN 7012mW/14671mW VDD_CPU_GPU_CV 2412mW/6677mW VDD_SOC 1584mW/3463mW
09-13-2026 12:44:50 RAM 3083/7620MB (lfb 154x1MB) SWAP 1279/12002MB (cached 20MB) CPU [15%@1728,87%@1728,8%@1728,4%@1728,16%@729,24%@729] GR3D_FREQ 0% cpu@65.031C soc2@63.531C soc0@63.625C gpu@64.531C tj@65.031C soc1@64.187C VDD_IN 6348mW/14621mW VDD_CPU_GPU_CV 1861mW/6647mW VDD_SOC 1545mW/3451mW
09-13-2026 12:44:51 RAM 2949/7620MB (lfb 146x1MB) SWAP 1279/12002MB (cached 20MB) CPU [2%@1574,92%@1574,0%@1574,0%@1574,2%@729,4%@729] GR3D_FREQ 0% cpu@64.812C soc2@63.375C soc0@63.593C gpu@64.343C tj@64.812C soc1@64.218C VDD_IN 5912mW/14568mW VDD_CPU_GPU_CV 1465mW/6616mW VDD_SOC 1547mW/3440mW
09-13-2026 12:44:52 RAM 2782/7620MB (lfb 145x1MB) SWAP 1278/12002MB (cached 20MB) CPU [2%@1728,87%@1728,1%@1728,0%@1728,10%@729,0%@729] GR3D_FREQ 0% cpu@64.593C soc2@63.406C soc0@63.562C gpu@63.843C tj@64.593C soc1@64.125C VDD_IN 5912mW/14516mW VDD_CPU_GPU_CV 1545mW/6585mW VDD_SOC 1507mW/3428mW
09-13-2026 12:44:53 RAM 2697/7620MB (lfb 5x2MB) SWAP 1278/12002MB (cached 20MB) CPU [1%@1728,0%@1728,96%@1728,0%@1728,5%@729,0%@729] GR3D_FREQ 0% cpu@64.875C soc2@63.312C soc0@63.343C gpu@63.875C tj@64.875C soc1@64.093C VDD_IN 5952mW/14464mW VDD_CPU_GPU_CV 1465mW/6555mW VDD_SOC 1547mW/3417mW
09-13-2026 12:44:54 RAM 2710/7620MB (lfb 2x2MB) SWAP 1278/12002MB (cached 20MB) CPU [0%@1728,0%@1728,100%@1728,0%@1728,0%@729,0%@729] GR3D_FREQ 0% cpu@64.937C soc2@63.156C soc0@63.281C gpu@63.812C tj@64.937C soc1@64.062C VDD_IN 5912mW/14414mW VDD_CPU_GPU_CV 1426mW/6524mW VDD_SOC 1547mW/3406mW
09-13-2026 12:44:55 RAM 2643/7620MB (lfb 220x1MB) SWAP 1278/12002MB (cached 20MB) CPU [2%@1728,0%@1728,96%@1728,0%@1728,5%@729,0%@729] GR3D_FREQ 0% cpu@64.718C soc2@63.093C soc0@63.25C gpu@63.718C tj@64.718C soc1@63.875C VDD_IN 5912mW/14363mW VDD_CPU_GPU_CV 1584mW/6495mW VDD_SOC 1507mW/3395mW
09-13-2026 12:44:56 RAM 2593/7620MB (lfb 216x1MB) SWAP 1278/12002MB (cached 20MB) CPU [5%@1728,1%@1728,83%@1728,1%@1728,14%@729,0%@729] GR3D_FREQ 0% cpu@65.031C soc2@63.062C soc0@63.156C gpu@63.781C tj@65.031C soc1@63.906C VDD_IN 5912mW/14314mW VDD_CPU_GPU_CV 1545mW/6466mW VDD_SOC 1507mW/3383mW
09-13-2026 12:44:57 RAM 2649/7620MB (lfb 217x1MB) SWAP 1278/12002MB (cached 20MB) CPU [1%@1728,0%@1728,98%@1728,0%@1728,5%@729,0%@729] GR3D_FREQ 0% cpu@64.468C soc2@63C soc0@63.125C gpu@63.781C tj@64.468C soc1@63.781C VDD_IN 5872mW/14264mW VDD_CPU_GPU_CV 1465mW/6436mW VDD_SOC 1547mW/3373mW
09-13-2026 12:44:58 RAM 2661/7620MB (lfb 217x1MB) SWAP 1278/12002MB (cached 20MB) CPU [4%@1728,0%@1728,90%@1728,1%@1728,0%@729,3%@729] GR3D_FREQ 0% cpu@64.5C soc2@62.906C soc0@62.968C gpu@63.656C tj@64.5C soc1@63.781C VDD_IN 5832mW/14215mW VDD_CPU_GPU_CV 1307mW/6407mW VDD_SOC 1547mW/3362mW
09-13-2026 12:44:59 RAM 2754/7620MB (lfb 217x1MB) SWAP 1278/12002MB (cached 20MB) CPU [0%@1728,1%@1728,99%@1728,1%@1728,0%@729,5%@729] GR3D_FREQ 0% cpu@64.312C soc2@62.843C soc0@62.937C gpu@63.687C tj@64.312C soc1@63.781C VDD_IN 5952mW/14167mW VDD_CPU_GPU_CV 1426mW/6378mW VDD_SOC 1547mW/3352mW
09-13-2026 12:45:00 RAM 2854/7620MB (lfb 220x1MB) SWAP 1277/12002MB (cached 20MB) CPU [1%@1728,0%@1728,100%@1728,0%@1728,0%@729,9%@729] GR3D_FREQ 0% cpu@64.406C soc2@62.718C soc0@62.906C gpu@63.562C tj@64.406C soc1@63.468C VDD_IN 5991mW/14120mW VDD_CPU_GPU_CV 1465mW/6350mW VDD_SOC 1547mW/3341mW
09-13-2026 12:45:01 RAM 2864/7620MB (lfb 220x1MB) SWAP 1277/12002MB (cached 20MB) CPU [4%@1728,0%@1728,100%@1728,1%@1728,0%@729,0%@729] GR3D_FREQ 0% cpu@64.531C soc2@62.656C soc0@62.843C gpu@63.5C tj@64.531C soc1@63.437C VDD_IN 5991mW/14074mW VDD_CPU_GPU_CV 1505mW/6322mW VDD_SOC 1547mW/3331mW
09-13-2026 12:45:02 RAM 2904/7620MB (lfb 220x1MB) SWAP 1276/12002MB (cached 21MB) CPU [1%@1728,1%@1728,100%@1728,0%@1728,4%@729,0%@729] GR3D_FREQ 0% cpu@64.125C soc2@62.593C soc0@62.906C gpu@63.406C tj@64.125C soc1@63.406C VDD_IN 5872mW/14027mW VDD_CPU_GPU_CV 1386mW/6294mW VDD_SOC 1547mW/3321mW
09-13-2026 12:45:03 RAM 2956/7620MB (lfb 220x1MB) SWAP 1276/12002MB (cached 21MB) CPU [0%@1728,0%@1728,100%@1728,0%@1728,7%@729,0%@729] GR3D_FREQ 0% cpu@64.125C soc2@62.656C soc0@62.656C gpu@63.343C tj@64.125C soc1@63.375C VDD_IN 5912mW/13981mW VDD_CPU_GPU_CV 1426mW/6266mW VDD_SOC 1547mW/3311mW
09-13-2026 12:45:04 RAM 3000/7620MB (lfb 220x1MB) SWAP 1276/12002MB (cached 21MB) CPU [1%@1728,0%@1728,100%@1728,0%@1728,6%@729,0%@729] GR3D_FREQ 0% cpu@64.031C soc2@62.531C soc0@62.531C gpu@63.125C tj@64.031C soc1@63.343C VDD_IN 5952mW/13936mW VDD_CPU_GPU_CV 1426mW/6239mW VDD_SOC 1547mW/3301mW
09-13-2026 12:45:05 RAM 3027/7620MB (lfb 220x1MB) SWAP 1276/12002MB (cached 21MB) CPU [0%@1728,0%@1728,100%@1728,0%@1728,3%@729,0%@729] GR3D_FREQ 0% cpu@63.968C soc2@62.312C soc0@62.531C gpu@63C tj@63.968C soc1@63.125C VDD_IN 5952mW/13892mW VDD_CPU_GPU_CV 1346mW/6212mW VDD_SOC 1587mW/3291mW
09-13-2026 12:45:06 RAM 4085/7620MB (lfb 221x1MB) SWAP 1276/12002MB (cached 21MB) CPU [11%@729,1%@729,60%@729,5%@729,42%@1728,0%@1728] GR3D_FREQ 0% cpu@64C soc2@62.343C soc0@62.593C gpu@62.875C tj@64C soc1@63.156C VDD_IN 6031mW/13848mW VDD_CPU_GPU_CV 1465mW/6186mW VDD_SOC 1587mW/3282mW
09-13-2026 12:45:07 RAM 5595/7620MB (lfb 220x1MB) SWAP 1275/12002MB (cached 21MB) CPU [3%@1728,38%@1728,2%@1728,0%@1728,46%@729,5%@729] GR3D_FREQ 38% cpu@63.562C soc2@62.375C soc0@62.312C gpu@62.968C tj@63.562C soc1@63.062C VDD_IN 6110mW/13805mW VDD_CPU_GPU_CV 1584mW/6160mW VDD_SOC 1587mW/3273mW
09-13-2026 12:45:08 RAM 5607/7620MB (lfb 220x1MB) SWAP 1275/12002MB (cached 21MB) CPU [19%@729,15%@729,61%@729,0%@729,9%@1728,28%@1728] GR3D_FREQ 14% cpu@63.718C soc2@62.218C soc0@62.343C gpu@63.156C tj@63.718C soc1@63.125C VDD_IN 6507mW/13765mW VDD_CPU_GPU_CV 1700mW/6136mW VDD_SOC 1663mW/3264mW
09-13-2026 12:45:09 RAM 5556/7620MB (lfb 1x128kB) SWAP 1276/12002MB (cached 21MB) CPU [26%@1728,20%@1728,6%@1728,1%@1728,12%@1728,65%@1728] GR3D_FREQ 5% cpu@63.937C soc2@62.218C soc0@62.312C gpu@63.062C tj@63.937C soc1@62.968C VDD_IN 6655mW/13726mW VDD_CPU_GPU_CV 1898mW/6112mW VDD_SOC 1663mW/3255mW
09-13-2026 12:45:10 RAM 5547/7620MB (lfb 4940x32kB) SWAP 1276/12002MB (cached 21MB) CPU [46%@1728,1%@1728,9%@1728,15%@1728,61%@729,0%@729] GR3D_FREQ 61% cpu@63.468C soc2@62.156C soc0@62.406C gpu@62.906C tj@63.468C soc1@62.875C VDD_IN 6615mW/13688mW VDD_CPU_GPU_CV 1661mW/6088mW VDD_SOC 1703mW/3247mW
09-13-2026 12:45:11 RAM 5548/7620MB (lfb 4940x32kB) SWAP 1276/12002MB (cached 21MB) CPU [6%@729,0%@729,0%@729,2%@729,93%@1728,0%@1728] GR3D_FREQ 0% cpu@63.687C soc2@62.093C soc0@62.187C gpu@62.781C tj@63.468C soc1@62.937C VDD_IN 6031mW/13646mW VDD_CPU_GPU_CV 1346mW/6063mW VDD_SOC 1587mW/3238mW
09-13-2026 12:45:12 RAM 5807/7620MB (lfb 79x512kB) SWAP 1275/12002MB (cached 21MB) CPU [10%@1728,31%@1728,2%@1728,2%@1728,35%@1651,41%@1651] GR3D_FREQ 0% cpu@63.375C soc2@62.093C soc0@62.093C gpu@62.718C tj@63.375C soc1@62.906C VDD_IN 5991mW/13605mW VDD_CPU_GPU_CV 1505mW/6038mW VDD_SOC 1547mW/3228mW
09-13-2026 12:45:13 RAM 5808/7620MB (lfb 4x1MB) SWAP 1275/12002MB (cached 21MB) CPU [12%@1728,0%@1728,1%@1728,23%@1728,25%@1728,96%@1728] GR3D_FREQ 0% cpu@63.343C soc2@62.093C soc0@62.125C gpu@62.843C tj@63.375C soc1@62.718C VDD_IN 6150mW/13565mW VDD_CPU_GPU_CV 1703mW/6015mW VDD_SOC 1547mW/3219mW
09-13-2026 12:45:14 RAM 5832/7620MB (lfb 2x1MB) SWAP 1275/12002MB (cached 21MB) CPU [9%@1728,0%@1728,13%@1728,5%@1728,0%@1728,78%@1728] GR3D_FREQ 0% cpu@63.531C soc2@62C soc0@62.156C gpu@62.906C tj@63.531C soc1@62.812C VDD_IN 7012mW/13530mW VDD_CPU_GPU_CV 2333mW/5995mW VDD_SOC 1624mW/3211mW
09-13-2026 12:45:15 RAM 5838/7620MB (lfb 2x1MB) SWAP 1275/12002MB (cached 21MB) CPU [0%@729,0%@729,0%@729,0%@729,0%@1728,100%@1728] GR3D_FREQ 0% cpu@63.25C soc2@62.062C soc0@62C gpu@62.812C tj@63.25C soc1@62.812C VDD_IN 6110mW/13491mW VDD_CPU_GPU_CV 1703mW/5973mW VDD_SOC 1507mW/3202mW
09-13-2026 12:45:16 RAM 5841/7620MB (lfb 2x1MB) SWAP 1275/12002MB (cached 21MB) CPU [0%@729,0%@729,0%@729,0%@729,0%@1728,100%@1728] GR3D_FREQ 0% cpu@63.187C soc2@61.812C soc0@62.031C gpu@62.562C tj@63.187C soc1@62.812C VDD_IN 6031mW/13452mW VDD_CPU_GPU_CV 1624mW/5950mW VDD_SOC 1507mW/3193mW
09-13-2026 12:45:17 RAM 5845/7620MB (lfb 2x1MB) SWAP 1275/12002MB (cached 21MB) CPU [1%@1728,0%@1728,0%@1728,0%@1728,0%@1728,100%@1728] GR3D_FREQ 0% cpu@63.187C soc2@61.843C soc0@61.906C gpu@62.406C tj@63.375C soc1@62.687C VDD_IN 6031mW/13413mW VDD_CPU_GPU_CV 1624mW/5927mW VDD_SOC 1507mW/3184mW
09-13-2026 12:45:18 RAM 5849/7620MB (lfb 2x1MB) SWAP 1275/12002MB (cached 21MB) CPU [0%@729,0%@729,0%@729,0%@729,1%@1728,100%@1728] GR3D_FREQ 0% cpu@63.312C soc2@61.781C soc0@61.875C gpu@62.375C tj@63.312C soc1@62.593C VDD_IN 6031mW/13375mW VDD_CPU_GPU_CV 1624mW/5905mW VDD_SOC 1507mW/3175mW
09-13-2026 12:45:19 RAM 5852/7620MB (lfb 2x1MB) SWAP 1274/12002MB (cached 21MB) CPU [1%@1728,0%@1728,0%@1728,0%@1728,0%@1728,100%@1728] GR3D_FREQ 0% cpu@63C soc2@61.718C soc0@61.687C gpu@62.187C tj@63C soc1@62.562C VDD_IN 6031mW/13337mW VDD_CPU_GPU_CV 1624mW/5882mW VDD_SOC 1507mW/3167mW
09-13-2026 12:45:20 RAM 5855/7620MB (lfb 2x1MB) SWAP 1274/12002MB (cached 21MB) CPU [0%@1728,0%@1728,0%@1728,0%@1728,0%@1728,100%@1728] GR3D_FREQ 0% cpu@62.968C soc2@61.625C soc0@61.75C gpu@62.062C tj@62.968C soc1@62.562C VDD_IN 6031mW/13299mW VDD_CPU_GPU_CV 1624mW/5861mW VDD_SOC 1507mW/3158mW
09-13-2026 12:45:21 RAM 5858/7620MB (lfb 2x1MB) SWAP 1274/12002MB (cached 21MB) CPU [0%@1728,0%@1728,1%@1728,0%@1728,0%@1728,100%@1728] GR3D_FREQ 0% cpu@63.031C soc2@61.593C soc0@61.625C gpu@62.156C tj@63.031C soc1@62.312C VDD_IN 6031mW/13262mW VDD_CPU_GPU_CV 1624mW/5839mW VDD_SOC 1507mW/3150mW
09-13-2026 12:45:22 RAM 5861/7620MB (lfb 2x1MB) SWAP 1274/12002MB (cached 21MB) CPU [1%@729,0%@729,0%@729,0%@729,4%@1728,100%@1728] GR3D_FREQ 0% cpu@62.968C soc2@61.5C soc0@61.5C gpu@62.125C tj@62.968C soc1@62.375C VDD_IN 6031mW/13225mW VDD_CPU_GPU_CV 1624mW/5817mW VDD_SOC 1507mW/3141mW
09-13-2026 12:45:23 RAM 5866/7620MB (lfb 2x1MB) SWAP 1273/12002MB (cached 21MB) CPU [1%@729,1%@729,1%@729,0%@729,0%@1728,100%@1728] GR3D_FREQ 0% cpu@62.812C soc2@61.5C soc0@61.531C gpu@62.156C tj@62.812C soc1@62.312C VDD_IN 6031mW/13188mW VDD_CPU_GPU_CV 1624mW/5796mW VDD_SOC 1507mW/3133mW
09-13-2026 12:45:24 RAM 5869/7620MB (lfb 2x1MB) SWAP 1273/12002MB (cached 21MB) CPU [0%@1728,0%@1728,0%@1728,0%@1728,0%@1728,100%@1728] GR3D_FREQ 0% cpu@62.718C soc2@61.406C soc0@61.468C gpu@61.906C tj@62.937C soc1@62.343C VDD_IN 5991mW/13152mW VDD_CPU_GPU_CV 1584mW/5775mW VDD_SOC 1507mW/3125mW
09-13-2026 12:45:25 RAM 5875/7620MB (lfb 78x512kB) SWAP 1273/12002MB (cached 21MB) CPU [5%@883,6%@883,9%@883,6%@806,8%@1728,100%@1728] GR3D_FREQ 0% cpu@63.312C soc2@61.406C soc0@61.468C gpu@61.968C tj@63.312C soc1@62.062C VDD_IN 6309mW/13118mW VDD_CPU_GPU_CV 1861mW/5755mW VDD_SOC 1545mW/3117mW
09-13-2026 12:45:26 RAM 5874/7620MB (lfb 1x1MB) SWAP 1272/12002MB (cached 21MB) CPU [6%@729,8%@729,12%@729,2%@729,10%@1728,100%@1728] GR3D_FREQ 0% cpu@62.781C soc2@61.312C soc0@61.437C gpu@61.875C tj@62.781C soc1@62.25C VDD_IN 6150mW/13083mW VDD_CPU_GPU_CV 1703mW/5735mW VDD_SOC 1507mW/3109mW
09-13-2026 12:45:27 RAM 5875/7620MB (lfb 1x1MB) SWAP 1271/12002MB (cached 21MB) CPU [0%@729,0%@729,2%@729,2%@729,0%@1728,100%@1728] GR3D_FREQ 0% cpu@62.593C soc2@61.187C soc0@61.312C gpu@61.906C tj@62.375C soc1@62.156C VDD_IN 5832mW/13047mW VDD_CPU_GPU_CV 1307mW/5713mW VDD_SOC 1547mW/3101mW
09-13-2026 12:45:28 RAM 5879/7620MB (lfb 77x512kB) SWAP 1271/12002MB (cached 21MB) CPU [0%@729,0%@729,0%@729,0%@729,0%@1728,100%@1728] GR3D_FREQ 0% cpu@62.5C soc2@61.156C soc0@61.281C gpu@61.875C tj@62.5C soc1@62.218C VDD_IN 5991mW/13012mW VDD_CPU_GPU_CV 1584mW/5692mW VDD_SOC 1507mW/3093mW
09-13-2026 12:45:29 RAM 5883/7620MB (lfb 77x512kB) SWAP 1271/12002MB (cached 21MB) CPU [0%@729,0%@729,0%@729,1%@729,0%@1728,100%@1728] GR3D_FREQ 0% cpu@62.656C soc2@61.156C soc0@61.343C gpu@61.906C tj@62.656C soc1@62C VDD_IN 6031mW/12977mW VDD_CPU_GPU_CV 1624mW/5672mW VDD_SOC 1507mW/3085mW
09-13-2026 12:45:30 RAM 5886/7620MB (lfb 77x512kB) SWAP 1270/12002MB (cached 21MB) CPU [2%@729,1%@1728,1%@1728,0%@1728,0%@1728,99%@1728] GR3D_FREQ 0% cpu@62.781C soc2@61.125C soc0@61.125C gpu@61.593C tj@62.781C soc1@62C VDD_IN 5991mW/12943mW VDD_CPU_GPU_CV 1624mW/5652mW VDD_SOC 1507mW/3078mW
09-13-2026 12:45:31 RAM 5922/7620MB (lfb 77x512kB) SWAP 1270/12002MB (cached 21MB) CPU [9%@729,0%@729,0%@1728,0%@1728,0%@1651,97%@1651] GR3D_FREQ 0% cpu@62.187C soc2@61.062C soc0@61.125C gpu@61.625C tj@62.187C soc1@62.031C VDD_IN 5912mW/12909mW VDD_CPU_GPU_CV 1545mW/5632mW VDD_SOC 1507mW/3070mW
09-13-2026 12:45:32 RAM 5932/7620MB (lfb 77x512kB) SWAP 1270/12002MB (cached 21MB) CPU [10%@729,1%@729,1%@729,4%@729,3%@1728,83%@1728] GR3D_FREQ 0% cpu@62.343C soc2@61C soc0@61.062C gpu@61.625C tj@62.343C soc1@62C VDD_IN 5872mW/12875mW VDD_CPU_GPU_CV 1505mW/5612mW VDD_SOC 1507mW/3062mW
09-13-2026 12:45:33 RAM 5933/7620MB (lfb 5x1MB) SWAP 1269/12002MB (cached 21MB) CPU [1%@1728,6%@1728,0%@1728,1%@1728,0%@1728,100%@1728] GR3D_FREQ 0% cpu@62.468C soc2@60.937C soc0@61.156C gpu@61.625C tj@62.468C soc1@61.843C VDD_IN 5991mW/12841mW VDD_CPU_GPU_CV 1624mW/5593mW VDD_SOC 1507mW/3055mW
09-13-2026 12:45:34 RAM 5933/7620MB (lfb 5x1MB) SWAP 1269/12002MB (cached 21MB) CPU [0%@1728,0%@1728,0%@1728,1%@1728,0%@1728,100%@1728] GR3D_FREQ 0% cpu@62.437C soc2@60.937C soc0@61.062C gpu@61.625C tj@62.437C soc1@61.812C VDD_IN 5991mW/12808mW VDD_CPU_GPU_CV 1624mW/5574mW VDD_SOC 1507mW/3048mW
09-13-2026 12:45:35 RAM 5934/7620MB (lfb 5x1MB) SWAP 1269/12002MB (cached 21MB) CPU [0%@729,0%@729,0%@729,0%@729,0%@1728,100%@1728] GR3D_FREQ 0% cpu@62.468C soc2@60.906C soc0@60.968C gpu@61.656C tj@62.156C soc1@61.843C VDD_IN 5991mW/12776mW VDD_CPU_GPU_CV 1624mW/5555mW VDD_SOC 1507mW/3040mW
09-13-2026 12:45:36 RAM 5934/7620MB (lfb 5x1MB) SWAP 1268/12002MB (cached 21MB) CPU [2%@729,0%@729,0%@729,0%@729,0%@1728,100%@1728] GR3D_FREQ 0% cpu@62.125C soc2@60.906C soc0@60.875C gpu@61.375C tj@62.125C soc1@61.843C VDD_IN 5991mW/12743mW VDD_CPU_GPU_CV 1624mW/5536mW VDD_SOC 1507mW/3033mW
09-13-2026 12:45:37 RAM 5934/7620MB (lfb 5x1MB) SWAP 1268/12002MB (cached 21MB) CPU [0%@729,1%@1728,0%@1728,0%@1728,0%@1728,100%@1728] GR3D_FREQ 0% cpu@62.156C soc2@60.75C soc0@60.906C gpu@61.312C tj@62.187C soc1@61.718C VDD_IN 5991mW/12711mW VDD_CPU_GPU_CV 1624mW/5518mW VDD_SOC 1507mW/3026mW
09-13-2026 12:45:38 RAM 5934/7620MB (lfb 5x1MB) SWAP 1268/12002MB (cached 21MB) CPU [0%@729,0%@729,0%@729,0%@729,0%@1728,100%@1728] GR3D_FREQ 0% cpu@62.093C soc2@60.656C soc0@60.968C gpu@61.468C tj@62.093C soc1@61.625C VDD_IN 5952mW/12680mW VDD_CPU_GPU_CV 1624mW/5500mW VDD_SOC 1468mW/3018mW
09-13-2026 12:45:39 RAM 5935/7620MB (lfb 5x1MB) SWAP 1268/12002MB (cached 21MB) CPU [0%@729,0%@729,0%@729,0%@729,0%@1728,100%@1728] GR3D_FREQ 0% cpu@61.968C soc2@60.687C soc0@60.75C gpu@61.468C tj@61.968C soc1@61.562C VDD_IN 5952mW/12648mW VDD_CPU_GPU_CV 1624mW/5481mW VDD_SOC 1468mW/3011mW
09-13-2026 12:45:40 RAM 5936/7620MB (lfb 5x1MB) SWAP 1268/12002MB (cached 21MB) CPU [0%@729,0%@1728,0%@1728,0%@1728,0%@1728,100%@1728] GR3D_FREQ 0% cpu@62.031C soc2@60.562C soc0@60.656C gpu@61.406C tj@62.031C soc1@61.656C VDD_IN 5952mW/12617mW VDD_CPU_GPU_CV 1624mW/5463mW VDD_SOC 1468mW/3004mW
09-13-2026 12:45:41 RAM 5938/7620MB (lfb 5x1MB) SWAP 1268/12002MB (cached 21MB) CPU [0%@729,0%@729,0%@729,0%@729,0%@1728,100%@1728] GR3D_FREQ 0% cpu@61.968C soc2@60.593C soc0@60.718C gpu@61.093C tj@62.156C soc1@61.375C VDD_IN 5952mW/12586mW VDD_CPU_GPU_CV 1624mW/5445mW VDD_SOC 1468mW/2997mW
09-13-2026 12:45:42 RAM 5977/7620MB (lfb 90x512kB) SWAP 1268/12002MB (cached 21MB) CPU [8%@729,0%@729,1%@729,1%@1728,0%@1728,95%@1728] GR3D_FREQ 17% cpu@62C soc2@60.718C soc0@60.687C gpu@61.562C tj@62C soc1@61.437C VDD_IN 7487mW/12562mW VDD_CPU_GPU_CV 2487mW/5432mW VDD_SOC 1740mW/2991mW
09-13-2026 12:45:43 RAM 6044/7620MB (lfb 77x512kB) SWAP 1267/12002MB (cached 21MB) CPU [11%@1728,1%@1728,0%@1728,1%@1728,0%@1728,94%@1728] GR3D_FREQ 12% cpu@61.937C soc2@60.812C soc0@60.718C gpu@61.875C tj@61.937C soc1@61.5C VDD_IN 9358mW/12547mW VDD_CPU_GPU_CV 3581mW/5423mW VDD_SOC 1974mW/2986mW
09-13-2026 12:45:44 RAM 6238/7620MB (lfb 77x512kB) SWAP 1267/12002MB (cached 21MB) CPU [15%@729,2%@729,1%@729,0%@729,32%@1728,61%@1728] GR3D_FREQ 0% cpu@62.281C soc2@60.75C soc0@60.687C gpu@61.781C tj@62.281C soc1@61.406C VDD_IN 8029mW/12527mW VDD_CPU_GPU_CV 2882mW/5412mW VDD_SOC 1779mW/2981mW
09-13-2026 12:45:45 RAM 6775/7620MB (lfb 77x512kB) SWAP 1267/12002MB (cached 21MB) CPU [0%@729,0%@729,0%@729,0%@729,100%@1728,0%@1728] GR3D_FREQ 0% cpu@62.25C soc2@60.625C soc0@60.718C gpu@61.437C tj@62.25C soc1@61.406C VDD_IN 6150mW/12497mW VDD_CPU_GPU_CV 1743mW/5395mW VDD_SOC 1507mW/2974mW
09-13-2026 12:45:46 RAM 7247/7620MB (lfb 2x128kB) SWAP 1273/12002MB (cached 21MB) CPU [14%@1728,4%@1728,31%@1728,11%@1728,98%@1728,3%@1728] GR3D_FREQ 0% cpu@62.468C soc2@60.562C soc0@60.687C gpu@61.437C tj@62.468C soc1@61.343C VDD_IN 6428mW/12470mW VDD_CPU_GPU_CV 1977mW/5379mW VDD_SOC 1545mW/2967mW
09-13-2026 12:45:47 RAM 7287/7620MB (lfb 1x512kB) SWAP 1325/12002MB (cached 21MB) CPU [85%@1728,79%@1728,81%@1728,77%@1728,90%@1728,83%@1728] GR3D_FREQ 0% cpu@62.781C soc2@60.937C soc0@60.531C gpu@61.281C tj@62.812C soc1@61.5C VDD_IN 7673mW/12448mW VDD_CPU_GPU_CV 3198mW/5369mW VDD_SOC 1542mW/2961mW
09-13-2026 12:45:48 RAM 7296/7620MB (lfb 1x1MB) SWAP 1324/12002MB (cached 21MB) CPU [100%@1728,96%@1728,100%@1728,98%@1728,99%@1728,99%@1728] GR3D_FREQ 0% cpu@63.093C soc2@60.968C soc0@60.593C gpu@61.375C tj@63.093C soc1@61.406C VDD_IN 7949mW/12428mW VDD_CPU_GPU_CV 3711mW/5362mW VDD_SOC 1463mW/2954mW
09-13-2026 12:45:49 RAM 7329/7620MB (lfb 2x64kB) SWAP 1327/12002MB (cached 21MB) CPU [83%@1728,82%@1728,82%@1728,82%@1728,84%@1728,97%@1728] GR3D_FREQ 0% cpu@63.031C soc2@60.843C soc0@60.687C gpu@61.187C tj@63.031C soc1@61.375C VDD_IN 7447mW/12406mW VDD_CPU_GPU_CV 3119mW/5352mW VDD_SOC 1502mW/2948mW
09-13-2026 12:45:50 RAM 7380/7620MB (lfb 5x2MB) SWAP 1632/12002MB (cached 21MB) CPU [61%@1728,4%@1728,1%@1728,7%@1728,32%@1728,94%@1728] GR3D_FREQ 0% cpu@62.031C soc2@60.687C soc0@60.437C gpu@61.156C tj@62.031C soc1@61.343C VDD_IN 6547mW/12379mW VDD_CPU_GPU_CV 2096mW/5337mW VDD_SOC 1505mW/2941mW
09-13-2026 12:45:51 RAM 7414/7620MB (lfb 42x128kB) SWAP 2016/12002MB (cached 20MB) CPU [35%@1728,2%@1728,3%@1728,65%@1728,0%@1728,98%@1728] GR3D_FREQ 0% cpu@62.093C soc2@60.468C soc0@60.468C gpu@61.125C tj@62.093C soc1@61.343C VDD_IN 6507mW/12353mW VDD_CPU_GPU_CV 2056mW/5323mW VDD_SOC 1505mW/2935mW
09-13-2026 12:45:52 RAM 7504/7620MB (lfb 1x1MB) SWAP 2437/12002MB (cached 20MB) CPU [22%@1728,22%@1728,25%@1728,93%@1728,19%@1420,78%@1420] GR3D_FREQ 0% cpu@62.625C soc2@60.531C soc0@60.5C gpu@61.062C tj@62.625C soc1@61.25C VDD_IN 6853mW/12329mW VDD_CPU_GPU_CV 2333mW/5310mW VDD_SOC 1545mW/2929mW
09-13-2026 12:45:53 RAM 7487/7620MB (lfb 25x512kB) SWAP 3130/12002MB (cached 13MB) CPU [100%@1728,96%@1728,99%@1728,100%@1728,100%@1728,100%@1728] GR3D_FREQ 0% cpu@63C soc2@60.875C soc0@60.625C gpu@61.281C tj@63C soc1@61.343C VDD_IN 8345mW/12311mW VDD_CPU_GPU_CV 3666mW/5302mW VDD_SOC 1579mW/2923mW
09-13-2026 12:45:54 RAM 7502/7620MB (lfb 1x1MB) SWAP 3690/12002MB (cached 7MB) CPU [68%@1728,69%@1728,68%@1728,100%@1728,68%@1728,68%@1728] GR3D_FREQ 0% cpu@63C soc2@60.656C soc0@60.437C gpu@61.093C tj@62.656C soc1@61.312C VDD_IN 7368mW/12290mW VDD_CPU_GPU_CV 2764mW/5291mW VDD_SOC 1582mW/2917mW
09-13-2026 12:45:55 RAM 7433/7620MB (lfb 24x512kB) SWAP 4052/12002MB (cached 5MB) CPU [68%@1728,70%@1728,93%@1728,96%@1728,81%@1728,96%@1728] GR3D_FREQ 0% cpu@62.75C soc2@60.718C soc0@60.593C gpu@61.406C tj@62.75C soc1@61.343C VDD_IN 7831mW/12270mW VDD_CPU_GPU_CV 3159mW/5282mW VDD_SOC 1582mW/2911mW
09-13-2026 12:45:56 RAM 7434/7620MB (lfb 18x512kB) SWAP 4020/12002MB (cached 20MB) CPU [7%@1728,2%@1728,10%@1728,95%@1728,18%@1267,50%@1267] GR3D_FREQ 0% cpu@61.968C soc2@60.562C soc0@60.375C gpu@61.281C tj@61.812C soc1@61.343C VDD_IN 6547mW/12245mW VDD_CPU_GPU_CV 2017mW/5268mW VDD_SOC 1545mW/2905mW
09-13-2026 12:45:57 RAM 7417/7620MB (lfb 3x256kB) SWAP 4058/12002MB (cached 27MB) CPU [44%@1728,15%@1728,4%@1728,42%@1728,3%@1728,79%@1728] GR3D_FREQ 5% cpu@61.687C soc2@60.406C soc0@60.312C gpu@60.968C tj@61.687C soc1@61.281C VDD_IN 6348mW/12220mW VDD_CPU_GPU_CV 1861mW/5253mW VDD_SOC 1545mW/2899mW
09-13-2026 12:45:58 RAM 6575/7620MB (lfb 4x1MB) SWAP 3635/12002MB (cached 6MB) CPU [48%@1728,1%@1728,0%@1728,1%@1728,4%@1728,76%@1728] GR3D_FREQ 0% cpu@61.562C soc2@60.218C soc0@60.406C gpu@60.843C tj@61.562C soc1@61.125C VDD_IN 5912mW/12193mW VDD_CPU_GPU_CV 1505mW/5237mW VDD_SOC 1507mW/2893mW
09-13-2026 12:45:59 RAM 5856/7620MB (lfb 12x2MB) SWAP 2667/12002MB (cached 4MB) CPU [9%@729,9%@729,38%@729,8%@729,17%@1728,86%@1728] GR3D_FREQ 0% cpu@61.656C soc2@60.312C soc0@60.437C gpu@60.906C tj@61.656C soc1@61.093C VDD_IN 6309mW/12167mW VDD_CPU_GPU_CV 1703mW/5222mW VDD_SOC 1584mW/2888mW
09-13-2026 12:46:00 RAM 6073/7620MB (lfb 15x2MB) SWAP 2348/12002MB (cached 5MB) CPU [3%@729,1%@729,12%@729,1%@729,0%@1728,98%@1728] GR3D_FREQ 0% cpu@61.375C soc2@60.218C soc0@60.187C gpu@60.593C tj@61.375C soc1@61.156C VDD_IN 6031mW/12141mW VDD_CPU_GPU_CV 1545mW/5206mW VDD_SOC 1547mW/2882mW
09-13-2026 12:46:01 RAM 6462/7620MB (lfb 50x1MB) SWAP 2327/12002MB (cached 5MB) CPU [1%@729,0%@729,0%@1728,0%@1728,0%@1728,95%@1728] GR3D_FREQ 0% cpu@61.25C soc2@60.062C soc0@60.187C gpu@60.562C tj@61.25C soc1@61.093C VDD_IN 5793mW/12114mW VDD_CPU_GPU_CV 1267mW/5189mW VDD_SOC 1547mW/2876mW
09-13-2026 12:46:02 RAM 6486/7620MB (lfb 34x1MB) SWAP 2321/12002MB (cached 6MB) CPU [3%@729,0%@729,0%@729,2%@729,0%@1728,99%@1728] GR3D_FREQ 87% cpu@61.531C soc2@60.031C soc0@60.187C gpu@60.687C tj@61.531C soc1@60.875C VDD_IN 6031mW/12088mW VDD_CPU_GPU_CV 1426mW/5173mW VDD_SOC 1587mW/2871mW
09-13-2026 12:46:03 RAM 6536/7620MB (lfb 21x1MB) SWAP 2319/12002MB (cached 6MB) CPU [1%@729,0%@729,0%@729,1%@729,0%@1728,97%@1728] GR3D_FREQ 0% cpu@61.187C soc2@60.062C soc0@60.25C gpu@60.625C tj@61.187C soc1@60.875C VDD_IN 5991mW/12063mW VDD_CPU_GPU_CV 1386mW/5157mW VDD_SOC 1587mW/2865mW
09-13-2026 12:46:04 RAM 6577/7620MB (lfb 96x512kB) SWAP 2316/12002MB (cached 6MB) CPU [0%@1728,0%@1728,0%@1728,0%@1728,0%@1728,99%@1728] GR3D_FREQ 0% cpu@61.093C soc2@60C soc0@59.968C gpu@60.562C tj@61.218C soc1@60.875C VDD_IN 5991mW/12037mW VDD_CPU_GPU_CV 1346mW/5141mW VDD_SOC 1587mW/2860mW
09-13-2026 12:46:06 RAM 6708/7620MB (lfb 4x128kB) SWAP 2313/12002MB (cached 6MB) CPU [13%@1728,7%@1728,3%@1728,43%@1728,18%@1728,67%@1728] GR3D_FREQ 0% cpu@61.531C soc2@60.062C soc0@59.937C gpu@60.562C tj@61.531C soc1@61C VDD_IN 6507mW/12014mW VDD_CPU_GPU_CV 1858mW/5127mW VDD_SOC 1584mW/2855mW
09-13-2026 12:46:07 RAM 7055/7620MB (lfb 9x64kB) SWAP 2307/12002MB (cached 7MB) CPU [4%@1113,2%@1113,0%@1113,33%@1113,0%@729,41%@729] GR3D_FREQ 99% cpu@61.937C soc2@60.843C soc0@60.281C gpu@63.75C tj@63.75C soc1@60.875C VDD_IN 17255mW/12036mW VDD_CPU_GPU_CV 9540mW/5146mW VDD_SOC 2650mW/2854mW
09-13-2026 12:46:08 RAM 7097/7620MB (lfb 10759x32kB) SWAP 2294/12002MB (cached 13MB) CPU [5%@1728,0%@1728,7%@1728,86%@1728,0%@729,0%@729] GR3D_FREQ 35% cpu@63.281C soc2@61.531C soc0@60.687C gpu@63.593C tj@63.593C soc1@61.218C VDD_IN 20162mW/12070mW VDD_CPU_GPU_CV 10903mW/5170mW VDD_SOC 4072mW/2859mW
09-13-2026 12:46:09 RAM 7102/7620MB (lfb 10568x32kB) SWAP 2290/12002MB (cached 14MB) CPU [2%@1728,0%@1728,1%@1728,100%@1728,0%@729,2%@729] GR3D_FREQ 88% cpu@63.281C soc2@61.937C soc0@61.093C gpu@64.156C tj@64.156C soc1@61.5C VDD_IN 19346mW/12100mW VDD_CPU_GPU_CV 8349mW/5183mW VDD_SOC 5041mW/2868mW
09-13-2026 12:46:10 RAM 7135/7620MB (lfb 8395x32kB) SWAP 2273/12002MB (cached 17MB) CPU [13%@1728,14%@1728,15%@1728,100%@1728,15%@1113,23%@1113] GR3D_FREQ 91% cpu@64.218C soc2@62.187C soc0@61.312C gpu@64.312C tj@64.5C soc1@61.906C VDD_IN 19890mW/12132mW VDD_CPU_GPU_CV 8721mW/5197mW VDD_SOC 5158mW/2877mW
09-13-2026 12:46:11 RAM 7154/7620MB (lfb 7569x32kB) SWAP 2261/12002MB (cached 18MB) CPU [20%@1728,14%@1728,27%@1728,100%@1728,23%@729,39%@729] GR3D_FREQ 88% cpu@64C soc2@62.406C soc0@61.5C gpu@64.781C tj@64.781C soc1@61.937C VDD_IN 19851mW/12163mW VDD_CPU_GPU_CV 8606mW/5211mW VDD_SOC 5158mW/2887mW
09-13-2026 12:46:12 RAM 7169/7620MB (lfb 4x64kB) SWAP 2261/12002MB (cached 18MB) CPU [32%@1728,30%@1728,10%@1728,61%@1728,22%@729,15%@729] GR3D_FREQ 99% cpu@63.562C soc2@62.093C soc0@61.656C gpu@64.062C tj@64.062C soc1@62.062C VDD_IN 12828mW/12166mW VDD_CPU_GPU_CV 5005mW/5211mW VDD_SOC 3530mW/2889mW
09-13-2026 12:46:13 RAM 7175/7620MB (lfb 1x2MB) SWAP 2260/12002MB (cached 18MB) CPU [1%@729,42%@729,13%@1728,0%@1728,58%@1728,0%@1728] GR3D_FREQ 99% cpu@64.031C soc2@62.906C soc0@62C gpu@66.375C tj@66.375C soc1@62.25C VDD_IN 22031mW/12206mW VDD_CPU_GPU_CV 11788mW/5237mW VDD_SOC 4561mW/2896mW
09-13-2026 12:46:14 RAM 7175/7620MB (lfb 1x2MB) SWAP 2260/12002MB (cached 18MB) CPU [1%@1728,0%@1728,0%@1728,0%@1728,100%@1728,0%@1728] GR3D_FREQ 88% cpu@64.312C soc2@63.031C soc0@62.125C gpu@65.656C tj@65.656C soc1@62.531C VDD_IN 20128mW/12238mW VDD_CPU_GPU_CV 9323mW/5254mW VDD_SOC 4956mW/2904mW
09-13-2026 12:46:15 RAM 7175/7620MB (lfb 1x2MB) SWAP 2260/12002MB (cached 18MB) CPU [0%@1728,0%@1728,0%@1728,0%@1728,100%@1728,0%@1728] GR3D_FREQ 88% cpu@64.406C soc2@63.093C soc0@62.343C gpu@65.531C tj@65.531C soc1@62.812C VDD_IN 19462mW/12267mW VDD_CPU_GPU_CV 8233mW/5266mW VDD_SOC 5158mW/2913mW
09-13-2026 12:46:16 RAM 7176/7620MB (lfb 1x2MB) SWAP 2259/12002MB (cached 18MB) CPU [0%@729,0%@729,0%@729,1%@729,100%@1728,1%@1728] GR3D_FREQ 88% cpu@64.625C soc2@63.343C soc0@62.531C gpu@65.75C tj@65.75C soc1@62.718C VDD_IN 19424mW/12296mW VDD_CPU_GPU_CV 8156mW/5277mW VDD_SOC 5197mW/2923mW
09-13-2026 12:46:17 RAM 7172/7620MB (lfb 19x64kB) SWAP 2254/12002MB (cached 18MB) CPU [0%@1728,0%@1728,0%@1728,0%@1728,96%@1113,5%@1113] GR3D_FREQ 0% cpu@64.593C soc2@63.281C soc0@62.625C gpu@64.656C tj@64.656C soc1@62.968C VDD_IN 16954mW/12315mW VDD_CPU_GPU_CV 6903mW/5284mW VDD_SOC 4591mW/2929mW
09-13-2026 12:46:18 RAM 7225/7620MB (lfb 3x64kB) SWAP 2154/12002MB (cached 18MB) CPU [11%@1728,67%@1728,0%@1728,1%@1728,0%@1728,36%@1728] GR3D_FREQ 0% cpu@64.187C soc2@62.625C soc0@62.468C gpu@63.281C tj@63.937C soc1@62.968C VDD_IN 8108mW/12298mW VDD_CPU_GPU_CV 2132mW/5271mW VDD_SOC 2685mW/2928mW
09-13-2026 12:46:19 RAM 6704/7620MB (lfb 11x2MB) SWAP 1480/12002MB (cached 18MB) CPU [10%@1728,36%@1728,0%@1728,33%@1728,0%@729,75%@729] GR3D_FREQ 0% cpu@63.562C soc2@62.343C soc0@62.187C gpu@62.968C tj@63.75C soc1@62.812C VDD_IN 6536mW/12275mW VDD_CPU_GPU_CV 1819mW/5258mW VDD_SOC 1743mW/2924mW
09-13-2026 12:46:20 RAM 2762/7620MB (lfb 49x2MB) SWAP 1322/12002MB (cached 18MB) CPU [11%@1728,7%@1728,34%@1728,44%@1728,29%@729,17%@729] GR3D_FREQ 0% cpu@63.093C soc2@62C soc0@62.062C gpu@62.906C tj@63.093C soc1@62.656C VDD_IN 5753mW/12249mW VDD_CPU_GPU_CV 1307mW/5242mW VDD_SOC 1545mW/2918mW
09-13-2026 12:46:21 RAM 2762/7620MB (lfb 49x2MB) SWAP 1322/12002MB (cached 18MB) CPU [0%@729,0%@729,0%@729,0%@729,2%@729,0%@729] GR3D_FREQ 0% cpu@62.781C soc2@61.843C soc0@62.062C gpu@62.718C tj@62.781C soc1@62.5C VDD_IN 4682mW/12220mW VDD_CPU_GPU_CV 634mW/5224mW VDD_SOC 1468mW/2912mW
09-13-2026 12:46:22 RAM 2762/7620MB (lfb 49x2MB) SWAP 1321/12002MB (cached 18MB) CPU [0%@1728,0%@1728,0%@1728,0%@1728,0%@729,0%@729] GR3D_FREQ 0% cpu@62.781C soc2@61.718C soc0@61.781C gpu@62.468C tj@62.781C soc1@62.5C VDD_IN 4602mW/12190mW VDD_CPU_GPU_CV 555mW/5206mW VDD_SOC 1468mW/2907mW
09-13-2026 12:46:23 RAM 2762/7620MB (lfb 49x2MB) SWAP 1321/12002MB (cached 18MB) CPU [0%@729,0%@729,0%@729,0%@729,0%@729,0%@729] GR3D_FREQ 0% cpu@62.375C soc2@61.437C soc0@61.656C gpu@62C tj@62.468C soc1@62.468C VDD_IN 4563mW/12160mW VDD_CPU_GPU_CV 555mW/5187mW VDD_SOC 1428mW/2901mW
09-13-2026 12:46:24 RAM 2763/7620MB (lfb 49x2MB) SWAP 1321/12002MB (cached 18MB) CPU [0%@729,0%@1728,0%@1728,0%@1728,0%@1113,0%@1113] GR3D_FREQ 0% cpu@62.312C soc2@61.375C soc0@61.562C gpu@61.968C tj@62.312C soc1@62.25C VDD_IN 4563mW/12130mW VDD_CPU_GPU_CV 555mW/5169mW VDD_SOC 1428mW/2895mW
09-13-2026 12:46:25 RAM 2763/7620MB (lfb 49x2MB) SWAP 1321/12002MB (cached 19MB) CPU [0%@1728,0%@1728,0%@1728,0%@1728,0%@729,0%@729] GR3D_FREQ 0% cpu@62.406C soc2@61.281C soc0@61.593C gpu@61.906C tj@62.406C soc1@62.25C VDD_IN 4563mW/12101mW VDD_CPU_GPU_CV 555mW/5152mW VDD_SOC 1428mW/2890mW
09-13-2026 12:46:26 RAM 2763/7620MB (lfb 49x2MB) SWAP 1321/12002MB (cached 19MB) CPU [0%@1728,0%@1728,0%@1728,0%@1728,0%@729,0%@729] GR3D_FREQ 0% cpu@62.093C soc2@61.25C soc0@61.406C gpu@62.218C tj@62.218C soc1@62.125C VDD_IN 4602mW/12072mW VDD_CPU_GPU_CV 555mW/5134mW VDD_SOC 1468mW/2884mW
09-13-2026 12:46:27 RAM 2764/7620MB (lfb 49x2MB) SWAP 1320/12002MB (cached 19MB) CPU [0%@1728,0%@1728,0%@1728,0%@1728,0%@729,0%@729] GR3D_FREQ 0% cpu@62.093C soc2@61.125C soc0@61.281C gpu@61.656C tj@62.187C soc1@62.187C VDD_IN 4563mW/12043mW VDD_CPU_GPU_CV 555mW/5116mW VDD_SOC 1428mW/2878mW
09-13-2026 12:46:28 RAM 2763/7620MB (lfb 49x2MB) SWAP 1320/12002MB (cached 19MB) CPU [0%@1728,0%@1728,0%@1728,0%@1728,0%@729,0%@729] GR3D_FREQ 0% cpu@62.093C soc2@61.125C soc0@61.281C gpu@61.593C tj@62.093C soc1@62C VDD_IN 4563mW/12015mW VDD_CPU_GPU_CV 555mW/5099mW VDD_SOC 1428mW/2873mW
09-13-2026 12:46:29 RAM 2764/7620MB (lfb 49x2MB) SWAP 1320/12002MB (cached 19MB) CPU [0%@729,0%@729,0%@729,0%@729,0%@729,0%@729] GR3D_FREQ 0% cpu@62.156C soc2@60.968C soc0@61.343C gpu@61.531C tj@62.156C soc1@61.906C VDD_IN 4563mW/11986mW VDD_CPU_GPU_CV 555mW/5081mW VDD_SOC 1428mW/2867mW
09-13-2026 12:46:30 RAM 2764/7620MB (lfb 49x2MB) SWAP 1319/12002MB (cached 19MB) CPU [0%@729,0%@729,0%@729,0%@729,0%@729,0%@729] GR3D_FREQ 0% cpu@61.937C soc2@60.906C soc0@61.156C gpu@61.468C tj@61.906C soc1@61.906C VDD_IN 4570mW/11958mW VDD_CPU_GPU_CV 555mW/5064mW VDD_SOC 1428mW/2862mW
09-13-2026 12:46:31 RAM 2764/7620MB (lfb 49x2MB) SWAP 1319/12002MB (cached 19MB) CPU [1%@729,0%@729,0%@729,0%@729,0%@729,0%@729] GR3D_FREQ 0% cpu@61.75C soc2@60.781C soc0@61C gpu@61.531C tj@61.906C soc1@61.906C VDD_IN 4570mW/11930mW VDD_CPU_GPU_CV 555mW/5047mW VDD_SOC 1428mW/2857mW
09-13-2026 12:46:32 RAM 2767/7620MB (lfb 49x2MB) SWAP 1314/12002MB (cached 19MB) CPU [1%@1728,2%@1728,0%@1728,0%@1728,0%@729,0%@729] GR3D_FREQ 0% cpu@61.875C soc2@60.75C soc0@61C gpu@61.312C tj@62C soc1@62C VDD_IN 4602mW/11902mW VDD_CPU_GPU_CV 595mW/5030mW VDD_SOC 1428mW/2851mW
09-13-2026 12:46:33 RAM 2768/7620MB (lfb 49x2MB) SWAP 1314/12002MB (cached 20MB) CPU [0%@729,0%@729,0%@729,0%@729,0%@729,1%@729] GR3D_FREQ 0% cpu@61.656C soc2@60.718C soc0@61.062C gpu@61.187C tj@61.718C soc1@61.718C VDD_IN 4570mW/11875mW VDD_CPU_GPU_CV 555mW/5013mW VDD_SOC 1428mW/2846mW
09-13-2026 12:46:34 RAM 2769/7620MB (lfb 49x2MB) SWAP 1313/12002MB (cached 20MB) CPU [0%@729,0%@729,0%@1728,0%@1728,0%@729,0%@729] GR3D_FREQ 0% cpu@61.781C soc2@60.656C soc0@60.75C gpu@61.093C tj@61.781C soc1@61.718C VDD_IN 4563mW/11847mW VDD_CPU_GPU_CV 555mW/4997mW VDD_SOC 1428mW/2840mW
09-13-2026 12:46:35 RAM 2771/7620MB (lfb 49x2MB) SWAP 1308/12002MB (cached 20MB) CPU [1%@729,1%@729,0%@729,2%@729,0%@729,0%@729] GR3D_FREQ 0% cpu@61.406C soc2@60.5C soc0@60.687C gpu@61.25C tj@61.562C soc1@61.562C VDD_IN 4570mW/11820mW VDD_CPU_GPU_CV 555mW/4980mW VDD_SOC 1428mW/2835mW
09-13-2026 12:46:36 RAM 2772/7620MB (lfb 49x2MB) SWAP 1307/12002MB (cached 20MB) CPU [0%@1728,0%@1728,0%@1728,0%@1728,0%@729,0%@729] GR3D_FREQ 0% cpu@61.406C soc2@60.406C soc0@60.718C gpu@61.156C tj@61.687C soc1@61.687C VDD_IN 4570mW/11793mW VDD_CPU_GPU_CV 555mW/4964mW VDD_SOC 1428mW/2830mW
09-13-2026 12:46:37 RAM 2772/7620MB (lfb 49x2MB) SWAP 1307/12002MB (cached 20MB) CPU [0%@1728,0%@1728,0%@1728,0%@1728,0%@729,0%@729] GR3D_FREQ 0% cpu@61.5C soc2@60.375C soc0@60.781C gpu@61C tj@61.5C soc1@61.312C VDD_IN 4570mW/11766mW VDD_CPU_GPU_CV 555mW/4947mW VDD_SOC 1428mW/2825mW
09-13-2026 12:46:38 RAM 2772/7620MB (lfb 49x2MB) SWAP 1307/12002MB (cached 20MB) CPU [0%@1728,0%@1728,0%@1728,0%@1728,0%@729,0%@729] GR3D_FREQ 0% cpu@61.281C soc2@60.375C soc0@60.5C gpu@60.906C tj@61.343C soc1@61.343C VDD_IN 4530mW/11740mW VDD_CPU_GPU_CV 555mW/4931mW VDD_SOC 1428mW/2820mW
09-13-2026 12:46:39 RAM 2772/7620MB (lfb 49x2MB) SWAP 1307/12002MB (cached 20MB) CPU [0%@1728,1%@1728,0%@1728,0%@1728,0%@729,0%@729] GR3D_FREQ 0% cpu@61.218C soc2@60.281C soc0@60.468C gpu@60.75C tj@61.312C soc1@61.312C VDD_IN 4570mW/11713mW VDD_CPU_GPU_CV 555mW/4915mW VDD_SOC 1428mW/2814mW
09-13-2026 12:46:40 RAM 2773/7620MB (lfb 49x2MB) SWAP 1307/12002MB (cached 20MB) CPU [0%@729,0%@729,0%@729,0%@729,0%@729,0%@729] GR3D_FREQ 0% cpu@61.25C soc2@60.187C soc0@60.375C gpu@60.687C tj@61.25C soc1@61.125C VDD_IN 4570mW/11687mW VDD_CPU_GPU_CV 555mW/4899mW VDD_SOC 1428mW/2809mW
09-13-2026 12:46:41 RAM 2789/7620MB (lfb 44x2MB) SWAP 1305/12002MB (cached 20MB) CPU [17%@1728,16%@1728,10%@1728,10%@1728,6%@729,5%@729] GR3D_FREQ 0% cpu@61.437C soc2@60.25C soc0@60.437C gpu@60.875C tj@61.437C soc1@61.093C VDD_IN 5118mW/11663mW VDD_CPU_GPU_CV 952mW/4885mW VDD_SOC 1468mW/2805mW
09-13-2026 12:46:42 RAM 2787/7620MB (lfb 45x2MB) SWAP 1305/12002MB (cached 20MB) CPU [2%@1728,2%@1728,3%@1728,2%@1728,10%@729,9%@729] GR3D_FREQ 0% cpu@61.125C soc2@60.156C soc0@60.25C gpu@60.781C tj@61.062C soc1@61.062C VDD_IN 4650mW/11638mW VDD_CPU_GPU_CV 595mW/4869mW VDD_SOC 1428mW/2800mW
09-13-2026 12:46:43 RAM 2787/7620MB (lfb 45x2MB) SWAP 1304/12002MB (cached 20MB) CPU [0%@729,0%@729,0%@729,0%@729,0%@729,0%@729] GR3D_FREQ 0% cpu@60.968C soc2@60.031C soc0@60.25C gpu@60.468C tj@61.125C soc1@61.125C VDD_IN 4570mW/11612mW VDD_CPU_GPU_CV 555mW/4853mW VDD_SOC 1428mW/2795mW
09-13-2026 12:46:44 RAM 2793/7620MB (lfb 45x2MB) SWAP 1296/12002MB (cached 21MB) CPU [0%@729,3%@729,0%@729,0%@729,0%@729,2%@729] GR3D_FREQ 0% cpu@61.125C soc2@60C soc0@60.187C gpu@60.5C tj@61.125C soc1@60.906C VDD_IN 4610mW/11587mW VDD_CPU_GPU_CV 555mW/4838mW VDD_SOC 1428mW/2790mW
09-13-2026 12:46:45 RAM 2793/7620MB (lfb 45x2MB) SWAP 1296/12002MB (cached 21MB) CPU [0%@1728,0%@1728,0%@1728,0%@1728,0%@729,0%@729] GR3D_FREQ 0% cpu@60.937C soc2@59.937C soc0@60.187C gpu@60.625C tj@60.937C soc1@60.937C VDD_IN 4570mW/11562mW VDD_CPU_GPU_CV 555mW/4823mW VDD_SOC 1428mW/2785mW
09-13-2026 12:46:46 RAM 2793/7620MB (lfb 45x2MB) SWAP 1296/12002MB (cached 21MB) CPU [0%@1728,0%@1728,0%@1728,0%@1728,0%@729,0%@729] GR3D_FREQ 0% cpu@60.718C soc2@59.75C soc0@59.968C gpu@60.531C tj@60.937C soc1@60.937C VDD_IN 4530mW/11536mW VDD_CPU_GPU_CV 555mW/4807mW VDD_SOC 1428mW/2780mW
09-13-2026 12:46:47 RAM 2793/7620MB (lfb 45x2MB) SWAP 1295/12002MB (cached 21MB) CPU [1%@1728,0%@1728,0%@1728,0%@1728,0%@729,1%@729] GR3D_FREQ 0% cpu@60.75C soc2@59.718C soc0@60.031C gpu@60.281C tj@60.875C soc1@60.718C VDD_IN 4530mW/11511mW VDD_CPU_GPU_CV 555mW/4792mW VDD_SOC 1428mW/2775mW
09-13-2026 12:46:48 RAM 2794/7620MB (lfb 45x2MB) SWAP 1295/12002MB (cached 21MB) CPU [0%@1728,0%@1728,0%@1728,0%@1728,0%@729,0%@729] GR3D_FREQ 0% cpu@60.656C soc2@59.687C soc0@59.968C gpu@60.218C tj@60.656C soc1@60.656C VDD_IN 4570mW/11487mW VDD_CPU_GPU_CV 555mW/4777mW VDD_SOC 1428mW/2770mW
09-13-2026 12:46:49 RAM 2795/7620MB (lfb 45x2MB) SWAP 1294/12002MB (cached 22MB) CPU [0%@729,0%@1728,0%@1728,0%@1728,0%@729,3%@729] GR3D_FREQ 0% cpu@60.781C soc2@59.687C soc0@59.718C gpu@60.343C tj@60.812C soc1@60.812C VDD_IN 4610mW/11462mW VDD_CPU_GPU_CV 595mW/4762mW VDD_SOC 1428mW/2765mW
09-13-2026 12:46:50 RAM 2795/7620MB (lfb 45x2MB) SWAP 1294/12002MB (cached 22MB) CPU [0%@729,0%@729,0%@729,0%@729,0%@729,0%@729] GR3D_FREQ 0% cpu@60.562C soc2@59.531C soc0@59.781C gpu@60.375C tj@60.75C soc1@60.75C VDD_IN 4570mW/11438mW VDD_CPU_GPU_CV 555mW/4747mW VDD_SOC 1428mW/2761mW
09-13-2026 12:46:51 RAM 2796/7620MB (lfb 45x2MB) SWAP 1294/12002MB (cached 22MB) CPU [0%@1728,0%@1728,0%@1728,0%@1728,0%@729,2%@729] GR3D_FREQ 0% cpu@60.718C soc2@59.437C soc0@59.687C gpu@59.968C tj@60.718C soc1@60.375C VDD_IN 4530mW/11414mW VDD_CPU_GPU_CV 555mW/4733mW VDD_SOC 1428mW/2756mW
09-13-2026 12:46:52 RAM 2796/7620MB (lfb 45x2MB) SWAP 1293/12002MB (cached 22MB) CPU [1%@1728,0%@1728,0%@1728,0%@1728,0%@729,0%@729] GR3D_FREQ 0% cpu@60.468C soc2@59.406C soc0@59.687C gpu@59.906C tj@60.468C soc1@60.406C VDD_IN 4530mW/11389mW VDD_CPU_GPU_CV 555mW/4718mW VDD_SOC 1428mW/2751mW
09-13-2026 12:46:53 RAM 2788/7620MB (lfb 1x4MB) SWAP 1293/12002MB (cached 22MB) CPU [0%@1420,0%@1420,8%@1420,0%@1420,0%@729,0%@729] GR3D_FREQ 0% cpu@60.625C soc2@59.406C soc0@59.593C gpu@59.937C tj@60.625C soc1@60.375C VDD_IN 4809mW/11366mW VDD_CPU_GPU_CV 714mW/4704mW VDD_SOC 1468mW/2747mW
09-13-2026 12:46:54 RAM 2788/7620MB (lfb 1x4MB) SWAP 1293/12002MB (cached 22MB) CPU [0%@1728,0%@1728,0%@1728,0%@1728,0%@729,0%@729] GR3D_FREQ 0% cpu@60.281C soc2@59.218C soc0@59.5C gpu@60.125C tj@60.375C soc1@60.375C VDD_IN 4610mW/11343mW VDD_CPU_GPU_CV 555mW/4689mW VDD_SOC 1468mW/2742mW
09-13-2026 12:46:55 RAM 2788/7620MB (lfb 1x4MB) SWAP 1293/12002MB (cached 22MB) CPU [0%@729,0%@729,0%@729,0%@729,0%@729,0%@729] GR3D_FREQ 0% cpu@60.187C soc2@59.187C soc0@59.468C gpu@59.937C tj@60.218C soc1@60.218C VDD_IN 4530mW/11319mW VDD_CPU_GPU_CV 555mW/4675mW VDD_SOC 1428mW/2738mW
