09-12-2026 20:07:58 RAM 3571/7620MB (lfb 242x1MB) SWAP 942/12002MB (cached 12MB) CPU [2%@729,13%@729,18%@729,14%@729,3%@1728,94%@1728] GR3D_FREQ 0% cpu@56.031C soc2@54.281C soc0@54.562C gpu@55.156C tj@56.031C soc1@55.562C VDD_IN 5842mW/5842mW VDD_CPU_GPU_CV 1547mW/1547mW VDD_SOC 1468mW/1468mW
09-12-2026 20:07:59 RAM 3669/7620MB (lfb 208x1MB) SWAP 942/12002MB (cached 12MB) CPU [10%@883,12%@883,36%@883,35%@883,52%@729,40%@729] GR3D_FREQ 0% cpu@56.187C soc2@54.312C soc0@54.593C gpu@54.968C tj@56.187C soc1@55.531C VDD_IN 6150mW/5996mW VDD_CPU_GPU_CV 1545mW/1546mW VDD_SOC 1587mW/1528mW
09-12-2026 20:07:59 RAM 3601/7620MB (lfb 207x1MB) SWAP 942/12002MB (cached 12MB) CPU [6%@1728,26%@1728,73%@1728,22%@1728,28%@729,28%@729] GR3D_FREQ 0% cpu@56.031C soc2@54.343C soc0@54.562C gpu@54.906C tj@55.968C soc1@55.343C VDD_IN 5882mW/5958mW VDD_CPU_GPU_CV 1269mW/1454mW VDD_SOC 1587mW/1547mW
09-12-2026 20:08:00 RAM 3591/7620MB (lfb 209x1MB) SWAP 942/12002MB (cached 12MB) CPU [12%@1344,3%@1344,89%@1344,4%@1344,9%@729,6%@729] GR3D_FREQ 3% cpu@56.125C soc2@54.343C soc0@54.5C gpu@55.062C tj@56.125C soc1@55.468C VDD_IN 5921mW/5949mW VDD_CPU_GPU_CV 1309mW/1418mW VDD_SOC 1547mW/1547mW
09-12-2026 20:08:00 RAM 3623/7620MB (lfb 212x1MB) SWAP 942/12002MB (cached 12MB) CPU [10%@729,38%@1728,60%@1728,43%@1728,38%@729,42%@729] GR3D_FREQ 40% cpu@55.906C soc2@54.218C soc0@54.718C gpu@54.968C tj@55.906C soc1@55.343C VDD_IN 5952mW/5949mW VDD_CPU_GPU_CV 1269mW/1388mW VDD_SOC 1626mW/1563mW
09-12-2026 20:08:01 RAM 3663/7620MB (lfb 212x1MB) SWAP 942/12002MB (cached 12MB) CPU [11%@1728,18%@1728,30%@1728,66%@1728,21%@729,16%@729] GR3D_FREQ 0% cpu@55.968C soc2@54.312C soc0@54.593C gpu@54.968C tj@55.968C soc1@55.437C VDD_IN 5882mW/5938mW VDD_CPU_GPU_CV 1190mW/1355mW VDD_SOC 1587mW/1567mW
09-12-2026 20:08:01 RAM 3747/7620MB (lfb 12x2MB) SWAP 942/12002MB (cached 12MB) CPU [16%@729,8%@729,2%@729,78%@729,20%@729,23%@729] GR3D_FREQ 34% cpu@56.031C soc2@54.25C soc0@54.468C gpu@54.906C tj@56.031C soc1@55.562C VDD_IN 5952mW/5940mW VDD_CPU_GPU_CV 1269mW/1343mW VDD_SOC 1587mW/1570mW
09-12-2026 20:08:02 RAM 3988/7620MB (lfb 244x1MB) SWAP 942/12002MB (cached 12MB) CPU [32%@1728,30%@1728,41%@1728,60%@1728,41%@729,44%@729] GR3D_FREQ 50% cpu@55.812C soc2@54.25C soc0@54.625C gpu@54.968C tj@55.968C soc1@55.656C VDD_IN 5991mW/5947mW VDD_CPU_GPU_CV 1269mW/1333mW VDD_SOC 1626mW/1577mW
09-12-2026 20:08:02 RAM 4012/7620MB (lfb 244x1MB) SWAP 942/12002MB (cached 12MB) CPU [3%@1728,4%@1728,7%@1728,91%@1728,5%@729,4%@729] GR3D_FREQ 0% cpu@55.843C soc2@54.343C soc0@54.562C gpu@55.125C tj@55.843C soc1@55.406C VDD_IN 5842mW/5935mW VDD_CPU_GPU_CV 1230mW/1322mW VDD_SOC 1587mW/1578mW
09-12-2026 20:08:03 RAM 4230/7620MB (lfb 244x1MB) SWAP 942/12002MB (cached 12MB) CPU [13%@806,28%@806,28%@806,65%@806,38%@729,37%@729] GR3D_FREQ 66% cpu@55.875C soc2@54.343C soc0@54.562C gpu@54.937C tj@55.875C soc1@55.437C VDD_IN 5991mW/5941mW VDD_CPU_GPU_CV 1309mW/1321mW VDD_SOC 1587mW/1579mW
09-12-2026 20:08:03 RAM 4404/7620MB (lfb 244x1MB) SWAP 942/12002MB (cached 12MB) CPU [8%@1728,33%@1728,32%@1728,52%@1728,28%@1344,52%@1344] GR3D_FREQ 0% cpu@55.593C soc2@54.218C soc0@54.437C gpu@54.968C tj@55.593C soc1@55.468C VDD_IN 5842mW/5932mW VDD_CPU_GPU_CV 1190mW/1309mW VDD_SOC 1587mW/1580mW
09-12-2026 20:08:04 RAM 4449/7620MB (lfb 244x1MB) SWAP 942/12002MB (cached 12MB) CPU [2%@729,2%@729,3%@729,5%@729,2%@1497,93%@1497] GR3D_FREQ 0% cpu@55.875C soc2@54.218C soc0@54.656C gpu@54.968C tj@55.875C soc1@55.437C VDD_IN 5842mW/5924mW VDD_CPU_GPU_CV 1230mW/1302mW VDD_SOC 1547mW/1577mW
09-12-2026 20:08:04 RAM 4712/7620MB (lfb 7x2MB) SWAP 942/12002MB (cached 12MB) CPU [11%@1728,43%@1728,45%@1728,42%@1728,48%@806,57%@806] GR3D_FREQ 1% cpu@55.906C soc2@54.25C soc0@54.718C gpu@55.093C tj@55.906C soc1@55.375C VDD_IN 5991mW/5929mW VDD_CPU_GPU_CV 1309mW/1303mW VDD_SOC 1626mW/1581mW
09-12-2026 20:08:05 RAM 4799/7620MB (lfb 244x1MB) SWAP 942/12002MB (cached 12MB) CPU [7%@729,23%@729,21%@729,18%@729,26%@1728,72%@1728] GR3D_FREQ 0% cpu@56.031C soc2@54.187C soc0@54.593C gpu@54.937C tj@56.031C soc1@55.343C VDD_IN 5872mW/5925mW VDD_CPU_GPU_CV 1230mW/1298mW VDD_SOC 1587mW/1581mW
09-12-2026 20:08:05 RAM 4912/7620MB (lfb 244x1MB) SWAP 942/12002MB (cached 12MB) CPU [24%@883,4%@883,16%@883,18%@883,14%@729,80%@729] GR3D_FREQ 37% cpu@56.031C soc2@54.281C soc0@54.625C gpu@54.968C tj@56.031C soc1@55.406C VDD_IN 5952mW/5927mW VDD_CPU_GPU_CV 1309mW/1298mW VDD_SOC 1587mW/1582mW
09-12-2026 20:08:06 RAM 5174/7620MB (lfb 244x1MB) SWAP 942/12002MB (cached 12MB) CPU [46%@729,38%@729,0%@729,38%@729,48%@806,66%@806] GR3D_FREQ 44% cpu@55.718C soc2@54.187C soc0@54.562C gpu@55.093C tj@55.843C soc1@55.531C VDD_IN 5991mW/5931mW VDD_CPU_GPU_CV 1309mW/1299mW VDD_SOC 1626mW/1584mW
09-12-2026 20:08:06 RAM 5192/7620MB (lfb 244x1MB) SWAP 942/12002MB (cached 12MB) CPU [19%@729,12%@729,0%@729,10%@729,78%@1728,14%@1728] GR3D_FREQ 0% cpu@55.937C soc2@54.343C soc0@54.562C gpu@55C tj@56C soc1@55.468C VDD_IN 5872mW/5927mW VDD_CPU_GPU_CV 1230mW/1295mW VDD_SOC 1587mW/1584mW
09-12-2026 20:08:07 RAM 5316/7620MB (lfb 244x1MB) SWAP 942/12002MB (cached 12MB) CPU [30%@1728,20%@1728,2%@1728,17%@1728,58%@729,22%@729] GR3D_FREQ 9% cpu@55.875C soc2@54.281C soc0@54.531C gpu@55.062C tj@55.875C soc1@55.343C VDD_IN 5802mW/5921mW VDD_CPU_GPU_CV 1230mW/1291mW VDD_SOC 1587mW/1585mW
09-12-2026 20:08:07 RAM 5641/7620MB (lfb 244x1MB) SWAP 942/12002MB (cached 12MB) CPU [41%@1728,45%@1728,52%@1728,39%@1728,39%@1190,61%@1190] GR3D_FREQ 15% cpu@56.437C soc2@54.343C soc0@54.562C gpu@55.062C tj@56.343C soc1@55.343C VDD_IN 6348mW/5943mW VDD_CPU_GPU_CV 1624mW/1309mW VDD_SOC 1626mW/1587mW
09-12-2026 20:08:08 RAM 5717/7620MB (lfb 244x1MB) SWAP 941/12002MB (cached 12MB) CPU [22%@1728,15%@1728,15%@1728,84%@1728,32%@1036,54%@1036] GR3D_FREQ 0% cpu@56.281C soc2@54.281C soc0@54.656C gpu@54.937C tj@56.281C soc1@55.343C VDD_IN 6467mW/5969mW VDD_CPU_GPU_CV 1743mW/1331mW VDD_SOC 1587mW/1587mW
09-12-2026 20:08:08 RAM 6019/7620MB (lfb 189x1MB) SWAP 941/12002MB (cached 12MB) CPU [36%@1728,38%@1728,22%@1728,44%@1728,20%@729,18%@729] GR3D_FREQ 10% cpu@56.312C soc2@54.437C soc0@54.656C gpu@55.093C tj@56.312C soc1@55.406C VDD_IN 6467mW/5993mW VDD_CPU_GPU_CV 1703mW/1348mW VDD_SOC 1626mW/1589mW
09-12-2026 20:08:09 RAM 6063/7620MB (lfb 149x1MB) SWAP 941/12002MB (cached 12MB) CPU [3%@1728,96%@1728,4%@1728,4%@1728,3%@729,9%@729] GR3D_FREQ 0% cpu@55.937C soc2@54.25C soc0@54.468C gpu@55.031C tj@55.937C soc1@55.531C VDD_IN 5991mW/5993mW VDD_CPU_GPU_CV 1349mW/1348mW VDD_SOC 1587mW/1589mW
09-12-2026 20:08:09 RAM 6094/7620MB (lfb 123x1MB) SWAP 941/12002MB (cached 12MB) CPU [0%@1728,86%@1728,0%@1728,0%@1728,6%@729,0%@729] GR3D_FREQ 40% cpu@55.812C soc2@54.375C soc0@54.531C gpu@54.968C tj@55.812C soc1@55.5C VDD_IN 5802mW/5985mW VDD_CPU_GPU_CV 1388mW/1350mW VDD_SOC 1507mW/1585mW
09-12-2026 20:08:10 RAM 6094/7620MB (lfb 123x1MB) SWAP 941/12002MB (cached 12MB) CPU [1%@1728,95%@1728,1%@1728,0%@1728,0%@729,0%@729] GR3D_FREQ 0% cpu@56.125C soc2@54.406C soc0@54.625C gpu@54.968C tj@56.125C soc1@55.343C VDD_IN 5802mW/5977mW VDD_CPU_GPU_CV 1269mW/1347mW VDD_SOC 1507mW/1582mW
09-12-2026 20:08:10 RAM 6132/7620MB (lfb 119x1MB) SWAP 941/12002MB (cached 12MB) CPU [4%@1728,82%@1728,0%@1728,0%@1728,0%@729,11%@729] GR3D_FREQ 2% cpu@56.093C soc2@54.281C soc0@54.656C gpu@54.937C tj@56.093C soc1@55.406C VDD_IN 5683mW/5965mW VDD_CPU_GPU_CV 1269mW/1344mW VDD_SOC 1507mW/1579mW
09-12-2026 20:08:11 RAM 6258/7620MB (lfb 23x1MB) SWAP 941/12002MB (cached 12MB) CPU [4%@1728,70%@1728,1%@1728,1%@1728,0%@729,13%@729] GR3D_FREQ 33% cpu@55.937C soc2@54.437C soc0@54.625C gpu@55.218C tj@55.937C soc1@55.468C VDD_IN 7328mW/6018mW VDD_CPU_GPU_CV 2254mW/1379mW VDD_SOC 1743mW/1585mW
09-12-2026 20:08:11 RAM 6293/7620MB (lfb 19x128kB) SWAP 941/12002MB (cached 12MB) CPU [0%@1728,88%@1728,0%@1728,0%@1728,2%@729,16%@729] GR3D_FREQ 45% cpu@56.281C soc2@54.812C soc0@54.718C gpu@55.75C tj@56.281C soc1@55.531C VDD_IN 9674mW/6153mW VDD_CPU_GPU_CV 3975mW/1475mW VDD_SOC 1974mW/1600mW
09-12-2026 20:08:12 RAM 6295/7620MB (lfb 4x512kB) SWAP 941/12002MB (cached 12MB) CPU [0%@1728,100%@1728,1%@1728,0%@1728,3%@729,0%@729] GR3D_FREQ 53% cpu@56.562C soc2@54.843C soc0@54.687C gpu@56C tj@56.312C soc1@55.531C VDD_IN 8859mW/6250mW VDD_CPU_GPU_CV 3548mW/1549mW VDD_SOC 1855mW/1609mW
09-12-2026 20:08:12 RAM 6291/7620MB (lfb 2x1MB) SWAP 941/12002MB (cached 12MB) CPU [1%@1728,98%@1728,0%@1728,0%@1728,18%@729,0%@729] GR3D_FREQ 55% cpu@56.312C soc2@54.843C soc0@54.843C gpu@55.843C tj@56.312C soc1@55.562C VDD_IN 8661mW/6333mW VDD_CPU_GPU_CV 3429mW/1614mW VDD_SOC 1819mW/1616mW
09-12-2026 20:08:13 RAM 6291/7620MB (lfb 2x1MB) SWAP 941/12002MB (cached 12MB) CPU [0%@1728,80%@1728,1%@1728,0%@1728,1%@729,0%@729] GR3D_FREQ 99% cpu@56.812C soc2@55.093C soc0@54.843C gpu@57.562C tj@57.562C soc1@55.531C VDD_IN 12122mW/6526mW VDD_CPU_GPU_CV 5679mW/1749mW VDD_SOC 2318mW/1639mW
09-12-2026 20:08:13 RAM 6291/7620MB (lfb 2x1MB) SWAP 941/12002MB (cached 12MB) CPU [0%@1728,90%@1728,0%@1728,1%@1728,0%@729,0%@729] GR3D_FREQ 41% cpu@56.718C soc2@55.031C soc0@54.968C gpu@56.281C tj@56.781C soc1@55.593C VDD_IN 10187mW/6644mW VDD_CPU_GPU_CV 4487mW/1837mW VDD_SOC 1971mW/1650mW
09-12-2026 20:08:14 RAM 6291/7620MB (lfb 2x1MB) SWAP 941/12002MB (cached 12MB) CPU [0%@1728,97%@1728,0%@1728,0%@1728,0%@729,0%@729] GR3D_FREQ 56% cpu@56.687C soc2@55C soc0@54.968C gpu@56.062C tj@56.687C soc1@55.843C VDD_IN 9096mW/6721mW VDD_CPU_GPU_CV 3745mW/1897mW VDD_SOC 1855mW/1656mW
09-12-2026 20:08:15 RAM 6291/7620MB (lfb 2x1MB) SWAP 941/12002MB (cached 12MB) CPU [0%@1728,98%@1728,0%@1728,0%@1728,0%@729,0%@729] GR3D_FREQ 0% cpu@56.5C soc2@55C soc0@54.906C gpu@56.062C tj@56.5C soc1@55.718C VDD_IN 8464mW/6773mW VDD_CPU_GPU_CV 3316mW/1940mW VDD_SOC 1779mW/1660mW
09-12-2026 20:08:15 RAM 6291/7620MB (lfb 2x1MB) SWAP 941/12002MB (cached 12MB) CPU [3%@1728,76%@1728,0%@1728,1%@1728,0%@729,0%@729] GR3D_FREQ 32% cpu@57C soc2@55.218C soc0@55.312C gpu@56.562C tj@57C soc1@55.812C VDD_IN 11571mW/6914mW VDD_CPU_GPU_CV 5414mW/2042mW VDD_SOC 2164mW/1675mW
09-12-2026 20:08:16 RAM 6291/7620MB (lfb 2x1MB) SWAP 941/12002MB (cached 12MB) CPU [0%@1728,98%@1728,0%@1728,0%@1728,1%@729,0%@729] GR3D_FREQ 47% cpu@57.031C soc2@55.281C soc0@55.187C gpu@56.656C tj@57.031C soc1@55.75C VDD_IN 9516mW/6989mW VDD_CPU_GPU_CV 4093mW/2101mW VDD_SOC 1895mW/1681mW
09-12-2026 20:08:16 RAM 6291/7620MB (lfb 2x1MB) SWAP 941/12002MB (cached 12MB) CPU [0%@806,87%@806,0%@1728,1%@1728,1%@729,0%@729] GR3D_FREQ 99% cpu@56.656C soc2@55.218C soc0@55.156C gpu@57.093C tj@57.093C soc1@55.75C VDD_IN 9911mW/7070mW VDD_CPU_GPU_CV 4211mW/2159mW VDD_SOC 1971mW/1689mW
09-12-2026 20:08:17 RAM 6291/7620MB (lfb 2x1MB) SWAP 941/12002MB (cached 12MB) CPU [0%@1728,84%@1728,0%@1728,0%@1728,0%@729,0%@729] GR3D_FREQ 36% cpu@56.937C soc2@55.343C soc0@55.25C gpu@57C tj@57C soc1@55.968C VDD_IN 11235mW/7183mW VDD_CPU_GPU_CV 5108mW/2239mW VDD_SOC 2204mW/1703mW
09-12-2026 20:08:17 RAM 6291/7620MB (lfb 2x1MB) SWAP 941/12002MB (cached 12MB) CPU [0%@1728,100%@1728,0%@1728,0%@1728,0%@729,0%@729] GR3D_FREQ 43% cpu@56.875C soc2@55.437C soc0@55.218C gpu@56.531C tj@56.875C soc1@55.968C VDD_IN 9398mW/7241mW VDD_CPU_GPU_CV 3981mW/2285mW VDD_SOC 1895mW/1708mW
09-12-2026 20:08:18 RAM 6291/7620MB (lfb 2x1MB) SWAP 941/12002MB (cached 12MB) CPU [0%@1728,82%@1728,0%@1728,1%@1728,0%@729,2%@729] GR3D_FREQ 99% cpu@57.281C soc2@55.437C soc0@55.375C gpu@57.718C tj@58C soc1@55.906C VDD_IN 11235mW/7343mW VDD_CPU_GPU_CV 5100mW/2357mW VDD_SOC 2164mW/1720mW
09-12-2026 20:08:18 RAM 6291/7620MB (lfb 2x1MB) SWAP 941/12002MB (cached 12MB) CPU [0%@1728,90%@1728,0%@1728,0%@1728,0%@729,0%@729] GR3D_FREQ 39% cpu@57.156C soc2@55.562C soc0@55.437C gpu@56.937C tj@57.156C soc1@56.031C VDD_IN 10762mW/7429mW VDD_CPU_GPU_CV 4833mW/2419mW VDD_SOC 2128mW/1730mW
09-12-2026 20:08:19 RAM 6291/7620MB (lfb 2x1MB) SWAP 941/12002MB (cached 12MB) CPU [1%@1728,100%@1728,0%@1728,0%@1728,0%@729,0%@729] GR3D_FREQ 46% cpu@57.156C soc2@55.468C soc0@55.437C gpu@56.625C tj@57.156C soc1@56.125C VDD_IN 9240mW/7473mW VDD_CPU_GPU_CV 3863mW/2454mW VDD_SOC 1895mW/1734mW
09-12-2026 20:08:19 RAM 6291/7620MB (lfb 2x1MB) SWAP 941/12002MB (cached 12MB) CPU [1%@1728,80%@1728,1%@1728,0%@1728,0%@729,0%@729] GR3D_FREQ 99% cpu@57.187C soc2@55.656C soc0@55.375C gpu@58C tj@58C soc1@56.125C VDD_IN 12731mW/7598mW VDD_CPU_GPU_CV 6110mW/2541mW VDD_SOC 2357mW/1749mW
09-12-2026 20:08:20 RAM 6291/7620MB (lfb 2x1MB) SWAP 941/12002MB (cached 12MB) CPU [0%@1728,92%@1728,0%@1728,1%@1728,0%@729,0%@729] GR3D_FREQ 41% cpu@57.031C soc2@55.656C soc0@55.406C gpu@56.875C tj@57.031C soc1@56.125C VDD_IN 10250mW/7660mW VDD_CPU_GPU_CV 4558mW/2588mW VDD_SOC 1971mW/1754mW
09-12-2026 20:08:20 RAM 6291/7620MB (lfb 2x1MB) SWAP 941/12002MB (cached 12MB) CPU [0%@1728,100%@1728,0%@1728,0%@1728,0%@729,0%@729] GR3D_FREQ 51% cpu@57.093C soc2@55.625C soc0@55.437C gpu@56.656C tj@57.093C soc1@56.093C VDD_IN 9096mW/7692mW VDD_CPU_GPU_CV 3745mW/2614mW VDD_SOC 1855mW/1756mW
09-12-2026 20:08:21 RAM 6291/7620MB (lfb 2x1MB) SWAP 941/12002MB (cached 12MB) CPU [1%@1728,76%@1728,0%@1728,1%@1728,1%@729,0%@729] GR3D_FREQ 30% cpu@57.531C soc2@55.906C soc0@55.656C gpu@57.812C tj@57.812C soc1@56.187C VDD_IN 13085mW/7812mW VDD_CPU_GPU_CV 6178mW/2694mW VDD_SOC 2632mW/1776mW
09-12-2026 20:08:21 RAM 6291/7620MB (lfb 2x1MB) SWAP 941/12002MB (cached 12MB) CPU [0%@1728,98%@1728,1%@1728,0%@1728,0%@729,0%@729] GR3D_FREQ 41% cpu@57.25C soc2@55.781C soc0@55.656C gpu@57.031C tj@57.25C soc1@56.375C VDD_IN 10108mW/7862mW VDD_CPU_GPU_CV 4368mW/2730mW VDD_SOC 2050mW/1782mW
09-12-2026 20:08:22 RAM 6291/7620MB (lfb 2x1MB) SWAP 941/12002MB (cached 12MB) CPU [1%@1728,100%@1728,0%@1728,1%@1728,0%@729,0%@729] GR3D_FREQ 57% cpu@57.218C soc2@55.812C soc0@55.562C gpu@57C tj@57.25C soc1@56.375C VDD_IN 9057mW/7888mW VDD_CPU_GPU_CV 3666mW/2750mW VDD_SOC 1855mW/1783mW
09-12-2026 20:08:22 RAM 6291/7620MB (lfb 2x1MB) SWAP 941/12002MB (cached 12MB) CPU [1%@1728,82%@1728,0%@1728,1%@1728,0%@729,0%@729] GR3D_FREQ 99% cpu@57.468C soc2@55.937C soc0@55.593C gpu@58.343C tj@58.343C soc1@56.343C VDD_IN 11886mW/7971mW VDD_CPU_GPU_CV 5531mW/2808mW VDD_SOC 2282mW/1794mW
09-12-2026 20:08:23 RAM 6291/7620MB (lfb 2x1MB) SWAP 941/12002MB (cached 12MB) CPU [0%@1728,90%@1728,0%@1728,0%@1728,0%@729,0%@729] GR3D_FREQ 40% cpu@57.562C soc2@55.937C soc0@55.812C gpu@57.031C tj@57.562C soc1@56.375C VDD_IN 10447mW/8021mW VDD_CPU_GPU_CV 4636mW/2845mW VDD_SOC 2089mW/1800mW
09-12-2026 20:08:23 RAM 6291/7620MB (lfb 2x1MB) SWAP 941/12002MB (cached 12MB) CPU [0%@1728,98%@1728,0%@1728,0%@1728,0%@729,0%@729] GR3D_FREQ 52% cpu@57.343C soc2@55.812C soc0@55.781C gpu@57.031C tj@57.687C soc1@56.312C VDD_IN 9161mW/8044mW VDD_CPU_GPU_CV 3784mW/2864mW VDD_SOC 1855mW/1801mW
09-12-2026 20:08:24 RAM 6292/7620MB (lfb 2x1MB) SWAP 941/12002MB (cached 12MB) CPU [0%@883,90%@883,3%@883,1%@883,0%@729,0%@729] GR3D_FREQ 99% cpu@57.281C soc2@55.843C soc0@55.812C gpu@57.656C tj@57.656C soc1@56.437C VDD_IN 9714mW/8077mW VDD_CPU_GPU_CV 4093mW/2888mW VDD_SOC 1971mW/1804mW
09-12-2026 20:08:24 RAM 6292/7620MB (lfb 2x1MB) SWAP 941/12002MB (cached 12MB) CPU [0%@1728,84%@1728,0%@1728,0%@1728,0%@729,0%@729] GR3D_FREQ 36% cpu@57.468C soc2@56.093C soc0@55.812C gpu@57.312C tj@57.468C soc1@56.562C VDD_IN 11178mW/8137mW VDD_CPU_GPU_CV 5100mW/2931mW VDD_SOC 2204mW/1812mW
09-12-2026 20:08:25 RAM 6292/7620MB (lfb 2x1MB) SWAP 941/12002MB (cached 12MB) CPU [1%@1728,98%@1728,0%@1728,0%@1728,0%@729,0%@729] GR3D_FREQ 46% cpu@57.718C soc2@56.125C soc0@55.781C gpu@57.031C tj@57.718C soc1@56.5C VDD_IN 9398mW/8160mW VDD_CPU_GPU_CV 3936mW/2950mW VDD_SOC 1895mW/1814mW
09-12-2026 20:08:25 RAM 6292/7620MB (lfb 2x1MB) SWAP 941/12002MB (cached 12MB) CPU [0%@1267,92%@1267,0%@1267,0%@1267,1%@729,0%@729] GR3D_FREQ 99% cpu@57.437C soc2@55.937C soc0@56C gpu@57.531C tj@57.531C soc1@56.5C VDD_IN 9477mW/8185mW VDD_CPU_GPU_CV 3936mW/2968mW VDD_SOC 1934mW/1816mW
09-12-2026 20:08:26 RAM 6292/7620MB (lfb 2x1MB) SWAP 941/12002MB (cached 12MB) CPU [1%@1728,80%@1728,1%@1728,0%@1728,0%@729,0%@729] GR3D_FREQ 35% cpu@57.75C soc2@56.125C soc0@56.031C gpu@57.75C tj@57.75C soc1@56.5C VDD_IN 11393mW/8243mW VDD_CPU_GPU_CV 5178mW/3008mW VDD_SOC 2243mW/1824mW
09-12-2026 20:08:26 RAM 6292/7620MB (lfb 2x1MB) SWAP 941/12002MB (cached 12MB) CPU [0%@1728,100%@1728,0%@1728,0%@1728,0%@729,0%@729] GR3D_FREQ 45% cpu@57.593C soc2@56.093C soc0@56.031C gpu@57.156C tj@57.593C soc1@56.593C VDD_IN 9477mW/8265mW VDD_CPU_GPU_CV 3975mW/3025mW VDD_SOC 1934mW/1825mW
09-12-2026 20:08:27 RAM 6292/7620MB (lfb 2x1MB) SWAP 941/12002MB (cached 12MB) CPU [0%@1728,96%@1728,0%@1728,0%@1728,0%@729,0%@729] GR3D_FREQ 99% cpu@57.531C soc2@56.062C soc0@55.906C gpu@57.812C tj@57.812C soc1@56.718C VDD_IN 9200mW/8282mW VDD_CPU_GPU_CV 3784mW/3039mW VDD_SOC 1895mW/1827mW
09-12-2026 20:08:27 RAM 6292/7620MB (lfb 2x1MB) SWAP 941/12002MB (cached 12MB) CPU [0%@1728,1%@1728,76%@1728,0%@1728,0%@729,0%@729] GR3D_FREQ 35% cpu@58.062C soc2@56.375C soc0@56.031C gpu@57.656C tj@58.062C soc1@56.625C VDD_IN 11493mW/8337mW VDD_CPU_GPU_CV 5257mW/3077mW VDD_SOC 2243mW/1834mW
09-12-2026 20:08:28 RAM 6292/7620MB (lfb 2x1MB) SWAP 941/12002MB (cached 12MB) CPU [0%@1728,0%@1728,100%@1728,1%@1728,0%@729,0%@729] GR3D_FREQ 43% cpu@58.312C soc2@56.281C soc0@56.25C gpu@57.562C tj@58.312C soc1@56.687C VDD_IN 9516mW/8357mW VDD_CPU_GPU_CV 4054mW/3093mW VDD_SOC 1934mW/1836mW
09-12-2026 20:08:28 RAM 6292/7620MB (lfb 2x1MB) SWAP 941/12002MB (cached 12MB) CPU [3%@1728,1%@1728,83%@1728,0%@1728,0%@729,0%@729] GR3D_FREQ 73% cpu@58.5C soc2@56.281C soc0@56.187C gpu@58.562C tj@58.562C soc1@56.718C VDD_IN 10959mW/8400mW VDD_CPU_GPU_CV 4951mW/3124mW VDD_SOC 2125mW/1840mW
09-12-2026 20:08:29 RAM 6292/7620MB (lfb 2x1MB) SWAP 941/12002MB (cached 12MB) CPU [1%@1728,0%@1728,90%@1728,0%@1728,0%@729,0%@729] GR3D_FREQ 36% cpu@58.375C soc2@56.437C soc0@56.187C gpu@57.656C tj@58.375C soc1@56.906C VDD_IN 11078mW/8444mW VDD_CPU_GPU_CV 4982mW/3155mW VDD_SOC 2243mW/1847mW
09-12-2026 20:08:29 RAM 6292/7620MB (lfb 2x1MB) SWAP 941/12002MB (cached 12MB) CPU [0%@1728,0%@1728,98%@1728,1%@1728,0%@729,0%@729] GR3D_FREQ 44% cpu@58.375C soc2@56.281C soc0@56.218C gpu@57.5C tj@58.375C soc1@56.937C VDD_IN 9398mW/8460mW VDD_CPU_GPU_CV 3936mW/3167mW VDD_SOC 1934mW/1848mW
09-12-2026 20:08:30 RAM 6292/7620MB (lfb 2x1MB) SWAP 941/12002MB (cached 12MB) CPU [0%@1728,0%@1728,84%@1728,1%@1728,0%@729,0%@729] GR3D_FREQ 99% cpu@58.5C soc2@56.625C soc0@56.187C gpu@58.937C tj@58.937C soc1@56.875C VDD_IN 12574mW/8525mW VDD_CPU_GPU_CV 5992mW/3212mW VDD_SOC 2357mW/1856mW
09-12-2026 20:08:30 RAM 6292/7620MB (lfb 2x1MB) SWAP 941/12002MB (cached 12MB) CPU [0%@1728,0%@1728,90%@1728,0%@1728,0%@729,0%@729] GR3D_FREQ 40% cpu@58.781C soc2@56.531C soc0@56.437C gpu@58.125C tj@58.781C soc1@56.781C VDD_IN 10526mW/8556mW VDD_CPU_GPU_CV 4676mW/3235mW VDD_SOC 2168mW/1861mW
09-12-2026 20:08:31 RAM 6292/7620MB (lfb 2x1MB) SWAP 941/12002MB (cached 12MB) CPU [0%@1728,0%@1728,98%@1728,0%@1728,0%@729,0%@729] GR3D_FREQ 54% cpu@58.5C soc2@56.406C soc0@56.437C gpu@57.718C tj@58.5C soc1@56.906C VDD_IN 9200mW/8566mW VDD_CPU_GPU_CV 3784mW/3244mW VDD_SOC 1895mW/1862mW
09-12-2026 20:08:31 RAM 6292/7620MB (lfb 2x1MB) SWAP 941/12002MB (cached 12MB) CPU [1%@1728,3%@1728,82%@1728,1%@1728,0%@729,0%@729] GR3D_FREQ 94% cpu@58.187C soc2@56.625C soc0@56.343C gpu@58.781C tj@58.781C soc1@57.031C VDD_IN 10250mW/8592mW VDD_CPU_GPU_CV 4401mW/3261mW VDD_SOC 2050mW/1865mW
09-12-2026 20:08:32 RAM 6292/7620MB (lfb 2x1MB) SWAP 941/12002MB (cached 12MB) CPU [0%@1728,1%@1728,92%@1728,0%@1728,0%@729,0%@729] GR3D_FREQ 35% cpu@58.656C soc2@56.75C soc0@56.406C gpu@58.031C tj@58.656C soc1@57.062C VDD_IN 10999mW/8627mW VDD_CPU_GPU_CV 4951mW/3286mW VDD_SOC 2164mW/1869mW
09-12-2026 20:08:32 RAM 6292/7620MB (lfb 2x1MB) SWAP 941/12002MB (cached 12MB) CPU [1%@1728,0%@1728,98%@1728,0%@1728,0%@729,0%@729] GR3D_FREQ 44% cpu@58.406C soc2@56.625C soc0@56.343C gpu@57.781C tj@58.406C soc1@57C VDD_IN 9358mW/8638mW VDD_CPU_GPU_CV 3936mW/3296mW VDD_SOC 1895mW/1870mW
09-12-2026 20:08:33 RAM 6292/7620MB (lfb 2x1MB) SWAP 941/12002MB (cached 12MB) CPU [0%@1728,0%@1728,98%@1728,0%@1728,0%@729,0%@729] GR3D_FREQ 0% cpu@58.437C soc2@56.562C soc0@56.5C gpu@57.531C tj@58.375C soc1@56.968C VDD_IN 8582mW/8637mW VDD_CPU_GPU_CV 3351mW/3297mW VDD_SOC 1819mW/1869mW
09-12-2026 20:08:33 RAM 6292/7620MB (lfb 2x1MB) SWAP 941/12002MB (cached 12MB) CPU [1%@1728,0%@1728,74%@1728,0%@1728,1%@729,0%@729] GR3D_FREQ 32% cpu@58.812C soc2@56.843C soc0@56.468C gpu@58.25C tj@58.812C soc1@57C VDD_IN 11768mW/8682mW VDD_CPU_GPU_CV 5453mW/3328mW VDD_SOC 2322mW/1875mW
09-12-2026 20:08:34 RAM 6292/7620MB (lfb 2x1MB) SWAP 941/12002MB (cached 12MB) CPU [0%@1728,0%@1728,100%@1728,0%@1728,0%@729,0%@729] GR3D_FREQ 47% cpu@58.687C soc2@56.656C soc0@56.562C gpu@57.812C tj@58.687C soc1@57.156C VDD_IN 9635mW/8696mW VDD_CPU_GPU_CV 4093mW/3338mW VDD_SOC 1934mW/1876mW
09-12-2026 20:08:34 RAM 6292/7620MB (lfb 2x1MB) SWAP 941/12002MB (cached 12MB) CPU [0%@1728,0%@1728,86%@1728,1%@1728,0%@729,0%@729] GR3D_FREQ 99% cpu@57.906C soc2@56.781C soc0@56.562C gpu@58.968C tj@58.968C soc1@57.25C VDD_IN 9950mW/8713mW VDD_CPU_GPU_CV 4211mW/3350mW VDD_SOC 2010mW/1878mW
09-12-2026 20:08:35 RAM 6294/7620MB (lfb 2x1MB) SWAP 941/12002MB (cached 12MB) CPU [0%@1728,2%@1728,86%@1728,1%@1728,0%@729,1%@729] GR3D_FREQ 36% cpu@58.875C soc2@56.906C soc0@56.625C gpu@58.125C tj@58.875C soc1@57.187C VDD_IN 11256mW/8748mW VDD_CPU_GPU_CV 5139mW/3375mW VDD_SOC 2282mW/1884mW
09-12-2026 20:08:35 RAM 6298/7620MB (lfb 2x1MB) SWAP 941/12002MB (cached 12MB) CPU [29%@1728,10%@1728,100%@1728,17%@1728,26%@729,24%@729] GR3D_FREQ 46% cpu@59.031C soc2@56.937C soc0@56.781C gpu@58.281C tj@59.031C soc1@57.218C VDD_IN 9714mW/8761mW VDD_CPU_GPU_CV 4211mW/3386mW VDD_SOC 1931mW/1884mW
