09-12-2026 22:44:48 RAM 3605/7620MB (lfb 4x4MB) SWAP 885/12002MB (cached 11MB) CPU [5%@729,16%@960,0%@960,18%@960,9%@1728,94%@1728] GR3D_FREQ 0% cpu@53.375C soc2@51.281C soc0@51.843C gpu@52.218C tj@53.375C soc1@52.468C VDD_IN 5842mW/5842mW VDD_CPU_GPU_CV 1587mW/1587mW VDD_SOC 1470mW/1470mW
09-12-2026 22:44:48 RAM 3745/7620MB (lfb 151x1MB) SWAP 885/12002MB (cached 11MB) CPU [18%@729,40%@729,5%@729,34%@729,26%@729,56%@729] GR3D_FREQ 35% cpu@53.125C soc2@51.281C soc0@51.843C gpu@52.437C tj@53.125C soc1@52.406C VDD_IN 6120mW/5981mW VDD_CPU_GPU_CV 1507mW/1547mW VDD_SOC 1629mW/1550mW
09-12-2026 22:44:49 RAM 3834/7620MB (lfb 151x1MB) SWAP 885/12002MB (cached 11MB) CPU [34%@1728,77%@1728,25%@1728,7%@1728,0%@729,27%@729] GR3D_FREQ 0% cpu@53.031C soc2@51.218C soc0@51.687C gpu@52.156C tj@53.031C soc1@52.375C VDD_IN 5882mW/5948mW VDD_CPU_GPU_CV 1230mW/1441mW VDD_SOC 1629mW/1576mW
09-12-2026 22:44:49 RAM 3879/7620MB (lfb 151x1MB) SWAP 885/12002MB (cached 11MB) CPU [6%@1728,81%@1728,6%@1728,9%@1728,0%@729,12%@729] GR3D_FREQ 34% cpu@53.031C soc2@51.281C soc0@51.781C gpu@52.312C tj@53.031C soc1@52.656C VDD_IN 5882mW/5932mW VDD_CPU_GPU_CV 1230mW/1389mW VDD_SOC 1629mW/1589mW
09-12-2026 22:44:50 RAM 4077/7620MB (lfb 151x1MB) SWAP 885/12002MB (cached 11MB) CPU [12%@729,61%@729,42%@729,41%@729,0%@729,46%@729] GR3D_FREQ 3% cpu@52.843C soc2@51.218C soc0@51.718C gpu@52.156C tj@52.843C soc1@52.625C VDD_IN 5921mW/5929mW VDD_CPU_GPU_CV 1230mW/1357mW VDD_SOC 1629mW/1597mW
09-12-2026 22:44:50 RAM 4076/7620MB (lfb 151x1MB) SWAP 885/12002MB (cached 11MB) CPU [10%@1728,90%@1728,11%@1728,1%@1728,0%@729,6%@729] GR3D_FREQ 0% cpu@53.218C soc2@51.406C soc0@51.656C gpu@52.218C tj@52.906C soc1@52.468C VDD_IN 5842mW/5915mW VDD_CPU_GPU_CV 1150mW/1322mW VDD_SOC 1629mW/1603mW
09-12-2026 22:44:51 RAM 4205/7620MB (lfb 120x1MB) SWAP 885/12002MB (cached 11MB) CPU [23%@806,51%@806,33%@806,23%@806,2%@729,37%@729] GR3D_FREQ 79% cpu@53C soc2@51.312C soc0@51.843C gpu@52.187C tj@53C soc1@52.531C VDD_IN 5882mW/5910mW VDD_CPU_GPU_CV 1190mW/1303mW VDD_SOC 1629mW/1606mW
09-12-2026 22:44:51 RAM 4231/7620MB (lfb 92x1MB) SWAP 885/12002MB (cached 11MB) CPU [10%@729,33%@729,63%@729,34%@729,36%@1420,33%@1420] GR3D_FREQ 0% cpu@52.968C soc2@51.25C soc0@51.875C gpu@52.187C tj@52.968C soc1@52.437C VDD_IN 5882mW/5907mW VDD_CPU_GPU_CV 1190mW/1289mW VDD_SOC 1629mW/1609mW
09-12-2026 22:44:52 RAM 4236/7620MB (lfb 92x1MB) SWAP 885/12002MB (cached 11MB) CPU [5%@1728,3%@1728,2%@1728,2%@1728,86%@1420,8%@1420] GR3D_FREQ 0% cpu@53.187C soc2@51.281C soc0@51.781C gpu@52.187C tj@53.187C soc1@52.343C VDD_IN 5842mW/5899mW VDD_CPU_GPU_CV 1190mW/1278mW VDD_SOC 1589mW/1607mW
09-12-2026 22:44:52 RAM 4395/7620MB (lfb 94x1MB) SWAP 885/12002MB (cached 11MB) CPU [48%@729,41%@729,35%@1728,42%@1728,2%@806,62%@806] GR3D_FREQ 39% cpu@52.906C soc2@51.312C soc0@51.781C gpu@52.187C tj@53.093C soc1@52.437C VDD_IN 5921mW/5902mW VDD_CPU_GPU_CV 1230mW/1273mW VDD_SOC 1629mW/1609mW
09-12-2026 22:44:53 RAM 4469/7620MB (lfb 94x1MB) SWAP 885/12002MB (cached 11MB) CPU [27%@729,23%@729,20%@729,16%@729,1%@1728,80%@1728] GR3D_FREQ 0% cpu@53.093C soc2@51.187C soc0@51.687C gpu@52C tj@53.093C soc1@52.437C VDD_IN 5842mW/5896mW VDD_CPU_GPU_CV 1150mW/1262mW VDD_SOC 1629mW/1611mW
09-12-2026 22:44:53 RAM 4539/7620MB (lfb 82x1MB) SWAP 885/12002MB (cached 11MB) CPU [19%@729,16%@729,8%@729,15%@729,6%@883,80%@883] GR3D_FREQ 12% cpu@52.937C soc2@51.156C soc0@51.718C gpu@52.281C tj@52.937C soc1@52.468C VDD_IN 5921mW/5898mW VDD_CPU_GPU_CV 1269mW/1263mW VDD_SOC 1629mW/1612mW
09-12-2026 22:44:54 RAM 4771/7620MB (lfb 31x1MB) SWAP 885/12002MB (cached 11MB) CPU [21%@806,37%@806,31%@1728,54%@1728,44%@1113,44%@1113] GR3D_FREQ 0% cpu@52.875C soc2@51.187C soc0@51.687C gpu@51.937C tj@52.875C soc1@52.562C VDD_IN 5961mW/5903mW VDD_CPU_GPU_CV 1230mW/1260mW VDD_SOC 1629mW/1614mW
09-12-2026 22:44:54 RAM 4816/7620MB (lfb 26x1MB) SWAP 885/12002MB (cached 11MB) CPU [12%@1728,12%@1728,4%@1728,81%@1728,13%@729,13%@729] GR3D_FREQ 0% cpu@53.093C soc2@51.187C soc0@51.656C gpu@52.218C tj@53.093C soc1@52.5C VDD_IN 5882mW/5902mW VDD_CPU_GPU_CV 1190mW/1255mW VDD_SOC 1629mW/1615mW
09-12-2026 22:44:55 RAM 4988/7620MB (lfb 77x512kB) SWAP 885/12002MB (cached 11MB) CPU [19%@729,21%@729,2%@729,73%@729,31%@729,33%@729] GR3D_FREQ 80% cpu@52.906C soc2@51.281C soc0@51.718C gpu@51.968C tj@52.906C soc1@52.5C VDD_IN 6001mW/5908mW VDD_CPU_GPU_CV 1269mW/1256mW VDD_SOC 1629mW/1616mW
09-12-2026 22:44:55 RAM 5191/7620MB (lfb 5x512kB) SWAP 885/12002MB (cached 11MB) CPU [34%@729,30%@729,36%@729,44%@729,32%@729,44%@729] GR3D_FREQ 34% cpu@53.062C soc2@51.25C soc0@51.781C gpu@52.25C tj@53.062C soc1@52.437C VDD_IN 6041mW/5917mW VDD_CPU_GPU_CV 1309mW/1259mW VDD_SOC 1669mW/1619mW
09-12-2026 22:44:56 RAM 5213/7620MB (lfb 4x512kB) SWAP 885/12002MB (cached 11MB) CPU [5%@1728,95%@1728,4%@1728,4%@1728,0%@729,7%@729] GR3D_FREQ 0% cpu@53C soc2@51.25C soc0@51.75C gpu@52.125C tj@53C soc1@52.406C VDD_IN 5882mW/5914mW VDD_CPU_GPU_CV 1190mW/1255mW VDD_SOC 1589mW/1617mW
09-12-2026 22:44:56 RAM 5325/7620MB (lfb 1x1MB) SWAP 887/12002MB (cached 11MB) CPU [26%@1728,54%@1728,27%@1728,18%@1728,16%@729,25%@729] GR3D_FREQ 21% cpu@53.25C soc2@51.218C soc0@51.75C gpu@52.187C tj@53.25C soc1@52.625C VDD_IN 5882mW/5913mW VDD_CPU_GPU_CV 1230mW/1254mW VDD_SOC 1629mW/1618mW
09-12-2026 22:44:57 RAM 5586/7620MB (lfb 32x128kB) SWAP 905/12002MB (cached 11MB) CPU [29%@1728,31%@1728,67%@1728,20%@1728,38%@960,38%@960] GR3D_FREQ 14% cpu@52.937C soc2@51.218C soc0@51.625C gpu@52.375C tj@52.968C soc1@52.562C VDD_IN 5961mW/5915mW VDD_CPU_GPU_CV 1269mW/1255mW VDD_SOC 1629mW/1619mW
09-12-2026 22:44:57 RAM 5626/7620MB (lfb 1x512kB) SWAP 905/12002MB (cached 11MB) CPU [8%@729,8%@729,4%@729,0%@729,13%@1728,94%@1728] GR3D_FREQ 0% cpu@52.875C soc2@51.312C soc0@51.718C gpu@52.187C tj@52.875C soc1@52.562C VDD_IN 5842mW/5912mW VDD_CPU_GPU_CV 1230mW/1254mW VDD_SOC 1589mW/1617mW
09-12-2026 22:44:58 RAM 5852/7620MB (lfb 14x256kB) SWAP 906/12002MB (cached 11MB) CPU [52%@1344,30%@1344,27%@1344,11%@1344,34%@729,62%@729] GR3D_FREQ 9% cpu@53.343C soc2@51.375C soc0@51.718C gpu@52.406C tj@53.343C soc1@52.562C VDD_IN 6239mW/5927mW VDD_CPU_GPU_CV 1507mW/1266mW VDD_SOC 1629mW/1618mW
09-12-2026 22:44:58 RAM 5973/7620MB (lfb 35x128kB) SWAP 906/12002MB (cached 11MB) CPU [7%@1728,86%@1728,13%@1728,15%@1728,13%@729,13%@729] GR3D_FREQ 0% cpu@53.093C soc2@51.343C soc0@51.75C gpu@52.156C tj@52.968C soc1@52.343C VDD_IN 5961mW/5929mW VDD_CPU_GPU_CV 1309mW/1268mW VDD_SOC 1629mW/1618mW
09-12-2026 22:44:59 RAM 6006/7620MB (lfb 15x512kB) SWAP 906/12002MB (cached 11MB) CPU [0%@1728,98%@1728,0%@1728,0%@1728,0%@729,18%@729] GR3D_FREQ 5% cpu@53.187C soc2@51.281C soc0@51.781C gpu@52.062C tj@53.187C soc1@52.531C VDD_IN 5921mW/5928mW VDD_CPU_GPU_CV 1428mW/1275mW VDD_SOC 1550mW/1615mW
09-12-2026 22:44:59 RAM 6009/7620MB (lfb 2x1MB) SWAP 906/12002MB (cached 11MB) CPU [3%@1728,88%@1728,0%@1728,0%@1728,0%@729,5%@729] GR3D_FREQ 0% cpu@53.125C soc2@51.343C soc0@51.781C gpu@52.156C tj@53.125C soc1@52.625C VDD_IN 5762mW/5921mW VDD_CPU_GPU_CV 1428mW/1281mW VDD_SOC 1510mW/1611mW
09-12-2026 22:45:00 RAM 6019/7620MB (lfb 2x1MB) SWAP 906/12002MB (cached 11MB) CPU [8%@1651,73%@1651,12%@1651,9%@1651,4%@729,0%@729] GR3D_FREQ 0% cpu@52.906C soc2@51.406C soc0@51.625C gpu@52.093C tj@53C soc1@52.625C VDD_IN 5683mW/5912mW VDD_CPU_GPU_CV 1388mW/1285mW VDD_SOC 1510mW/1607mW
09-12-2026 22:45:00 RAM 6021/7620MB (lfb 2x1MB) SWAP 906/12002MB (cached 11MB) CPU [14%@1420,42%@1420,20%@1420,15%@1420,5%@729,3%@729] GR3D_FREQ 0% cpu@52.906C soc2@51.281C soc0@51.656C gpu@52.031C tj@52.906C soc1@52.5C VDD_IN 5325mW/5889mW VDD_CPU_GPU_CV 1073mW/1277mW VDD_SOC 1470mW/1602mW
09-12-2026 22:45:01 RAM 6029/7620MB (lfb 2x1MB) SWAP 906/12002MB (cached 11MB) CPU [16%@1728,36%@1728,45%@1728,4%@1728,5%@729,1%@729] GR3D_FREQ 0% cpu@53.281C soc2@51.281C soc0@51.625C gpu@52.031C tj@53.281C soc1@52.5C VDD_IN 5524mW/5876mW VDD_CPU_GPU_CV 1230mW/1275mW VDD_SOC 1510mW/1598mW
09-12-2026 22:45:01 RAM 6165/7620MB (lfb 4x512kB) SWAP 907/12002MB (cached 11MB) CPU [21%@1728,10%@1728,1%@1728,60%@1728,35%@729,0%@729] GR3D_FREQ 46% cpu@53.218C soc2@51.281C soc0@51.718C gpu@52.062C tj@53.218C soc1@52.437C VDD_IN 5723mW/5870mW VDD_CPU_GPU_CV 1269mW/1275mW VDD_SOC 1550mW/1596mW
09-12-2026 22:45:02 RAM 6232/7620MB (lfb 3x512kB) SWAP 907/12002MB (cached 11MB) CPU [69%@1728,17%@1728,0%@1728,6%@1728,24%@729,1%@729] GR3D_FREQ 0% cpu@53.343C soc2@51.406C soc0@51.687C gpu@52C tj@53.343C soc1@52.437C VDD_IN 5921mW/5872mW VDD_CPU_GPU_CV 1428mW/1280mW VDD_SOC 1550mW/1595mW
09-12-2026 22:45:02 RAM 6400/7620MB (lfb 21x256kB) SWAP 908/12002MB (cached 11MB) CPU [70%@1574,14%@1574,0%@1574,0%@1574,32%@883,0%@883] GR3D_FREQ 20% cpu@53.312C soc2@51.406C soc0@51.812C gpu@52.593C tj@53.312C soc1@52.656C VDD_IN 8121mW/5947mW VDD_CPU_GPU_CV 2847mW/1333mW VDD_SOC 1861mW/1604mW
09-12-2026 22:45:03 RAM 6488/7620MB (lfb 11x256kB) SWAP 909/12002MB (cached 11MB) CPU [3%@1728,96%@1728,0%@1728,0%@1728,34%@729,0%@729] GR3D_FREQ 43% cpu@53.562C soc2@51.656C soc0@51.812C gpu@52.937C tj@53.562C soc1@52.625C VDD_IN 9967mW/6077mW VDD_CPU_GPU_CV 4060mW/1421mW VDD_SOC 2053mW/1618mW
09-12-2026 22:45:03 RAM 6492/7620MB (lfb 1x2MB) SWAP 909/12002MB (cached 11MB) CPU [2%@1728,98%@1728,1%@1728,0%@1728,0%@960,13%@960] GR3D_FREQ 49% cpu@53.843C soc2@51.75C soc0@51.843C gpu@52.843C tj@53.843C soc1@52.687C VDD_IN 8899mW/6165mW VDD_CPU_GPU_CV 3474mW/1485mW VDD_SOC 1898mW/1627mW
09-12-2026 22:45:04 RAM 6494/7620MB (lfb 1x2MB) SWAP 909/12002MB (cached 11MB) CPU [3%@1728,98%@1728,3%@1728,0%@1728,1%@729,26%@729] GR3D_FREQ 62% cpu@53.5C soc2@51.843C soc0@52C gpu@53.062C tj@53.5C soc1@52.625C VDD_IN 8596mW/6239mW VDD_CPU_GPU_CV 3277mW/1539mW VDD_SOC 1858mW/1634mW
09-12-2026 22:45:04 RAM 6496/7620MB (lfb 1x2MB) SWAP 909/12002MB (cached 11MB) CPU [2%@1728,82%@1728,0%@1728,0%@1728,0%@729,1%@729] GR3D_FREQ 30% cpu@53.968C soc2@52.062C soc0@52.093C gpu@53.562C tj@53.968C soc1@52.625C VDD_IN 12240mW/6415mW VDD_CPU_GPU_CV 5610mW/1659mW VDD_SOC 2361mW/1655mW
09-12-2026 22:45:05 RAM 6496/7620MB (lfb 1x2MB) SWAP 909/12002MB (cached 11MB) CPU [3%@1728,100%@1728,0%@1728,0%@1728,0%@729,0%@729] GR3D_FREQ 44% cpu@53.812C soc2@51.906C soc0@52.156C gpu@53.437C tj@53.812C soc1@52.843C VDD_IN 9650mW/6508mW VDD_CPU_GPU_CV 4100mW/1729mW VDD_SOC 1974mW/1664mW
09-12-2026 22:45:05 RAM 6496/7620MB (lfb 1x2MB) SWAP 909/12002MB (cached 11MB) CPU [2%@1728,98%@1728,0%@1728,0%@1728,0%@729,0%@729] GR3D_FREQ 48% cpu@53.625C soc2@52.031C soc0@52.093C gpu@53.187C tj@53.687C soc1@52.843C VDD_IN 8740mW/6570mW VDD_CPU_GPU_CV 3435mW/1776mW VDD_SOC 1858mW/1670mW
09-12-2026 22:45:06 RAM 6496/7620MB (lfb 1x2MB) SWAP 909/12002MB (cached 11MB) CPU [1%@1728,34%@1728,54%@1728,0%@1728,0%@729,0%@729] GR3D_FREQ 99% cpu@54.375C soc2@52.218C soc0@52.156C gpu@54.375C tj@54.375C soc1@52.781C VDD_IN 11866mW/6713mW VDD_CPU_GPU_CV 5344mW/1872mW VDD_SOC 2361mW/1688mW
09-12-2026 22:45:06 RAM 6496/7620MB (lfb 1x2MB) SWAP 909/12002MB (cached 11MB) CPU [0%@1728,1%@1728,92%@1728,0%@1728,0%@729,0%@729] GR3D_FREQ 39% cpu@54.5C soc2@52.187C soc0@52.375C gpu@53.562C tj@54.5C soc1@52.843C VDD_IN 10069mW/6801mW VDD_CPU_GPU_CV 4336mW/1937mW VDD_SOC 2013mW/1697mW
09-12-2026 22:45:07 RAM 6496/7620MB (lfb 1x2MB) SWAP 909/12002MB (cached 11MB) CPU [1%@1728,0%@1728,100%@1728,0%@1728,0%@729,0%@729] GR3D_FREQ 50% cpu@54.343C soc2@52.093C soc0@52.281C gpu@53.281C tj@54.343C soc1@52.781C VDD_IN 8859mW/6854mW VDD_CPU_GPU_CV 3553mW/1979mW VDD_SOC 1858mW/1701mW
09-12-2026 22:45:07 RAM 6496/7620MB (lfb 1x2MB) SWAP 909/12002MB (cached 11MB) CPU [0%@1728,0%@1728,98%@1728,0%@1728,0%@729,0%@729] GR3D_FREQ 50% cpu@54.375C soc2@51.937C soc0@52.187C gpu@53.187C tj@54.375C soc1@53C VDD_IN 8438mW/6893mW VDD_CPU_GPU_CV 3277mW/2011mW VDD_SOC 1819mW/1704mW
09-12-2026 22:45:08 RAM 6496/7620MB (lfb 1x2MB) SWAP 909/12002MB (cached 11MB) CPU [0%@1728,1%@1728,88%@1728,0%@1728,0%@729,0%@729] GR3D_FREQ 99% cpu@54.468C soc2@52.343C soc0@52.218C gpu@54.656C tj@54.656C soc1@52.906C VDD_IN 11314mW/7001mW VDD_CPU_GPU_CV 5029mW/2085mW VDD_SOC 2286mW/1718mW
09-12-2026 22:45:08 RAM 6496/7620MB (lfb 1x2MB) SWAP 908/12002MB (cached 11MB) CPU [11%@1728,3%@1728,92%@1728,5%@1728,0%@729,0%@729] GR3D_FREQ 38% cpu@54.781C soc2@52.281C soc0@52.468C gpu@53.5C tj@54.781C soc1@52.937C VDD_IN 10187mW/7077mW VDD_CPU_GPU_CV 4408mW/2140mW VDD_SOC 2053mW/1726mW
09-12-2026 22:45:09 RAM 6496/7620MB (lfb 1x2MB) SWAP 908/12002MB (cached 11MB) CPU [0%@1728,0%@1728,98%@1728,0%@1728,1%@729,0%@729] GR3D_FREQ 48% cpu@54.437C soc2@52.218C soc0@52.437C gpu@53.593C tj@54.468C soc1@52.937C VDD_IN 8899mW/7119mW VDD_CPU_GPU_CV 3593mW/2174mW VDD_SOC 1858mW/1729mW
09-12-2026 22:45:09 RAM 6496/7620MB (lfb 1x2MB) SWAP 908/12002MB (cached 11MB) CPU [0%@1728,0%@1728,100%@1728,0%@1728,1%@729,0%@729] GR3D_FREQ 53% cpu@54.625C soc2@52.218C soc0@52.343C gpu@53.562C tj@54.625C soc1@52.906C VDD_IN 8477mW/7150mW VDD_CPU_GPU_CV 3277mW/2199mW VDD_SOC 1819mW/1731mW
09-12-2026 22:45:10 RAM 6497/7620MB (lfb 1x2MB) SWAP 908/12002MB (cached 11MB) CPU [1%@1728,0%@1728,86%@1728,0%@1728,1%@729,0%@729] GR3D_FREQ 99% cpu@54.718C soc2@52.437C soc0@52.406C gpu@54.75C tj@54.75C soc1@53.093C VDD_IN 11511mW/7247mW VDD_CPU_GPU_CV 5108mW/2264mW VDD_SOC 2286mW/1744mW
09-12-2026 22:45:10 RAM 6497/7620MB (lfb 1x2MB) SWAP 908/12002MB (cached 11MB) CPU [0%@1728,0%@1728,94%@1728,0%@1728,4%@729,0%@729] GR3D_FREQ 35% cpu@54.875C soc2@52.468C soc0@52.437C gpu@53.812C tj@54.875C soc1@53.125C VDD_IN 10187mW/7311mW VDD_CPU_GPU_CV 4368mW/2309mW VDD_SOC 2053mW/1750mW
09-12-2026 22:45:11 RAM 6497/7620MB (lfb 1x2MB) SWAP 908/12002MB (cached 11MB) CPU [1%@1728,0%@1728,98%@1728,1%@1728,0%@729,0%@729] GR3D_FREQ 53% cpu@54.562C soc2@52.406C soc0@52.562C gpu@53.593C tj@54.562C soc1@53.093C VDD_IN 8899mW/7345mW VDD_CPU_GPU_CV 3553mW/2336mW VDD_SOC 1858mW/1753mW
09-12-2026 22:45:11 RAM 6497/7620MB (lfb 1x2MB) SWAP 908/12002MB (cached 11MB) CPU [0%@1190,0%@1190,91%@1190,0%@1190,0%@729,0%@729] GR3D_FREQ 99% cpu@54.218C soc2@52.562C soc0@52.593C gpu@54.218C tj@54.375C soc1@53.093C VDD_IN 9492mW/7390mW VDD_CPU_GPU_CV 3863mW/2368mW VDD_SOC 1974mW/1757mW
09-12-2026 22:45:12 RAM 6496/7620MB (lfb 1x2MB) SWAP 908/12002MB (cached 11MB) CPU [0%@1728,0%@1728,86%@1728,0%@1728,0%@729,0%@729] GR3D_FREQ 39% cpu@54.843C soc2@52.562C soc0@52.687C gpu@54C tj@54.843C soc1@53.25C VDD_IN 10920mW/7462mW VDD_CPU_GPU_CV 4872mW/2419mW VDD_SOC 2207mW/1766mW
09-12-2026 22:45:12 RAM 6496/7620MB (lfb 1x2MB) SWAP 908/12002MB (cached 11MB) CPU [1%@1728,0%@1728,100%@1728,0%@1728,0%@729,0%@729] GR3D_FREQ 45% cpu@54.75C soc2@52.468C soc0@52.656C gpu@54.125C tj@54.75C soc1@53.25C VDD_IN 9176mW/7496mW VDD_CPU_GPU_CV 3784mW/2446mW VDD_SOC 1938mW/1770mW
09-12-2026 22:45:13 RAM 6496/7620MB (lfb 1x2MB) SWAP 908/12002MB (cached 11MB) CPU [0%@1728,0%@1728,98%@1728,0%@1728,0%@729,0%@729] GR3D_FREQ 53% cpu@54.562C soc2@52.5C soc0@52.593C gpu@53.906C tj@54.562C soc1@53.25C VDD_IN 8596mW/7518mW VDD_CPU_GPU_CV 3356mW/2464mW VDD_SOC 1819mW/1771mW
09-12-2026 22:45:13 RAM 6497/7620MB (lfb 1x2MB) SWAP 908/12002MB (cached 11MB) CPU [1%@1728,0%@1728,82%@1728,0%@1728,0%@729,0%@729] GR3D_FREQ 99% cpu@54.687C soc2@52.875C soc0@52.812C gpu@55.562C tj@55.562C soc1@53.218C VDD_IN 12713mW/7617mW VDD_CPU_GPU_CV 5875mW/2529mW VDD_SOC 2475mW/1784mW
09-12-2026 22:45:14 RAM 6497/7620MB (lfb 1x2MB) SWAP 908/12002MB (cached 11MB) CPU [1%@1728,0%@1728,98%@1728,0%@1728,0%@729,0%@729] GR3D_FREQ 40% cpu@55.312C soc2@52.718C soc0@52.812C gpu@54.125C tj@55.312C soc1@53.218C VDD_IN 9832mW/7659mW VDD_CPU_GPU_CV 4218mW/2561mW VDD_SOC 2013mW/1789mW
09-12-2026 22:45:14 RAM 6497/7620MB (lfb 1x2MB) SWAP 908/12002MB (cached 11MB) CPU [0%@1728,0%@1728,100%@1728,0%@1728,0%@729,0%@729] GR3D_FREQ 49% cpu@54.843C soc2@52.625C soc0@52.875C gpu@53.906C tj@54.843C soc1@53.5C VDD_IN 8780mW/7680mW VDD_CPU_GPU_CV 3514mW/2579mW VDD_SOC 1858mW/1790mW
09-12-2026 22:45:15 RAM 6497/7620MB (lfb 1x2MB) SWAP 908/12002MB (cached 11MB) CPU [0%@1728,0%@1728,98%@1728,0%@1728,1%@729,0%@729] GR3D_FREQ 99% cpu@54.781C soc2@52.562C soc0@52.781C gpu@54.062C tj@54.781C soc1@53.468C VDD_IN 8517mW/7695mW VDD_CPU_GPU_CV 3277mW/2592mW VDD_SOC 1819mW/1791mW
09-12-2026 22:45:15 RAM 6497/7620MB (lfb 1x2MB) SWAP 908/12002MB (cached 11MB) CPU [1%@1728,0%@1728,80%@1728,0%@1728,0%@729,0%@729] GR3D_FREQ 32% cpu@55.125C soc2@52.906C soc0@52.843C gpu@54.312C tj@55.125C soc1@53.437C VDD_IN 11117mW/7756mW VDD_CPU_GPU_CV 4990mW/2634mW VDD_SOC 2168mW/1797mW
09-12-2026 22:45:16 RAM 6497/7620MB (lfb 1x2MB) SWAP 908/12002MB (cached 11MB) CPU [0%@1728,0%@1728,100%@1728,0%@1728,0%@729,0%@729] GR3D_FREQ 44% cpu@55.281C soc2@52.781C soc0@52.968C gpu@54C tj@55.281C soc1@53.468C VDD_IN 9215mW/7782mW VDD_CPU_GPU_CV 3824mW/2655mW VDD_SOC 1858mW/1798mW
09-12-2026 22:45:16 RAM 6500/7620MB (lfb 1x2MB) SWAP 908/12002MB (cached 11MB) CPU [6%@1728,1%@1728,98%@1728,0%@1728,1%@729,0%@729] GR3D_FREQ 51% cpu@55.062C soc2@52.781C soc0@52.906C gpu@54.25C tj@55.062C soc1@53.343C VDD_IN 8582mW/7796mW VDD_CPU_GPU_CV 3435mW/2669mW VDD_SOC 1779mW/1798mW
09-12-2026 22:45:17 RAM 6503/7620MB (lfb 1x2MB) SWAP 908/12002MB (cached 11MB) CPU [27%@1728,16%@1728,50%@1728,54%@1728,28%@729,37%@729] GR3D_FREQ 99% cpu@55.312C soc2@53C soc0@52.906C gpu@55.218C tj@55.312C soc1@53.656C VDD_IN 12398mW/7874mW VDD_CPU_GPU_CV 5884mW/2723mW VDD_SOC 2322mW/1807mW
09-12-2026 22:45:17 RAM 6506/7620MB (lfb 1x2MB) SWAP 908/12002MB (cached 11MB) CPU [18%@1728,16%@1728,15%@1728,96%@1728,20%@729,47%@729] GR3D_FREQ 35% cpu@55C soc2@52.937C soc0@52.968C gpu@54.562C tj@55C soc1@53.718C VDD_IN 10582mW/7919mW VDD_CPU_GPU_CV 4801mW/2758mW VDD_SOC 2050mW/1811mW
09-12-2026 22:45:18 RAM 6509/7620MB (lfb 1x2MB) SWAP 908/12002MB (cached 11MB) CPU [30%@1728,38%@1728,26%@1728,100%@1728,43%@1728,29%@1728] GR3D_FREQ 44% cpu@55.281C soc2@53.062C soc0@52.906C gpu@54.031C tj@55.281C soc1@53.687C VDD_IN 9571mW/7946mW VDD_CPU_GPU_CV 4218mW/2782mW VDD_SOC 1855mW/1812mW
09-12-2026 22:45:18 RAM 6515/7620MB (lfb 1x2MB) SWAP 908/12002MB (cached 11MB) CPU [15%@1728,8%@1728,10%@1728,98%@1728,20%@729,29%@729] GR3D_FREQ 61% cpu@54.843C soc2@52.906C soc0@53C gpu@54.343C tj@54.843C soc1@53.656C VDD_IN 8859mW/7961mW VDD_CPU_GPU_CV 3672mW/2796mW VDD_SOC 1779mW/1811mW
09-12-2026 22:45:19 RAM 6515/7620MB (lfb 1x2MB) SWAP 908/12002MB (cached 11MB) CPU [74%@1728,3%@1728,7%@1728,9%@1728,0%@729,0%@729] GR3D_FREQ 35% cpu@55.281C soc2@53.25C soc0@53.156C gpu@54.843C tj@55.281C soc1@53.656C VDD_IN 11945mW/8024mW VDD_CPU_GPU_CV 5453mW/2838mW VDD_SOC 2322mW/1819mW
09-12-2026 22:45:19 RAM 6515/7620MB (lfb 1x2MB) SWAP 908/12002MB (cached 11MB) CPU [100%@1728,3%@1728,0%@1728,0%@1728,0%@729,0%@729] GR3D_FREQ 44% cpu@55C soc2@53.187C soc0@53.187C gpu@54.562C tj@55C soc1@53.968C VDD_IN 9452mW/8046mW VDD_CPU_GPU_CV 3942mW/2856mW VDD_SOC 1934mW/1821mW
09-12-2026 22:45:20 RAM 6514/7620MB (lfb 1x2MB) SWAP 908/12002MB (cached 11MB) CPU [100%@1728,0%@1728,1%@1728,0%@1728,0%@729,0%@729] GR3D_FREQ 47% cpu@55.125C soc2@53.187C soc0@53.125C gpu@54.25C tj@55.125C soc1@53.875C VDD_IN 8636mW/8055mW VDD_CPU_GPU_CV 3356mW/2863mW VDD_SOC 1779mW/1820mW
09-12-2026 22:45:20 RAM 6514/7620MB (lfb 1x2MB) SWAP 908/12002MB (cached 11MB) CPU [84%@1728,0%@1728,0%@1728,0%@1728,0%@729,0%@729] GR3D_FREQ 99% cpu@55.156C soc2@53.531C soc0@53.062C gpu@55.593C tj@55.593C soc1@53.812C VDD_IN 12240mW/8119mW VDD_CPU_GPU_CV 5649mW/2905mW VDD_SOC 2361mW/1829mW
09-12-2026 22:45:21 RAM 6514/7620MB (lfb 1x2MB) SWAP 908/12002MB (cached 11MB) CPU [94%@1728,0%@1728,0%@1728,0%@1728,0%@729,0%@729] GR3D_FREQ 38% cpu@55.343C soc2@53.343C soc0@53.406C gpu@54.406C tj@55.343C soc1@53.812C VDD_IN 9990mW/8147mW VDD_CPU_GPU_CV 4250mW/2926mW VDD_SOC 2013mW/1831mW
09-12-2026 22:45:22 RAM 6514/7620MB (lfb 1x2MB) SWAP 908/12002MB (cached 11MB) CPU [100%@1728,0%@1728,0%@1728,0%@1728,0%@729,0%@729] GR3D_FREQ 51% cpu@55.375C soc2@53.25C soc0@53.343C gpu@54.343C tj@55.375C soc1@53.75C VDD_IN 8780mW/8156mW VDD_CPU_GPU_CV 3514mW/2934mW VDD_SOC 1819mW/1831mW
09-12-2026 22:45:22 RAM 6514/7620MB (lfb 1x2MB) SWAP 908/12002MB (cached 11MB) CPU [98%@1728,0%@1728,0%@1728,0%@1728,0%@729,0%@729] GR3D_FREQ 59% cpu@55.125C soc2@53.312C soc0@53.312C gpu@54.218C tj@55.125C soc1@53.812C VDD_IN 8438mW/8160mW VDD_CPU_GPU_CV 3277mW/2939mW VDD_SOC 1779mW/1830mW
09-12-2026 22:45:23 RAM 6514/7620MB (lfb 1x2MB) SWAP 908/12002MB (cached 11MB) CPU [98%@1728,0%@1728,0%@1728,0%@1728,0%@729,0%@729] GR3D_FREQ 62% cpu@55C soc2@53.25C soc0@53.218C gpu@54.531C tj@55C soc1@53.906C VDD_IN 8279mW/8162mW VDD_CPU_GPU_CV 3119mW/2942mW VDD_SOC 1740mW/1829mW
09-12-2026 22:45:23 RAM 6514/7620MB (lfb 1x2MB) SWAP 908/12002MB (cached 11MB) CPU [98%@1728,0%@1728,0%@1728,0%@1728,0%@729,0%@729] GR3D_FREQ 57% cpu@55.281C soc2@53.25C soc0@53.218C gpu@54.312C tj@55.281C soc1@53.875C VDD_IN 8200mW/8162mW VDD_CPU_GPU_CV 3080mW/2944mW VDD_SOC 1740mW/1828mW
09-12-2026 22:45:24 RAM 6514/7620MB (lfb 1x2MB) SWAP 908/12002MB (cached 11MB) CPU [97%@1728,0%@1728,0%@1728,0%@1728,0%@729,0%@729] GR3D_FREQ 60% cpu@54.968C soc2@53.281C soc0@53.406C gpu@54.437C tj@54.968C soc1@53.812C VDD_IN 8200mW/8163mW VDD_CPU_GPU_CV 3040mW/2945mW VDD_SOC 1743mW/1827mW
09-12-2026 22:45:24 RAM 6514/7620MB (lfb 1x2MB) SWAP 908/12002MB (cached 11MB) CPU [100%@1728,0%@1728,0%@1728,0%@1728,0%@729,0%@729] GR3D_FREQ 58% cpu@55.156C soc2@53.218C soc0@53.375C gpu@54.312C tj@55.156C soc1@53.906C VDD_IN 8160mW/8163mW VDD_CPU_GPU_CV 3040mW/2946mW VDD_SOC 1743mW/1826mW
09-12-2026 22:45:25 RAM 6514/7620MB (lfb 1x2MB) SWAP 908/12002MB (cached 11MB) CPU [98%@1728,0%@1728,0%@1728,0%@1728,0%@729,0%@729] GR3D_FREQ 57% cpu@55.125C soc2@53.218C soc0@53.281C gpu@54.218C tj@55.125C soc1@54.093C VDD_IN 8200mW/8163mW VDD_CPU_GPU_CV 3080mW/2948mW VDD_SOC 1740mW/1824mW
09-12-2026 22:45:25 RAM 6514/7620MB (lfb 1x2MB) SWAP 908/12002MB (cached 11MB) CPU [98%@1728,0%@1728,0%@1728,1%@1728,0%@729,0%@729] GR3D_FREQ 63% cpu@55.062C soc2@53.312C soc0@53.25C gpu@54.343C tj@55.062C soc1@54C VDD_IN 8200mW/8164mW VDD_CPU_GPU_CV 3040mW/2949mW VDD_SOC 1740mW/1823mW
09-12-2026 22:45:26 RAM 6514/7620MB (lfb 1x2MB) SWAP 908/12002MB (cached 11MB) CPU [98%@1728,0%@1728,0%@1728,1%@1728,0%@729,0%@729] GR3D_FREQ 55% cpu@55.031C soc2@53.281C soc0@53.468C gpu@54.218C tj@55.031C soc1@53.968C VDD_IN 8200mW/8164mW VDD_CPU_GPU_CV 3080mW/2951mW VDD_SOC 1743mW/1822mW
09-12-2026 22:45:26 RAM 6514/7620MB (lfb 1x2MB) SWAP 908/12002MB (cached 11MB) CPU [98%@1728,0%@1728,0%@1728,0%@1728,0%@729,0%@729] GR3D_FREQ 58% cpu@55.312C soc2@53.375C soc0@53.406C gpu@54.187C tj@55.312C soc1@54.031C VDD_IN 8200mW/8165mW VDD_CPU_GPU_CV 3080mW/2953mW VDD_SOC 1740mW/1821mW
09-12-2026 22:45:27 RAM 6514/7620MB (lfb 1x2MB) SWAP 908/12002MB (cached 11MB) CPU [98%@1728,0%@1728,0%@1728,1%@1728,0%@729,0%@729] GR3D_FREQ 48% cpu@55.187C soc2@53.25C soc0@53.375C gpu@54.187C tj@55.187C soc1@53.968C VDD_IN 8121mW/8164mW VDD_CPU_GPU_CV 3001mW/2953mW VDD_SOC 1743mW/1820mW
09-12-2026 22:45:27 RAM 6514/7620MB (lfb 1x2MB) SWAP 908/12002MB (cached 11MB) CPU [79%@1728,0%@1728,0%@1728,0%@1728,0%@729,0%@729] GR3D_FREQ 31% cpu@55.406C soc2@53.593C soc0@53.5C gpu@55.031C tj@55.406C soc1@54.156C VDD_IN 11748mW/8209mW VDD_CPU_GPU_CV 5335mW/2984mW VDD_SOC 2243mW/1825mW
09-12-2026 22:45:28 RAM 6514/7620MB (lfb 1x2MB) SWAP 908/12002MB (cached 11MB) CPU [100%@1728,1%@1728,0%@1728,2%@1728,0%@729,0%@729] GR3D_FREQ 43% cpu@55.281C soc2@53.593C soc0@53.437C gpu@54.843C tj@55.281C soc1@54.156C VDD_IN 9413mW/8225mW VDD_CPU_GPU_CV 3942mW/2996mW VDD_SOC 1895mW/1826mW
09-12-2026 22:45:28 RAM 6514/7620MB (lfb 1x2MB) SWAP 908/12002MB (cached 11MB) CPU [98%@1728,0%@1728,1%@1728,0%@1728,0%@729,0%@729] GR3D_FREQ 52% cpu@55.468C soc2@53.468C soc0@53.687C gpu@54.625C tj@55.312C soc1@54.093C VDD_IN 8675mW/8230mW VDD_CPU_GPU_CV 3395mW/3000mW VDD_SOC 1779mW/1826mW
09-12-2026 22:45:29 RAM 6514/7620MB (lfb 1x2MB) SWAP 908/12002MB (cached 11MB) CPU [100%@1728,0%@1728,0%@1728,0%@1728,0%@729,0%@729] GR3D_FREQ 61% cpu@55.593C soc2@53.531C soc0@53.593C gpu@54.75C tj@55.593C soc1@54.156C VDD_IN 8398mW/8232mW VDD_CPU_GPU_CV 3198mW/3003mW VDD_SOC 1740mW/1825mW
09-12-2026 22:45:29 RAM 6514/7620MB (lfb 1x2MB) SWAP 908/12002MB (cached 11MB) CPU [98%@1728,0%@1728,0%@1728,1%@1728,0%@729,0%@729] GR3D_FREQ 60% cpu@55.312C soc2@53.468C soc0@53.5C gpu@54.5C tj@55.312C soc1@54.343C VDD_IN 8240mW/8232mW VDD_CPU_GPU_CV 3080mW/3004mW VDD_SOC 1740mW/1824mW
09-12-2026 22:45:30 RAM 6514/7620MB (lfb 1x2MB) SWAP 908/12002MB (cached 11MB) CPU [98%@1728,1%@1728,1%@1728,0%@1728,1%@729,0%@729] GR3D_FREQ 62% cpu@55.312C soc2@53.5C soc0@53.437C gpu@54.5C tj@55.406C soc1@54.218C VDD_IN 8200mW/8232mW VDD_CPU_GPU_CV 3080mW/3005mW VDD_SOC 1743mW/1823mW
09-12-2026 22:45:30 RAM 6514/7620MB (lfb 1x2MB) SWAP 908/12002MB (cached 11MB) CPU [98%@1728,1%@1728,0%@1728,0%@1728,0%@729,0%@729] GR3D_FREQ 63% cpu@55.312C soc2@53.656C soc0@53.5C gpu@54.531C tj@55.312C soc1@54.25C VDD_IN 8240mW/8232mW VDD_CPU_GPU_CV 3080mW/3006mW VDD_SOC 1743mW/1822mW
09-12-2026 22:45:31 RAM 6514/7620MB (lfb 1x2MB) SWAP 908/12002MB (cached 11MB) CPU [98%@1728,0%@1728,0%@1728,0%@1728,0%@729,0%@729] GR3D_FREQ 61% cpu@55.625C soc2@53.5C soc0@53.531C gpu@54.562C tj@55.625C soc1@54.218C VDD_IN 8200mW/8232mW VDD_CPU_GPU_CV 3080mW/3006mW VDD_SOC 1743mW/1821mW
09-12-2026 22:45:31 RAM 6514/7620MB (lfb 1x2MB) SWAP 908/12002MB (cached 11MB) CPU [98%@1728,0%@1728,0%@1728,0%@1728,0%@729,0%@729] GR3D_FREQ 60% cpu@55.5C soc2@53.562C soc0@53.593C gpu@54.906C tj@55.5C soc1@54.125C VDD_IN 8200mW/8231mW VDD_CPU_GPU_CV 3080mW/3007mW VDD_SOC 1743mW/1820mW
09-12-2026 22:45:32 RAM 6514/7620MB (lfb 1x2MB) SWAP 908/12002MB (cached 11MB) CPU [98%@1728,0%@1728,0%@1728,0%@1728,0%@729,0%@729] GR3D_FREQ 64% cpu@55.531C soc2@53.5C soc0@53.593C gpu@54.625C tj@55.531C soc1@54.468C VDD_IN 8200mW/8231mW VDD_CPU_GPU_CV 3080mW/3008mW VDD_SOC 1743mW/1819mW
09-12-2026 22:45:32 RAM 6514/7620MB (lfb 1x2MB) SWAP 908/12002MB (cached 11MB) CPU [98%@1728,0%@1728,0%@1728,0%@1728,0%@729,0%@729] GR3D_FREQ 64% cpu@55.406C soc2@53.562C soc0@53.562C gpu@54.843C tj@55.406C soc1@54.437C VDD_IN 8160mW/8230mW VDD_CPU_GPU_CV 3080mW/3009mW VDD_SOC 1743mW/1818mW
09-12-2026 22:45:33 RAM 6514/7620MB (lfb 1x2MB) SWAP 908/12002MB (cached 11MB) CPU [98%@1728,0%@1728,0%@1728,1%@1728,0%@729,0%@729] GR3D_FREQ 62% cpu@55.25C soc2@53.656C soc0@53.656C gpu@54.75C tj@55.25C soc1@54.312C VDD_IN 8200mW/8230mW VDD_CPU_GPU_CV 3080mW/3010mW VDD_SOC 1740mW/1817mW
09-12-2026 22:45:33 RAM 6514/7620MB (lfb 1x2MB) SWAP 908/12002MB (cached 11MB) CPU [66%@1728,3%@1728,1%@1728,3%@1728,21%@1728,0%@1728] GR3D_FREQ 99% cpu@55.125C soc2@53.656C soc0@53.656C gpu@55.906C tj@55.906C soc1@54.281C VDD_IN 9990mW/8249mW VDD_CPU_GPU_CV 4211mW/3023mW VDD_SOC 2013mW/1820mW
09-12-2026 22:45:34 RAM 6514/7620MB (lfb 1x2MB) SWAP 908/12002MB (cached 11MB) CPU [0%@729,1%@729,0%@729,0%@729,94%@1728,0%@1728] GR3D_FREQ 37% cpu@55.781C soc2@53.75C soc0@53.843C gpu@55.218C tj@55.781C soc1@54.343C VDD_IN 10582mW/8274mW VDD_CPU_GPU_CV 4676mW/3041mW VDD_SOC 2050mW/1822mW
09-12-2026 22:45:34 RAM 6514/7620MB (lfb 1x2MB) SWAP 908/12002MB (cached 11MB) CPU [1%@1728,0%@1728,1%@1728,0%@1728,98%@1728,0%@1728] GR3D_FREQ 48% cpu@55.562C soc2@53.593C soc0@53.875C gpu@55.093C tj@55.562C soc1@54.375C VDD_IN 9017mW/8282mW VDD_CPU_GPU_CV 3705mW/3048mW VDD_SOC 1858mW/1822mW
09-12-2026 22:45:35 RAM 6514/7620MB (lfb 1x2MB) SWAP 908/12002MB (cached 11MB) CPU [0%@729,0%@729,0%@729,0%@729,96%@1728,0%@1728] GR3D_FREQ 0% cpu@55.468C soc2@53.562C soc0@53.781C gpu@54.625C tj@55.468C soc1@54.375C VDD_IN 8240mW/8282mW VDD_CPU_GPU_CV 3119mW/3049mW VDD_SOC 1740mW/1822mW
09-12-2026 22:45:35 RAM 6514/7620MB (lfb 1x2MB) SWAP 908/12002MB (cached 11MB) CPU [1%@729,0%@729,0%@729,0%@729,0%@1728,80%@1728] GR3D_FREQ 29% cpu@55.375C soc2@53.875C soc0@53.875C gpu@55.562C tj@55.562C soc1@54.562C VDD_IN 11472mW/8316mW VDD_CPU_GPU_CV 5304mW/3073mW VDD_SOC 2207mW/1826mW
09-12-2026 22:45:36 RAM 6514/7620MB (lfb 1x2MB) SWAP 908/12002MB (cached 11MB) CPU [0%@1728,0%@1728,0%@1728,0%@1728,0%@1728,98%@1728] GR3D_FREQ 43% cpu@55.406C soc2@53.781C soc0@53.812C gpu@55.093C tj@55.406C soc1@54.593C VDD_IN 9294mW/8326mW VDD_CPU_GPU_CV 4021mW/3082mW VDD_SOC 1858mW/1826mW
09-12-2026 22:45:36 RAM 6514/7620MB (lfb 1x2MB) SWAP 908/12002MB (cached 11MB) CPU [1%@729,0%@729,0%@729,0%@729,1%@1728,100%@1728] GR3D_FREQ 48% cpu@55.437C soc2@53.843C soc0@53.781C gpu@55.125C tj@55.437C soc1@54.531C VDD_IN 8543mW/8328mW VDD_CPU_GPU_CV 3435mW/3086mW VDD_SOC 1779mW/1825mW
09-12-2026 22:45:37 RAM 6513/7620MB (lfb 1x2MB) SWAP 908/12002MB (cached 11MB) CPU [0%@729,0%@729,0%@729,0%@1728,1%@1728,84%@1728] GR3D_FREQ 99% cpu@55.625C soc2@54.031C soc0@53.937C gpu@56.406C tj@56.406C soc1@54.5C VDD_IN 11866mW/8364mW VDD_CPU_GPU_CV 5453mW/3110mW VDD_SOC 2282mW/1830mW
09-12-2026 22:45:37 RAM 6513/7620MB (lfb 1x2MB) SWAP 908/12002MB (cached 11MB) CPU [0%@1728,0%@1728,0%@1728,0%@1728,0%@1728,94%@1728] GR3D_FREQ 37% cpu@55.625C soc2@54.031C soc0@53.968C gpu@55.375C tj@55.625C soc1@54.593C VDD_IN 10108mW/8382mW VDD_CPU_GPU_CV 4447mW/3124mW VDD_SOC 1974mW/1832mW
09-12-2026 22:45:38 RAM 6513/7620MB (lfb 1x2MB) SWAP 908/12002MB (cached 11MB) CPU [0%@1728,0%@1728,0%@1728,0%@1728,0%@1728,100%@1728] GR3D_FREQ 51% cpu@55.562C soc2@53.843C soc0@53.937C gpu@55.093C tj@55.562C soc1@54.562C VDD_IN 8938mW/8387mW VDD_CPU_GPU_CV 3593mW/3128mW VDD_SOC 1819mW/1831mW
09-12-2026 22:45:38 RAM 6513/7620MB (lfb 1x2MB) SWAP 908/12002MB (cached 11MB) CPU [0%@729,0%@729,0%@729,0%@729,0%@1728,98%@1728] GR3D_FREQ 48% cpu@55.5C soc2@53.875C soc0@54C gpu@54.937C tj@55.5C soc1@54.687C VDD_IN 8438mW/8388mW VDD_CPU_GPU_CV 3316mW/3130mW VDD_SOC 1779mW/1831mW
09-12-2026 22:45:39 RAM 6513/7620MB (lfb 1x2MB) SWAP 908/12002MB (cached 11MB) CPU [0%@1728,3%@1728,0%@1728,0%@1728,0%@729,84%@729] GR3D_FREQ 99% cpu@55.531C soc2@53.906C soc0@53.906C gpu@56C tj@56C soc1@54.718C VDD_IN 9793mW/8402mW VDD_CPU_GPU_CV 4100mW/3140mW VDD_SOC 2013mW/1833mW
09-12-2026 22:45:39 RAM 6513/7620MB (lfb 1x2MB) SWAP 908/12002MB (cached 11MB) CPU [0%@1728,0%@1728,0%@1728,0%@1728,0%@1728,94%@1728] GR3D_FREQ 35% cpu@55.593C soc2@54.125C soc0@54.031C gpu@55.562C tj@55.593C soc1@54.718C VDD_IN 10622mW/8423mW VDD_CPU_GPU_CV 4683mW/3155mW VDD_SOC 2050mW/1835mW
09-12-2026 22:45:40 RAM 6513/7620MB (lfb 1x2MB) SWAP 908/12002MB (cached 11MB) CPU [0%@1728,0%@1728,0%@1728,0%@1728,0%@1728,98%@1728] GR3D_FREQ 52% cpu@55.718C soc2@54.031C soc0@54.031C gpu@55.25C tj@55.718C soc1@54.656C VDD_IN 9017mW/8429mW VDD_CPU_GPU_CV 3705mW/3160mW VDD_SOC 1858mW/1835mW
09-12-2026 22:45:40 RAM 6513/7620MB (lfb 1x2MB) SWAP 908/12002MB (cached 11MB) CPU [3%@729,0%@729,0%@729,0%@729,0%@1728,100%@1728] GR3D_FREQ 52% cpu@55.812C soc2@53.968C soc0@54.187C gpu@55.343C tj@55.812C soc1@54.687C VDD_IN 8503mW/8429mW VDD_CPU_GPU_CV 3316mW/3161mW VDD_SOC 1779mW/1835mW
09-12-2026 22:45:41 RAM 6513/7620MB (lfb 1x2MB) SWAP 908/12002MB (cached 11MB) CPU [0%@1728,0%@1728,0%@1728,0%@1728,0%@1728,98%@1728] GR3D_FREQ 0% cpu@55.625C soc2@53.843C soc0@54.187C gpu@54.781C tj@55.625C soc1@54.687C VDD_IN 8042mW/8426mW VDD_CPU_GPU_CV 2966mW/3160mW VDD_SOC 1743mW/1834mW
09-12-2026 22:45:41 RAM 6513/7620MB (lfb 1x2MB) SWAP 908/12002MB (cached 11MB) CPU [1%@1728,1%@1728,1%@1728,1%@1728,0%@1728,80%@1728] GR3D_FREQ 28% cpu@55.875C soc2@54.25C soc0@54.312C gpu@55.812C tj@55.875C soc1@54.718C VDD_IN 11432mW/8454mW VDD_CPU_GPU_CV 5265mW/3179mW VDD_SOC 2207mW/1837mW
09-12-2026 22:45:42 RAM 6513/7620MB (lfb 1x2MB) SWAP 908/12002MB (cached 11MB) CPU [0%@1728,0%@1728,0%@1728,1%@1728,0%@1728,100%@1728] GR3D_FREQ 42% cpu@55.781C soc2@54.093C soc0@54.156C gpu@55.375C tj@55.781C soc1@54.906C VDD_IN 9334mW/8462mW VDD_CPU_GPU_CV 3942mW/3186mW VDD_SOC 1855mW/1837mW
09-12-2026 22:45:42 RAM 6513/7620MB (lfb 1x2MB) SWAP 908/12002MB (cached 11MB) CPU [0%@729,0%@729,0%@729,0%@729,0%@1728,98%@1728] GR3D_FREQ 51% cpu@55.718C soc2@54.062C soc0@54.156C gpu@55.468C tj@55.718C soc1@54.968C VDD_IN 8661mW/8464mW VDD_CPU_GPU_CV 3395mW/3188mW VDD_SOC 1779mW/1837mW
09-12-2026 22:45:43 RAM 6513/7620MB (lfb 1x2MB) SWAP 908/12002MB (cached 11MB) CPU [0%@729,0%@1728,2%@1728,1%@1728,0%@1728,86%@1728] GR3D_FREQ 99% cpu@55.875C soc2@54.375C soc0@54.156C gpu@56.593C tj@56.593C soc1@54.875C VDD_IN 11787mW/8494mW VDD_CPU_GPU_CV 5335mW/3208mW VDD_SOC 2243mW/1840mW
09-12-2026 22:45:43 RAM 6513/7620MB (lfb 1x2MB) SWAP 908/12002MB (cached 11MB) CPU [0%@729,0%@729,0%@729,0%@729,0%@1728,92%@1728] GR3D_FREQ 35% cpu@55.937C soc2@54.281C soc0@54.25C gpu@55.593C tj@55.937C soc1@54.906C VDD_IN 10108mW/8509mW VDD_CPU_GPU_CV 4447mW/3219mW VDD_SOC 2013mW/1842mW
09-12-2026 22:45:44 RAM 6513/7620MB (lfb 1x2MB) SWAP 908/12002MB (cached 11MB) CPU [0%@729,0%@729,0%@729,1%@729,0%@1728,100%@1728] GR3D_FREQ 49% cpu@55.968C soc2@54.25C soc0@54.375C gpu@55.343C tj@55.968C soc1@54.937C VDD_IN 8859mW/8512mW VDD_CPU_GPU_CV 3627mW/3223mW VDD_SOC 1819mW/1842mW
09-12-2026 22:45:44 RAM 6513/7620MB (lfb 1x2MB) SWAP 908/12002MB (cached 11MB) CPU [0%@1728,1%@1728,0%@1728,0%@1728,0%@1728,98%@1728] GR3D_FREQ 47% cpu@55.937C soc2@54.187C soc0@54.375C gpu@55.5C tj@55.937C soc1@54.968C VDD_IN 8424mW/8511mW VDD_CPU_GPU_CV 3356mW/3224mW VDD_SOC 1779mW/1841mW
09-12-2026 22:45:45 RAM 6503/7620MB (lfb 1x2MB) SWAP 908/12002MB (cached 11MB) CPU [13%@1728,9%@1728,20%@1728,5%@1728,5%@1728,86%@1728] GR3D_FREQ 99% cpu@56.5C soc2@54.5C soc0@54.281C gpu@56.593C tj@56.593C soc1@54.843C VDD_IN 11432mW/8537mW VDD_CPU_GPU_CV 5265mW/3242mW VDD_SOC 2243mW/1845mW
09-12-2026 22:45:45 RAM 6506/7620MB (lfb 1x2MB) SWAP 908/12002MB (cached 11MB) CPU [27%@1728,30%@1728,18%@1728,30%@1728,25%@1728,94%@1728] GR3D_FREQ 37% cpu@56.156C soc2@54.406C soc0@54.656C gpu@55.781C tj@56.156C soc1@55.031C VDD_IN 10701mW/8555mW VDD_CPU_GPU_CV 4872mW/3256mW VDD_SOC 2010mW/1846mW
09-12-2026 22:45:46 RAM 6509/7620MB (lfb 1x2MB) SWAP 908/12002MB (cached 11MB) CPU [0%@1728,0%@1728,0%@1728,0%@1728,0%@1728,98%@1728] GR3D_FREQ 51% cpu@56.093C soc2@54.343C soc0@54.406C gpu@55.531C tj@56.093C soc1@55.031C VDD_IN 9017mW/8559mW VDD_CPU_GPU_CV 3784mW/3260mW VDD_SOC 1819mW/1846mW
09-12-2026 22:45:46 RAM 6509/7620MB (lfb 1x2MB) SWAP 908/12002MB (cached 11MB) CPU [0%@1728,0%@1728,0%@1728,0%@1728,0%@1728,100%@1728] GR3D_FREQ 48% cpu@56C soc2@54.343C soc0@54.562C gpu@55.593C tj@56C soc1@55.062C VDD_IN 8517mW/8559mW VDD_CPU_GPU_CV 3316mW/3261mW VDD_SOC 1779mW/1845mW
09-12-2026 22:45:47 RAM 6509/7620MB (lfb 1x2MB) SWAP 908/12002MB (cached 11MB) CPU [1%@1728,1%@1728,1%@1728,0%@1728,0%@1728,98%@1728] GR3D_FREQ 99% cpu@56.062C soc2@54.312C soc0@54.375C gpu@55.968C tj@56.062C soc1@55.062C VDD_IN 8740mW/8561mW VDD_CPU_GPU_CV 3435mW/3262mW VDD_SOC 1819mW/1845mW
09-12-2026 22:45:47 RAM 6509/7620MB (lfb 1x2MB) SWAP 908/12002MB (cached 11MB) CPU [0%@1728,0%@1728,1%@1728,1%@1728,1%@1728,80%@1728] GR3D_FREQ 33% cpu@56.062C soc2@54.531C soc0@54.5C gpu@56C tj@56.062C soc1@55.218C VDD_IN 10959mW/8581mW VDD_CPU_GPU_CV 4951mW/3277mW VDD_SOC 2128mW/1848mW
09-12-2026 22:45:48 RAM 6509/7620MB (lfb 1x2MB) SWAP 908/12002MB (cached 11MB) CPU [1%@1728,0%@1728,1%@1728,0%@1728,0%@1728,100%@1728] GR3D_FREQ 43% cpu@55.937C soc2@54.531C soc0@54.625C gpu@55.656C tj@55.968C soc1@55.218C VDD_IN 9136mW/8585mW VDD_CPU_GPU_CV 3824mW/3281mW VDD_SOC 1858mW/1848mW
09-12-2026 22:45:48 RAM 6509/7620MB (lfb 1x2MB) SWAP 908/12002MB (cached 11MB) CPU [6%@729,0%@729,0%@729,6%@729,0%@1728,98%@1728] GR3D_FREQ 51% cpu@56.156C soc2@54.531C soc0@54.375C gpu@55.593C tj@55.968C soc1@55.187C VDD_IN 8543mW/8585mW VDD_CPU_GPU_CV 3435mW/3282mW VDD_SOC 1779mW/1847mW
09-12-2026 22:45:49 RAM 6508/7620MB (lfb 1x2MB) SWAP 908/12002MB (cached 11MB) CPU [0%@1728,0%@1728,1%@1728,3%@1728,0%@1728,100%@1728] GR3D_FREQ 59% cpu@56.281C soc2@54.343C soc0@54.531C gpu@55.468C tj@56.281C soc1@55.093C VDD_IN 8358mW/8583mW VDD_CPU_GPU_CV 3198mW/3282mW VDD_SOC 1779mW/1847mW
09-12-2026 22:45:49 RAM 6508/7620MB (lfb 1x2MB) SWAP 908/12002MB (cached 11MB) CPU [0%@729,0%@729,0%@729,0%@729,0%@1728,80%@1728] GR3D_FREQ 31% cpu@56.281C soc2@54.781C soc0@54.656C gpu@56.281C tj@56.281C soc1@55.062C VDD_IN 11945mW/8611mW VDD_CPU_GPU_CV 5453mW/3299mW VDD_SOC 2282mW/1850mW
09-12-2026 22:45:50 RAM 6508/7620MB (lfb 1x2MB) SWAP 908/12002MB (cached 11MB) CPU [0%@729,1%@729,0%@729,0%@729,0%@1728,100%@1728] GR3D_FREQ 42% cpu@56.218C soc2@54.593C soc0@54.718C gpu@55.718C tj@56.218C soc1@55.156C VDD_IN 9532mW/8618mW VDD_CPU_GPU_CV 3981mW/3305mW VDD_SOC 1895mW/1850mW
09-12-2026 22:45:50 RAM 6508/7620MB (lfb 1x2MB) SWAP 908/12002MB (cached 11MB) CPU [1%@1728,0%@1728,0%@1728,0%@1728,0%@1728,98%@1728] GR3D_FREQ 47% cpu@56.093C soc2@54.468C soc0@54.687C gpu@55.687C tj@56.093C soc1@55.375C VDD_IN 8622mW/8618mW VDD_CPU_GPU_CV 3395mW/3306mW VDD_SOC 1779mW/1850mW
09-12-2026 22:45:51 RAM 6508/7620MB (lfb 1x2MB) SWAP 908/12002MB (cached 11MB) CPU [0%@729,0%@729,1%@729,0%@729,0%@1728,100%@1728] GR3D_FREQ 62% cpu@56.031C soc2@54.5C soc0@54.625C gpu@55.625C tj@56.031C soc1@55.406C VDD_IN 8438mW/8617mW VDD_CPU_GPU_CV 3198mW/3305mW VDD_SOC 1779mW/1849mW
09-12-2026 22:45:51 RAM 6508/7620MB (lfb 1x2MB) SWAP 908/12002MB (cached 11MB) CPU [0%@729,0%@729,0%@729,1%@729,0%@1728,78%@1728] GR3D_FREQ 31% cpu@56.218C soc2@54.968C soc0@54.718C gpu@56.375C tj@56.375C soc1@55.312C VDD_IN 11926mW/8643mW VDD_CPU_GPU_CV 5492mW/3322mW VDD_SOC 2282mW/1853mW
09-12-2026 22:45:52 RAM 6508/7620MB (lfb 1x2MB) SWAP 908/12002MB (cached 11MB) CPU [1%@1728,0%@1728,0%@1728,0%@1728,0%@1728,100%@1728] GR3D_FREQ 42% cpu@56.156C soc2@54.718C soc0@54.656C gpu@55.812C tj@56.156C soc1@55.406C VDD_IN 9477mW/8649mW VDD_CPU_GPU_CV 4021mW/3327mW VDD_SOC 1895mW/1853mW
09-12-2026 22:45:52 RAM 6508/7620MB (lfb 1x2MB) SWAP 908/12002MB (cached 11MB) CPU [0%@1728,1%@1728,0%@1728,0%@1728,0%@1728,98%@1728] GR3D_FREQ 50% cpu@56.468C soc2@54.687C soc0@54.812C gpu@55.781C tj@56.468C soc1@55.343C VDD_IN 8701mW/8650mW VDD_CPU_GPU_CV 3474mW/3329mW VDD_SOC 1779mW/1852mW
09-12-2026 22:45:53 RAM 6508/7620MB (lfb 1x2MB) SWAP 908/12002MB (cached 11MB) CPU [0%@729,0%@729,0%@729,0%@729,0%@1728,98%@1728] GR3D_FREQ 60% cpu@56.281C soc2@54.593C soc0@54.875C gpu@55.75C tj@56.281C soc1@55.312C VDD_IN 8345mW/8647mW VDD_CPU_GPU_CV 3238mW/3328mW VDD_SOC 1779mW/1852mW
09-12-2026 22:45:53 RAM 6507/7620MB (lfb 1x2MB) SWAP 908/12002MB (cached 11MB) CPU [0%@729,1%@729,0%@729,1%@729,0%@1728,80%@1728] GR3D_FREQ 29% cpu@56.437C soc2@54.968C soc0@54.812C gpu@56.5C tj@56.5C soc1@55.5C VDD_IN 12004mW/8673mW VDD_CPU_GPU_CV 5570mW/3345mW VDD_SOC 2282mW/1855mW
09-12-2026 22:45:54 RAM 6507/7620MB (lfb 1x2MB) SWAP 908/12002MB (cached 11MB) CPU [0%@729,0%@729,0%@729,0%@729,0%@1728,100%@1728] GR3D_FREQ 41% cpu@56.375C soc2@54.75C soc0@54.875C gpu@56.031C tj@56.375C soc1@55.531C VDD_IN 9516mW/8679mW VDD_CPU_GPU_CV 4060mW/3350mW VDD_SOC 1895mW/1855mW
09-12-2026 22:45:54 RAM 6507/7620MB (lfb 1x2MB) SWAP 908/12002MB (cached 11MB) CPU [0%@1728,0%@1728,3%@1728,0%@1728,0%@1728,98%@1728] GR3D_FREQ 52% cpu@56.218C soc2@54.843C soc0@54.812C gpu@55.875C tj@56.218C soc1@55.593C VDD_IN 8661mW/8679mW VDD_CPU_GPU_CV 3474mW/3351mW VDD_SOC 1779mW/1855mW
09-12-2026 22:45:55 RAM 6507/7620MB (lfb 1x2MB) SWAP 908/12002MB (cached 11MB) CPU [1%@729,0%@729,0%@729,0%@729,0%@1728,98%@1728] GR3D_FREQ 99% cpu@56.281C soc2@54.843C soc0@54.75C gpu@56.187C tj@56.281C soc1@55.562C VDD_IN 8557mW/8678mW VDD_CPU_GPU_CV 3277mW/3351mW VDD_SOC 1779mW/1854mW
09-12-2026 22:45:55 RAM 6507/7620MB (lfb 1x2MB) SWAP 908/12002MB (cached 11MB) CPU [0%@1728,1%@1728,0%@1728,0%@1728,2%@1728,82%@1728] GR3D_FREQ 32% cpu@56.343C soc2@55.031C soc0@54.937C gpu@56.281C tj@56.343C soc1@55.5C VDD_IN 11117mW/8696mW VDD_CPU_GPU_CV 5108mW/3364mW VDD_SOC 2128mW/1856mW
09-12-2026 22:45:56 RAM 6507/7620MB (lfb 1x2MB) SWAP 908/12002MB (cached 11MB) CPU [1%@1728,1%@1728,0%@1728,0%@1728,0%@1728,98%@1728] GR3D_FREQ 41% cpu@56.562C soc2@54.968C soc0@55C gpu@56.25C tj@56.562C soc1@55.562C VDD_IN 9255mW/8700mW VDD_CPU_GPU_CV 3863mW/3367mW VDD_SOC 1855mW/1856mW
09-12-2026 22:45:56 RAM 6507/7620MB (lfb 1x2MB) SWAP 908/12002MB (cached 11MB) CPU [0%@1728,0%@1728,1%@1728,0%@1728,1%@1728,100%@1728] GR3D_FREQ 50% cpu@56.437C soc2@54.968C soc0@55.031C gpu@56.031C tj@56.437C soc1@55.531C VDD_IN 8582mW/8699mW VDD_CPU_GPU_CV 3395mW/3368mW VDD_SOC 1779mW/1856mW
09-12-2026 22:45:57 RAM 6507/7620MB (lfb 1x2MB) SWAP 908/12002MB (cached 11MB) CPU [0%@1728,0%@1728,1%@1728,0%@1728,0%@1728,86%@1728] GR3D_FREQ 79% cpu@56.718C soc2@55C soc0@54.968C gpu@57.156C tj@57.156C soc1@55.531C VDD_IN 10424mW/8712mW VDD_CPU_GPU_CV 4526mW/3376mW VDD_SOC 2050mW/1857mW
09-12-2026 22:45:57 RAM 6507/7620MB (lfb 1x2MB) SWAP 908/12002MB (cached 11MB) CPU [1%@1728,1%@1728,0%@1728,0%@1728,0%@1728,92%@1728] GR3D_FREQ 38% cpu@56.562C soc2@55.062C soc0@54.968C gpu@56.281C tj@56.562C soc1@55.531C VDD_IN 10503mW/8725mW VDD_CPU_GPU_CV 4565mW/3385mW VDD_SOC 2050mW/1859mW
09-12-2026 22:45:58 RAM 6507/7620MB (lfb 1x2MB) SWAP 908/12002MB (cached 11MB) CPU [0%@1728,0%@1728,0%@1728,0%@1728,0%@1728,100%@1728] GR3D_FREQ 48% cpu@56.468C soc2@55C soc0@55C gpu@56.218C tj@56.468C soc1@55.75C VDD_IN 8978mW/8727mW VDD_CPU_GPU_CV 3666mW/3387mW VDD_SOC 1819mW/1858mW
09-12-2026 22:45:58 RAM 6507/7620MB (lfb 1x2MB) SWAP 908/12002MB (cached 11MB) CPU [0%@1728,0%@1728,0%@1728,0%@1728,0%@1728,98%@1728] GR3D_FREQ 48% cpu@56.406C soc2@55.031C soc0@55.031C gpu@56.093C tj@56.406C soc1@55.593C VDD_IN 8464mW/8725mW VDD_CPU_GPU_CV 3316mW/3386mW VDD_SOC 1779mW/1858mW
09-12-2026 22:45:59 RAM 6507/7620MB (lfb 1x2MB) SWAP 908/12002MB (cached 11MB) CPU [0%@729,0%@729,3%@729,0%@729,0%@1728,84%@1728] GR3D_FREQ 73% cpu@56.875C soc2@55.125C soc0@54.937C gpu@57.031C tj@57.031C soc1@55.593C VDD_IN 10108mW/8735mW VDD_CPU_GPU_CV 4290mW/3392mW VDD_SOC 2053mW/1859mW
09-12-2026 22:45:59 RAM 6507/7620MB (lfb 1x2MB) SWAP 908/12002MB (cached 11MB) CPU [0%@1728,0%@1728,0%@1728,0%@1728,0%@1728,94%@1728] GR3D_FREQ 38% cpu@56.781C soc2@55.218C soc0@55.187C gpu@56.437C tj@56.781C soc1@55.75C VDD_IN 10582mW/8747mW VDD_CPU_GPU_CV 4605mW/3401mW VDD_SOC 2050mW/1860mW
09-12-2026 22:46:00 RAM 6507/7620MB (lfb 1x2MB) SWAP 908/12002MB (cached 11MB) CPU [0%@729,0%@729,1%@729,0%@729,0%@1728,100%@1728] GR3D_FREQ 52% cpu@56.812C soc2@55.062C soc0@55.218C gpu@56.281C tj@56.812C soc1@55.843C VDD_IN 9096mW/8750mW VDD_CPU_GPU_CV 3627mW/3403mW VDD_SOC 1858mW/1860mW
09-12-2026 22:46:00 RAM 6506/7620MB (lfb 1x2MB) SWAP 908/12002MB (cached 11MB) CPU [1%@1728,1%@1728,1%@1728,0%@1728,0%@1728,98%@1728] GR3D_FREQ 33% cpu@56.656C soc2@55.062C soc0@55.093C gpu@56.031C tj@56.656C soc1@55.718C VDD_IN 8240mW/8746mW VDD_CPU_GPU_CV 3159mW/3401mW VDD_SOC 1740mW/1860mW
09-12-2026 22:46:01 RAM 6506/7620MB (lfb 1x2MB) SWAP 908/12002MB (cached 11MB) CPU [0%@1728,1%@1728,0%@1728,0%@1728,0%@1728,80%@1728] GR3D_FREQ 32% cpu@56.781C soc2@55.25C soc0@55.093C gpu@56.75C tj@56.781C soc1@55.937C VDD_IN 11393mW/8764mW VDD_CPU_GPU_CV 5178mW/3413mW VDD_SOC 2207mW/1862mW
09-12-2026 22:46:02 RAM 6506/7620MB (lfb 1x2MB) SWAP 908/12002MB (cached 11MB) CPU [0%@729,0%@729,0%@729,0%@729,0%@1728,100%@1728] GR3D_FREQ 43% cpu@56.656C soc2@55.187C soc0@55.156C gpu@56.375C tj@56.656C soc1@55.843C VDD_IN 9294mW/8768mW VDD_CPU_GPU_CV 3942mW/3417mW VDD_SOC 1895mW/1862mW
09-12-2026 22:46:02 RAM 6506/7620MB (lfb 1x2MB) SWAP 908/12002MB (cached 11MB) CPU [0%@1728,0%@1728,0%@1728,1%@1728,0%@1728,98%@1728] GR3D_FREQ 47% cpu@56.75C soc2@55.218C soc0@55.125C gpu@56.312C tj@56.593C soc1@55.906C VDD_IN 8582mW/8767mW VDD_CPU_GPU_CV 3435mW/3417mW VDD_SOC 1779mW/1862mW
09-12-2026 22:46:03 RAM 6506/7620MB (lfb 1x2MB) SWAP 908/12002MB (cached 11MB) CPU [0%@729,0%@729,0%@729,0%@729,0%@1728,86%@1728] GR3D_FREQ 98% cpu@57.187C soc2@55.375C soc0@55.093C gpu@57.531C tj@57.531C soc1@55.875C VDD_IN 11511mW/8785mW VDD_CPU_GPU_CV 5147mW/3428mW VDD_SOC 2243mW/1864mW
09-12-2026 22:46:03 RAM 6506/7620MB (lfb 1x2MB) SWAP 908/12002MB (cached 11MB) CPU [0%@1728,1%@1728,0%@1728,3%@1728,0%@1728,94%@1728] GR3D_FREQ 38% cpu@56.937C soc2@55.281C soc0@55.343C gpu@56.625C tj@56.937C soc1@55.843C VDD_IN 10227mW/8795mW VDD_CPU_GPU_CV 4447mW/3435mW VDD_SOC 2050mW/1865mW
09-12-2026 22:46:04 RAM 6506/7620MB (lfb 1x2MB) SWAP 908/12002MB (cached 11MB) CPU [1%@729,0%@729,0%@729,0%@729,0%@1728,98%@1728] GR3D_FREQ 43% cpu@56.968C soc2@55.312C soc0@55.375C gpu@56.343C tj@56.968C soc1@55.937C VDD_IN 8938mW/8796mW VDD_CPU_GPU_CV 3632mW/3436mW VDD_SOC 1819mW/1865mW
09-12-2026 22:46:04 RAM 6507/7620MB (lfb 1x2MB) SWAP 908/12002MB (cached 11MB) CPU [1%@729,1%@729,1%@729,0%@729,0%@1728,98%@1728] GR3D_FREQ 0% cpu@56.843C soc2@55.187C soc0@55.281C gpu@56.25C tj@56.875C soc1@55.812C VDD_IN 8319mW/8793mW VDD_CPU_GPU_CV 3198mW/3435mW VDD_SOC 1740mW/1864mW
09-12-2026 22:46:05 RAM 6507/7620MB (lfb 1x2MB) SWAP 908/12002MB (cached 11MB) CPU [0%@1728,0%@1728,0%@1728,0%@1728,0%@1728,80%@1728] GR3D_FREQ 32% cpu@57C soc2@55.5C soc0@55.406C gpu@57.062C tj@57.062C soc1@55.937C VDD_IN 11630mW/8811mW VDD_CPU_GPU_CV 5257mW/3447mW VDD_SOC 2322mW/1867mW
09-12-2026 22:46:05 RAM 6507/7620MB (lfb 1x2MB) SWAP 908/12002MB (cached 11MB) CPU [0%@1728,0%@1728,0%@1728,0%@1728,0%@1728,100%@1728] GR3D_FREQ 42% cpu@56.906C soc2@55.375C soc0@55.437C gpu@56.593C tj@56.906C soc1@56.093C VDD_IN 9452mW/8815mW VDD_CPU_GPU_CV 3902mW/3450mW VDD_SOC 1895mW/1867mW
09-12-2026 22:46:06 RAM 6507/7620MB (lfb 1x2MB) SWAP 908/12002MB (cached 11MB) CPU [0%@1728,0%@1728,0%@1728,1%@1728,0%@1728,98%@1728] GR3D_FREQ 48% cpu@56.812C soc2@55.406C soc0@55.312C gpu@56.562C tj@56.812C soc1@56.031C VDD_IN 8661mW/8814mW VDD_CPU_GPU_CV 3435mW/3450mW VDD_SOC 1779mW/1867mW
09-12-2026 22:46:06 RAM 6506/7620MB (lfb 1x2MB) SWAP 908/12002MB (cached 11MB) CPU [1%@1728,0%@1728,0%@1728,0%@1728,0%@1728,80%@1728] GR3D_FREQ 27% cpu@57.25C soc2@55.812C soc0@55.406C gpu@57.468C tj@57.468C soc1@56.125C VDD_IN 12752mW/8840mW VDD_CPU_GPU_CV 5875mW/3465mW VDD_SOC 2436mW/1871mW
09-12-2026 22:46:07 RAM 6506/7620MB (lfb 1x2MB) SWAP 908/12002MB (cached 11MB) CPU [0%@1728,0%@1728,0%@1728,1%@1728,0%@1728,100%@1728] GR3D_FREQ 41% cpu@57.218C soc2@55.562C soc0@55.656C gpu@56.718C tj@57.218C soc1@56.031C VDD_IN 9793mW/8846mW VDD_CPU_GPU_CV 4172mW/3470mW VDD_SOC 1974mW/1871mW
09-12-2026 22:46:07 RAM 6506/7620MB (lfb 1x2MB) SWAP 908/12002MB (cached 11MB) CPU [0%@1728,0%@1728,0%@1728,0%@1728,0%@1728,98%@1728] GR3D_FREQ 48% cpu@57.031C soc2@55.468C soc0@55.593C gpu@56.531C tj@57.031C soc1@56.062C VDD_IN 8740mW/8845mW VDD_CPU_GPU_CV 3514mW/3470mW VDD_SOC 1819mW/1871mW
09-12-2026 22:46:08 RAM 6506/7620MB (lfb 1x2MB) SWAP 908/12002MB (cached 11MB) CPU [0%@729,0%@729,0%@729,0%@729,0%@1728,100%@1728] GR3D_FREQ 52% cpu@57C soc2@55.375C soc0@55.468C gpu@56.5C tj@57C soc1@56.093C VDD_IN 8464mW/8843mW VDD_CPU_GPU_CV 3277mW/3469mW VDD_SOC 1779mW/1870mW
09-12-2026 22:46:08 RAM 6506/7620MB (lfb 1x2MB) SWAP 908/12002MB (cached 11MB) CPU [0%@1728,0%@1728,0%@1728,0%@1728,0%@1728,78%@1728] GR3D_FREQ 84% cpu@57.093C soc2@55.812C soc0@55.531C gpu@57.687C tj@57.687C soc1@56.25C VDD_IN 12555mW/8866mW VDD_CPU_GPU_CV 5836mW/3484mW VDD_SOC 2397mW/1874mW
09-12-2026 22:46:09 RAM 6506/7620MB (lfb 1x2MB) SWAP 908/12002MB (cached 11MB) CPU [0%@1728,0%@1728,0%@1728,0%@1728,0%@1728,100%@1728] GR3D_FREQ 43% cpu@57.031C soc2@55.562C soc0@55.531C gpu@56.875C tj@57.031C soc1@56.093C VDD_IN 9753mW/8871mW VDD_CPU_GPU_CV 4132mW/3488mW VDD_SOC 1934mW/1874mW
09-12-2026 22:46:09 RAM 6506/7620MB (lfb 1x2MB) SWAP 908/12002MB (cached 11MB) CPU [0%@1728,3%@1728,1%@1728,0%@1728,0%@1728,98%@1728] GR3D_FREQ 49% cpu@57C soc2@55.687C soc0@55.562C gpu@56.625C tj@57C soc1@56.187C VDD_IN 8820mW/8871mW VDD_CPU_GPU_CV 3474mW/3488mW VDD_SOC 1819mW/1874mW
09-12-2026 22:46:10 RAM 6506/7620MB (lfb 1x2MB) SWAP 908/12002MB (cached 11MB) CPU [0%@1728,1%@1728,0%@1728,0%@1728,0%@1728,100%@1728] GR3D_FREQ 52% cpu@57.156C soc2@55.5C soc0@55.656C gpu@57C tj@57.156C soc1@56.156C VDD_IN 8517mW/8869mW VDD_CPU_GPU_CV 3277mW/3486mW VDD_SOC 1779mW/1873mW
09-12-2026 22:46:10 RAM 6506/7620MB (lfb 1x2MB) SWAP 908/12002MB (cached 11MB) CPU [1%@729,1%@729,0%@729,0%@729,2%@1728,98%@1728] GR3D_FREQ 59% cpu@57.187C soc2@55.5C soc0@55.687C gpu@56.5C tj@57.187C soc1@56.156C VDD_IN 8319mW/8865mW VDD_CPU_GPU_CV 3159mW/3484mW VDD_SOC 1779mW/1872mW
09-12-2026 22:46:11 RAM 6506/7620MB (lfb 1x2MB) SWAP 908/12002MB (cached 11MB) CPU [0%@1728,0%@1728,0%@1728,0%@1728,0%@1728,98%@1728] GR3D_FREQ 63% cpu@57.125C soc2@55.531C soc0@55.593C gpu@56.875C tj@57.125C soc1@56.125C VDD_IN 8279mW/8862mW VDD_CPU_GPU_CV 3080mW/3482mW VDD_SOC 1779mW/1872mW
09-12-2026 22:46:11 RAM 6506/7620MB (lfb 1x2MB) SWAP 908/12002MB (cached 11MB) CPU [0%@1728,0%@1728,0%@1728,0%@1728,0%@1728,98%@1728] GR3D_FREQ 63% cpu@56.968C soc2@55.5C soc0@55.5C gpu@56.562C tj@57C soc1@56.406C VDD_IN 8240mW/8858mW VDD_CPU_GPU_CV 3080mW/3479mW VDD_SOC 1779mW/1871mW
09-12-2026 22:46:12 RAM 6506/7620MB (lfb 1x2MB) SWAP 908/12002MB (cached 11MB) CPU [1%@729,1%@729,1%@729,0%@729,0%@1728,98%@1728] GR3D_FREQ 63% cpu@56.968C soc2@55.5C soc0@55.531C gpu@56.812C tj@57C soc1@56.312C VDD_IN 8279mW/8855mW VDD_CPU_GPU_CV 3080mW/3477mW VDD_SOC 1779mW/1871mW
09-12-2026 22:46:12 RAM 6506/7620MB (lfb 1x2MB) SWAP 908/12002MB (cached 11MB) CPU [1%@729,0%@1728,0%@1728,0%@1728,0%@1728,98%@1728] GR3D_FREQ 60% cpu@56.906C soc2@55.562C soc0@55.625C gpu@56.531C tj@56.906C soc1@56.281C VDD_IN 8240mW/8851mW VDD_CPU_GPU_CV 3119mW/3475mW VDD_SOC 1779mW/1870mW
09-12-2026 22:46:13 RAM 6506/7620MB (lfb 1x2MB) SWAP 908/12002MB (cached 11MB) CPU [0%@729,0%@1728,0%@1728,0%@1728,0%@1728,98%@1728] GR3D_FREQ 59% cpu@57.093C soc2@55.5C soc0@55.687C gpu@56.812C tj@57.093C soc1@56.218C VDD_IN 8240mW/8847mW VDD_CPU_GPU_CV 3080mW/3472mW VDD_SOC 1779mW/1870mW
09-12-2026 22:46:13 RAM 6506/7620MB (lfb 1x2MB) SWAP 908/12002MB (cached 11MB) CPU [0%@729,0%@729,1%@729,1%@729,0%@1728,98%@1728] GR3D_FREQ 60% cpu@57.281C soc2@55.593C soc0@55.718C gpu@56.656C tj@57.281C soc1@56.187C VDD_IN 8279mW/8844mW VDD_CPU_GPU_CV 3080mW/3470mW VDD_SOC 1779mW/1869mW
09-12-2026 22:46:14 RAM 6506/7620MB (lfb 1x2MB) SWAP 908/12002MB (cached 11MB) CPU [0%@1728,0%@1728,0%@1728,0%@1728,0%@1728,98%@1728] GR3D_FREQ 56% cpu@57C soc2@55.5C soc0@55.656C gpu@56.75C tj@57C soc1@56.156C VDD_IN 8279mW/8841mW VDD_CPU_GPU_CV 3080mW/3468mW VDD_SOC 1779mW/1869mW
09-12-2026 22:46:14 RAM 6506/7620MB (lfb 1x2MB) SWAP 908/12002MB (cached 11MB) CPU [0%@729,1%@729,0%@729,0%@729,0%@1728,98%@1728] GR3D_FREQ 99% cpu@57.156C soc2@55.625C soc0@55.656C gpu@57.281C tj@57.281C soc1@56.312C VDD_IN 8701mW/8840mW VDD_CPU_GPU_CV 3395mW/3467mW VDD_SOC 1858mW/1869mW
09-12-2026 22:46:15 RAM 6506/7620MB (lfb 1x2MB) SWAP 908/12002MB (cached 11MB) CPU [0%@729,0%@729,0%@729,0%@729,0%@1728,80%@1728] GR3D_FREQ 33% cpu@57.187C soc2@55.906C soc0@55.656C gpu@57.375C tj@57.375C soc1@56.406C VDD_IN 10920mW/8852mW VDD_CPU_GPU_CV 4872mW/3476mW VDD_SOC 2128mW/1870mW
09-12-2026 22:46:15 RAM 6506/7620MB (lfb 1x2MB) SWAP 908/12002MB (cached 11MB) CPU [0%@729,0%@729,0%@729,0%@729,0%@1728,100%@1728] GR3D_FREQ 42% cpu@57.312C soc2@55.812C soc0@55.656C gpu@56.968C tj@57.312C soc1@56.375C VDD_IN 9215mW/8854mW VDD_CPU_GPU_CV 3784mW/3477mW VDD_SOC 1855mW/1870mW
09-12-2026 22:46:16 RAM 6506/7620MB (lfb 1x2MB) SWAP 908/12002MB (cached 11MB) CPU [0%@729,0%@729,0%@1728,0%@1728,0%@1728,98%@1728] GR3D_FREQ 51% cpu@57.312C soc2@55.812C soc0@55.875C gpu@57C tj@57.312C soc1@56.312C VDD_IN 8543mW/8852mW VDD_CPU_GPU_CV 3356mW/3477mW VDD_SOC 1779mW/1869mW
09-12-2026 22:46:16 RAM 6506/7620MB (lfb 1x2MB) SWAP 908/12002MB (cached 11MB) CPU [1%@1728,1%@1728,0%@1728,1%@1728,0%@1728,98%@1728] GR3D_FREQ 59% cpu@57.312C soc2@55.75C soc0@55.812C gpu@56.812C tj@57.312C soc1@56.343C VDD_IN 8358mW/8850mW VDD_CPU_GPU_CV 3198mW/3475mW VDD_SOC 1779mW/1869mW
09-12-2026 22:46:17 RAM 6506/7620MB (lfb 1x2MB) SWAP 908/12002MB (cached 11MB) CPU [0%@729,0%@729,0%@729,0%@1728,0%@1728,98%@1728] GR3D_FREQ 58% cpu@57.218C soc2@55.687C soc0@55.718C gpu@56.687C tj@57.218C soc1@56.406C VDD_IN 8279mW/8846mW VDD_CPU_GPU_CV 3119mW/3473mW VDD_SOC 1779mW/1868mW
09-12-2026 22:46:17 RAM 6506/7620MB (lfb 1x2MB) SWAP 908/12002MB (cached 11MB) CPU [0%@729,3%@729,0%@729,0%@729,0%@1728,98%@1728] GR3D_FREQ 62% cpu@57.093C soc2@55.656C soc0@55.625C gpu@56.812C tj@57.093C soc1@56.531C VDD_IN 8279mW/8843mW VDD_CPU_GPU_CV 3080mW/3471mW VDD_SOC 1779mW/1868mW
09-12-2026 22:46:18 RAM 6506/7620MB (lfb 1x2MB) SWAP 908/12002MB (cached 11MB) CPU [1%@1728,0%@1728,0%@1728,0%@1728,0%@1728,100%@1728] GR3D_FREQ 64% cpu@57.156C soc2@55.718C soc0@55.718C gpu@56.75C tj@57.156C soc1@56.468C VDD_IN 8240mW/8840mW VDD_CPU_GPU_CV 3080mW/3469mW VDD_SOC 1779mW/1867mW
09-12-2026 22:46:18 RAM 6506/7620MB (lfb 1x2MB) SWAP 908/12002MB (cached 11MB) CPU [0%@729,0%@729,0%@729,0%@729,0%@1728,98%@1728] GR3D_FREQ 64% cpu@57.156C soc2@55.687C soc0@55.687C gpu@56.75C tj@57.156C soc1@56.406C VDD_IN 8240mW/8836mW VDD_CPU_GPU_CV 3080mW/3467mW VDD_SOC 1779mW/1867mW
09-12-2026 22:46:19 RAM 6508/7620MB (lfb 1x2MB) SWAP 908/12002MB (cached 11MB) CPU [0%@1728,1%@1728,0%@1728,0%@1728,1%@1728,98%@1728] GR3D_FREQ 59% cpu@57.437C soc2@55.656C soc0@55.75C gpu@56.718C tj@57.437C soc1@56.437C VDD_IN 8240mW/8833mW VDD_CPU_GPU_CV 3080mW/3464mW VDD_SOC 1779mW/1866mW
09-12-2026 22:46:19 RAM 6508/7620MB (lfb 1x2MB) SWAP 908/12002MB (cached 11MB) CPU [0%@1728,0%@1728,2%@1728,0%@1728,0%@1728,98%@1728] GR3D_FREQ 64% cpu@57.343C soc2@55.718C soc0@55.843C gpu@56.75C tj@57.343C soc1@56.406C VDD_IN 8240mW/8830mW VDD_CPU_GPU_CV 3080mW/3462mW VDD_SOC 1779mW/1866mW
09-12-2026 22:46:20 RAM 6508/7620MB (lfb 1x2MB) SWAP 908/12002MB (cached 11MB) CPU [0%@1728,0%@1728,0%@1728,0%@1728,0%@1728,98%@1728] GR3D_FREQ 65% cpu@57.312C soc2@55.687C soc0@55.75C gpu@56.687C tj@57.312C soc1@56.312C VDD_IN 8240mW/8827mW VDD_CPU_GPU_CV 3119mW/3460mW VDD_SOC 1779mW/1866mW
09-12-2026 22:46:20 RAM 6508/7620MB (lfb 1x2MB) SWAP 908/12002MB (cached 11MB) CPU [0%@729,1%@729,1%@729,0%@729,0%@1728,98%@1728] GR3D_FREQ 64% cpu@57.25C soc2@55.718C soc0@55.781C gpu@56.718C tj@57.25C soc1@56.562C VDD_IN 8279mW/8824mW VDD_CPU_GPU_CV 3119mW/3459mW VDD_SOC 1779mW/1865mW
09-12-2026 22:46:21 RAM 6508/7620MB (lfb 1x2MB) SWAP 908/12002MB (cached 11MB) CPU [1%@729,0%@729,0%@729,0%@729,0%@1651,83%@1651] GR3D_FREQ 99% cpu@57.468C soc2@56.125C soc0@55.781C gpu@58.312C tj@58.312C soc1@56.5C VDD_IN 12673mW/8844mW VDD_CPU_GPU_CV 5875mW/3472mW VDD_SOC 2397mW/1868mW
09-12-2026 22:46:21 RAM 6508/7620MB (lfb 1x2MB) SWAP 908/12002MB (cached 11MB) CPU [0%@1728,1%@1728,0%@1728,0%@1728,0%@1728,96%@1728] GR3D_FREQ 39% cpu@57.468C soc2@56C soc0@55.781C gpu@57.281C tj@57.312C soc1@56.562C VDD_IN 9911mW/8850mW VDD_CPU_GPU_CV 4250mW/3476mW VDD_SOC 1934mW/1868mW
09-12-2026 22:46:22 RAM 6508/7620MB (lfb 1x2MB) SWAP 908/12002MB (cached 11MB) CPU [0%@1728,0%@1728,0%@1728,0%@1728,0%@1728,100%@1728] GR3D_FREQ 51% cpu@57.406C soc2@55.875C soc0@55.781C gpu@57.031C tj@57.406C soc1@56.5C VDD_IN 8780mW/8850mW VDD_CPU_GPU_CV 3593mW/3476mW VDD_SOC 1819mW/1868mW
09-12-2026 22:46:22 RAM 6508/7620MB (lfb 1x2MB) SWAP 908/12002MB (cached 11MB) CPU [0%@729,0%@729,0%@729,0%@729,0%@1728,98%@1728] GR3D_FREQ 47% cpu@57.593C soc2@55.906C soc0@55.906C gpu@57.218C tj@57.593C soc1@56.468C VDD_IN 8385mW/8847mW VDD_CPU_GPU_CV 3316mW/3476mW VDD_SOC 1779mW/1868mW
