09-12-2026 22:42:50 RAM 3715/7620MB (lfb 170x1MB) SWAP 805/12002MB (cached 12MB) CPU [12%@1728,8%@1728,12%@1728,100%@1728,3%@729,0%@729] GR3D_FREQ 0% cpu@49.593C soc2@47.312C soc0@48.093C gpu@48.468C tj@49.593C soc1@48.562C VDD_IN 5842mW/5842mW VDD_CPU_GPU_CV 1587mW/1587mW VDD_SOC 1470mW/1470mW
09-12-2026 22:42:51 RAM 3822/7620MB (lfb 170x1MB) SWAP 805/12002MB (cached 12MB) CPU [40%@729,5%@729,32%@729,36%@729,33%@729,38%@729] GR3D_FREQ 9% cpu@49.312C soc2@47.406C soc0@48.093C gpu@48.593C tj@49.312C soc1@48.437C VDD_IN 6041mW/5942mW VDD_CPU_GPU_CV 1428mW/1508mW VDD_SOC 1589mW/1530mW
09-12-2026 22:42:51 RAM 3887/7620MB (lfb 146x1MB) SWAP 805/12002MB (cached 12MB) CPU [25%@729,0%@729,19%@729,20%@729,0%@1728,80%@1728] GR3D_FREQ 0% cpu@49.281C soc2@47.406C soc0@48.062C gpu@48.5C tj@49.281C soc1@48.625C VDD_IN 5842mW/5908mW VDD_CPU_GPU_CV 1230mW/1415mW VDD_SOC 1589mW/1549mW
09-12-2026 22:42:52 RAM 3942/7620MB (lfb 106x1MB) SWAP 805/12002MB (cached 12MB) CPU [22%@883,8%@883,22%@883,18%@883,3%@729,78%@729] GR3D_FREQ 33% cpu@49.437C soc2@47.375C soc0@48.062C gpu@48.593C tj@49.437C soc1@48.625C VDD_IN 5882mW/5902mW VDD_CPU_GPU_CV 1230mW/1369mW VDD_SOC 1589mW/1559mW
09-12-2026 22:42:52 RAM 3867/7620MB (lfb 113x1MB) SWAP 805/12002MB (cached 12MB) CPU [50%@1728,4%@1728,36%@1728,38%@1728,40%@729,54%@729] GR3D_FREQ 20% cpu@49.125C soc2@47.562C soc0@48.093C gpu@48.375C tj@49.218C soc1@48.687C VDD_IN 5921mW/5906mW VDD_CPU_GPU_CV 1230mW/1341mW VDD_SOC 1629mW/1573mW
09-12-2026 22:42:53 RAM 3846/7620MB (lfb 113x1MB) SWAP 805/12002MB (cached 12MB) CPU [15%@729,9%@729,1%@729,8%@729,6%@1728,91%@1728] GR3D_FREQ 0% cpu@49.406C soc2@47.5C soc0@48.062C gpu@48.562C tj@49.218C soc1@48.687C VDD_IN 5802mW/5888mW VDD_CPU_GPU_CV 1190mW/1316mW VDD_SOC 1589mW/1576mW
09-12-2026 22:42:53 RAM 3918/7620MB (lfb 113x1MB) SWAP 805/12002MB (cached 12MB) CPU [37%@729,33%@729,2%@729,28%@729,28%@729,70%@729] GR3D_FREQ 79% cpu@49.5C soc2@47.5C soc0@48.062C gpu@48.781C tj@49.5C soc1@48.531C VDD_IN 5921mW/5893mW VDD_CPU_GPU_CV 1230mW/1304mW VDD_SOC 1629mW/1583mW
09-12-2026 22:42:54 RAM 4113/7620MB (lfb 114x1MB) SWAP 805/12002MB (cached 12MB) CPU [44%@729,36%@729,6%@729,30%@729,35%@806,68%@806] GR3D_FREQ 32% cpu@49.5C soc2@47.406C soc0@48.218C gpu@48.562C tj@49.5C soc1@48.531C VDD_IN 5882mW/5892mW VDD_CPU_GPU_CV 1190mW/1289mW VDD_SOC 1629mW/1589mW
09-12-2026 22:42:54 RAM 4119/7620MB (lfb 114x1MB) SWAP 805/12002MB (cached 12MB) CPU [3%@729,0%@729,0%@729,0%@729,2%@1728,98%@1728] GR3D_FREQ 0% cpu@49.312C soc2@47.468C soc0@48.093C gpu@48.75C tj@49.312C soc1@48.531C VDD_IN 5723mW/5873mW VDD_CPU_GPU_CV 1152mW/1274mW VDD_SOC 1589mW/1589mW
09-12-2026 22:42:55 RAM 4371/7620MB (lfb 114x1MB) SWAP 805/12002MB (cached 12MB) CPU [50%@729,42%@1728,40%@1728,1%@1728,42%@806,60%@806] GR3D_FREQ 34% cpu@49.468C soc2@47.437C soc0@48.125C gpu@48.625C tj@49.468C soc1@48.781C VDD_IN 5961mW/5882mW VDD_CPU_GPU_CV 1269mW/1274mW VDD_SOC 1629mW/1593mW
09-12-2026 22:42:55 RAM 4503/7620MB (lfb 114x1MB) SWAP 805/12002MB (cached 12MB) CPU [65%@1728,24%@1728,10%@1728,13%@1728,31%@729,31%@729] GR3D_FREQ 0% cpu@49.5C soc2@47.5C soc0@48.125C gpu@48.75C tj@49.5C soc1@48.75C VDD_IN 5802mW/5874mW VDD_CPU_GPU_CV 1150mW/1262mW VDD_SOC 1629mW/1596mW
09-12-2026 22:42:56 RAM 4603/7620MB (lfb 100x1MB) SWAP 805/12002MB (cached 12MB) CPU [86%@960,10%@960,8%@960,11%@960,0%@960,19%@960] GR3D_FREQ 52% cpu@49.406C soc2@47.625C soc0@48.125C gpu@48.468C tj@49.5C soc1@48.75C VDD_IN 5961mW/5882mW VDD_CPU_GPU_CV 1309mW/1266mW VDD_SOC 1589mW/1596mW
09-12-2026 22:42:56 RAM 4836/7620MB (lfb 88x1MB) SWAP 805/12002MB (cached 12MB) CPU [30%@1728,46%@1728,32%@1728,47%@1728,28%@729,39%@729] GR3D_FREQ 46% cpu@49.312C soc2@47.593C soc0@48.125C gpu@48.593C tj@49.343C soc1@48.812C VDD_IN 6001mW/5891mW VDD_CPU_GPU_CV 1309mW/1270mW VDD_SOC 1629mW/1598mW
09-12-2026 22:42:57 RAM 4909/7620MB (lfb 85x1MB) SWAP 805/12002MB (cached 12MB) CPU [11%@729,15%@729,12%@729,15%@729,18%@1728,78%@1728] GR3D_FREQ 0% cpu@49.312C soc2@47.5C soc0@48.156C gpu@48.406C tj@49.312C soc1@48.718C VDD_IN 5921mW/5893mW VDD_CPU_GPU_CV 1230mW/1267mW VDD_SOC 1629mW/1601mW
09-12-2026 22:42:57 RAM 5083/7620MB (lfb 60x1MB) SWAP 805/12002MB (cached 12MB) CPU [24%@1497,22%@1497,16%@1728,38%@1728,1%@806,76%@806] GR3D_FREQ 68% cpu@49.937C soc2@47.531C soc0@48.093C gpu@48.593C tj@49.843C soc1@48.75C VDD_IN 6080mW/5905mW VDD_CPU_GPU_CV 1388mW/1275mW VDD_SOC 1629mW/1602mW
09-12-2026 22:42:58 RAM 5284/7620MB (lfb 52x1MB) SWAP 805/12002MB (cached 12MB) CPU [42%@1728,28%@1728,30%@1728,36%@1728,9%@729,65%@729] GR3D_FREQ 34% cpu@49.625C soc2@47.562C soc0@48.156C gpu@48.656C tj@49.625C soc1@48.718C VDD_IN 6080mW/5916mW VDD_CPU_GPU_CV 1349mW/1279mW VDD_SOC 1629mW/1604mW
09-12-2026 22:42:58 RAM 5306/7620MB (lfb 50x1MB) SWAP 805/12002MB (cached 12MB) CPU [1%@1728,5%@1728,5%@1728,8%@1728,6%@1728,96%@1728] GR3D_FREQ 0% cpu@49.5C soc2@47.625C soc0@48.343C gpu@48.75C tj@49.5C soc1@48.75C VDD_IN 5842mW/5912mW VDD_CPU_GPU_CV 1190mW/1274mW VDD_SOC 1589mW/1603mW
09-12-2026 22:42:59 RAM 5484/7620MB (lfb 51x1MB) SWAP 805/12002MB (cached 12MB) CPU [32%@1113,38%@1113,27%@1113,24%@1113,16%@729,34%@729] GR3D_FREQ 15% cpu@49.593C soc2@47.5C soc0@48.312C gpu@48.625C tj@49.593C soc1@48.656C VDD_IN 5802mW/5906mW VDD_CPU_GPU_CV 1190mW/1270mW VDD_SOC 1589mW/1602mW
09-12-2026 22:42:59 RAM 5778/7620MB (lfb 4x1MB) SWAP 805/12002MB (cached 12MB) CPU [50%@1728,0%@1728,46%@1728,45%@1728,41%@883,62%@883] GR3D_FREQ 19% cpu@49.687C soc2@47.593C soc0@48.25C gpu@48.625C tj@49.968C soc1@48.718C VDD_IN 5842mW/5903mW VDD_CPU_GPU_CV 1190mW/1265mW VDD_SOC 1629mW/1604mW
09-12-2026 22:43:00 RAM 5806/7620MB (lfb 1x256kB) SWAP 805/12002MB (cached 12MB) CPU [4%@729,4%@729,2%@729,4%@729,0%@1728,98%@1728] GR3D_FREQ 0% cpu@49.468C soc2@47.625C soc0@48.312C gpu@48.562C tj@49.468C soc1@48.906C VDD_IN 5762mW/5896mW VDD_CPU_GPU_CV 1150mW/1260mW VDD_SOC 1589mW/1603mW
09-12-2026 22:43:00 RAM 5991/7620MB (lfb 1x128kB) SWAP 805/12002MB (cached 12MB) CPU [19%@1728,32%@1728,43%@1728,45%@1728,14%@1728,59%@1728] GR3D_FREQ 24% cpu@49.656C soc2@47.593C soc0@48.281C gpu@48.781C tj@49.75C soc1@48.937C VDD_IN 6200mW/5910mW VDD_CPU_GPU_CV 1547mW/1273mW VDD_SOC 1629mW/1604mW
09-12-2026 22:43:01 RAM 6054/7620MB (lfb 1974x32kB) SWAP 805/12002MB (cached 12MB) CPU [6%@1728,91%@1728,5%@1728,6%@1728,9%@729,5%@729] GR3D_FREQ 0% cpu@49.5C soc2@47.687C soc0@48.281C gpu@48.968C tj@49.5C soc1@48.812C VDD_IN 5961mW/5912mW VDD_CPU_GPU_CV 1309mW/1275mW VDD_SOC 1589mW/1604mW
09-12-2026 22:43:01 RAM 6089/7620MB (lfb 1x1MB) SWAP 805/12002MB (cached 12MB) CPU [7%@1728,96%@1728,0%@1728,0%@1728,12%@729,8%@729] GR3D_FREQ 5% cpu@49.968C soc2@47.718C soc0@48.281C gpu@48.718C tj@49.968C soc1@48.781C VDD_IN 5921mW/5913mW VDD_CPU_GPU_CV 1468mW/1283mW VDD_SOC 1510mW/1600mW
09-12-2026 22:43:02 RAM 6098/7620MB (lfb 1x2MB) SWAP 805/12002MB (cached 12MB) CPU [2%@1728,94%@1728,0%@1728,0%@1728,4%@729,0%@729] GR3D_FREQ 0% cpu@49.625C soc2@47.75C soc0@48.437C gpu@48.687C tj@49.562C soc1@48.812C VDD_IN 5802mW/5908mW VDD_CPU_GPU_CV 1468mW/1291mW VDD_SOC 1470mW/1594mW
09-12-2026 22:43:02 RAM 6101/7620MB (lfb 2x1MB) SWAP 805/12002MB (cached 12MB) CPU [16%@1728,56%@1728,6%@1728,15%@1728,8%@729,10%@729] GR3D_FREQ 0% cpu@49.531C soc2@47.625C soc0@48.406C gpu@48.531C tj@49.531C soc1@48.75C VDD_IN 5484mW/5891mW VDD_CPU_GPU_CV 1192mW/1287mW VDD_SOC 1470mW/1589mW
09-12-2026 22:43:03 RAM 6106/7620MB (lfb 2x1MB) SWAP 805/12002MB (cached 12MB) CPU [6%@729,15%@729,7%@729,2%@1728,8%@1728,70%@1728] GR3D_FREQ 0% cpu@49.5C soc2@47.718C soc0@48.312C gpu@48.625C tj@49.5C soc1@48.937C VDD_IN 5285mW/5868mW VDD_CPU_GPU_CV 1073mW/1279mW VDD_SOC 1470mW/1585mW
09-12-2026 22:43:03 RAM 6178/7620MB (lfb 2x1MB) SWAP 805/12002MB (cached 12MB) CPU [14%@1344,52%@1344,8%@1344,7%@1344,4%@1728,23%@1728] GR3D_FREQ 0% cpu@49.718C soc2@47.781C soc0@48.312C gpu@48.531C tj@49.718C soc1@48.937C VDD_IN 5484mW/5854mW VDD_CPU_GPU_CV 1192mW/1276mW VDD_SOC 1510mW/1582mW
09-12-2026 22:43:04 RAM 6265/7620MB (lfb 2x512kB) SWAP 805/12002MB (cached 12MB) CPU [10%@1728,17%@1728,64%@1728,0%@1728,0%@729,19%@729] GR3D_FREQ 34% cpu@49.781C soc2@47.75C soc0@48.281C gpu@48.781C tj@49.781C soc1@48.875C VDD_IN 5842mW/5853mW VDD_CPU_GPU_CV 1309mW/1277mW VDD_SOC 1550mW/1581mW
09-12-2026 22:43:04 RAM 6361/7620MB (lfb 1x512kB) SWAP 807/12002MB (cached 12MB) CPU [8%@1728,0%@1728,80%@1728,0%@1728,21%@1497,15%@1497] GR3D_FREQ 0% cpu@50.062C soc2@47.812C soc0@48.25C gpu@48.625C tj@50.062C soc1@48.781C VDD_IN 5961mW/5857mW VDD_CPU_GPU_CV 1468mW/1283mW VDD_SOC 1550mW/1580mW
09-12-2026 22:43:05 RAM 6445/7620MB (lfb 3x128kB) SWAP 824/12002MB (cached 11MB) CPU [7%@1728,0%@1728,84%@1728,0%@1728,44%@1728,0%@1728] GR3D_FREQ 88% cpu@50.875C soc2@48.093C soc0@48.531C gpu@50.562C tj@50.875C soc1@48.812C VDD_IN 9848mW/5990mW VDD_CPU_GPU_CV 4021mW/1375mW VDD_SOC 2092mW/1597mW
09-12-2026 22:43:05 RAM 6497/7620MB (lfb 27x64kB) SWAP 843/12002MB (cached 11MB) CPU [2%@1728,1%@1728,96%@1728,0%@1728,25%@729,1%@729] GR3D_FREQ 49% cpu@50.687C soc2@48.187C soc0@48.625C gpu@49.781C tj@50.687C soc1@49.156C VDD_IN 9492mW/6103mW VDD_CPU_GPU_CV 3902mW/1456mW VDD_SOC 1977mW/1609mW
09-12-2026 22:43:06 RAM 6501/7620MB (lfb 1x2MB) SWAP 843/12002MB (cached 11MB) CPU [3%@1728,0%@1728,100%@1728,1%@1728,0%@729,33%@729] GR3D_FREQ 57% cpu@50.593C soc2@48.156C soc0@48.562C gpu@49.75C tj@50.593C soc1@49.093C VDD_IN 8794mW/6187mW VDD_CPU_GPU_CV 3435mW/1518mW VDD_SOC 1858mW/1617mW
09-12-2026 22:43:06 RAM 6502/7620MB (lfb 1x2MB) SWAP 843/12002MB (cached 11MB) CPU [3%@1728,0%@1728,96%@1728,1%@1728,0%@729,3%@729] GR3D_FREQ 99% cpu@50.718C soc2@48.281C soc0@48.562C gpu@50.375C tj@50.375C soc1@49.125C VDD_IN 9136mW/6276mW VDD_CPU_GPU_CV 3632mW/1582mW VDD_SOC 1938mW/1626mW
09-12-2026 22:43:07 RAM 6502/7620MB (lfb 1x2MB) SWAP 843/12002MB (cached 11MB) CPU [2%@1728,0%@1728,86%@1728,0%@1728,1%@729,0%@729] GR3D_FREQ 33% cpu@50.937C soc2@48.531C soc0@48.843C gpu@50.125C tj@50.937C soc1@49.125C VDD_IN 10959mW/6414mW VDD_CPU_GPU_CV 5038mW/1684mW VDD_SOC 2128mW/1641mW
09-12-2026 22:43:07 RAM 6502/7620MB (lfb 1x2MB) SWAP 843/12002MB (cached 11MB) CPU [3%@1728,0%@1728,100%@1728,0%@1728,0%@729,0%@729] GR3D_FREQ 47% cpu@51C soc2@48.5C soc0@48.75C gpu@49.906C tj@51C soc1@49.156C VDD_IN 9057mW/6490mW VDD_CPU_GPU_CV 3790mW/1744mW VDD_SOC 1898mW/1649mW
09-12-2026 22:43:08 RAM 6502/7620MB (lfb 1x2MB) SWAP 843/12002MB (cached 11MB) CPU [2%@1728,0%@1728,98%@1728,0%@1728,0%@729,0%@729] GR3D_FREQ 0% cpu@50.718C soc2@48.406C soc0@48.843C gpu@49.625C tj@50.875C soc1@49.218C VDD_IN 8160mW/6536mW VDD_CPU_GPU_CV 3124mW/1782mW VDD_SOC 1782mW/1652mW
09-12-2026 22:43:08 RAM 6503/7620MB (lfb 1x2MB) SWAP 843/12002MB (cached 11MB) CPU [0%@1728,0%@1728,84%@1728,0%@1728,0%@729,0%@729] GR3D_FREQ 34% cpu@51.187C soc2@48.687C soc0@49C gpu@50.375C tj@51.187C soc1@49.437C VDD_IN 11590mW/6673mW VDD_CPU_GPU_CV 5422mW/1881mW VDD_SOC 2207mW/1667mW
09-12-2026 22:43:09 RAM 6503/7620MB (lfb 1x2MB) SWAP 843/12002MB (cached 11MB) CPU [0%@1728,0%@1728,100%@1728,0%@1728,0%@729,0%@729] GR3D_FREQ 39% cpu@50.968C soc2@48.687C soc0@49.031C gpu@50.093C tj@50.968C soc1@49.312C VDD_IN 9294mW/6742mW VDD_CPU_GPU_CV 3863mW/1933mW VDD_SOC 1898mW/1673mW
09-12-2026 22:43:09 RAM 6503/7620MB (lfb 1x2MB) SWAP 843/12002MB (cached 11MB) CPU [1%@1728,0%@1728,100%@1728,1%@1728,0%@729,0%@729] GR3D_FREQ 46% cpu@51.125C soc2@48.687C soc0@49.093C gpu@49.937C tj@51.125C soc1@49.406C VDD_IN 8477mW/6786mW VDD_CPU_GPU_CV 3316mW/1968mW VDD_SOC 1822mW/1677mW
09-12-2026 22:43:10 RAM 6503/7620MB (lfb 1x2MB) SWAP 843/12002MB (cached 11MB) CPU [0%@1728,0%@1728,82%@1728,0%@1728,0%@729,0%@729] GR3D_FREQ 29% cpu@51.531C soc2@49C soc0@49.062C gpu@51.031C tj@51.531C soc1@49.343C VDD_IN 12280mW/6923mW VDD_CPU_GPU_CV 5845mW/2065mW VDD_SOC 2322mW/1693mW
09-12-2026 22:43:10 RAM 6503/7620MB (lfb 1x2MB) SWAP 843/12002MB (cached 11MB) CPU [3%@1728,0%@1728,100%@1728,0%@1728,0%@729,0%@729] GR3D_FREQ 41% cpu@51.218C soc2@48.906C soc0@49.218C gpu@50.343C tj@51.218C soc1@49.625C VDD_IN 9532mW/6987mW VDD_CPU_GPU_CV 4060mW/2114mW VDD_SOC 1934mW/1699mW
09-12-2026 22:43:11 RAM 6503/7620MB (lfb 1x2MB) SWAP 843/12002MB (cached 11MB) CPU [0%@1728,0%@1728,98%@1728,0%@1728,0%@729,0%@729] GR3D_FREQ 46% cpu@51.218C soc2@48.75C soc0@49.125C gpu@50.312C tj@51.218C soc1@49.562C VDD_IN 8557mW/7024mW VDD_CPU_GPU_CV 3395mW/2144mW VDD_SOC 1819mW/1702mW
09-12-2026 22:43:11 RAM 6503/7620MB (lfb 1x2MB) SWAP 843/12002MB (cached 11MB) CPU [1%@1497,0%@1497,84%@1497,1%@1497,0%@729,0%@729] GR3D_FREQ 98% cpu@51.125C soc2@49.156C soc0@49.187C gpu@51.812C tj@51.812C soc1@49.531C VDD_IN 12988mW/7163mW VDD_CPU_GPU_CV 6227mW/2239mW VDD_SOC 2440mW/1719mW
09-12-2026 22:43:12 RAM 6503/7620MB (lfb 1x2MB) SWAP 843/12002MB (cached 11MB) CPU [0%@1728,0%@1728,100%@1728,0%@1728,0%@729,0%@729] GR3D_FREQ 39% cpu@51.625C soc2@49C soc0@49.437C gpu@50.406C tj@51.625C soc1@49.562C VDD_IN 9808mW/7223mW VDD_CPU_GPU_CV 4178mW/2283mW VDD_SOC 1974mW/1725mW
09-12-2026 22:43:12 RAM 6503/7620MB (lfb 1x2MB) SWAP 843/12002MB (cached 11MB) CPU [1%@1728,0%@1728,98%@1728,0%@1728,0%@729,0%@729] GR3D_FREQ 49% cpu@51.375C soc2@48.937C soc0@49.375C gpu@50.281C tj@51.375C soc1@49.625C VDD_IN 8636mW/7255mW VDD_CPU_GPU_CV 3435mW/2309mW VDD_SOC 1819mW/1727mW
09-12-2026 22:43:13 RAM 6504/7620MB (lfb 1x2MB) SWAP 843/12002MB (cached 11MB) CPU [1%@1728,1%@1728,88%@1728,13%@1728,0%@729,0%@729] GR3D_FREQ 98% cpu@51.937C soc2@49.25C soc0@49.343C gpu@51.75C tj@51.937C soc1@49.718C VDD_IN 12182mW/7362mW VDD_CPU_GPU_CV 5767mW/2384mW VDD_SOC 2322mW/1740mW
09-12-2026 22:43:13 RAM 6512/7620MB (lfb 1x2MB) SWAP 843/12002MB (cached 11MB) CPU [22%@1728,8%@1728,98%@1728,14%@1728,31%@729,20%@729] GR3D_FREQ 33% cpu@51.875C soc2@49.375C soc0@49.406C gpu@50.625C tj@51.875C soc1@49.843C VDD_IN 10503mW/7429mW VDD_CPU_GPU_CV 4801mW/2435mW VDD_SOC 2053mW/1747mW
09-12-2026 22:43:14 RAM 6579/7620MB (lfb 1x1MB) SWAP 858/12002MB (cached 11MB) CPU [24%@1574,36%@1574,57%@1574,47%@1574,78%@1728,17%@1728] GR3D_FREQ 48% cpu@51.781C soc2@49.125C soc0@49.468C gpu@50.5C tj@51.781C soc1@49.843C VDD_IN 9373mW/7469mW VDD_CPU_GPU_CV 3981mW/2468mW VDD_SOC 1858mW/1749mW
09-12-2026 22:43:14 RAM 6477/7620MB (lfb 3x2MB) SWAP 885/12002MB (cached 11MB) CPU [30%@1574,6%@1574,80%@1574,9%@1574,98%@1728,10%@1728] GR3D_FREQ 46% cpu@51.656C soc2@49.156C soc0@49.625C gpu@50.375C tj@51.656C soc1@49.843C VDD_IN 9057mW/7501mW VDD_CPU_GPU_CV 3711mW/2493mW VDD_SOC 1858mW/1751mW
09-12-2026 22:43:15 RAM 6485/7620MB (lfb 3x2MB) SWAP 885/12002MB (cached 11MB) CPU [38%@1190,28%@1190,42%@1190,30%@1190,90%@1728,33%@1728] GR3D_FREQ 98% cpu@51.906C soc2@49.5C soc0@49.593C gpu@52.156C tj@52.156C soc1@49.843C VDD_IN 13439mW/7620mW VDD_CPU_GPU_CV 6697mW/2577mW VDD_SOC 2436mW/1765mW
09-12-2026 22:43:15 RAM 6487/7620MB (lfb 3x2MB) SWAP 885/12002MB (cached 11MB) CPU [8%@729,14%@729,34%@729,17%@729,96%@1728,10%@1728] GR3D_FREQ 40% cpu@51.656C soc2@49.437C soc0@49.656C gpu@51.125C tj@51.656C soc1@49.968C VDD_IN 10306mW/7673mW VDD_CPU_GPU_CV 4683mW/2618mW VDD_SOC 2013mW/1770mW
09-12-2026 22:43:16 RAM 6487/7620MB (lfb 3x2MB) SWAP 885/12002MB (cached 11MB) CPU [0%@729,0%@729,0%@729,1%@729,98%@1728,0%@1728] GR3D_FREQ 46% cpu@51.468C soc2@49.312C soc0@49.625C gpu@50.625C tj@51.468C soc1@50.187C VDD_IN 8873mW/7696mW VDD_CPU_GPU_CV 3553mW/2636mW VDD_SOC 1819mW/1771mW
09-12-2026 22:43:16 RAM 6487/7620MB (lfb 3x2MB) SWAP 885/12002MB (cached 11MB) CPU [0%@729,0%@729,0%@729,0%@729,98%@1728,0%@1728] GR3D_FREQ 62% cpu@51.125C soc2@49.25C soc0@49.562C gpu@50.812C tj@51.125C soc1@50.187C VDD_IN 8319mW/7708mW VDD_CPU_GPU_CV 3119mW/2646mW VDD_SOC 1782mW/1771mW
09-12-2026 22:43:17 RAM 6486/7620MB (lfb 3x2MB) SWAP 885/12002MB (cached 11MB) CPU [1%@729,0%@729,0%@729,1%@729,84%@1728,0%@1728] GR3D_FREQ 29% cpu@51.781C soc2@49.625C soc0@49.781C gpu@51.25C tj@51.562C soc1@50.125C VDD_IN 11906mW/7785mW VDD_CPU_GPU_CV 5570mW/2700mW VDD_SOC 2282mW/1780mW
09-12-2026 22:43:17 RAM 6486/7620MB (lfb 3x2MB) SWAP 885/12002MB (cached 11MB) CPU [1%@729,1%@729,0%@729,0%@729,100%@1728,0%@1728] GR3D_FREQ 40% cpu@51.437C soc2@49.5C soc0@49.812C gpu@51.156C tj@51.437C soc1@50.125C VDD_IN 9413mW/7815mW VDD_CPU_GPU_CV 3942mW/2722mW VDD_SOC 1898mW/1783mW
09-12-2026 22:43:18 RAM 6486/7620MB (lfb 3x2MB) SWAP 885/12002MB (cached 11MB) CPU [0%@1728,0%@1728,0%@1728,0%@1728,98%@1728,0%@1728] GR3D_FREQ 50% cpu@51.656C soc2@49.437C soc0@49.875C gpu@50.812C tj@51.656C soc1@50.187C VDD_IN 8596mW/7829mW VDD_CPU_GPU_CV 3316mW/2733mW VDD_SOC 1819mW/1783mW
09-12-2026 22:43:18 RAM 6486/7620MB (lfb 3x2MB) SWAP 885/12002MB (cached 11MB) CPU [3%@1728,3%@1728,1%@1728,0%@1728,90%@1113,0%@1113] GR3D_FREQ 99% cpu@51.312C soc2@49.5C soc0@49.812C gpu@52C tj@52C soc1@50.187C VDD_IN 9650mW/7861mW VDD_CPU_GPU_CV 3981mW/2755mW VDD_SOC 2013mW/1787mW
09-12-2026 22:43:19 RAM 6486/7620MB (lfb 3x2MB) SWAP 885/12002MB (cached 11MB) CPU [0%@1728,2%@1728,0%@1728,0%@1728,94%@1728,0%@1728] GR3D_FREQ 35% cpu@51.718C soc2@49.625C soc0@49.968C gpu@51.25C tj@51.718C soc1@50.218C VDD_IN 10859mW/7913mW VDD_CPU_GPU_CV 4880mW/2791mW VDD_SOC 2089mW/1792mW
09-12-2026 22:43:19 RAM 6486/7620MB (lfb 3x2MB) SWAP 885/12002MB (cached 11MB) CPU [0%@729,0%@729,0%@729,1%@729,100%@1728,0%@1728] GR3D_FREQ 46% cpu@51.687C soc2@49.531C soc0@49.937C gpu@51.187C tj@51.687C soc1@50.468C VDD_IN 9017mW/7931mW VDD_CPU_GPU_CV 3672mW/2806mW VDD_SOC 1858mW/1794mW
09-12-2026 22:43:20 RAM 6486/7620MB (lfb 3x2MB) SWAP 885/12002MB (cached 11MB) CPU [0%@1728,0%@1728,0%@1728,0%@1728,98%@1728,0%@1728] GR3D_FREQ 48% cpu@51.687C soc2@49.687C soc0@49.843C gpu@50.937C tj@51.687C soc1@50.437C VDD_IN 8398mW/7939mW VDD_CPU_GPU_CV 3238mW/2814mW VDD_SOC 1782mW/1793mW
09-12-2026 22:43:20 RAM 6487/7620MB (lfb 3x2MB) SWAP 885/12002MB (cached 11MB) CPU [0%@1728,1%@1728,0%@1728,0%@1728,87%@1728,0%@1728] GR3D_FREQ 98% cpu@52.031C soc2@49.812C soc0@49.968C gpu@52.718C tj@52.718C soc1@50.468C VDD_IN 12339mW/8011mW VDD_CPU_GPU_CV 5767mW/2862mW VDD_SOC 2361mW/1803mW
09-12-2026 22:43:21 RAM 6487/7620MB (lfb 3x2MB) SWAP 885/12002MB (cached 11MB) CPU [1%@729,0%@1728,1%@1728,0%@1728,94%@1728,0%@1728] GR3D_FREQ 42% cpu@52.125C soc2@49.875C soc0@50.125C gpu@51.218C tj@52.125C soc1@50.468C VDD_IN 9793mW/8040mW VDD_CPU_GPU_CV 4257mW/2884mW VDD_SOC 1974mW/1805mW
09-12-2026 22:43:21 RAM 6487/7620MB (lfb 3x2MB) SWAP 885/12002MB (cached 11MB) CPU [0%@1728,0%@1728,0%@1728,0%@1728,98%@1728,0%@1728] GR3D_FREQ 46% cpu@51.968C soc2@49.718C soc0@50.156C gpu@51.281C tj@51.968C soc1@50.437C VDD_IN 8715mW/8051mW VDD_CPU_GPU_CV 3435mW/2893mW VDD_SOC 1819mW/1806mW
09-12-2026 22:43:22 RAM 6486/7620MB (lfb 3x2MB) SWAP 885/12002MB (cached 11MB) CPU [1%@729,0%@729,0%@729,0%@729,86%@1728,0%@1728] GR3D_FREQ 98% cpu@52.031C soc2@49.968C soc0@50.062C gpu@52.343C tj@52.343C soc1@50.468C VDD_IN 10780mW/8093mW VDD_CPU_GPU_CV 4762mW/2922mW VDD_SOC 2168mW/1811mW
09-12-2026 22:43:22 RAM 6486/7620MB (lfb 3x2MB) SWAP 885/12002MB (cached 11MB) CPU [0%@729,0%@729,0%@729,0%@1728,96%@1728,0%@1728] GR3D_FREQ 35% cpu@52.031C soc2@50.062C soc0@50.125C gpu@51.375C tj@52.031C soc1@50.687C VDD_IN 10306mW/8127mW VDD_CPU_GPU_CV 4565mW/2948mW VDD_SOC 2053mW/1815mW
09-12-2026 22:43:23 RAM 6486/7620MB (lfb 3x2MB) SWAP 885/12002MB (cached 11MB) CPU [0%@1728,0%@1728,0%@1728,1%@1728,100%@1728,0%@1728] GR3D_FREQ 48% cpu@51.875C soc2@49.968C soc0@50.156C gpu@51.218C tj@51.875C soc1@50.718C VDD_IN 8820mW/8138mW VDD_CPU_GPU_CV 3593mW/2957mW VDD_SOC 1858mW/1816mW
09-12-2026 22:43:23 RAM 6486/7620MB (lfb 3x2MB) SWAP 885/12002MB (cached 11MB) CPU [1%@1728,5%@1728,0%@1728,4%@1728,92%@1728,0%@1728] GR3D_FREQ 99% cpu@51.968C soc2@49.937C soc0@50.125C gpu@52.031C tj@52.031C soc1@50.593C VDD_IN 9413mW/8157mW VDD_CPU_GPU_CV 3863mW/2971mW VDD_SOC 1977mW/1818mW
09-12-2026 22:43:24 RAM 6486/7620MB (lfb 3x2MB) SWAP 885/12002MB (cached 11MB) CPU [3%@729,8%@729,0%@729,0%@729,90%@1728,0%@1728] GR3D_FREQ 35% cpu@52.343C soc2@50.093C soc0@50.468C gpu@51.687C tj@52.343C soc1@50.687C VDD_IN 10898mW/8197mW VDD_CPU_GPU_CV 4912mW/2999mW VDD_SOC 2128mW/1823mW
09-12-2026 22:43:24 RAM 6486/7620MB (lfb 3x2MB) SWAP 885/12002MB (cached 11MB) CPU [0%@1728,1%@1728,0%@1728,0%@1728,100%@1728,0%@1728] GR3D_FREQ 48% cpu@52.125C soc2@49.968C soc0@50.343C gpu@51.375C tj@52.437C soc1@50.687C VDD_IN 9072mW/8210mW VDD_CPU_GPU_CV 3672mW/3009mW VDD_SOC 1858mW/1823mW
09-12-2026 22:43:25 RAM 6486/7620MB (lfb 3x2MB) SWAP 885/12002MB (cached 11MB) CPU [0%@729,0%@729,0%@729,0%@729,98%@1728,0%@1728] GR3D_FREQ 99% cpu@52.093C soc2@50C soc0@50.375C gpu@51.593C tj@52.093C soc1@50.781C VDD_IN 8675mW/8217mW VDD_CPU_GPU_CV 3395mW/3015mW VDD_SOC 1858mW/1824mW
09-12-2026 22:43:25 RAM 6486/7620MB (lfb 3x2MB) SWAP 885/12002MB (cached 11MB) CPU [0%@729,0%@729,0%@729,0%@729,84%@1728,0%@1728] GR3D_FREQ 31% cpu@52.343C soc2@50.187C soc0@50.468C gpu@51.843C tj@52.343C soc1@51C VDD_IN 11196mW/8259mW VDD_CPU_GPU_CV 5147mW/3045mW VDD_SOC 2168mW/1828mW
09-12-2026 22:43:26 RAM 6486/7620MB (lfb 3x2MB) SWAP 885/12002MB (cached 11MB) CPU [0%@729,0%@729,0%@729,0%@729,98%@1728,0%@1728] GR3D_FREQ 41% cpu@52.25C soc2@50.187C soc0@50.437C gpu@51.562C tj@52.25C soc1@50.968C VDD_IN 9176mW/8271mW VDD_CPU_GPU_CV 3830mW/3056mW VDD_SOC 1898mW/1829mW
09-12-2026 22:43:26 RAM 6486/7620MB (lfb 3x2MB) SWAP 885/12002MB (cached 11MB) CPU [0%@729,1%@729,0%@729,0%@729,100%@1728,0%@1728] GR3D_FREQ 0% cpu@52.281C soc2@50.156C soc0@50.437C gpu@51.187C tj@52.281C soc1@51C VDD_IN 8319mW/8272mW VDD_CPU_GPU_CV 3198mW/3058mW VDD_SOC 1782mW/1829mW
09-12-2026 22:43:27 RAM 6486/7620MB (lfb 3x2MB) SWAP 885/12002MB (cached 11MB) CPU [1%@1728,1%@1728,0%@1728,0%@1728,82%@1728,1%@1728] GR3D_FREQ 31% cpu@52.343C soc2@50.468C soc0@50.531C gpu@52.125C tj@52.343C soc1@50.968C VDD_IN 11866mW/8321mW VDD_CPU_GPU_CV 5580mW/3092mW VDD_SOC 2243mW/1834mW
09-12-2026 22:43:28 RAM 6486/7620MB (lfb 3x2MB) SWAP 885/12002MB (cached 11MB) CPU [0%@1728,0%@1728,0%@1728,0%@1728,100%@1728,0%@1728] GR3D_FREQ 42% cpu@52.5C soc2@50.343C soc0@50.781C gpu@51.812C tj@52.5C soc1@50.937C VDD_IN 9373mW/8335mW VDD_CPU_GPU_CV 3942mW/3103mW VDD_SOC 1898mW/1835mW
09-12-2026 22:43:28 RAM 6486/7620MB (lfb 3x2MB) SWAP 885/12002MB (cached 11MB) CPU [1%@1728,0%@1728,0%@1728,0%@1728,100%@1728,0%@1728] GR3D_FREQ 50% cpu@52.593C soc2@50.25C soc0@50.781C gpu@51.656C tj@52.593C soc1@51C VDD_IN 8557mW/8337mW VDD_CPU_GPU_CV 3316mW/3106mW VDD_SOC 1819mW/1835mW
09-12-2026 22:43:29 RAM 6486/7620MB (lfb 3x2MB) SWAP 885/12002MB (cached 11MB) CPU [1%@729,0%@729,0%@729,0%@729,84%@1728,0%@1728] GR3D_FREQ 30% cpu@52.593C soc2@50.593C soc0@50.718C gpu@52.5C tj@52.593C soc1@51.218C VDD_IN 12359mW/8390mW VDD_CPU_GPU_CV 5924mW/3142mW VDD_SOC 2322mW/1841mW
09-12-2026 22:43:29 RAM 6486/7620MB (lfb 3x2MB) SWAP 885/12002MB (cached 11MB) CPU [1%@729,15%@729,0%@729,0%@729,98%@1728,1%@1728] GR3D_FREQ 39% cpu@52.625C soc2@50.437C soc0@50.781C gpu@51.875C tj@52.625C soc1@51.312C VDD_IN 9571mW/8405mW VDD_CPU_GPU_CV 4100mW/3155mW VDD_SOC 1938mW/1843mW
09-12-2026 22:43:30 RAM 6486/7620MB (lfb 3x2MB) SWAP 885/12002MB (cached 11MB) CPU [0%@1728,0%@1728,0%@1728,0%@1728,100%@1728,0%@1728] GR3D_FREQ 51% cpu@52.406C soc2@50.531C soc0@50.718C gpu@51.875C tj@52.406C soc1@51.281C VDD_IN 8636mW/8408mW VDD_CPU_GPU_CV 3395mW/3158mW VDD_SOC 1819mW/1842mW
09-12-2026 22:43:30 RAM 6486/7620MB (lfb 3x2MB) SWAP 885/12002MB (cached 11MB) CPU [0%@1728,0%@1728,0%@1728,0%@1728,82%@1728,0%@1728] GR3D_FREQ 71% cpu@52.687C soc2@50.843C soc0@50.812C gpu@53.125C tj@53.125C soc1@51.218C VDD_IN 12870mW/8464mW VDD_CPU_GPU_CV 6149mW/3195mW VDD_SOC 2436mW/1850mW
09-12-2026 22:43:31 RAM 6486/7620MB (lfb 3x2MB) SWAP 885/12002MB (cached 11MB) CPU [0%@729,0%@729,0%@729,0%@729,100%@1728,0%@1728] GR3D_FREQ 43% cpu@52.656C soc2@50.656C soc0@50.968C gpu@52C tj@52.656C soc1@51.281C VDD_IN 9729mW/8479mW VDD_CPU_GPU_CV 4139mW/3207mW VDD_SOC 1974mW/1851mW
09-12-2026 22:43:31 RAM 6486/7620MB (lfb 3x2MB) SWAP 885/12002MB (cached 11MB) CPU [0%@1728,0%@1728,1%@1728,0%@1728,98%@1728,0%@1728] GR3D_FREQ 47% cpu@52.781C soc2@50.5C soc0@50.906C gpu@51.906C tj@52.781C soc1@51.312C VDD_IN 8675mW/8482mW VDD_CPU_GPU_CV 3435mW/3210mW VDD_SOC 1819mW/1851mW
09-12-2026 22:43:32 RAM 6486/7620MB (lfb 3x2MB) SWAP 885/12002MB (cached 11MB) CPU [0%@729,0%@729,0%@729,1%@729,89%@1728,0%@1728] GR3D_FREQ 98% cpu@52.937C soc2@50.906C soc0@50.968C gpu@53.281C tj@53.281C soc1@51.312C VDD_IN 11708mW/8520mW VDD_CPU_GPU_CV 5344mW/3235mW VDD_SOC 2282mW/1856mW
09-12-2026 22:43:32 RAM 6486/7620MB (lfb 3x2MB) SWAP 885/12002MB (cached 11MB) CPU [0%@1728,3%@1728,3%@1728,0%@1728,94%@1728,0%@1728] GR3D_FREQ 39% cpu@52.812C soc2@50.718C soc0@51C gpu@52.156C tj@52.812C soc1@51.625C VDD_IN 10029mW/8538mW VDD_CPU_GPU_CV 4368mW/3249mW VDD_SOC 2013mW/1858mW
09-12-2026 22:43:33 RAM 6486/7620MB (lfb 3x2MB) SWAP 885/12002MB (cached 11MB) CPU [0%@729,0%@729,0%@729,0%@729,98%@1728,0%@1728] GR3D_FREQ 46% cpu@52.718C soc2@50.656C soc0@51C gpu@51.875C tj@52.718C soc1@51.625C VDD_IN 8755mW/8541mW VDD_CPU_GPU_CV 3514mW/3252mW VDD_SOC 1858mW/1858mW
09-12-2026 22:43:33 RAM 6486/7620MB (lfb 3x2MB) SWAP 885/12002MB (cached 11MB) CPU [1%@1728,0%@1728,0%@1728,0%@1728,88%@1728,3%@1728] GR3D_FREQ 92% cpu@52.781C soc2@50.937C soc0@51.062C gpu@53.156C tj@53.156C soc1@51.562C VDD_IN 10701mW/8566mW VDD_CPU_GPU_CV 4683mW/3269mW VDD_SOC 2128mW/1861mW
09-12-2026 22:43:34 RAM 6486/7620MB (lfb 3x2MB) SWAP 885/12002MB (cached 11MB) CPU [2%@729,1%@729,1%@729,0%@729,94%@1728,0%@1728] GR3D_FREQ 35% cpu@53.125C soc2@50.937C soc0@51.187C gpu@52.281C tj@53.125C soc1@51.5C VDD_IN 10385mW/8587mW VDD_CPU_GPU_CV 4683mW/3285mW VDD_SOC 2053mW/1863mW
09-12-2026 22:43:34 RAM 6486/7620MB (lfb 3x2MB) SWAP 885/12002MB (cached 11MB) CPU [1%@729,0%@729,0%@729,0%@729,100%@1728,0%@1728] GR3D_FREQ 47% cpu@52.906C soc2@50.843C soc0@51.187C gpu@52.156C tj@52.906C soc1@51.625C VDD_IN 8899mW/8591mW VDD_CPU_GPU_CV 3593mW/3288mW VDD_SOC 1858mW/1863mW
09-12-2026 22:43:35 RAM 6486/7620MB (lfb 3x2MB) SWAP 885/12002MB (cached 11MB) CPU [0%@729,0%@729,0%@729,1%@1728,98%@1728,0%@1728] GR3D_FREQ 99% cpu@52.843C soc2@50.875C soc0@51.093C gpu@52.718C tj@52.843C soc1@51.562C VDD_IN 9136mW/8597mW VDD_CPU_GPU_CV 3711mW/3293mW VDD_SOC 1938mW/1864mW
09-12-2026 22:43:35 RAM 6486/7620MB (lfb 3x2MB) SWAP 885/12002MB (cached 11MB) CPU [0%@1728,1%@1728,0%@1728,1%@1728,86%@1728,0%@1728] GR3D_FREQ 31% cpu@53.187C soc2@51.125C soc0@51.187C gpu@52.5C tj@53.187C soc1@51.656C VDD_IN 10959mW/8623mW VDD_CPU_GPU_CV 5029mW/3312mW VDD_SOC 2128mW/1867mW
09-12-2026 22:43:36 RAM 6486/7620MB (lfb 3x2MB) SWAP 885/12002MB (cached 11MB) CPU [0%@1728,0%@1728,0%@1728,0%@1728,100%@1728,0%@1728] GR3D_FREQ 46% cpu@53.093C soc2@50.937C soc0@51.218C gpu@52.187C tj@53.093C soc1@51.781C VDD_IN 9096mW/8628mW VDD_CPU_GPU_CV 3745mW/3317mW VDD_SOC 1898mW/1867mW
09-12-2026 22:43:36 RAM 6486/7620MB (lfb 3x2MB) SWAP 885/12002MB (cached 11MB) CPU [1%@1728,0%@1728,0%@1728,0%@1728,98%@1728,0%@1728] GR3D_FREQ 0% cpu@52.75C soc2@50.937C soc0@51.187C gpu@51.843C tj@52.968C soc1@51.781C VDD_IN 8160mW/8623mW VDD_CPU_GPU_CV 3040mW/3314mW VDD_SOC 1782mW/1866mW
09-12-2026 22:43:37 RAM 6486/7620MB (lfb 3x2MB) SWAP 885/12002MB (cached 11MB) CPU [0%@729,0%@729,0%@729,0%@729,84%@1728,0%@1728] GR3D_FREQ 30% cpu@53.187C soc2@51.281C soc0@51.312C gpu@53.125C tj@53.187C soc1@51.906C VDD_IN 11551mW/8654mW VDD_CPU_GPU_CV 5383mW/3336mW VDD_SOC 2207mW/1870mW
09-12-2026 22:43:37 RAM 6486/7620MB (lfb 3x2MB) SWAP 885/12002MB (cached 11MB) CPU [0%@729,0%@729,1%@729,0%@729,100%@1728,0%@1728] GR3D_FREQ 43% cpu@53.281C soc2@51.187C soc0@51.343C gpu@52.406C tj@53.281C soc1@51.812C VDD_IN 9294mW/8661mW VDD_CPU_GPU_CV 3863mW/3342mW VDD_SOC 1898mW/1870mW
09-12-2026 22:43:38 RAM 6486/7620MB (lfb 3x2MB) SWAP 885/12002MB (cached 11MB) CPU [0%@729,0%@729,0%@729,0%@729,98%@1728,0%@1728] GR3D_FREQ 46% cpu@53.437C soc2@51.031C soc0@51.5C gpu@52.687C tj@53.437C soc1@51.781C VDD_IN 8517mW/8660mW VDD_CPU_GPU_CV 3316mW/3342mW VDD_SOC 1819mW/1870mW
09-12-2026 22:43:38 RAM 6486/7620MB (lfb 3x2MB) SWAP 885/12002MB (cached 11MB) CPU [0%@1728,0%@1728,0%@1728,0%@1728,84%@1728,0%@1728] GR3D_FREQ 30% cpu@53.406C soc2@51.375C soc0@51.562C gpu@53.062C tj@53.406C soc1@51.812C VDD_IN 12182mW/8696mW VDD_CPU_GPU_CV 5806mW/3367mW VDD_SOC 2322mW/1875mW
09-12-2026 22:43:39 RAM 6486/7620MB (lfb 3x2MB) SWAP 885/12002MB (cached 11MB) CPU [1%@1728,1%@1728,0%@1728,0%@1728,98%@1728,0%@1728] GR3D_FREQ 42% cpu@53.375C soc2@51.312C soc0@51.5C gpu@52.593C tj@53.375C soc1@52.125C VDD_IN 9492mW/8705mW VDD_CPU_GPU_CV 4021mW/3374mW VDD_SOC 1938mW/1875mW
09-12-2026 22:43:39 RAM 6486/7620MB (lfb 3x2MB) SWAP 885/12002MB (cached 11MB) CPU [1%@729,1%@729,0%@1728,0%@1728,100%@1728,0%@1728] GR3D_FREQ 46% cpu@53.218C soc2@51.187C soc0@51.468C gpu@52.437C tj@53.218C soc1@52.156C VDD_IN 8596mW/8704mW VDD_CPU_GPU_CV 3356mW/3374mW VDD_SOC 1819mW/1875mW
09-12-2026 22:43:40 RAM 6484/7620MB (lfb 3x2MB) SWAP 885/12002MB (cached 11MB) CPU [4%@729,6%@729,2%@729,0%@729,84%@1728,1%@1728] GR3D_FREQ 99% cpu@53.187C soc2@51.625C soc0@51.5C gpu@54.125C tj@54.125C soc1@52.031C VDD_IN 13106mW/8748mW VDD_CPU_GPU_CV 6306mW/3404mW VDD_SOC 2436mW/1880mW
09-12-2026 22:43:40 RAM 6484/7620MB (lfb 3x2MB) SWAP 885/12002MB (cached 11MB) CPU [0%@729,1%@729,0%@729,0%@729,98%@1728,0%@1728] GR3D_FREQ 39% cpu@53.343C soc2@51.437C soc0@51.625C gpu@52.687C tj@53.343C soc1@52.156C VDD_IN 9753mW/8758mW VDD_CPU_GPU_CV 4257mW/3412mW VDD_SOC 1974mW/1881mW
09-12-2026 22:43:41 RAM 6484/7620MB (lfb 3x2MB) SWAP 885/12002MB (cached 11MB) CPU [0%@1728,0%@1728,1%@1728,0%@1728,100%@1728,0%@1728] GR3D_FREQ 47% cpu@53.562C soc2@51.375C soc0@51.593C gpu@52.625C tj@53.562C soc1@52.187C VDD_IN 8715mW/8758mW VDD_CPU_GPU_CV 3435mW/3412mW VDD_SOC 1819mW/1881mW
09-12-2026 22:43:41 RAM 6484/7620MB (lfb 3x2MB) SWAP 885/12002MB (cached 11MB) CPU [0%@729,0%@1728,0%@1728,0%@1728,85%@1728,0%@1728] GR3D_FREQ 99% cpu@53.718C soc2@51.593C soc0@51.718C gpu@54.062C tj@54.062C soc1@52.156C VDD_IN 12024mW/8790mW VDD_CPU_GPU_CV 5610mW/3434mW VDD_SOC 2322mW/1885mW
09-12-2026 22:43:42 RAM 6484/7620MB (lfb 3x2MB) SWAP 885/12002MB (cached 11MB) CPU [1%@729,3%@1728,0%@1728,0%@1728,96%@1728,0%@1728] GR3D_FREQ 33% cpu@53.625C soc2@51.562C soc0@51.875C gpu@52.937C tj@53.625C soc1@52.156C VDD_IN 10069mW/8802mW VDD_CPU_GPU_CV 4408mW/3443mW VDD_SOC 2013mW/1886mW
09-12-2026 22:43:42 RAM 6484/7620MB (lfb 3x2MB) SWAP 885/12002MB (cached 11MB) CPU [0%@1728,0%@1728,0%@1728,0%@1728,98%@1728,0%@1728] GR3D_FREQ 47% cpu@53.625C soc2@51.375C soc0@51.781C gpu@52.593C tj@53.625C soc1@52.343C VDD_IN 8794mW/8802mW VDD_CPU_GPU_CV 3514mW/3444mW VDD_SOC 1858mW/1886mW
09-12-2026 22:43:43 RAM 6484/7620MB (lfb 3x2MB) SWAP 885/12002MB (cached 11MB) CPU [0%@1728,0%@1728,0%@1728,0%@1728,88%@1728,0%@1728] GR3D_FREQ 98% cpu@53.562C soc2@51.625C soc0@51.718C gpu@54.093C tj@54.093C soc1@52.406C VDD_IN 11235mW/8825mW VDD_CPU_GPU_CV 5108mW/3460mW VDD_SOC 2207mW/1889mW
09-12-2026 22:43:43 RAM 6484/7620MB (lfb 3x2MB) SWAP 885/12002MB (cached 11MB) CPU [0%@729,0%@729,0%@729,0%@729,96%@1728,0%@1728] GR3D_FREQ 35% cpu@53.656C soc2@51.875C soc0@51.812C gpu@53.062C tj@53.656C soc1@52.375C VDD_IN 10385mW/8840mW VDD_CPU_GPU_CV 4644mW/3471mW VDD_SOC 2053mW/1890mW
09-12-2026 22:43:44 RAM 6484/7620MB (lfb 3x2MB) SWAP 885/12002MB (cached 11MB) CPU [0%@1728,0%@1728,0%@1728,0%@1728,100%@1728,0%@1728] GR3D_FREQ 47% cpu@53.656C soc2@51.718C soc0@51.875C gpu@52.812C tj@53.656C soc1@52.437C VDD_IN 8859mW/8840mW VDD_CPU_GPU_CV 3593mW/3472mW VDD_SOC 1858mW/1890mW
09-12-2026 22:43:44 RAM 6484/7620MB (lfb 3x2MB) SWAP 885/12002MB (cached 11MB) CPU [1%@1728,0%@1728,0%@1728,0%@1728,90%@1728,0%@1728] GR3D_FREQ 99% cpu@53.312C soc2@51.812C soc0@52.031C gpu@53.75C tj@53.75C soc1@52.5C VDD_IN 9769mW/8849mW VDD_CPU_GPU_CV 4100mW/3478mW VDD_SOC 2013mW/1891mW
09-12-2026 22:43:45 RAM 6484/7620MB (lfb 3x2MB) SWAP 885/12002MB (cached 11MB) CPU [0%@1728,0%@1728,1%@1728,0%@1728,92%@1728,0%@1728] GR3D_FREQ 37% cpu@53.843C soc2@51.843C soc0@52C gpu@53.156C tj@53.843C soc1@52.437C VDD_IN 10780mW/8866mW VDD_CPU_GPU_CV 4841mW/3490mW VDD_SOC 2128mW/1893mW
09-12-2026 22:43:45 RAM 6484/7620MB (lfb 3x2MB) SWAP 885/12002MB (cached 11MB) CPU [0%@729,0%@729,0%@729,0%@729,98%@1728,0%@1728] GR3D_FREQ 46% cpu@53.718C soc2@51.781C soc0@51.937C gpu@52.875C tj@53.718C soc1@52.406C VDD_IN 9017mW/8868mW VDD_CPU_GPU_CV 3672mW/3492mW VDD_SOC 1858mW/1893mW
09-12-2026 22:43:46 RAM 6484/7620MB (lfb 3x2MB) SWAP 885/12002MB (cached 11MB) CPU [3%@729,0%@729,0%@729,1%@729,100%@1728,0%@1728] GR3D_FREQ 99% cpu@53.718C soc2@51.75C soc0@51.968C gpu@53.343C tj@53.718C soc1@52.625C VDD_IN 8794mW/8867mW VDD_CPU_GPU_CV 3474mW/3492mW VDD_SOC 1858mW/1893mW
09-12-2026 22:43:46 RAM 6484/7620MB (lfb 3x2MB) SWAP 885/12002MB (cached 11MB) CPU [0%@729,0%@729,0%@729,0%@729,84%@1728,0%@1728] GR3D_FREQ 31% cpu@53.906C soc2@51.937C soc0@52.031C gpu@53.781C tj@53.906C soc1@52.625C VDD_IN 11196mW/8888mW VDD_CPU_GPU_CV 5108mW/3506mW VDD_SOC 2168mW/1895mW
09-12-2026 22:43:47 RAM 6484/7620MB (lfb 3x2MB) SWAP 885/12002MB (cached 11MB) CPU [0%@729,0%@729,0%@729,0%@729,98%@1728,0%@1728] GR3D_FREQ 47% cpu@54.125C soc2@51.937C soc0@52.093C gpu@53.281C tj@54.125C soc1@52.593C VDD_IN 9136mW/8890mW VDD_CPU_GPU_CV 3784mW/3509mW VDD_SOC 1898mW/1895mW
09-12-2026 22:43:47 RAM 6489/7620MB (lfb 3x2MB) SWAP 885/12002MB (cached 11MB) CPU [1%@729,0%@729,0%@729,0%@729,98%@1728,1%@1728] GR3D_FREQ 0% cpu@53.593C soc2@51.843C soc0@52.218C gpu@53.187C tj@53.593C soc1@52.625C VDD_IN 8358mW/8885mW VDD_CPU_GPU_CV 3198mW/3506mW VDD_SOC 1822mW/1895mW
09-12-2026 22:43:48 RAM 6489/7620MB (lfb 3x2MB) SWAP 885/12002MB (cached 11MB) CPU [0%@1728,0%@1728,0%@1728,1%@1728,82%@1728,0%@1728] GR3D_FREQ 32% cpu@54.062C soc2@52.093C soc0@52.25C gpu@53.843C tj@54.062C soc1@52.656C VDD_IN 11906mW/8912mW VDD_CPU_GPU_CV 5580mW/3524mW VDD_SOC 2282mW/1898mW
09-12-2026 22:43:48 RAM 6489/7620MB (lfb 3x2MB) SWAP 885/12002MB (cached 11MB) CPU [0%@729,5%@729,0%@729,0%@729,100%@1728,0%@1728] GR3D_FREQ 40% cpu@54.125C soc2@52.031C soc0@52.218C gpu@53.562C tj@54.125C soc1@52.625C VDD_IN 9413mW/8916mW VDD_CPU_GPU_CV 3981mW/3528mW VDD_SOC 1938mW/1898mW
09-12-2026 22:43:49 RAM 6490/7620MB (lfb 3x2MB) SWAP 885/12002MB (cached 11MB) CPU [0%@729,7%@729,1%@729,0%@729,100%@1728,0%@1728] GR3D_FREQ 46% cpu@54C soc2@51.937C soc0@52.156C gpu@53.25C tj@54C soc1@52.875C VDD_IN 8596mW/8913mW VDD_CPU_GPU_CV 3356mW/3527mW VDD_SOC 1819mW/1898mW
09-12-2026 22:43:49 RAM 6490/7620MB (lfb 3x2MB) SWAP 885/12002MB (cached 11MB) CPU [1%@729,0%@729,0%@729,0%@729,82%@1728,1%@1728] GR3D_FREQ 28% cpu@54.031C soc2@52.343C soc0@52.25C gpu@54.5C tj@54.5C soc1@52.781C VDD_IN 12752mW/8946mW VDD_CPU_GPU_CV 6149mW/3549mW VDD_SOC 2397mW/1902mW
09-12-2026 22:43:50 RAM 6490/7620MB (lfb 3x2MB) SWAP 885/12002MB (cached 11MB) CPU [0%@1728,12%@1728,0%@1728,0%@1728,100%@1728,0%@1728] GR3D_FREQ 39% cpu@54.125C soc2@52.25C soc0@52.25C gpu@53.562C tj@54.125C soc1@52.937C VDD_IN 9808mW/8953mW VDD_CPU_GPU_CV 4178mW/3554mW VDD_SOC 1974mW/1903mW
09-12-2026 22:43:50 RAM 6490/7620MB (lfb 3x2MB) SWAP 885/12002MB (cached 11MB) CPU [0%@1728,0%@1728,0%@1728,0%@1728,98%@1728,0%@1728] GR3D_FREQ 51% cpu@54.218C soc2@52.062C soc0@52.187C gpu@53.625C tj@54.218C soc1@52.843C VDD_IN 8701mW/8951mW VDD_CPU_GPU_CV 3474mW/3553mW VDD_SOC 1819mW/1902mW
09-12-2026 22:43:51 RAM 6489/7620MB (lfb 3x2MB) SWAP 885/12002MB (cached 11MB) CPU [1%@729,0%@1728,0%@1728,1%@1728,86%@1728,0%@1728] GR3D_FREQ 98% cpu@54.5C soc2@52.468C soc0@52.468C gpu@55.031C tj@55.031C soc1@52.906C VDD_IN 12673mW/8982mW VDD_CPU_GPU_CV 6080mW/3574mW VDD_SOC 2400mW/1906mW
09-12-2026 22:43:51 RAM 6489/7620MB (lfb 3x2MB) SWAP 885/12002MB (cached 11MB) CPU [0%@1728,0%@1728,0%@1728,0%@1728,98%@1728,0%@1728] GR3D_FREQ 34% cpu@54.437C soc2@52.25C soc0@52.468C gpu@53.875C tj@54.437C soc1@52.937C VDD_IN 10069mW/8991mW VDD_CPU_GPU_CV 4329mW/3581mW VDD_SOC 2053mW/1907mW
09-12-2026 22:43:52 RAM 6489/7620MB (lfb 3x2MB) SWAP 885/12002MB (cached 11MB) CPU [3%@1728,0%@1728,0%@1728,0%@1728,98%@1728,0%@1728] GR3D_FREQ 46% cpu@54.25C soc2@52.218C soc0@52.437C gpu@53.5C tj@54.25C soc1@52.875C VDD_IN 8780mW/8989mW VDD_CPU_GPU_CV 3474mW/3580mW VDD_SOC 1858mW/1907mW
09-12-2026 22:43:52 RAM 6489/7620MB (lfb 3x2MB) SWAP 885/12002MB (cached 11MB) CPU [0%@729,0%@729,0%@729,0%@729,88%@1728,0%@1728] GR3D_FREQ 99% cpu@54.125C soc2@52.343C soc0@52.5C gpu@54.812C tj@54.812C soc1@53.125C VDD_IN 11472mW/9009mW VDD_CPU_GPU_CV 5226mW/3593mW VDD_SOC 2243mW/1909mW
09-12-2026 22:43:53 RAM 6489/7620MB (lfb 3x2MB) SWAP 885/12002MB (cached 11MB) CPU [0%@1728,1%@1728,0%@1728,0%@1728,94%@1728,0%@1728] GR3D_FREQ 35% cpu@54.312C soc2@52.593C soc0@52.5C gpu@53.812C tj@54.375C soc1@53.125C VDD_IN 10227mW/9019mW VDD_CPU_GPU_CV 4487mW/3600mW VDD_SOC 2053mW/1911mW
09-12-2026 22:43:53 RAM 6489/7620MB (lfb 3x2MB) SWAP 885/12002MB (cached 11MB) CPU [0%@1728,0%@1728,0%@1728,0%@1728,100%@1728,0%@1728] GR3D_FREQ 51% cpu@54.375C soc2@52.406C soc0@52.531C gpu@53.75C tj@54.375C soc1@53.031C VDD_IN 8820mW/9017mW VDD_CPU_GPU_CV 3553mW/3600mW VDD_SOC 1858mW/1910mW
09-12-2026 22:43:54 RAM 6490/7620MB (lfb 3x2MB) SWAP 885/12002MB (cached 11MB) CPU [1%@729,3%@729,0%@729,0%@729,88%@729,0%@729] GR3D_FREQ 99% cpu@53.968C soc2@52.468C soc0@52.718C gpu@54.562C tj@54.562C soc1@53.031C VDD_IN 10069mW/9025mW VDD_CPU_GPU_CV 4250mW/3605mW VDD_SOC 2053mW/1911mW
09-12-2026 22:43:54 RAM 6490/7620MB (lfb 3x2MB) SWAP 885/12002MB (cached 11MB) CPU [0%@1728,7%@1728,0%@1728,1%@1728,94%@1728,0%@1728] GR3D_FREQ 34% cpu@54.781C soc2@52.562C soc0@52.687C gpu@54.031C tj@54.781C soc1@53.125C VDD_IN 10661mW/9038mW VDD_CPU_GPU_CV 4801mW/3614mW VDD_SOC 2089mW/1913mW
09-12-2026 22:43:55 RAM 6490/7620MB (lfb 3x2MB) SWAP 885/12002MB (cached 11MB) CPU [0%@729,0%@729,0%@729,0%@729,100%@1728,0%@1728] GR3D_FREQ 50% cpu@54.343C soc2@52.437C soc0@52.781C gpu@53.718C tj@54.343C soc1@53.125C VDD_IN 8978mW/9038mW VDD_CPU_GPU_CV 3632mW/3614mW VDD_SOC 1898mW/1913mW
09-12-2026 22:43:55 RAM 6490/7620MB (lfb 3x2MB) SWAP 885/12002MB (cached 11MB) CPU [0%@729,1%@729,0%@729,0%@729,98%@1728,0%@1728] GR3D_FREQ 99% cpu@54.468C soc2@52.406C soc0@52.656C gpu@53.968C tj@54.468C soc1@53.437C VDD_IN 8438mW/9033mW VDD_CPU_GPU_CV 3238mW/3611mW VDD_SOC 1819mW/1912mW
09-12-2026 22:43:56 RAM 6490/7620MB (lfb 3x2MB) SWAP 885/12002MB (cached 11MB) CPU [1%@1728,3%@1728,0%@1728,0%@1728,84%@1728,0%@1728] GR3D_FREQ 31% cpu@54.5C soc2@52.75C soc0@52.75C gpu@54.187C tj@54.5C soc1@53.281C VDD_IN 11235mW/9050mW VDD_CPU_GPU_CV 5147mW/3623mW VDD_SOC 2168mW/1914mW
09-12-2026 22:43:56 RAM 6490/7620MB (lfb 3x2MB) SWAP 885/12002MB (cached 11MB) CPU [3%@729,0%@729,0%@729,1%@729,100%@1728,0%@1728] GR3D_FREQ 39% cpu@54.406C soc2@52.593C soc0@52.75C gpu@53.781C tj@54.406C soc1@53.281C VDD_IN 9176mW/9051mW VDD_CPU_GPU_CV 3824mW/3625mW VDD_SOC 1898mW/1914mW
09-12-2026 22:43:57 RAM 6490/7620MB (lfb 3x2MB) SWAP 885/12002MB (cached 11MB) CPU [0%@729,0%@729,0%@729,0%@729,98%@1728,0%@1728] GR3D_FREQ 17% cpu@54.312C soc2@52.593C soc0@52.718C gpu@53.656C tj@54.312C soc1@53.312C VDD_IN 8398mW/9046mW VDD_CPU_GPU_CV 3238mW/3622mW VDD_SOC 1822mW/1913mW
09-12-2026 22:43:57 RAM 6490/7620MB (lfb 3x2MB) SWAP 885/12002MB (cached 11MB) CPU [1%@1728,0%@1728,1%@1728,0%@1728,86%@1728,1%@1728] GR3D_FREQ 33% cpu@54.75C soc2@52.906C soc0@52.906C gpu@54.406C tj@54.75C soc1@53.312C VDD_IN 11787mW/9066mW VDD_CPU_GPU_CV 5492mW/3636mW VDD_SOC 2243mW/1916mW
09-12-2026 22:43:58 RAM 6490/7620MB (lfb 3x2MB) SWAP 885/12002MB (cached 11MB) CPU [0%@729,0%@729,0%@729,0%@729,98%@1728,0%@1728] GR3D_FREQ 40% cpu@55C soc2@52.781C soc0@52.843C gpu@54.031C tj@55C soc1@53.281C VDD_IN 9373mW/9069mW VDD_CPU_GPU_CV 3942mW/3638mW VDD_SOC 1938mW/1916mW
09-12-2026 22:43:58 RAM 6490/7620MB (lfb 3x2MB) SWAP 885/12002MB (cached 11MB) CPU [0%@1728,0%@1728,0%@1728,0%@1728,100%@1728,0%@1728] GR3D_FREQ 48% cpu@54.718C soc2@52.593C soc0@52.875C gpu@53.843C tj@54.718C soc1@53.593C VDD_IN 8557mW/9065mW VDD_CPU_GPU_CV 3356mW/3636mW VDD_SOC 1819mW/1915mW
