09-12-2026 20:12:30 RAM 3450/7620MB (lfb 275x1MB) SWAP 1113/12002MB (cached 10MB) CPU [6%@1728,9%@1728,17%@1728,91%@1728,4%@729,21%@729] GR3D_FREQ 0% cpu@57.187C soc2@55.5C soc0@55.812C gpu@56.062C tj@57.187C soc1@56.562C VDD_IN 5882mW/5882mW VDD_CPU_GPU_CV 1547mW/1547mW VDD_SOC 1468mW/1468mW
09-12-2026 20:12:30 RAM 3598/7620MB (lfb 275x1MB) SWAP 1113/12002MB (cached 10MB) CPU [10%@806,8%@806,18%@806,69%@806,16%@729,32%@729] GR3D_FREQ 37% cpu@57.125C soc2@55.5C soc0@55.75C gpu@56.5C tj@57.125C soc1@56.593C VDD_IN 5952mW/5917mW VDD_CPU_GPU_CV 1426mW/1487mW VDD_SOC 1547mW/1508mW
09-12-2026 20:12:31 RAM 3755/7620MB (lfb 265x1MB) SWAP 1113/12002MB (cached 10MB) CPU [12%@729,33%@1728,28%@1728,39%@1728,14%@1420,56%@1420] GR3D_FREQ 0% cpu@56.812C soc2@55.406C soc0@55.718C gpu@56.062C tj@56.843C soc1@56.562C VDD_IN 5793mW/5876mW VDD_CPU_GPU_CV 1190mW/1388mW VDD_SOC 1587mW/1534mW
09-12-2026 20:12:31 RAM 3748/7620MB (lfb 251x1MB) SWAP 1113/12002MB (cached 10MB) CPU [4%@729,1%@729,2%@729,2%@729,1%@1728,94%@1728] GR3D_FREQ 4% cpu@57.125C soc2@55.312C soc0@55.718C gpu@56.406C tj@57.125C soc1@56.656C VDD_IN 5793mW/5855mW VDD_CPU_GPU_CV 1230mW/1348mW VDD_SOC 1547mW/1537mW
09-12-2026 20:12:32 RAM 3638/7620MB (lfb 250x1MB) SWAP 1112/12002MB (cached 10MB) CPU [47%@729,26%@729,39%@729,42%@729,11%@729,62%@729] GR3D_FREQ 43% cpu@56.843C soc2@55.437C soc0@55.656C gpu@56.062C tj@56.937C soc1@56.656C VDD_IN 5991mW/5882mW VDD_CPU_GPU_CV 1307mW/1340mW VDD_SOC 1626mW/1555mW
09-12-2026 20:12:32 RAM 3617/7620MB (lfb 250x1MB) SWAP 1112/12002MB (cached 10MB) CPU [7%@729,22%@729,23%@729,25%@729,77%@1728,27%@1728] GR3D_FREQ 0% cpu@57.156C soc2@55.531C soc0@55.625C gpu@56.375C tj@57.156C soc1@56.593C VDD_IN 5872mW/5881mW VDD_CPU_GPU_CV 1190mW/1315mW VDD_SOC 1587mW/1560mW
09-12-2026 20:12:33 RAM 3690/7620MB (lfb 249x1MB) SWAP 1112/12002MB (cached 10MB) CPU [4%@729,13%@729,12%@729,17%@1728,76%@960,17%@960] GR3D_FREQ 32% cpu@57.031C soc2@55.5C soc0@55.531C gpu@55.937C tj@57.031C soc1@56.468C VDD_IN 5952mW/5891mW VDD_CPU_GPU_CV 1309mW/1314mW VDD_SOC 1587mW/1564mW
09-12-2026 20:12:33 RAM 3860/7620MB (lfb 249x1MB) SWAP 1112/12002MB (cached 10MB) CPU [38%@729,14%@1728,42%@1728,40%@1728,54%@883,52%@883] GR3D_FREQ 78% cpu@57.031C soc2@55.437C soc0@55.593C gpu@56.125C tj@57.031C soc1@56.5C VDD_IN 6071mW/5913mW VDD_CPU_GPU_CV 1346mW/1318mW VDD_SOC 1626mW/1572mW
09-12-2026 20:12:34 RAM 3898/7620MB (lfb 249x1MB) SWAP 1112/12002MB (cached 10MB) CPU [5%@1728,7%@1728,9%@1728,9%@1728,6%@1728,90%@1728] GR3D_FREQ 0% cpu@56.906C soc2@55.406C soc0@55.75C gpu@56.062C tj@56.906C soc1@56.468C VDD_IN 5912mW/5913mW VDD_CPU_GPU_CV 1230mW/1308mW VDD_SOC 1587mW/1574mW
09-12-2026 20:12:34 RAM 4087/7620MB (lfb 249x1MB) SWAP 1112/12002MB (cached 10MB) CPU [37%@729,0%@729,30%@729,30%@729,25%@729,71%@729] GR3D_FREQ 42% cpu@57.156C soc2@55.437C soc0@55.687C gpu@56C tj@57.156C soc1@56.5C VDD_IN 5952mW/5917mW VDD_CPU_GPU_CV 1307mW/1308mW VDD_SOC 1587mW/1575mW
09-12-2026 20:12:35 RAM 4285/7620MB (lfb 249x1MB) SWAP 1112/12002MB (cached 10MB) CPU [44%@729,25%@729,34%@729,36%@729,10%@729,65%@729] GR3D_FREQ 35% cpu@56.906C soc2@55.406C soc0@55.718C gpu@56C tj@56.906C soc1@56.75C VDD_IN 5952mW/5920mW VDD_CPU_GPU_CV 1230mW/1301mW VDD_SOC 1626mW/1580mW
09-12-2026 20:12:35 RAM 4284/7620MB (lfb 249x1MB) SWAP 1112/12002MB (cached 10MB) CPU [0%@729,1%@729,0%@729,0%@729,0%@1728,98%@1728] GR3D_FREQ 0% cpu@56.812C soc2@55.5C soc0@55.625C gpu@56.031C tj@56.812C soc1@56.562C VDD_IN 5762mW/5907mW VDD_CPU_GPU_CV 1190mW/1292mW VDD_SOC 1547mW/1577mW
09-12-2026 20:12:36 RAM 4535/7620MB (lfb 249x1MB) SWAP 1112/12002MB (cached 10MB) CPU [48%@729,36%@729,44%@729,36%@1728,3%@729,62%@729] GR3D_FREQ 45% cpu@56.75C soc2@55.5C soc0@55.687C gpu@56.062C tj@56.75C soc1@56.531C VDD_IN 5952mW/5910mW VDD_CPU_GPU_CV 1267mW/1290mW VDD_SOC 1626mW/1581mW
09-12-2026 20:12:36 RAM 4689/7620MB (lfb 249x1MB) SWAP 1111/12002MB (cached 10MB) CPU [39%@1728,28%@1728,34%@1728,30%@1728,0%@1728,72%@1728] GR3D_FREQ 0% cpu@57.031C soc2@55.343C soc0@55.625C gpu@56.062C tj@57.031C soc1@56.5C VDD_IN 5872mW/5908mW VDD_CPU_GPU_CV 1190mW/1283mW VDD_SOC 1587mW/1581mW
09-12-2026 20:12:37 RAM 4765/7620MB (lfb 249x1MB) SWAP 1111/12002MB (cached 10MB) CPU [10%@1728,14%@1728,11%@1728,6%@1728,0%@1267,87%@1267] GR3D_FREQ 8% cpu@57.343C soc2@55.437C soc0@55.75C gpu@56C tj@57.343C soc1@56.531C VDD_IN 5952mW/5911mW VDD_CPU_GPU_CV 1307mW/1284mW VDD_SOC 1587mW/1581mW
09-12-2026 20:12:37 RAM 4985/7620MB (lfb 249x1MB) SWAP 1111/12002MB (cached 10MB) CPU [47%@729,37%@729,45%@729,40%@729,1%@729,66%@729] GR3D_FREQ 33% cpu@57.125C soc2@55.468C soc0@55.781C gpu@56.031C tj@57.125C soc1@56.437C VDD_IN 5991mW/5916mW VDD_CPU_GPU_CV 1307mW/1286mW VDD_SOC 1626mW/1584mW
09-12-2026 20:12:38 RAM 5083/7620MB (lfb 249x1MB) SWAP 1111/12002MB (cached 10MB) CPU [25%@1728,17%@1728,19%@1728,28%@1728,0%@1728,81%@1728] GR3D_FREQ 0% cpu@57C soc2@55.375C soc0@55.687C gpu@56.062C tj@57C soc1@56.468C VDD_IN 5912mW/5915mW VDD_CPU_GPU_CV 1230mW/1283mW VDD_SOC 1587mW/1584mW
09-12-2026 20:12:38 RAM 5164/7620MB (lfb 249x1MB) SWAP 1111/12002MB (cached 10MB) CPU [11%@729,11%@729,18%@1728,12%@1728,9%@1036,82%@1036] GR3D_FREQ 18% cpu@56.937C soc2@55.343C soc0@55.687C gpu@55.906C tj@56.937C soc1@56.468C VDD_IN 5793mW/5909mW VDD_CPU_GPU_CV 1190mW/1277mW VDD_SOC 1587mW/1585mW
09-12-2026 20:12:39 RAM 5446/7620MB (lfb 249x1MB) SWAP 1111/12002MB (cached 10MB) CPU [34%@1036,40%@1036,34%@1036,42%@1036,18%@960,66%@960] GR3D_FREQ 18% cpu@56.937C soc2@55.5C soc0@55.656C gpu@55.968C tj@56.937C soc1@56.468C VDD_IN 5872mW/5907mW VDD_CPU_GPU_CV 1230mW/1275mW VDD_SOC 1587mW/1585mW
09-12-2026 20:12:39 RAM 5598/7620MB (lfb 249x1MB) SWAP 1111/12002MB (cached 10MB) CPU [17%@1728,18%@1728,14%@1728,15%@1728,6%@1728,86%@1728] GR3D_FREQ 0% cpu@56.937C soc2@55.343C soc0@55.562C gpu@56.125C tj@57C soc1@56.437C VDD_IN 5872mW/5905mW VDD_CPU_GPU_CV 1190mW/1271mW VDD_SOC 1587mW/1585mW
09-12-2026 20:12:40 RAM 5800/7620MB (lfb 249x1MB) SWAP 1111/12002MB (cached 10MB) CPU [17%@729,16%@1728,24%@1728,25%@1728,10%@1574,89%@1574] GR3D_FREQ 9% cpu@56.906C soc2@55.437C soc0@55.593C gpu@56.031C tj@56.906C soc1@56.562C VDD_IN 6190mW/5919mW VDD_CPU_GPU_CV 1465mW/1280mW VDD_SOC 1626mW/1587mW
09-12-2026 20:12:40 RAM 5917/7620MB (lfb 164x1MB) SWAP 1111/12002MB (cached 10MB) CPU [16%@729,14%@729,1%@729,8%@729,8%@1728,86%@1728] GR3D_FREQ 0% cpu@57.031C soc2@55.406C soc0@55.468C gpu@56.093C tj@56.906C soc1@56.5C VDD_IN 5952mW/5920mW VDD_CPU_GPU_CV 1267mW/1279mW VDD_SOC 1587mW/1587mW
09-12-2026 20:12:41 RAM 5951/7620MB (lfb 138x1MB) SWAP 1111/12002MB (cached 10MB) CPU [1%@1728,1%@1728,3%@1728,0%@1728,0%@1728,93%@1728] GR3D_FREQ 39% cpu@57.187C soc2@55.312C soc0@55.593C gpu@56.062C tj@57.187C soc1@56.5C VDD_IN 5832mW/5916mW VDD_CPU_GPU_CV 1388mW/1284mW VDD_SOC 1507mW/1583mW
09-12-2026 20:12:41 RAM 5951/7620MB (lfb 138x1MB) SWAP 1111/12002MB (cached 10MB) CPU [0%@729,0%@729,0%@729,0%@729,0%@1728,91%@1728] GR3D_FREQ 0% cpu@56.968C soc2@55.312C soc0@55.75C gpu@56.031C tj@56.968C soc1@56.5C VDD_IN 5793mW/5911mW VDD_CPU_GPU_CV 1309mW/1285mW VDD_SOC 1507mW/1580mW
09-12-2026 20:12:42 RAM 5959/7620MB (lfb 134x1MB) SWAP 1111/12002MB (cached 10MB) CPU [3%@1728,1%@1728,0%@1728,0%@1728,24%@1728,73%@1728] GR3D_FREQ 0% cpu@57C soc2@55.375C soc0@55.656C gpu@56C tj@57C soc1@56.5C VDD_IN 5723mW/5904mW VDD_CPU_GPU_CV 1269mW/1284mW VDD_SOC 1507mW/1577mW
09-12-2026 20:12:42 RAM 6083/7620MB (lfb 65x1MB) SWAP 1111/12002MB (cached 10MB) CPU [2%@729,0%@729,0%@729,18%@729,54%@883,28%@883] GR3D_FREQ 9% cpu@57C soc2@55.468C soc0@55.593C gpu@56.593C tj@57C soc1@56.593C VDD_IN 8081mW/5987mW VDD_CPU_GPU_CV 2843mW/1344mW VDD_SOC 1819mW/1587mW
09-12-2026 20:12:43 RAM 6152/7620MB (lfb 7073x32kB) SWAP 1111/12002MB (cached 10MB) CPU [4%@1728,63%@1728,0%@1728,2%@1728,44%@1728,52%@1728] GR3D_FREQ 41% cpu@57.5C soc2@55.875C soc0@55.781C gpu@56.875C tj@57.5C soc1@56.625C VDD_IN 10289mW/6147mW VDD_CPU_GPU_CV 4487mW/1461mW VDD_SOC 2050mW/1604mW
09-12-2026 20:12:43 RAM 6153/7620MB (lfb 1x1MB) SWAP 1110/12002MB (cached 10MB) CPU [19%@1728,18%@1728,21%@1728,1%@1728,98%@1728,0%@1728] GR3D_FREQ 50% cpu@57.625C soc2@55.937C soc0@55.75C gpu@56.75C tj@57.625C soc1@56.656C VDD_IN 9096mW/6252mW VDD_CPU_GPU_CV 3745mW/1542mW VDD_SOC 1855mW/1613mW
09-12-2026 20:12:44 RAM 6153/7620MB (lfb 1x1MB) SWAP 1110/12002MB (cached 10MB) CPU [0%@1728,1%@1728,0%@1728,0%@1728,100%@1728,0%@1728] GR3D_FREQ 52% cpu@57.875C soc2@55.812C soc0@55.812C gpu@56.937C tj@57.875C soc1@56.593C VDD_IN 8661mW/6335mW VDD_CPU_GPU_CV 3395mW/1606mW VDD_SOC 1776mW/1618mW
09-12-2026 20:12:44 RAM 6153/7620MB (lfb 1x1MB) SWAP 1110/12002MB (cached 10MB) CPU [0%@729,0%@729,0%@729,0%@729,98%@1728,0%@1728] GR3D_FREQ 65% cpu@57.531C soc2@55.875C soc0@55.812C gpu@56.781C tj@57.531C soc1@56.531C VDD_IN 8424mW/6405mW VDD_CPU_GPU_CV 3159mW/1658mW VDD_SOC 1779mW/1624mW
09-12-2026 20:12:45 RAM 6153/7620MB (lfb 1x1MB) SWAP 1110/12002MB (cached 10MB) CPU [1%@729,2%@729,0%@729,0%@1728,80%@1728,0%@1728] GR3D_FREQ 99% cpu@57.812C soc2@56.093C soc0@56.062C gpu@58.312C tj@58.312C soc1@56.562C VDD_IN 11196mW/6559mW VDD_CPU_GPU_CV 4912mW/1763mW VDD_SOC 2164mW/1641mW
09-12-2026 20:12:45 RAM 6154/7620MB (lfb 1x1MB) SWAP 1110/12002MB (cached 10MB) CPU [0%@1728,0%@1728,0%@1728,0%@1728,92%@1728,0%@1728] GR3D_FREQ 44% cpu@57.875C soc2@56.187C soc0@55.937C gpu@57.281C tj@58C soc1@56.937C VDD_IN 10306mW/6676mW VDD_CPU_GPU_CV 4479mW/1848mW VDD_SOC 2010mW/1653mW
09-12-2026 20:12:46 RAM 6154/7620MB (lfb 1x1MB) SWAP 1110/12002MB (cached 10MB) CPU [0%@1728,0%@1728,0%@1728,0%@1728,98%@1728,0%@1728] GR3D_FREQ 53% cpu@57.781C soc2@56.062C soc0@56.031C gpu@57.093C tj@57.781C soc1@56.937C VDD_IN 8884mW/6743mW VDD_CPU_GPU_CV 3745mW/1905mW VDD_SOC 1816mW/1658mW
09-12-2026 20:12:46 RAM 6154/7620MB (lfb 1x1MB) SWAP 1110/12002MB (cached 10MB) CPU [0%@1728,1%@1728,0%@1728,0%@1728,100%@1728,0%@1728] GR3D_FREQ 49% cpu@57.781C soc2@56.156C soc0@56.062C gpu@57.062C tj@57.781C soc1@56.843C VDD_IN 8582mW/6797mW VDD_CPU_GPU_CV 3272mW/1946mW VDD_SOC 1779mW/1661mW
09-12-2026 20:12:47 RAM 6154/7620MB (lfb 1x1MB) SWAP 1110/12002MB (cached 10MB) CPU [0%@729,1%@729,0%@729,0%@729,98%@1728,0%@1728] GR3D_FREQ 0% cpu@57.531C soc2@56C soc0@55.937C gpu@56.875C tj@57.531C soc1@56.843C VDD_IN 8147mW/6836mW VDD_CPU_GPU_CV 3119mW/1979mW VDD_SOC 1779mW/1664mW
09-12-2026 20:12:47 RAM 6153/7620MB (lfb 1x1MB) SWAP 1110/12002MB (cached 10MB) CPU [3%@1728,1%@1728,0%@1728,0%@1728,74%@1728,0%@1728] GR3D_FREQ 34% cpu@58.281C soc2@56.312C soc0@56.218C gpu@57.593C tj@58.281C soc1@56.781C VDD_IN 11689mW/6971mW VDD_CPU_GPU_CV 5492mW/2077mW VDD_SOC 2204mW/1679mW
09-12-2026 20:12:48 RAM 6153/7620MB (lfb 1x1MB) SWAP 1110/12002MB (cached 10MB) CPU [1%@729,0%@729,0%@729,0%@729,98%@1728,0%@1728] GR3D_FREQ 41% cpu@58C soc2@56.312C soc0@56.25C gpu@57.343C tj@58C soc1@56.781C VDD_IN 9556mW/7041mW VDD_CPU_GPU_CV 3981mW/2128mW VDD_SOC 1895mW/1685mW
09-12-2026 20:12:48 RAM 6154/7620MB (lfb 1x1MB) SWAP 1110/12002MB (cached 10MB) CPU [1%@729,7%@729,0%@729,0%@1728,100%@1728,0%@1728] GR3D_FREQ 48% cpu@57.968C soc2@56.156C soc0@56.218C gpu@57.656C tj@57.968C soc1@56.812C VDD_IN 8701mW/7084mW VDD_CPU_GPU_CV 3508mW/2164mW VDD_SOC 1776mW/1688mW
09-12-2026 20:12:49 RAM 6154/7620MB (lfb 1x1MB) SWAP 1110/12002MB (cached 10MB) CPU [0%@729,1%@1728,0%@1728,0%@1728,98%@1728,0%@1728] GR3D_FREQ 50% cpu@57.937C soc2@56.187C soc0@56.187C gpu@57.375C tj@57.937C soc1@57C VDD_IN 8543mW/7122mW VDD_CPU_GPU_CV 3277mW/2193mW VDD_SOC 1776mW/1690mW
09-12-2026 20:12:50 RAM 6154/7620MB (lfb 1x1MB) SWAP 1110/12002MB (cached 10MB) CPU [24%@1728,1%@1728,0%@1728,0%@1728,60%@1728,0%@1728] GR3D_FREQ 99% cpu@58.093C soc2@56.625C soc0@56.187C gpu@58.968C tj@58.968C soc1@56.937C VDD_IN 11453mW/7230mW VDD_CPU_GPU_CV 5139mW/2267mW VDD_SOC 2243mW/1704mW
09-12-2026 20:12:50 RAM 6154/7620MB (lfb 1x1MB) SWAP 1109/12002MB (cached 10MB) CPU [90%@1728,0%@1728,0%@1728,0%@1728,0%@729,0%@729] GR3D_FREQ 37% cpu@58.406C soc2@56.656C soc0@56.218C gpu@57.812C tj@58.406C soc1@57C VDD_IN 10092mW/7300mW VDD_CPU_GPU_CV 4408mW/2319mW VDD_SOC 1971mW/1710mW
09-12-2026 20:12:51 RAM 6154/7620MB (lfb 1x1MB) SWAP 1109/12002MB (cached 10MB) CPU [100%@1728,0%@1728,0%@1728,0%@1728,0%@729,0%@729] GR3D_FREQ 48% cpu@58.218C soc2@56.5C soc0@56.437C gpu@57.5C tj@58.093C soc1@57C VDD_IN 8859mW/7337mW VDD_CPU_GPU_CV 3587mW/2349mW VDD_SOC 1816mW/1713mW
09-12-2026 20:12:51 RAM 6154/7620MB (lfb 1x1MB) SWAP 1109/12002MB (cached 10MB) CPU [98%@1728,0%@1728,0%@1728,0%@1728,0%@729,0%@729] GR3D_FREQ 48% cpu@58.312C soc2@56.406C soc0@56.312C gpu@57.562C tj@58.312C soc1@57.125C VDD_IN 8503mW/7364mW VDD_CPU_GPU_CV 3277mW/2371mW VDD_SOC 1779mW/1714mW
09-12-2026 20:12:52 RAM 6157/7620MB (lfb 1x1MB) SWAP 1109/12002MB (cached 10MB) CPU [97%@1728,0%@1728,5%@1728,6%@1728,0%@729,0%@729] GR3D_FREQ 33% cpu@58.031C soc2@56.468C soc0@56.343C gpu@57.25C tj@58.031C soc1@57.062C VDD_IN 8305mW/7385mW VDD_CPU_GPU_CV 3119mW/2388mW VDD_SOC 1779mW/1716mW
09-12-2026 20:12:52 RAM 6160/7620MB (lfb 1x1MB) SWAP 1109/12002MB (cached 10MB) CPU [33%@1728,18%@1728,64%@1728,12%@1728,21%@729,56%@729] GR3D_FREQ 33% cpu@58.718C soc2@56.812C soc0@56.375C gpu@58.093C tj@58.718C soc1@57.062C VDD_IN 12162mW/7492mW VDD_CPU_GPU_CV 5796mW/2463mW VDD_SOC 2239mW/1727mW
09-12-2026 20:12:53 RAM 6160/7620MB (lfb 1x1MB) SWAP 1109/12002MB (cached 10MB) CPU [0%@1728,1%@1728,100%@1728,1%@1728,0%@729,0%@729] GR3D_FREQ 44% cpu@58.5C soc2@56.687C soc0@56.437C gpu@58C tj@58.5C soc1@57.062C VDD_IN 9556mW/7536mW VDD_CPU_GPU_CV 4093mW/2499mW VDD_SOC 1895mW/1731mW
09-12-2026 20:12:53 RAM 6159/7620MB (lfb 1x1MB) SWAP 1109/12002MB (cached 10MB) CPU [0%@1728,2%@1728,98%@1728,0%@1728,0%@729,0%@729] GR3D_FREQ 49% cpu@58.718C soc2@56.593C soc0@56.593C gpu@57.593C tj@58.718C soc1@57C VDD_IN 8780mW/7563mW VDD_CPU_GPU_CV 3469mW/2519mW VDD_SOC 1816mW/1733mW
09-12-2026 20:12:54 RAM 6160/7620MB (lfb 1x1MB) SWAP 1109/12002MB (cached 10MB) CPU [1%@1574,0%@1574,93%@1574,0%@1574,0%@729,0%@729] GR3D_FREQ 99% cpu@57.968C soc2@56.562C soc0@56.562C gpu@58.218C tj@58.218C soc1@57C VDD_IN 8899mW/7591mW VDD_CPU_GPU_CV 3429mW/2538mW VDD_SOC 1855mW/1735mW
09-12-2026 20:12:54 RAM 6160/7620MB (lfb 1x1MB) SWAP 1109/12002MB (cached 10MB) CPU [0%@1728,3%@1728,78%@1728,1%@1728,0%@729,0%@729] GR3D_FREQ 32% cpu@58.875C soc2@56.812C soc0@56.625C gpu@58.031C tj@58.875C soc1@57.281C VDD_IN 11117mW/7663mW VDD_CPU_GPU_CV 4982mW/2588mW VDD_SOC 2125mW/1743mW
09-12-2026 20:12:55 RAM 6160/7620MB (lfb 1x1MB) SWAP 1109/12002MB (cached 10MB) CPU [0%@1728,0%@1728,100%@1728,0%@1728,0%@729,0%@729] GR3D_FREQ 44% cpu@58.656C soc2@56.781C soc0@56.531C gpu@58.093C tj@58.656C soc1@57.25C VDD_IN 9279mW/7695mW VDD_CPU_GPU_CV 3863mW/2614mW VDD_SOC 1855mW/1746mW
09-12-2026 20:12:55 RAM 6160/7620MB (lfb 1x1MB) SWAP 1108/12002MB (cached 10MB) CPU [0%@1728,0%@1728,98%@1728,0%@1728,0%@729,0%@729] GR3D_FREQ 48% cpu@58.937C soc2@56.781C soc0@56.718C gpu@57.906C tj@58.937C soc1@57.187C VDD_IN 8622mW/7713mW VDD_CPU_GPU_CV 3390mW/2629mW VDD_SOC 1779mW/1746mW
09-12-2026 20:12:56 RAM 6160/7620MB (lfb 1x1MB) SWAP 1108/12002MB (cached 10MB) CPU [1%@1728,1%@1728,84%@1728,0%@1728,0%@729,0%@729] GR3D_FREQ 99% cpu@58.687C soc2@56.781C soc0@56.781C gpu@58.906C tj@58.906C soc1@57.187C VDD_IN 10920mW/7775mW VDD_CPU_GPU_CV 4833mW/2671mW VDD_SOC 2125mW/1754mW
09-12-2026 20:12:56 RAM 6160/7620MB (lfb 1x1MB) SWAP 1108/12002MB (cached 10MB) CPU [3%@1728,0%@1728,88%@1728,0%@1728,0%@729,0%@729] GR3D_FREQ 36% cpu@58.937C soc2@56.843C soc0@56.718C gpu@58.218C tj@58.937C soc1@57.187C VDD_IN 10289mW/7822mW VDD_CPU_GPU_CV 4676mW/2709mW VDD_SOC 2010mW/1758mW
09-12-2026 20:12:57 RAM 6160/7620MB (lfb 1x1MB) SWAP 1108/12002MB (cached 10MB) CPU [0%@1728,0%@1728,100%@1728,1%@1728,0%@729,0%@729] GR3D_FREQ 50% cpu@58.718C soc2@56.718C soc0@56.687C gpu@57.875C tj@58.718C soc1@57.406C VDD_IN 8924mW/7843mW VDD_CPU_GPU_CV 3745mW/2728mW VDD_SOC 1855mW/1760mW
09-12-2026 20:12:57 RAM 6160/7620MB (lfb 1x1MB) SWAP 1108/12002MB (cached 10MB) CPU [0%@1728,0%@1728,98%@1728,0%@1728,0%@729,0%@729] GR3D_FREQ 52% cpu@58.968C soc2@56.843C soc0@56.625C gpu@57.718C tj@58.968C soc1@57.312C VDD_IN 8543mW/7855mW VDD_CPU_GPU_CV 3351mW/2740mW VDD_SOC 1779mW/1761mW
09-12-2026 20:12:58 RAM 6160/7620MB (lfb 1x1MB) SWAP 1108/12002MB (cached 10MB) CPU [0%@1728,1%@1728,76%@1728,0%@1728,0%@729,0%@729] GR3D_FREQ 98% cpu@58.562C soc2@57.187C soc0@56.812C gpu@59.437C tj@59.437C soc1@57.343C VDD_IN 12731mW/7942mW VDD_CPU_GPU_CV 6110mW/2800mW VDD_SOC 2397mW/1772mW
09-12-2026 20:12:58 RAM 6160/7620MB (lfb 1x1MB) SWAP 1108/12002MB (cached 10MB) CPU [0%@1728,0%@1728,98%@1728,0%@1728,0%@729,0%@729] GR3D_FREQ 44% cpu@59C soc2@57C soc0@56.812C gpu@58.062C tj@59C soc1@57.437C VDD_IN 9872mW/7976mW VDD_CPU_GPU_CV 4329mW/2827mW VDD_SOC 1971mW/1775mW
09-12-2026 20:12:59 RAM 6160/7620MB (lfb 1x1MB) SWAP 1108/12002MB (cached 10MB) CPU [0%@1728,1%@1728,98%@1728,1%@1728,0%@729,0%@729] GR3D_FREQ 50% cpu@58.875C soc2@56.875C soc0@56.812C gpu@58.218C tj@58.875C soc1@57.375C VDD_IN 8859mW/7992mW VDD_CPU_GPU_CV 3587mW/2840mW VDD_SOC 1816mW/1776mW
09-12-2026 20:12:59 RAM 6160/7620MB (lfb 1x1MB) SWAP 1108/12002MB (cached 10MB) CPU [0%@1728,0%@1728,100%@1728,0%@1728,0%@729,1%@729] GR3D_FREQ 51% cpu@58.875C soc2@56.843C soc0@56.812C gpu@58C tj@58.875C soc1@57.531C VDD_IN 8582mW/8002mW VDD_CPU_GPU_CV 3311mW/2848mW VDD_SOC 1779mW/1776mW
