09-12-2026 23:44:14 RAM 3101/7620MB (lfb 8x4MB) SWAP 913/12002MB (cached 10MB) CPU [18%@1728,17%@1728,81%@1728,13%@1728,12%@729,12%@729] GR3D_FREQ 0% cpu@50.937C soc2@48.687C soc0@49.25C gpu@49.75C tj@50.937C soc1@49.968C VDD_IN 5762mW/5762mW VDD_CPU_GPU_CV 1547mW/1547mW VDD_SOC 1470mW/1470mW
09-12-2026 23:44:14 RAM 3152/7620MB (lfb 8x4MB) SWAP 913/12002MB (cached 10MB) CPU [2%@1728,0%@1728,92%@1728,0%@1728,0%@729,0%@729] GR3D_FREQ 0% cpu@51.031C soc2@48.812C soc0@49.156C gpu@49.718C tj@51.031C soc1@49.968C VDD_IN 5683mW/5723mW VDD_CPU_GPU_CV 1428mW/1488mW VDD_SOC 1470mW/1470mW
09-12-2026 23:44:15 RAM 3172/7620MB (lfb 8x4MB) SWAP 913/12002MB (cached 10MB) CPU [2%@1728,0%@1728,85%@1728,0%@1728,0%@729,0%@729] GR3D_FREQ 0% cpu@50.968C soc2@48.843C soc0@49.406C gpu@49.593C tj@50.968C soc1@49.875C VDD_IN 5683mW/5709mW VDD_CPU_GPU_CV 1388mW/1454mW VDD_SOC 1470mW/1470mW
09-12-2026 23:44:15 RAM 3182/7620MB (lfb 8x4MB) SWAP 913/12002MB (cached 10MB) CPU [3%@1728,0%@1728,32%@1728,66%@1728,1%@729,0%@729] GR3D_FREQ 0% cpu@50.937C soc2@48.781C soc0@49.343C gpu@49.687C tj@50.937C soc1@49.75C VDD_IN 5723mW/5713mW VDD_CPU_GPU_CV 1428mW/1448mW VDD_SOC 1470mW/1470mW
09-12-2026 23:44:16 RAM 3199/7620MB (lfb 8x4MB) SWAP 913/12002MB (cached 10MB) CPU [0%@1728,0%@1728,0%@1728,94%@1728,0%@729,0%@729] GR3D_FREQ 0% cpu@50.75C soc2@48.656C soc0@49.312C gpu@49.718C tj@50.75C soc1@50C VDD_IN 5683mW/5707mW VDD_CPU_GPU_CV 1428mW/1444mW VDD_SOC 1470mW/1470mW
09-12-2026 23:44:16 RAM 3209/7620MB (lfb 8x4MB) SWAP 913/12002MB (cached 10MB) CPU [5%@1728,0%@1728,0%@1728,82%@1728,0%@729,0%@729] GR3D_FREQ 0% cpu@50.562C soc2@48.718C soc0@49.312C gpu@49.75C tj@50.562C soc1@50.031C VDD_IN 5564mW/5683mW VDD_CPU_GPU_CV 1309mW/1421mW VDD_SOC 1470mW/1470mW
09-12-2026 23:44:17 RAM 3228/7620MB (lfb 8x4MB) SWAP 913/12002MB (cached 10MB) CPU [2%@1728,0%@1728,0%@1728,92%@1728,0%@729,1%@729] GR3D_FREQ 0% cpu@50.781C soc2@48.812C soc0@49.281C gpu@49.75C tj@50.781C soc1@49.906C VDD_IN 5643mW/5677mW VDD_CPU_GPU_CV 1388mW/1417mW VDD_SOC 1470mW/1470mW
09-12-2026 23:44:17 RAM 3259/7620MB (lfb 8x4MB) SWAP 913/12002MB (cached 10MB) CPU [0%@1728,0%@1728,35%@1728,60%@1728,0%@729,0%@729] GR3D_FREQ 0% cpu@51.187C soc2@48.75C soc0@49.468C gpu@49.875C tj@51.187C soc1@49.906C VDD_IN 5643mW/5673mW VDD_CPU_GPU_CV 1388mW/1413mW VDD_SOC 1470mW/1470mW
09-12-2026 23:44:18 RAM 3269/7620MB (lfb 8x4MB) SWAP 913/12002MB (cached 10MB) CPU [5%@1728,0%@1728,79%@1728,0%@1728,0%@729,0%@729] GR3D_FREQ 0% cpu@51.468C soc2@48.843C soc0@49.468C gpu@49.75C tj@51.468C soc1@49.906C VDD_IN 5524mW/5656mW VDD_CPU_GPU_CV 1309mW/1401mW VDD_SOC 1470mW/1470mW
09-12-2026 23:44:18 RAM 3277/7620MB (lfb 8x4MB) SWAP 913/12002MB (cached 10MB) CPU [4%@1728,1%@1728,85%@1728,0%@1728,0%@729,0%@729] GR3D_FREQ 0% cpu@51.343C soc2@48.843C soc0@49.375C gpu@49.656C tj@51.343C soc1@50.093C VDD_IN 5603mW/5651mW VDD_CPU_GPU_CV 1388mW/1400mW VDD_SOC 1470mW/1470mW
09-12-2026 23:44:19 RAM 3270/7620MB (lfb 8x4MB) SWAP 913/12002MB (cached 10MB) CPU [3%@1728,0%@1728,88%@1728,0%@1728,0%@729,0%@729] GR3D_FREQ 0% cpu@51C soc2@48.937C soc0@49.406C gpu@50C tj@51C soc1@50.062C VDD_IN 5643mW/5650mW VDD_CPU_GPU_CV 1349mW/1395mW VDD_SOC 1470mW/1470mW
09-12-2026 23:44:19 RAM 3284/7620MB (lfb 8x4MB) SWAP 913/12002MB (cached 10MB) CPU [5%@1728,0%@1728,92%@1728,1%@1728,0%@729,0%@729] GR3D_FREQ 0% cpu@51.25C soc2@48.812C soc0@49.406C gpu@49.687C tj@51.25C soc1@49.937C VDD_IN 5683mW/5653mW VDD_CPU_GPU_CV 1388mW/1395mW VDD_SOC 1510mW/1473mW
09-12-2026 23:44:20 RAM 3309/7620MB (lfb 8x4MB) SWAP 913/12002MB (cached 10MB) CPU [0%@1728,14%@1728,92%@1728,0%@1728,9%@1728,0%@1728] GR3D_FREQ 0% cpu@51.125C soc2@48.875C soc0@49.5C gpu@50C tj@51.125C soc1@49.968C VDD_IN 5842mW/5668mW VDD_CPU_GPU_CV 1507mW/1403mW VDD_SOC 1510mW/1476mW
09-12-2026 23:44:20 RAM 3438/7620MB (lfb 5x2MB) SWAP 913/12002MB (cached 10MB) CPU [17%@1728,14%@1728,98%@1728,14%@1728,100%@1728,15%@1728] GR3D_FREQ 0% cpu@51.156C soc2@48.875C soc0@49.5C gpu@49.968C tj@51.156C soc1@49.875C VDD_IN 6478mW/5726mW VDD_CPU_GPU_CV 1984mW/1445mW VDD_SOC 1547mW/1481mW
09-12-2026 23:44:21 RAM 3506/7620MB (lfb 117x1MB) SWAP 913/12002MB (cached 10MB) CPU [13%@1728,15%@1728,100%@1728,11%@1728,48%@1728,66%@1728] GR3D_FREQ 0% cpu@51.343C soc2@48.937C soc0@49.375C gpu@49.906C tj@51.343C soc1@50.125C VDD_IN 6626mW/5786mW VDD_CPU_GPU_CV 2060mW/1486mW VDD_SOC 1547mW/1486mW
09-12-2026 23:44:21 RAM 3533/7620MB (lfb 117x1MB) SWAP 913/12002MB (cached 10MB) CPU [2%@1574,0%@1574,89%@1574,1%@1574,0%@1728,100%@1728] GR3D_FREQ 0% cpu@51.281C soc2@49C soc0@49.437C gpu@49.937C tj@51.281C soc1@50.125C VDD_IN 6557mW/5834mW VDD_CPU_GPU_CV 2099mW/1524mW VDD_SOC 1507mW/1487mW
09-12-2026 23:44:22 RAM 3562/7620MB (lfb 117x1MB) SWAP 913/12002MB (cached 10MB) CPU [6%@1267,0%@1267,77%@1267,0%@1267,0%@1728,100%@1728] GR3D_FREQ 0% cpu@51.187C soc2@48.968C soc0@49.437C gpu@49.875C tj@51.187C soc1@50.093C VDD_IN 6478mW/5872mW VDD_CPU_GPU_CV 2023mW/1554mW VDD_SOC 1507mW/1488mW
09-12-2026 23:44:22 RAM 3586/7620MB (lfb 117x1MB) SWAP 913/12002MB (cached 10MB) CPU [8%@1728,0%@1728,72%@1728,0%@1728,0%@1728,100%@1728] GR3D_FREQ 0% cpu@51.031C soc2@49C soc0@49.531C gpu@49.843C tj@51.031C soc1@50.062C VDD_IN 6359mW/5899mW VDD_CPU_GPU_CV 1864mW/1571mW VDD_SOC 1547mW/1491mW
09-12-2026 23:44:23 RAM 3639/7620MB (lfb 117x1MB) SWAP 913/12002MB (cached 10MB) CPU [8%@1728,1%@1728,73%@1728,1%@1728,0%@1728,100%@1728] GR3D_FREQ 0% cpu@51.437C soc2@48.937C soc0@49.468C gpu@49.875C tj@51.437C soc1@50.031C VDD_IN 6438mW/5927mW VDD_CPU_GPU_CV 1944mW/1590mW VDD_SOC 1547mW/1494mW
09-12-2026 23:44:23 RAM 3686/7620MB (lfb 117x1MB) SWAP 913/12002MB (cached 10MB) CPU [5%@1728,0%@1728,98%@1728,0%@1728,0%@729,62%@729] GR3D_FREQ 0% cpu@51.343C soc2@49C soc0@49.468C gpu@49.906C tj@51.343C soc1@50.218C VDD_IN 6279mW/5945mW VDD_CPU_GPU_CV 1745mW/1598mW VDD_SOC 1550mW/1497mW
09-12-2026 23:44:24 RAM 3706/7620MB (lfb 117x1MB) SWAP 913/12002MB (cached 10MB) CPU [0%@1728,0%@1728,92%@1728,1%@1728,0%@729,0%@729] GR3D_FREQ 0% cpu@51.343C soc2@49C soc0@49.5C gpu@50.187C tj@51.343C soc1@50.156C VDD_IN 5921mW/5944mW VDD_CPU_GPU_CV 1547mW/1596mW VDD_SOC 1510mW/1498mW
09-12-2026 23:44:24 RAM 3730/7620MB (lfb 117x1MB) SWAP 913/12002MB (cached 10MB) CPU [3%@1728,0%@1728,83%@1728,1%@1728,0%@729,0%@729] GR3D_FREQ 0% cpu@51.218C soc2@49C soc0@49.625C gpu@50.031C tj@51.218C soc1@50.125C VDD_IN 5723mW/5934mW VDD_CPU_GPU_CV 1428mW/1588mW VDD_SOC 1470mW/1496mW
09-12-2026 23:44:25 RAM 3754/7620MB (lfb 117x1MB) SWAP 913/12002MB (cached 10MB) CPU [3%@1728,0%@1728,94%@1728,0%@1728,0%@729,0%@729] GR3D_FREQ 0% cpu@51.062C soc2@48.937C soc0@49.562C gpu@50.093C tj@51.062C soc1@50.093C VDD_IN 5683mW/5923mW VDD_CPU_GPU_CV 1230mW/1573mW VDD_SOC 1510mW/1497mW
09-12-2026 23:44:25 RAM 3775/7620MB (lfb 117x1MB) SWAP 913/12002MB (cached 10MB) CPU [14%@1728,12%@1728,82%@1728,13%@1728,12%@729,14%@729] GR3D_FREQ 0% cpu@51.218C soc2@48.937C soc0@49.5C gpu@50.062C tj@51.218C soc1@50.25C VDD_IN 5723mW/5914mW VDD_CPU_GPU_CV 1388mW/1565mW VDD_SOC 1510mW/1498mW
09-12-2026 23:44:26 RAM 3791/7620MB (lfb 118x1MB) SWAP 913/12002MB (cached 10MB) CPU [4%@1728,0%@1728,84%@1728,0%@1728,0%@729,0%@729] GR3D_FREQ 0% cpu@51.25C soc2@49C soc0@49.5C gpu@49.906C tj@51.25C soc1@50.25C VDD_IN 5683mW/5905mW VDD_CPU_GPU_CV 1388mW/1558mW VDD_SOC 1470mW/1496mW
09-12-2026 23:44:26 RAM 3812/7620MB (lfb 117x1MB) SWAP 913/12002MB (cached 10MB) CPU [5%@1728,0%@1728,82%@1728,1%@1728,0%@729,0%@729] GR3D_FREQ 0% cpu@51.218C soc2@48.968C soc0@49.468C gpu@49.906C tj@51.218C soc1@50.187C VDD_IN 5643mW/5895mW VDD_CPU_GPU_CV 1349mW/1550mW VDD_SOC 1470mW/1495mW
09-12-2026 23:44:27 RAM 3819/7620MB (lfb 117x1MB) SWAP 913/12002MB (cached 10MB) CPU [0%@1728,1%@1728,94%@1728,0%@1728,0%@729,0%@729] GR3D_FREQ 0% cpu@51.531C soc2@49.062C soc0@49.625C gpu@49.875C tj@51.531C soc1@50.062C VDD_IN 5643mW/5886mW VDD_CPU_GPU_CV 1428mW/1545mW VDD_SOC 1470mW/1495mW
09-12-2026 23:44:27 RAM 3876/7620MB (lfb 117x1MB) SWAP 913/12002MB (cached 10MB) CPU [11%@1728,11%@1728,93%@1728,8%@1728,0%@729,0%@729] GR3D_FREQ 0% cpu@51.656C soc2@49.062C soc0@49.625C gpu@49.875C tj@51.656C soc1@50.156C VDD_IN 5842mW/5884mW VDD_CPU_GPU_CV 1587mW/1547mW VDD_SOC 1470mW/1494mW
09-12-2026 23:44:28 RAM 3980/7620MB (lfb 117x1MB) SWAP 913/12002MB (cached 10MB) CPU [7%@1728,13%@1728,13%@1728,15%@1728,90%@1497,3%@1497] GR3D_FREQ 0% cpu@51.406C soc2@49C soc0@49.531C gpu@49.875C tj@51.406C soc1@50.125C VDD_IN 5961mW/5887mW VDD_CPU_GPU_CV 1626mW/1549mW VDD_SOC 1510mW/1494mW
09-12-2026 23:44:28 RAM 4061/7620MB (lfb 117x1MB) SWAP 913/12002MB (cached 10MB) CPU [26%@729,31%@729,32%@1728,32%@1728,5%@729,53%@729] GR3D_FREQ 34% cpu@50.812C soc2@48.937C soc0@49.531C gpu@50C tj@50.812C soc1@50.156C VDD_IN 6001mW/5891mW VDD_CPU_GPU_CV 1388mW/1544mW VDD_SOC 1589mW/1497mW
09-12-2026 23:44:29 RAM 4119/7620MB (lfb 97x1MB) SWAP 913/12002MB (cached 10MB) CPU [24%@1728,13%@1728,22%@1728,76%@1728,52%@1728,10%@1728] GR3D_FREQ 0% cpu@51.375C soc2@49C soc0@49.531C gpu@49.937C tj@51.375C soc1@50.281C VDD_IN 6359mW/5906mW VDD_CPU_GPU_CV 1547mW/1544mW VDD_SOC 1666mW/1503mW
09-12-2026 23:44:29 RAM 4246/7620MB (lfb 97x1MB) SWAP 913/12002MB (cached 10MB) CPU [8%@729,21%@729,16%@729,71%@729,28%@729,0%@729] GR3D_FREQ 0% cpu@50.781C soc2@49.031C soc0@49.5C gpu@50C tj@50.781C soc1@50.25C VDD_IN 6001mW/5909mW VDD_CPU_GPU_CV 1309mW/1537mW VDD_SOC 1629mW/1507mW
09-12-2026 23:44:30 RAM 4432/7620MB (lfb 91x1MB) SWAP 913/12002MB (cached 10MB) CPU [12%@729,41%@1728,39%@1728,65%@1728,42%@729,0%@729] GR3D_FREQ 37% cpu@50.718C soc2@49C soc0@49.531C gpu@49.812C tj@50.718C soc1@50.187C VDD_IN 5882mW/5908mW VDD_CPU_GPU_CV 1190mW/1526mW VDD_SOC 1629mW/1510mW
09-12-2026 23:44:30 RAM 4432/7620MB (lfb 91x1MB) SWAP 913/12002MB (cached 10MB) CPU [0%@1728,2%@1728,5%@1728,98%@1728,0%@729,0%@729] GR3D_FREQ 0% cpu@51.093C soc2@49C soc0@49.75C gpu@50C tj@51.093C soc1@50.187C VDD_IN 5762mW/5904mW VDD_CPU_GPU_CV 1150mW/1515mW VDD_SOC 1589mW/1513mW
09-12-2026 23:44:31 RAM 4535/7620MB (lfb 44x1MB) SWAP 913/12002MB (cached 10MB) CPU [12%@806,29%@806,30%@806,63%@806,31%@729,32%@729] GR3D_FREQ 69% cpu@51.031C soc2@49.031C soc0@49.687C gpu@50.031C tj@51.031C soc1@50.25C VDD_IN 5961mW/5905mW VDD_CPU_GPU_CV 1269mW/1508mW VDD_SOC 1629mW/1516mW
09-12-2026 23:44:31 RAM 4550/7620MB (lfb 1x2MB) SWAP 913/12002MB (cached 10MB) CPU [11%@1728,30%@1728,35%@1728,74%@1728,28%@729,32%@729] GR3D_FREQ 0% cpu@50.968C soc2@49C soc0@49.687C gpu@49.968C tj@50.968C soc1@50.187C VDD_IN 5842mW/5903mW VDD_CPU_GPU_CV 1150mW/1498mW VDD_SOC 1629mW/1519mW
09-12-2026 23:44:32 RAM 4575/7620MB (lfb 39x1MB) SWAP 913/12002MB (cached 10MB) CPU [0%@1728,4%@1728,6%@1728,86%@1728,8%@729,13%@729] GR3D_FREQ 41% cpu@50.843C soc2@49.031C soc0@49.656C gpu@50C tj@50.843C soc1@50.406C VDD_IN 5921mW/5904mW VDD_CPU_GPU_CV 1269mW/1492mW VDD_SOC 1589mW/1521mW
09-12-2026 23:44:32 RAM 4703/7620MB (lfb 15x1MB) SWAP 913/12002MB (cached 10MB) CPU [13%@1113,36%@1113,53%@1113,47%@1113,44%@729,44%@729] GR3D_FREQ 10% cpu@51C soc2@49.062C soc0@49.5C gpu@50.031C tj@51C soc1@50.343C VDD_IN 6041mW/5908mW VDD_CPU_GPU_CV 1309mW/1487mW VDD_SOC 1629mW/1524mW
09-12-2026 23:44:33 RAM 4740/7620MB (lfb 15x1MB) SWAP 913/12002MB (cached 10MB) CPU [4%@1728,17%@1728,81%@1728,13%@1728,18%@729,19%@729] GR3D_FREQ 0% cpu@51.156C soc2@49.093C soc0@49.562C gpu@50C tj@51.156C soc1@50.312C VDD_IN 5842mW/5906mW VDD_CPU_GPU_CV 1190mW/1480mW VDD_SOC 1629mW/1527mW
09-12-2026 23:44:33 RAM 4849/7620MB (lfb 15x1MB) SWAP 913/12002MB (cached 10MB) CPU [10%@1728,12%@1728,75%@1728,18%@1728,20%@729,22%@729] GR3D_FREQ 34% cpu@50.937C soc2@49.093C soc0@49.562C gpu@50.312C tj@50.937C soc1@50.281C VDD_IN 5961mW/5907mW VDD_CPU_GPU_CV 1309mW/1475mW VDD_SOC 1629mW/1529mW
09-12-2026 23:44:34 RAM 5131/7620MB (lfb 10x1MB) SWAP 913/12002MB (cached 10MB) CPU [11%@806,40%@806,68%@806,39%@806,45%@729,44%@729] GR3D_FREQ 59% cpu@51.062C soc2@49.031C soc0@49.75C gpu@49.937C tj@51.062C soc1@50.25C VDD_IN 6001mW/5910mW VDD_CPU_GPU_CV 1269mW/1470mW VDD_SOC 1629mW/1532mW
09-12-2026 23:44:34 RAM 5129/7620MB (lfb 1x2MB) SWAP 913/12002MB (cached 10MB) CPU [2%@1728,6%@1728,90%@1728,10%@1728,6%@729,4%@729] GR3D_FREQ 0% cpu@51.218C soc2@49.031C soc0@49.75C gpu@50.281C tj@51.218C soc1@50.218C VDD_IN 5842mW/5908mW VDD_CPU_GPU_CV 1190mW/1464mW VDD_SOC 1589mW/1533mW
09-12-2026 23:44:35 RAM 5327/7620MB (lfb 120x512kB) SWAP 913/12002MB (cached 10MB) CPU [32%@1190,23%@1190,67%@1190,9%@1190,34%@729,34%@729] GR3D_FREQ 38% cpu@51.218C soc2@49.031C soc0@49.656C gpu@50C tj@51.218C soc1@50.5C VDD_IN 6001mW/5910mW VDD_CPU_GPU_CV 1309mW/1460mW VDD_SOC 1629mW/1535mW
09-12-2026 23:44:35 RAM 5522/7620MB (lfb 111x512kB) SWAP 913/12002MB (cached 10MB) CPU [25%@1728,30%@1728,57%@1728,29%@1728,42%@729,37%@729] GR3D_FREQ 4% cpu@50.937C soc2@49.031C soc0@49.687C gpu@50.25C tj@50.937C soc1@50.406C VDD_IN 5961mW/5911mW VDD_CPU_GPU_CV 1269mW/1456mW VDD_SOC 1629mW/1537mW
09-12-2026 23:44:36 RAM 5524/7620MB (lfb 113x512kB) SWAP 913/12002MB (cached 10MB) CPU [4%@1728,0%@1728,98%@1728,0%@1728,0%@729,0%@729] GR3D_FREQ 0% cpu@51.312C soc2@49.156C soc0@49.687C gpu@50.187C tj@51.218C soc1@50.437C VDD_IN 5842mW/5910mW VDD_CPU_GPU_CV 1230mW/1451mW VDD_SOC 1589mW/1539mW
09-12-2026 23:44:36 RAM 5737/7620MB (lfb 3x128kB) SWAP 913/12002MB (cached 10MB) CPU [26%@1420,24%@1420,55%@1420,24%@1420,40%@1113,32%@1113] GR3D_FREQ 21% cpu@51.437C soc2@49.187C soc0@49.718C gpu@50.281C tj@51.437C soc1@50.281C VDD_IN 6041mW/5913mW VDD_CPU_GPU_CV 1349mW/1448mW VDD_SOC 1629mW/1540mW
09-12-2026 23:44:37 RAM 5955/7620MB (lfb 2x1MB) SWAP 912/12002MB (cached 10MB) CPU [53%@1728,47%@1728,45%@1728,58%@1728,70%@1728,49%@1728] GR3D_FREQ 0% cpu@51.687C soc2@49.25C soc0@49.781C gpu@50.218C tj@51.687C soc1@50.25C VDD_IN 6824mW/5932mW VDD_CPU_GPU_CV 2060mW/1462mW VDD_SOC 1666mW/1543mW
09-12-2026 23:44:37 RAM 5993/7620MB (lfb 2x128kB) SWAP 913/12002MB (cached 10MB) CPU [7%@1728,6%@1728,8%@1728,96%@1728,30%@729,13%@729] GR3D_FREQ 0% cpu@51.687C soc2@49.187C soc0@49.781C gpu@50.312C tj@51.687C soc1@50.312C VDD_IN 6319mW/5940mW VDD_CPU_GPU_CV 1626mW/1465mW VDD_SOC 1626mW/1545mW
09-12-2026 23:44:38 RAM 6236/7620MB (lfb 2x128kB) SWAP 918/12002MB (cached 10MB) CPU [14%@1113,29%@1113,39%@1113,73%@1113,34%@1420,45%@1420] GR3D_FREQ 3% cpu@51.156C soc2@49.187C soc0@49.656C gpu@50.25C tj@51.156C soc1@50.5C VDD_IN 6359mW/5949mW VDD_CPU_GPU_CV 1666mW/1469mW VDD_SOC 1626mW/1547mW
09-12-2026 23:44:38 RAM 6236/7620MB (lfb 11x128kB) SWAP 918/12002MB (cached 10MB) CPU [0%@1728,0%@1728,0%@1728,98%@1728,0%@729,0%@729] GR3D_FREQ 0% cpu@50.968C soc2@49.218C soc0@49.687C gpu@50.093C tj@50.968C soc1@50.406C VDD_IN 5921mW/5948mW VDD_CPU_GPU_CV 1309mW/1466mW VDD_SOC 1589mW/1547mW
09-12-2026 23:44:39 RAM 6265/7620MB (lfb 22x256kB) SWAP 918/12002MB (cached 10MB) CPU [1%@1728,0%@1728,0%@1728,84%@1728,27%@729,0%@729] GR3D_FREQ 36% cpu@51.093C soc2@49.156C soc0@49.718C gpu@50.218C tj@51.093C soc1@50.437C VDD_IN 5842mW/5946mW VDD_CPU_GPU_CV 1428mW/1465mW VDD_SOC 1510mW/1547mW
09-12-2026 23:44:39 RAM 6275/7620MB (lfb 22x256kB) SWAP 918/12002MB (cached 10MB) CPU [2%@1728,0%@1728,0%@1728,92%@1728,0%@729,0%@729] GR3D_FREQ 0% cpu@51.406C soc2@49.281C soc0@49.968C gpu@50.093C tj@51.406C soc1@50.343C VDD_IN 5723mW/5942mW VDD_CPU_GPU_CV 1428mW/1464mW VDD_SOC 1470mW/1545mW
09-12-2026 23:44:40 RAM 6285/7620MB (lfb 22x256kB) SWAP 919/12002MB (cached 10MB) CPU [12%@729,16%@729,10%@729,49%@729,12%@729,13%@729] GR3D_FREQ 0% cpu@51C soc2@49.218C soc0@49.812C gpu@50.125C tj@51.062C soc1@50.375C VDD_IN 5444mW/5932mW VDD_CPU_GPU_CV 1190mW/1459mW VDD_SOC 1470mW/1544mW
09-12-2026 23:44:40 RAM 6290/7620MB (lfb 21x256kB) SWAP 919/12002MB (cached 10MB) CPU [9%@1728,51%@1728,28%@1728,4%@1728,9%@729,8%@729] GR3D_FREQ 0% cpu@51.031C soc2@49.187C soc0@49.75C gpu@49.968C tj@51.031C soc1@50.593C VDD_IN 5405mW/5922mW VDD_CPU_GPU_CV 1150mW/1453mW VDD_SOC 1470mW/1542mW
09-12-2026 23:44:41 RAM 6352/7620MB (lfb 22x256kB) SWAP 919/12002MB (cached 10MB) CPU [10%@1728,17%@1728,22%@1728,30%@1728,0%@729,23%@729] GR3D_FREQ 0% cpu@51.125C soc2@49.281C soc0@49.843C gpu@50.062C tj@51.125C soc1@50.406C VDD_IN 5484mW/5915mW VDD_CPU_GPU_CV 1190mW/1449mW VDD_SOC 1510mW/1542mW
09-12-2026 23:44:41 RAM 6471/7620MB (lfb 89x128kB) SWAP 922/12002MB (cached 10MB) CPU [17%@1728,0%@1728,1%@1728,75%@1728,0%@1036,37%@1036] GR3D_FREQ 0% cpu@51.437C soc2@49.25C soc0@49.718C gpu@50.25C tj@51.437C soc1@50.406C VDD_IN 5842mW/5913mW VDD_CPU_GPU_CV 1349mW/1447mW VDD_SOC 1550mW/1542mW
09-12-2026 23:44:42 RAM 6494/7620MB (lfb 36x128kB) SWAP 933/12002MB (cached 10MB) CPU [16%@1728,16%@1728,5%@1728,54%@1728,2%@729,40%@729] GR3D_FREQ 31% cpu@51.312C soc2@49.281C soc0@49.812C gpu@50.125C tj@51.312C soc1@50.406C VDD_IN 5882mW/5913mW VDD_CPU_GPU_CV 1388mW/1446mW VDD_SOC 1550mW/1542mW
09-12-2026 23:44:42 RAM 6654/7620MB (lfb 1198x32kB) SWAP 952/12002MB (cached 10MB) CPU [6%@1728,0%@1728,0%@1728,82%@1728,1%@729,42%@729] GR3D_FREQ 56% cpu@51.437C soc2@49.468C soc0@49.906C gpu@50.718C tj@51.437C soc1@50.531C VDD_IN 8121mW/5951mW VDD_CPU_GPU_CV 2847mW/1470mW VDD_SOC 1861mW/1548mW
09-12-2026 23:44:43 RAM 6726/7620MB (lfb 2x64kB) SWAP 1011/12002MB (cached 10MB) CPU [2%@1728,3%@1728,0%@1728,98%@1728,0%@1728,52%@1728] GR3D_FREQ 40% cpu@51.781C soc2@49.718C soc0@50C gpu@51.375C tj@51.875C soc1@50.468C VDD_IN 9848mW/6017mW VDD_CPU_GPU_CV 4060mW/1514mW VDD_SOC 2053mW/1556mW
09-12-2026 23:44:43 RAM 6724/7620MB (lfb 5x64kB) SWAP 1015/12002MB (cached 10MB) CPU [5%@1728,0%@1728,0%@1728,98%@1728,0%@729,3%@729] GR3D_FREQ 46% cpu@51.781C soc2@49.781C soc0@49.968C gpu@51.187C tj@51.781C soc1@50.687C VDD_IN 8755mW/6062mW VDD_CPU_GPU_CV 3395mW/1545mW VDD_SOC 1858mW/1561mW
09-12-2026 23:44:44 RAM 6731/7620MB (lfb 1x1MB) SWAP 1015/12002MB (cached 10MB) CPU [2%@1728,0%@1728,0%@1728,98%@1728,0%@729,42%@729] GR3D_FREQ 57% cpu@51.75C soc2@49.718C soc0@50.031C gpu@50.968C tj@51.75C soc1@50.656C VDD_IN 8517mW/6103mW VDD_CPU_GPU_CV 3238mW/1573mW VDD_SOC 1819mW/1565mW
09-12-2026 23:44:44 RAM 6731/7620MB (lfb 1x1MB) SWAP 1015/12002MB (cached 10MB) CPU [3%@1728,0%@1728,0%@1728,97%@1728,0%@729,0%@729] GR3D_FREQ 61% cpu@51.906C soc2@49.718C soc0@50.187C gpu@50.875C tj@51.906C soc1@50.625C VDD_IN 8279mW/6138mW VDD_CPU_GPU_CV 3085mW/1597mW VDD_SOC 1822mW/1570mW
09-12-2026 23:44:45 RAM 6731/7620MB (lfb 1x1MB) SWAP 1015/12002MB (cached 10MB) CPU [1%@1728,0%@1728,0%@1728,100%@1728,0%@729,0%@729] GR3D_FREQ 61% cpu@52C soc2@49.75C soc0@50.093C gpu@51C tj@52C soc1@50.531C VDD_IN 8200mW/6171mW VDD_CPU_GPU_CV 3045mW/1620mW VDD_SOC 1782mW/1573mW
09-12-2026 23:44:46 RAM 6732/7620MB (lfb 1x1MB) SWAP 1015/12002MB (cached 10MB) CPU [4%@1728,3%@1728,0%@1728,98%@1728,0%@729,0%@729] GR3D_FREQ 59% cpu@52C soc2@49.812C soc0@50.093C gpu@51.062C tj@52C soc1@50.812C VDD_IN 8200mW/6202mW VDD_CPU_GPU_CV 3005mW/1642mW VDD_SOC 1782mW/1576mW
09-12-2026 23:44:46 RAM 6732/7620MB (lfb 1x1MB) SWAP 1015/12002MB (cached 10MB) CPU [0%@1728,0%@1728,1%@1728,98%@1728,1%@729,0%@729] GR3D_FREQ 57% cpu@51.937C soc2@49.875C soc0@50.093C gpu@51.375C tj@51.937C soc1@50.75C VDD_IN 8160mW/6232mW VDD_CPU_GPU_CV 3005mW/1663mW VDD_SOC 1782mW/1579mW
09-12-2026 23:44:47 RAM 6732/7620MB (lfb 1x1MB) SWAP 1015/12002MB (cached 10MB) CPU [0%@1728,0%@1728,0%@1728,97%@1728,0%@729,0%@729] GR3D_FREQ 61% cpu@52.062C soc2@49.968C soc0@50.312C gpu@51.218C tj@52.062C soc1@50.718C VDD_IN 8121mW/6261mW VDD_CPU_GPU_CV 3005mW/1683mW VDD_SOC 1782mW/1582mW
09-12-2026 23:44:47 RAM 6732/7620MB (lfb 1x1MB) SWAP 1015/12002MB (cached 10MB) CPU [0%@1728,0%@1728,0%@1728,98%@1728,0%@729,0%@729] GR3D_FREQ 56% cpu@52.156C soc2@49.906C soc0@50.25C gpu@51.343C tj@52.156C soc1@50.656C VDD_IN 8121mW/6289mW VDD_CPU_GPU_CV 3005mW/1703mW VDD_SOC 1782mW/1585mW
09-12-2026 23:44:48 RAM 6732/7620MB (lfb 1x1MB) SWAP 1015/12002MB (cached 10MB) CPU [0%@1728,0%@1728,0%@1728,98%@1728,0%@729,3%@729] GR3D_FREQ 66% cpu@51.937C soc2@49.843C soc0@50.281C gpu@51.281C tj@51.937C soc1@51C VDD_IN 8121mW/6316mW VDD_CPU_GPU_CV 3005mW/1722mW VDD_SOC 1782mW/1588mW
09-12-2026 23:44:48 RAM 6732/7620MB (lfb 1x1MB) SWAP 1015/12002MB (cached 10MB) CPU [0%@1728,0%@1728,0%@1728,100%@1728,0%@729,0%@729] GR3D_FREQ 57% cpu@51.968C soc2@49.843C soc0@50.25C gpu@51.187C tj@51.968C soc1@50.937C VDD_IN 8121mW/6342mW VDD_CPU_GPU_CV 3005mW/1741mW VDD_SOC 1782mW/1591mW
09-12-2026 23:44:49 RAM 6732/7620MB (lfb 1x1MB) SWAP 1015/12002MB (cached 10MB) CPU [3%@1728,0%@1728,3%@1728,98%@1728,0%@729,0%@729] GR3D_FREQ 62% cpu@52.281C soc2@50.062C soc0@50.343C gpu@51.218C tj@52C soc1@50.906C VDD_IN 8121mW/6367mW VDD_CPU_GPU_CV 3005mW/1759mW VDD_SOC 1782mW/1594mW
09-12-2026 23:44:49 RAM 6732/7620MB (lfb 1x1MB) SWAP 1015/12002MB (cached 10MB) CPU [1%@729,0%@729,0%@729,84%@729,0%@729,0%@729] GR3D_FREQ 0% cpu@51.875C soc2@49.968C soc0@50.468C gpu@50.906C tj@51.875C soc1@50.937C VDD_IN 7645mW/6385mW VDD_CPU_GPU_CV 2689mW/1772mW VDD_SOC 1743mW/1596mW
09-12-2026 23:44:50 RAM 6732/7620MB (lfb 1x1MB) SWAP 1015/12002MB (cached 10MB) CPU [0%@1728,1%@1728,0%@1728,0%@1728,0%@729,0%@729] GR3D_FREQ 0% cpu@51.343C soc2@49.812C soc0@50.375C gpu@50.625C tj@51.343C soc1@50.781C VDD_IN 5444mW/6372mW VDD_CPU_GPU_CV 1190mW/1764mW VDD_SOC 1507mW/1595mW
09-12-2026 23:44:50 RAM 6732/7620MB (lfb 1x1MB) SWAP 1015/12002MB (cached 10MB) CPU [1%@1728,0%@1728,3%@1728,0%@1728,0%@729,0%@729] GR3D_FREQ 0% cpu@51.312C soc2@49.656C soc0@50.25C gpu@50.593C tj@51.312C soc1@51.093C VDD_IN 4769mW/6350mW VDD_CPU_GPU_CV 714mW/1749mW VDD_SOC 1470mW/1593mW
09-12-2026 23:44:51 RAM 6732/7620MB (lfb 1x1MB) SWAP 1015/12002MB (cached 10MB) CPU [0%@1728,0%@1728,0%@1728,0%@1728,0%@729,1%@729] GR3D_FREQ 0% cpu@51.156C soc2@49.562C soc0@50.281C gpu@50.5C tj@51.156C soc1@50.843C VDD_IN 4570mW/6326mW VDD_CPU_GPU_CV 556mW/1733mW VDD_SOC 1430mW/1591mW
09-12-2026 23:44:51 RAM 6732/7620MB (lfb 1x1MB) SWAP 1015/12002MB (cached 10MB) CPU [0%@1728,0%@1728,0%@1728,0%@1728,0%@729,0%@729] GR3D_FREQ 0% cpu@51.312C soc2@49.625C soc0@50.125C gpu@50.687C tj@51.156C soc1@50.812C VDD_IN 4491mW/6302mW VDD_CPU_GPU_CV 516mW/1717mW VDD_SOC 1430mW/1589mW
09-12-2026 23:44:52 RAM 6732/7620MB (lfb 1x1MB) SWAP 1015/12002MB (cached 10MB) CPU [0%@1728,0%@1728,0%@1728,0%@1728,0%@729,0%@729] GR3D_FREQ 0% cpu@51.156C soc2@49.562C soc0@50.187C gpu@50.343C tj@51.156C soc1@50.781C VDD_IN 4451mW/6277mW VDD_CPU_GPU_CV 516mW/1701mW VDD_SOC 1430mW/1587mW
09-12-2026 23:44:52 RAM 6736/7620MB (lfb 1x1MB) SWAP 1015/12002MB (cached 10MB) CPU [16%@1267,8%@1267,10%@1267,10%@1267,13%@729,13%@729] GR3D_FREQ 0% cpu@51.625C soc2@49.625C soc0@50.281C gpu@50.687C tj@51.625C soc1@50.781C VDD_IN 4809mW/6258mW VDD_CPU_GPU_CV 715mW/1689mW VDD_SOC 1470mW/1585mW
09-12-2026 23:44:53 RAM 6810/7620MB (lfb 15x256kB) SWAP 1015/12002MB (cached 10MB) CPU [78%@1728,22%@1728,16%@1728,10%@1728,32%@883,36%@883] GR3D_FREQ 41% cpu@52.156C soc2@50.218C soc0@50.312C gpu@52.031C tj@52.25C soc1@51.093C VDD_IN 11630mW/6327mW VDD_CPU_GPU_CV 5187mW/1733mW VDD_SOC 2322mW/1594mW
09-12-2026 23:44:53 RAM 6814/7620MB (lfb 1x512kB) SWAP 1015/12002MB (cached 10MB) CPU [57%@1728,98%@1728,44%@1728,46%@1728,46%@729,43%@729] GR3D_FREQ 43% cpu@52.625C soc2@50.187C soc0@50.437C gpu@51.687C tj@52.625C soc1@51.187C VDD_IN 10227mW/6376mW VDD_CPU_GPU_CV 4565mW/1769mW VDD_SOC 2013mW/1600mW
09-12-2026 23:44:54 RAM 6814/7620MB (lfb 1x512kB) SWAP 1015/12002MB (cached 10MB) CPU [39%@1728,52%@1728,68%@1728,23%@1728,42%@729,40%@729] GR3D_FREQ 59% cpu@52.718C soc2@50.343C soc0@50.406C gpu@51.531C tj@52.718C soc1@51.093C VDD_IN 9294mW/6413mW VDD_CPU_GPU_CV 3902mW/1796mW VDD_SOC 1898mW/1604mW
09-12-2026 23:44:54 RAM 6814/7620MB (lfb 1x512kB) SWAP 1015/12002MB (cached 10MB) CPU [8%@1728,9%@1728,84%@1728,10%@1728,26%@729,18%@729] GR3D_FREQ 0% cpu@52.093C soc2@50.218C soc0@50.468C gpu@51.125C tj@51.843C soc1@51.093C VDD_IN 8319mW/6436mW VDD_CPU_GPU_CV 3159mW/1813mW VDD_SOC 1779mW/1606mW
09-12-2026 23:44:55 RAM 6814/7620MB (lfb 1x512kB) SWAP 1015/12002MB (cached 10MB) CPU [26%@1728,24%@1728,33%@1728,18%@1728,60%@1728,22%@1728] GR3D_FREQ 99% cpu@52.593C soc2@50.468C soc0@50.531C gpu@52.812C tj@52.812C soc1@51.093C VDD_IN 11708mW/6501mW VDD_CPU_GPU_CV 5178mW/1854mW VDD_SOC 2361mW/1615mW
09-12-2026 23:44:55 RAM 6814/7620MB (lfb 1x512kB) SWAP 1015/12002MB (cached 10MB) CPU [14%@1728,15%@1728,13%@1728,13%@1728,8%@1728,96%@1728] GR3D_FREQ 39% cpu@52.281C soc2@50.468C soc0@50.75C gpu@51.937C tj@52.281C soc1@51.187C VDD_IN 9911mW/6542mW VDD_CPU_GPU_CV 4172mW/1882mW VDD_SOC 2013mW/1620mW
09-12-2026 23:44:56 RAM 6814/7620MB (lfb 1x512kB) SWAP 1015/12002MB (cached 10MB) CPU [0%@1728,0%@1728,0%@1728,0%@1728,0%@1728,100%@1728] GR3D_FREQ 48% cpu@52.25C soc2@50.406C soc0@50.75C gpu@51.687C tj@52.25C soc1@51.218C VDD_IN 8701mW/6568mW VDD_CPU_GPU_CV 3435mW/1900mW VDD_SOC 1858mW/1623mW
09-12-2026 23:44:56 RAM 6814/7620MB (lfb 1x512kB) SWAP 1015/12002MB (cached 10MB) CPU [1%@729,0%@729,0%@729,1%@729,0%@1036,70%@1036] GR3D_FREQ 0% cpu@51.781C soc2@50.281C soc0@50.718C gpu@51.343C tj@51.937C soc1@51.375C VDD_IN 7328mW/6577mW VDD_CPU_GPU_CV 2491mW/1907mW VDD_SOC 1703mW/1623mW
09-12-2026 23:44:57 RAM 6814/7620MB (lfb 1x512kB) SWAP 1015/12002MB (cached 10MB) CPU [0%@1728,0%@1728,0%@1728,0%@1728,0%@729,0%@729] GR3D_FREQ 0% cpu@51.656C soc2@50.031C soc0@50.593C gpu@51.031C tj@51.656C soc1@51.281C VDD_IN 5325mW/6562mW VDD_CPU_GPU_CV 1111mW/1898mW VDD_SOC 1507mW/1622mW
09-12-2026 23:44:57 RAM 6814/7620MB (lfb 1x512kB) SWAP 1015/12002MB (cached 10MB) CPU [0%@729,0%@1728,0%@1728,0%@1728,0%@729,0%@729] GR3D_FREQ 0% cpu@51.5C soc2@49.968C soc0@50.593C gpu@50.906C tj@51.5C soc1@51.187C VDD_IN 4729mW/6541mW VDD_CPU_GPU_CV 674mW/1884mW VDD_SOC 1470mW/1620mW
09-12-2026 23:44:58 RAM 6814/7620MB (lfb 1x512kB) SWAP 1015/12002MB (cached 10MB) CPU [1%@1728,0%@1728,0%@1728,0%@1728,0%@729,0%@729] GR3D_FREQ 0% cpu@51.625C soc2@49.968C soc0@50.812C gpu@50.812C tj@51.625C soc1@51.187C VDD_IN 4530mW/6518mW VDD_CPU_GPU_CV 556mW/1869mW VDD_SOC 1430mW/1618mW
09-12-2026 23:44:58 RAM 6814/7620MB (lfb 1x512kB) SWAP 1015/12002MB (cached 10MB) CPU [0%@729,0%@729,0%@729,0%@1728,0%@729,0%@729] GR3D_FREQ 0% cpu@51.656C soc2@49.906C soc0@50.656C gpu@50.718C tj@51.656C soc1@51.093C VDD_IN 4491mW/6495mW VDD_CPU_GPU_CV 516mW/1854mW VDD_SOC 1430mW/1616mW
09-12-2026 23:44:59 RAM 6814/7620MB (lfb 1x512kB) SWAP 1015/12002MB (cached 10MB) CPU [0%@729,1%@729,0%@729,0%@729,1%@729,0%@729] GR3D_FREQ 0% cpu@51.437C soc2@49.937C soc0@50.531C gpu@50.75C tj@51.437C soc1@51.156C VDD_IN 4451mW/6473mW VDD_CPU_GPU_CV 516mW/1839mW VDD_SOC 1430mW/1614mW
09-12-2026 23:44:59 RAM 6814/7620MB (lfb 1x512kB) SWAP 1015/12002MB (cached 10MB) CPU [34%@1728,32%@1728,54%@1728,33%@1728,29%@729,52%@729] GR3D_FREQ 99% cpu@52.656C soc2@50.437C soc0@50.531C gpu@52.468C tj@52.875C soc1@51.281C VDD_IN 10187mW/6513mW VDD_CPU_GPU_CV 4172mW/1864mW VDD_SOC 2171mW/1620mW
09-12-2026 23:45:00 RAM 6815/7620MB (lfb 1x512kB) SWAP 1015/12002MB (cached 10MB) CPU [17%@1728,20%@1728,96%@1728,16%@1728,32%@729,27%@729] GR3D_FREQ 40% cpu@52.875C soc2@50.468C soc0@50.687C gpu@52.062C tj@52.875C soc1@51.312C VDD_IN 9950mW/6551mW VDD_CPU_GPU_CV 4218mW/1890mW VDD_SOC 2013mW/1624mW
09-12-2026 23:45:00 RAM 6814/7620MB (lfb 1x512kB) SWAP 1015/12002MB (cached 10MB) CPU [13%@1728,6%@1728,98%@1728,10%@1728,22%@729,24%@729] GR3D_FREQ 56% cpu@52.781C soc2@50.531C soc0@50.843C gpu@51.687C tj@52.781C soc1@51.312C VDD_IN 9057mW/6578mW VDD_CPU_GPU_CV 3672mW/1909mW VDD_SOC 1858mW/1627mW
09-12-2026 23:45:01 RAM 6814/7620MB (lfb 1x512kB) SWAP 1015/12002MB (cached 10MB) CPU [14%@1728,10%@1728,98%@1728,12%@1728,34%@729,34%@729] GR3D_FREQ 46% cpu@53C soc2@50.562C soc0@50.906C gpu@51.968C tj@53C soc1@51.437C VDD_IN 8859mW/6602mW VDD_CPU_GPU_CV 3514mW/1926mW VDD_SOC 1858mW/1629mW
09-12-2026 23:45:01 RAM 6815/7620MB (lfb 1x512kB) SWAP 1015/12002MB (cached 10MB) CPU [42%@1651,34%@1651,50%@1651,37%@1651,46%@729,43%@729] GR3D_FREQ 0% cpu@52.531C soc2@50.468C soc0@50.906C gpu@51.156C tj@52.531C soc1@51.406C VDD_IN 7182mW/6608mW VDD_CPU_GPU_CV 2294mW/1930mW VDD_SOC 1703mW/1630mW
09-12-2026 23:45:02 RAM 6815/7620MB (lfb 1x512kB) SWAP 1015/12002MB (cached 10MB) CPU [8%@1728,14%@1728,10%@1728,14%@1728,12%@729,10%@729] GR3D_FREQ 0% cpu@52C soc2@50.25C soc0@50.843C gpu@51.062C tj@52C soc1@51.406C VDD_IN 5564mW/6597mW VDD_CPU_GPU_CV 1190mW/1922mW VDD_SOC 1547mW/1629mW
09-12-2026 23:45:02 RAM 6815/7620MB (lfb 1x512kB) SWAP 1015/12002MB (cached 10MB) CPU [18%@883,21%@1728,40%@1728,18%@1728,24%@729,21%@729] GR3D_FREQ 99% cpu@52.437C soc2@50.468C soc0@50.781C gpu@52.5C tj@52.5C soc1@51.343C VDD_IN 7725mW/6609mW VDD_CPU_GPU_CV 2610mW/1929mW VDD_SOC 1822mW/1631mW
09-12-2026 23:45:03 RAM 6815/7620MB (lfb 1x512kB) SWAP 1015/12002MB (cached 10MB) CPU [22%@1728,18%@1728,94%@1728,14%@1728,42%@1267,37%@1267] GR3D_FREQ 30% cpu@53.5C soc2@50.781C soc0@50.906C gpu@52.062C tj@53.5C soc1@51.625C VDD_IN 10701mW/6651mW VDD_CPU_GPU_CV 4644mW/1957mW VDD_SOC 2128mW/1636mW
09-12-2026 23:45:03 RAM 6815/7620MB (lfb 1x512kB) SWAP 1015/12002MB (cached 10MB) CPU [15%@1728,14%@1728,100%@1728,16%@1728,42%@729,38%@729] GR3D_FREQ 45% cpu@53.281C soc2@50.75C soc0@50.968C gpu@51.906C tj@53.281C soc1@51.562C VDD_IN 9650mW/6681mW VDD_CPU_GPU_CV 4060mW/1978mW VDD_SOC 1934mW/1639mW
09-12-2026 23:45:04 RAM 6815/7620MB (lfb 1x512kB) SWAP 1015/12002MB (cached 10MB) CPU [0%@1728,0%@1728,98%@1728,0%@1728,0%@729,0%@729] GR3D_FREQ 67% cpu@53.218C soc2@50.718C soc0@50.937C gpu@52.031C tj@53.218C soc1@51.625C VDD_IN 8596mW/6700mW VDD_CPU_GPU_CV 3316mW/1992mW VDD_SOC 1819mW/1641mW
09-12-2026 23:45:04 RAM 6815/7620MB (lfb 1x512kB) SWAP 1015/12002MB (cached 10MB) CPU [1%@729,0%@729,75%@729,0%@729,0%@729,0%@729] GR3D_FREQ 0% cpu@52.375C soc2@50.718C soc0@51.093C gpu@51.5C tj@52.375C soc1@51.562C VDD_IN 7447mW/6707mW VDD_CPU_GPU_CV 2531mW/1997mW VDD_SOC 1703mW/1642mW
09-12-2026 23:45:05 RAM 6815/7620MB (lfb 1x512kB) SWAP 1015/12002MB (cached 10MB) CPU [0%@1728,1%@1728,0%@1728,0%@1728,0%@729,0%@729] GR3D_FREQ 0% cpu@52.031C soc2@50.343C soc0@51C gpu@51.468C tj@52.031C soc1@51.562C VDD_IN 5365mW/6694mW VDD_CPU_GPU_CV 1111mW/1988mW VDD_SOC 1507mW/1640mW
09-12-2026 23:45:05 RAM 6815/7620MB (lfb 1x512kB) SWAP 1014/12002MB (cached 10MB) CPU [0%@1728,0%@1728,0%@1728,0%@1728,0%@729,0%@729] GR3D_FREQ 0% cpu@51.937C soc2@50.25C soc0@50.875C gpu@51.093C tj@51.968C soc1@51.531C VDD_IN 4729mW/6675mW VDD_CPU_GPU_CV 674mW/1976mW VDD_SOC 1470mW/1639mW
09-12-2026 23:45:06 RAM 6815/7620MB (lfb 1x512kB) SWAP 1014/12002MB (cached 10MB) CPU [0%@729,0%@729,0%@729,0%@1728,0%@729,0%@729] GR3D_FREQ 0% cpu@51.781C soc2@50.187C soc0@50.906C gpu@51.375C tj@51.781C soc1@51.593C VDD_IN 4530mW/6655mW VDD_CPU_GPU_CV 556mW/1962mW VDD_SOC 1430mW/1637mW
09-12-2026 23:45:06 RAM 6815/7620MB (lfb 1x512kB) SWAP 1014/12002MB (cached 10MB) CPU [0%@1728,1%@1728,0%@1728,0%@1728,0%@729,0%@729] GR3D_FREQ 0% cpu@51.718C soc2@50.25C soc0@50.812C gpu@51.093C tj@51.718C soc1@51.593C VDD_IN 4491mW/6634mW VDD_CPU_GPU_CV 516mW/1948mW VDD_SOC 1430mW/1635mW
09-12-2026 23:45:07 RAM 6815/7620MB (lfb 1x512kB) SWAP 1014/12002MB (cached 10MB) CPU [0%@1728,0%@1728,0%@1728,0%@1728,0%@729,0%@729] GR3D_FREQ 0% cpu@51.718C soc2@50.218C soc0@50.906C gpu@51.218C tj@51.718C soc1@51.468C VDD_IN 4451mW/6613mW VDD_CPU_GPU_CV 516mW/1935mW VDD_SOC 1430mW/1633mW
09-12-2026 23:45:07 RAM 6820/7620MB (lfb 1x512kB) SWAP 1014/12002MB (cached 10MB) CPU [29%@1420,30%@1420,51%@1420,26%@1420,35%@1420,31%@1420] GR3D_FREQ 72% cpu@53.25C soc2@50.5C soc0@50.937C gpu@52.5C tj@53.25C soc1@51.5C VDD_IN 8464mW/6631mW VDD_CPU_GPU_CV 3159mW/1946mW VDD_SOC 1898mW/1635mW
09-12-2026 23:45:08 RAM 6820/7620MB (lfb 1x512kB) SWAP 1014/12002MB (cached 10MB) CPU [8%@1728,12%@1728,66%@1728,39%@1728,20%@729,19%@729] GR3D_FREQ 40% cpu@52.875C soc2@50.781C soc0@51C gpu@52.25C tj@52.875C soc1@51.5C VDD_IN 10069mW/6662mW VDD_CPU_GPU_CV 4250mW/1967mW VDD_SOC 2092mW/1640mW
09-12-2026 23:45:08 RAM 6820/7620MB (lfb 1x512kB) SWAP 1014/12002MB (cached 10MB) CPU [8%@1728,13%@1728,12%@1728,100%@1728,32%@729,34%@729] GR3D_FREQ 40% cpu@53.281C soc2@50.906C soc0@50.968C gpu@52.062C tj@53.281C soc1@51.625C VDD_IN 9136mW/6685mW VDD_CPU_GPU_CV 3745mW/1984mW VDD_SOC 1898mW/1642mW
09-12-2026 23:45:09 RAM 6820/7620MB (lfb 1x512kB) SWAP 1014/12002MB (cached 10MB) CPU [20%@1728,20%@1728,18%@1728,94%@1728,42%@960,36%@960] GR3D_FREQ 47% cpu@53.187C soc2@50.937C soc0@51C gpu@52.125C tj@53.187C soc1@51.781C VDD_IN 9136mW/6707mW VDD_CPU_GPU_CV 3705mW/1999mW VDD_SOC 1898mW/1644mW
09-12-2026 23:45:09 RAM 6820/7620MB (lfb 1x512kB) SWAP 1014/12002MB (cached 10MB) CPU [80%@1728,12%@1728,18%@1728,16%@1728,42%@729,32%@729] GR3D_FREQ 0% cpu@52.875C soc2@50.843C soc0@50.968C gpu@51.781C tj@52.531C soc1@51.718C VDD_IN 8438mW/6723mW VDD_CPU_GPU_CV 3238mW/2011mW VDD_SOC 1819mW/1646mW
09-12-2026 23:45:10 RAM 6820/7620MB (lfb 1x512kB) SWAP 1014/12002MB (cached 10MB) CPU [18%@729,18%@729,16%@729,15%@729,16%@729,20%@729] GR3D_FREQ 0% cpu@52.531C soc2@50.718C soc0@51.031C gpu@51.562C tj@52.531C soc1@51.687C VDD_IN 6071mW/6717mW VDD_CPU_GPU_CV 1545mW/2006mW VDD_SOC 1587mW/1645mW
09-12-2026 23:45:10 RAM 6820/7620MB (lfb 1x512kB) SWAP 1014/12002MB (cached 10MB) CPU [48%@1728,10%@1728,10%@1728,13%@1728,9%@729,11%@729] GR3D_FREQ 99% cpu@52.906C soc2@51C soc0@51.156C gpu@52.687C tj@52.843C soc1@51.656C VDD_IN 9294mW/6740mW VDD_CPU_GPU_CV 3508mW/2020mW VDD_SOC 2053mW/1649mW
09-12-2026 23:45:11 RAM 6820/7620MB (lfb 1x512kB) SWAP 1014/12002MB (cached 10MB) CPU [92%@1728,0%@1728,1%@1728,0%@1728,0%@729,0%@729] GR3D_FREQ 39% cpu@53.156C soc2@51.093C soc0@51.218C gpu@52.281C tj@53.156C soc1@51.75C VDD_IN 9571mW/6765mW VDD_CPU_GPU_CV 3902mW/2036mW VDD_SOC 2013mW/1652mW
09-12-2026 23:45:11 RAM 6820/7620MB (lfb 1x512kB) SWAP 1014/12002MB (cached 10MB) CPU [100%@1728,0%@1728,1%@1728,0%@1728,0%@729,1%@729] GR3D_FREQ 47% cpu@53.062C soc2@51.125C soc0@51.25C gpu@52.218C tj@53.062C soc1@52.031C VDD_IN 8596mW/6781mW VDD_CPU_GPU_CV 3316mW/2047mW VDD_SOC 1858mW/1654mW
09-12-2026 23:45:12 RAM 6820/7620MB (lfb 1x512kB) SWAP 1014/12002MB (cached 10MB) CPU [86%@1728,0%@1728,0%@1728,0%@1728,0%@729,0%@729] GR3D_FREQ 0% cpu@52.406C soc2@50.937C soc0@51.218C gpu@51.875C tj@52.406C soc1@51.906C VDD_IN 7843mW/6790mW VDD_CPU_GPU_CV 2808mW/2054mW VDD_SOC 1743mW/1655mW
09-12-2026 23:45:12 RAM 6819/7620MB (lfb 1x512kB) SWAP 1014/12002MB (cached 10MB) CPU [1%@1728,3%@1728,4%@1728,28%@1728,5%@729,20%@729] GR3D_FREQ 0% cpu@52.312C soc2@50.781C soc0@51.25C gpu@51.562C tj@52.25C soc1@51.937C VDD_IN 5643mW/6780mW VDD_CPU_GPU_CV 1349mW/2048mW VDD_SOC 1547mW/1654mW
09-12-2026 23:45:13 RAM 6819/7620MB (lfb 1x512kB) SWAP 1014/12002MB (cached 10MB) CPU [1%@729,0%@729,1%@729,1%@729,0%@729,0%@729] GR3D_FREQ 0% cpu@52.343C soc2@50.687C soc0@51.312C gpu@51.375C tj@52.343C soc1@51.843C VDD_IN 4848mW/6764mW VDD_CPU_GPU_CV 753mW/2037mW VDD_SOC 1470mW/1652mW
09-12-2026 23:45:13 RAM 6819/7620MB (lfb 1x512kB) SWAP 1014/12002MB (cached 10MB) CPU [0%@729,0%@729,0%@729,0%@729,0%@729,0%@729] GR3D_FREQ 0% cpu@52.343C soc2@50.593C soc0@51.25C gpu@51.656C tj@52.343C soc1@51.812C VDD_IN 4570mW/6745mW VDD_CPU_GPU_CV 595mW/2025mW VDD_SOC 1430mW/1650mW
09-12-2026 23:45:14 RAM 6819/7620MB (lfb 1x512kB) SWAP 1014/12002MB (cached 10MB) CPU [0%@1728,0%@1728,1%@1728,0%@1728,0%@729,0%@729] GR3D_FREQ 0% cpu@52.062C soc2@50.5C soc0@51.187C gpu@51.218C tj@52.062C soc1@51.656C VDD_IN 4491mW/6727mW VDD_CPU_GPU_CV 515mW/2012mW VDD_SOC 1430mW/1649mW
09-12-2026 23:45:14 RAM 6819/7620MB (lfb 1x512kB) SWAP 1014/12002MB (cached 10MB) CPU [1%@1728,0%@1728,0%@1728,0%@1728,0%@729,0%@729] GR3D_FREQ 0% cpu@52.093C soc2@50.468C soc0@51.093C gpu@51.593C tj@52.093C soc1@51.875C VDD_IN 4491mW/6708mW VDD_CPU_GPU_CV 515mW/2000mW VDD_SOC 1430mW/1647mW
09-12-2026 23:45:15 RAM 6819/7620MB (lfb 1x512kB) SWAP 1014/12002MB (cached 10MB) CPU [0%@1728,1%@1728,1%@1728,0%@1728,0%@729,0%@729] GR3D_FREQ 0% cpu@51.937C soc2@50.5C soc0@51.093C gpu@51.218C tj@51.937C soc1@51.75C VDD_IN 4451mW/6690mW VDD_CPU_GPU_CV 516mW/1988mW VDD_SOC 1430mW/1645mW
09-12-2026 23:45:15 RAM 6819/7620MB (lfb 1x512kB) SWAP 1014/12002MB (cached 10MB) CPU [0%@729,0%@729,0%@729,0%@729,0%@729,0%@729] GR3D_FREQ 0% cpu@52.25C soc2@50.531C soc0@51.093C gpu@51.375C tj@52.25C soc1@51.687C VDD_IN 4451mW/6671mW VDD_CPU_GPU_CV 515mW/1976mW VDD_SOC 1430mW/1643mW
09-12-2026 23:45:16 RAM 6819/7620MB (lfb 1x512kB) SWAP 1014/12002MB (cached 10MB) CPU [0%@729,0%@729,0%@729,0%@729,0%@729,0%@729] GR3D_FREQ 0% cpu@51.968C soc2@50.375C soc0@51.187C gpu@51.187C tj@51.937C soc1@51.687C VDD_IN 4451mW/6653mW VDD_CPU_GPU_CV 515mW/1964mW VDD_SOC 1430mW/1641mW
09-12-2026 23:45:16 RAM 6819/7620MB (lfb 1x512kB) SWAP 1014/12002MB (cached 10MB) CPU [0%@1728,0%@1728,0%@1728,0%@1728,0%@729,0%@729] GR3D_FREQ 0% cpu@52.062C soc2@50.343C soc0@51.156C gpu@51.468C tj@52.062C soc1@51.656C VDD_IN 4451mW/6636mW VDD_CPU_GPU_CV 516mW/1952mW VDD_SOC 1430mW/1640mW
09-12-2026 23:45:17 RAM 6819/7620MB (lfb 1x512kB) SWAP 1014/12002MB (cached 10MB) CPU [30%@1728,17%@1728,20%@1728,63%@1728,30%@729,33%@729] GR3D_FREQ 99% cpu@52.875C soc2@50.843C soc0@51.093C gpu@52.968C tj@52.968C soc1@51.625C VDD_IN 9753mW/6661mW VDD_CPU_GPU_CV 3896mW/1968mW VDD_SOC 2132mW/1644mW
09-12-2026 23:45:17 RAM 6819/7620MB (lfb 1x512kB) SWAP 1014/12002MB (cached 10MB) CPU [20%@1728,22%@1728,21%@1728,96%@1728,47%@729,37%@729] GR3D_FREQ 36% cpu@53.187C soc2@51.093C soc0@51.187C gpu@52.468C tj@53.343C soc1@51.937C VDD_IN 10227mW/6689mW VDD_CPU_GPU_CV 4408mW/1987mW VDD_SOC 2053mW/1647mW
09-12-2026 23:45:18 RAM 6819/7620MB (lfb 1x512kB) SWAP 1014/12002MB (cached 10MB) CPU [6%@1728,4%@1728,9%@1728,98%@1728,20%@729,21%@729] GR3D_FREQ 46% cpu@53.125C soc2@51.125C soc0@51.187C gpu@52.343C tj@53.125C soc1@51.968C VDD_IN 9096mW/6707mW VDD_CPU_GPU_CV 3666mW/2000mW VDD_SOC 1898mW/1649mW
09-12-2026 23:45:18 RAM 6819/7620MB (lfb 1x512kB) SWAP 1014/12002MB (cached 10MB) CPU [12%@1728,13%@1728,14%@1728,100%@1728,26%@729,25%@729] GR3D_FREQ 61% cpu@53.375C soc2@51.093C soc0@51.437C gpu@52.187C tj@53.375C soc1@51.875C VDD_IN 8780mW/6724mW VDD_CPU_GPU_CV 3474mW/2011mW VDD_SOC 1858mW/1650mW
09-12-2026 23:45:19 RAM 6819/7620MB (lfb 1x512kB) SWAP 1014/12002MB (cached 10MB) CPU [26%@1728,16%@1728,20%@1728,84%@1728,39%@729,42%@729] GR3D_FREQ 64% cpu@53.875C soc2@51.343C soc0@51.437C gpu@53.343C tj@53.812C soc1@51.937C VDD_IN 10740mW/6754mW VDD_CPU_GPU_CV 4762mW/2033mW VDD_SOC 2128mW/1654mW
09-12-2026 23:45:19 RAM 6819/7620MB (lfb 1x512kB) SWAP 1014/12002MB (cached 10MB) CPU [19%@1728,16%@1728,18%@1728,95%@1728,30%@729,32%@729] GR3D_FREQ 39% cpu@53.593C soc2@51.437C soc0@51.562C gpu@52.75C tj@53.593C soc1@51.968C VDD_IN 11156mW/6788mW VDD_CPU_GPU_CV 5069mW/2056mW VDD_SOC 2168mW/1658mW
09-12-2026 23:45:20 RAM 6819/7620MB (lfb 1x512kB) SWAP 1014/12002MB (cached 10MB) CPU [76%@1728,6%@1728,8%@1728,31%@1728,18%@729,18%@729] GR3D_FREQ 46% cpu@53.5C soc2@51.468C soc0@51.468C gpu@52.468C tj@53.5C soc1@52.218C VDD_IN 9334mW/6807mW VDD_CPU_GPU_CV 3863mW/2070mW VDD_SOC 1895mW/1660mW
09-12-2026 23:45:20 RAM 6820/7620MB (lfb 1x512kB) SWAP 1014/12002MB (cached 10MB) CPU [94%@1728,14%@1728,19%@1728,17%@1728,37%@729,31%@729] GR3D_FREQ 0% cpu@53.468C soc2@51.5C soc0@51.468C gpu@52.218C tj@53.468C soc1@52.218C VDD_IN 8780mW/6822mW VDD_CPU_GPU_CV 3474mW/2080mW VDD_SOC 1858mW/1661mW
09-12-2026 23:45:21 RAM 6820/7620MB (lfb 1x512kB) SWAP 1014/12002MB (cached 10MB) CPU [30%@729,31%@729,31%@729,32%@729,34%@729,35%@729] GR3D_FREQ 0% cpu@52.687C soc2@51.125C soc0@51.437C gpu@51.843C tj@52.687C soc1@52.312C VDD_IN 6547mW/6820mW VDD_CPU_GPU_CV 1861mW/2078mW VDD_SOC 1626mW/1661mW
09-12-2026 23:45:21 RAM 6820/7620MB (lfb 1x512kB) SWAP 1014/12002MB (cached 10MB) CPU [22%@729,18%@729,16%@729,21%@729,21%@729,20%@729] GR3D_FREQ 0% cpu@52.5C soc2@51C soc0@51.625C gpu@51.75C tj@52.5C soc1@52.187C VDD_IN 5444mW/6810mW VDD_CPU_GPU_CV 1111mW/2071mW VDD_SOC 1547mW/1660mW
09-12-2026 23:45:22 RAM 6822/7620MB (lfb 1x512kB) SWAP 1014/12002MB (cached 10MB) CPU [21%@1036,23%@1036,23%@1036,21%@1036,25%@729,22%@729] GR3D_FREQ 0% cpu@53.031C soc2@50.937C soc0@51.562C gpu@51.968C tj@53.031C soc1@52.062C VDD_IN 5285mW/6799mW VDD_CPU_GPU_CV 992mW/2063mW VDD_SOC 1510mW/1659mW
09-12-2026 23:45:22 RAM 6824/7620MB (lfb 1x512kB) SWAP 1014/12002MB (cached 10MB) CPU [42%@1728,31%@1728,31%@1728,35%@1728,46%@729,40%@729] GR3D_FREQ 0% cpu@52.687C soc2@50.968C soc0@51.437C gpu@51.718C tj@52.906C soc1@52.125C VDD_IN 5723mW/6791mW VDD_CPU_GPU_CV 1269mW/2058mW VDD_SOC 1547mW/1658mW
09-12-2026 23:45:23 RAM 6824/7620MB (lfb 1x512kB) SWAP 1014/12002MB (cached 10MB) CPU [30%@1728,30%@1728,30%@1728,44%@1728,33%@729,33%@729] GR3D_FREQ 99% cpu@53.062C soc2@51.062C soc0@51.437C gpu@52.937C tj@53.062C soc1@51.968C VDD_IN 7023mW/6793mW VDD_CPU_GPU_CV 2096mW/2058mW VDD_SOC 1743mW/1659mW
09-12-2026 23:45:23 RAM 6824/7620MB (lfb 1x512kB) SWAP 1014/12002MB (cached 10MB) CPU [25%@1728,81%@1728,24%@1728,38%@1728,44%@729,44%@729] GR3D_FREQ 36% cpu@53.562C soc2@51.562C soc0@51.468C gpu@52.843C tj@53.562C soc1@52.218C VDD_IN 10959mW/6822mW VDD_CPU_GPU_CV 4833mW/2078mW VDD_SOC 2207mW/1663mW
09-12-2026 23:45:24 RAM 6824/7620MB (lfb 1x512kB) SWAP 1014/12002MB (cached 10MB) CPU [4%@1728,6%@1728,4%@1728,98%@1728,18%@729,17%@729] GR3D_FREQ 46% cpu@53.687C soc2@51.437C soc0@51.593C gpu@52.968C tj@53.687C soc1@52.25C VDD_IN 9334mW/6840mW VDD_CPU_GPU_CV 3863mW/2091mW VDD_SOC 1938mW/1665mW
09-12-2026 23:45:24 RAM 6824/7620MB (lfb 1x512kB) SWAP 1014/12002MB (cached 10MB) CPU [10%@1728,12%@1728,12%@1728,100%@1728,30%@1036,27%@1036] GR3D_FREQ 60% cpu@53.468C soc2@51.406C soc0@51.75C gpu@52.687C tj@53.468C soc1@52.218C VDD_IN 8859mW/6855mW VDD_CPU_GPU_CV 3553mW/2101mW VDD_SOC 1858mW/1666mW
09-12-2026 23:45:25 RAM 6824/7620MB (lfb 1x512kB) SWAP 1014/12002MB (cached 10MB) CPU [25%@1728,23%@1728,21%@1728,98%@1728,48%@1190,42%@1190] GR3D_FREQ 44% cpu@54C soc2@51.5C soc0@51.718C gpu@52.937C tj@54C soc1@52.312C VDD_IN 9057mW/6870mW VDD_CPU_GPU_CV 3666mW/2112mW VDD_SOC 1858mW/1668mW
09-12-2026 23:45:25 RAM 6824/7620MB (lfb 1x512kB) SWAP 1014/12002MB (cached 10MB) CPU [2%@1728,4%@1728,0%@1728,23%@1728,5%@729,2%@729] GR3D_FREQ 0% cpu@52.875C soc2@51.187C soc0@51.656C gpu@52.156C tj@52.906C soc1@52.312C VDD_IN 6348mW/6867mW VDD_CPU_GPU_CV 1782mW/2110mW VDD_SOC 1626mW/1667mW
09-12-2026 23:45:26 RAM 6829/7620MB (lfb 1x512kB) SWAP 1014/12002MB (cached 10MB) CPU [0%@729,2%@729,0%@1728,0%@1728,0%@729,2%@729] GR3D_FREQ 0% cpu@52.625C soc2@51.062C soc0@51.593C gpu@52.187C tj@52.625C soc1@52.437C VDD_IN 5087mW/6854mW VDD_CPU_GPU_CV 912mW/2101mW VDD_SOC 1510mW/1666mW
09-12-2026 23:45:27 RAM 6829/7620MB (lfb 1x512kB) SWAP 1014/12002MB (cached 10MB) CPU [0%@729,0%@1728,1%@1728,0%@1728,0%@729,0%@729] GR3D_FREQ 0% cpu@52.562C soc2@51.125C soc0@51.593C gpu@51.937C tj@52.562C soc1@52.5C VDD_IN 4650mW/6839mW VDD_CPU_GPU_CV 634mW/2091mW VDD_SOC 1430mW/1665mW
09-12-2026 23:45:27 RAM 6829/7620MB (lfb 1x512kB) SWAP 1014/12002MB (cached 10MB) CPU [17%@1728,16%@1728,14%@1728,24%@1728,15%@729,17%@729] GR3D_FREQ 0% cpu@52.875C soc2@51.093C soc0@51.437C gpu@52.031C tj@52.875C soc1@52.312C VDD_IN 5087mW/6827mW VDD_CPU_GPU_CV 872mW/2083mW VDD_SOC 1510mW/1663mW
09-12-2026 23:45:28 RAM 6829/7620MB (lfb 1x512kB) SWAP 1014/12002MB (cached 10MB) CPU [19%@1728,19%@1728,15%@1728,85%@1728,22%@729,22%@729] GR3D_FREQ 35% cpu@53.75C soc2@51.593C soc0@51.75C gpu@53.062C tj@53.75C soc1@52.281C VDD_IN 10841mW/6854mW VDD_CPU_GPU_CV 4676mW/2100mW VDD_SOC 2207mW/1667mW
09-12-2026 23:45:28 RAM 6828/7620MB (lfb 1x512kB) SWAP 1014/12002MB (cached 10MB) CPU [14%@1728,8%@1728,8%@1728,100%@1728,31%@729,30%@729] GR3D_FREQ 39% cpu@53.75C soc2@51.562C soc0@51.843C gpu@52.718C tj@53.75C soc1@52.312C VDD_IN 9492mW/6872mW VDD_CPU_GPU_CV 3902mW/2113mW VDD_SOC 1934mW/1669mW
09-12-2026 23:45:29 RAM 6828/7620MB (lfb 1x512kB) SWAP 1014/12002MB (cached 10MB) CPU [22%@1728,24%@1728,30%@1728,40%@1728,80%@1728,22%@1728] GR3D_FREQ 56% cpu@53.781C soc2@51.5C soc0@51.843C gpu@52.781C tj@53.781C soc1@52.406C VDD_IN 9057mW/6887mW VDD_CPU_GPU_CV 3627mW/2123mW VDD_SOC 1898mW/1671mW
09-12-2026 23:45:29 RAM 6828/7620MB (lfb 1x512kB) SWAP 1014/12002MB (cached 10MB) CPU [31%@1420,34%@1420,27%@1420,36%@1420,100%@1728,22%@1728] GR3D_FREQ 56% cpu@53.812C soc2@51.593C soc0@51.812C gpu@52.906C tj@53.812C soc1@52.625C VDD_IN 8978mW/6901mW VDD_CPU_GPU_CV 3632mW/2133mW VDD_SOC 1858mW/1672mW
09-12-2026 23:45:30 RAM 6828/7620MB (lfb 1x512kB) SWAP 1014/12002MB (cached 10MB) CPU [22%@729,22%@729,20%@729,20%@729,43%@729,25%@729] GR3D_FREQ 0% cpu@53.062C soc2@51.437C soc0@51.781C gpu@52.312C tj@53.062C soc1@52.593C VDD_IN 6864mW/6901mW VDD_CPU_GPU_CV 2096mW/2133mW VDD_SOC 1663mW/1672mW
09-12-2026 23:45:30 RAM 6828/7620MB (lfb 1x512kB) SWAP 1014/12002MB (cached 10MB) CPU [17%@1728,18%@1728,16%@1728,19%@1728,18%@729,12%@729] GR3D_FREQ 0% cpu@52.875C soc2@51.375C soc0@51.75C gpu@52.343C tj@52.875C soc1@52.593C VDD_IN 5555mW/6892mW VDD_CPU_GPU_CV 1190mW/2126mW VDD_SOC 1547mW/1671mW
09-12-2026 23:45:31 RAM 6828/7620MB (lfb 1x512kB) SWAP 1014/12002MB (cached 10MB) CPU [0%@1728,0%@1728,0%@1728,0%@1728,0%@729,0%@729] GR3D_FREQ 0% cpu@52.687C soc2@51.218C soc0@51.656C gpu@52.062C tj@52.687C soc1@52.5C VDD_IN 4809mW/6878mW VDD_CPU_GPU_CV 714mW/2117mW VDD_SOC 1470mW/1670mW
09-12-2026 23:45:31 RAM 6828/7620MB (lfb 1x512kB) SWAP 1014/12002MB (cached 10MB) CPU [0%@1728,0%@1728,0%@1728,0%@1728,0%@729,0%@729] GR3D_FREQ 0% cpu@52.843C soc2@51.062C soc0@51.875C gpu@52.093C tj@52.718C soc1@52.468C VDD_IN 4570mW/6863mW VDD_CPU_GPU_CV 555mW/2107mW VDD_SOC 1430mW/1668mW
09-12-2026 23:45:32 RAM 6828/7620MB (lfb 1x512kB) SWAP 1014/12002MB (cached 10MB) CPU [0%@729,0%@1728,1%@1728,0%@1728,0%@729,0%@729] GR3D_FREQ 0% cpu@52.906C soc2@51.093C soc0@51.75C gpu@52.031C tj@52.906C soc1@52.437C VDD_IN 4491mW/6848mW VDD_CPU_GPU_CV 515mW/2097mW VDD_SOC 1430mW/1667mW
09-12-2026 23:45:32 RAM 6828/7620MB (lfb 1x512kB) SWAP 1014/12002MB (cached 10MB) CPU [0%@1728,2%@1728,1%@1728,0%@1728,0%@729,0%@729] GR3D_FREQ 0% cpu@52.625C soc2@51.031C soc0@51.531C gpu@52.031C tj@52.625C soc1@52.375C VDD_IN 4491mW/6833mW VDD_CPU_GPU_CV 515mW/2087mW VDD_SOC 1430mW/1665mW
09-12-2026 23:45:33 RAM 6828/7620MB (lfb 1x512kB) SWAP 1014/12002MB (cached 10MB) CPU [27%@1420,26%@1420,24%@1420,24%@1420,51%@1267,22%@1267] GR3D_FREQ 95% cpu@53.625C soc2@51.437C soc0@51.625C gpu@53.062C tj@53.625C soc1@52.531C VDD_IN 8503mW/6843mW VDD_CPU_GPU_CV 3080mW/2093mW VDD_SOC 1938mW/1667mW
09-12-2026 23:45:33 RAM 6828/7620MB (lfb 1x512kB) SWAP 1014/12002MB (cached 10MB) CPU [32%@729,31%@729,32%@729,30%@729,25%@1728,96%@1728] GR3D_FREQ 40% cpu@53.468C soc2@51.656C soc0@51.843C gpu@53.031C tj@53.468C soc1@52.531C VDD_IN 10424mW/6866mW VDD_CPU_GPU_CV 4447mW/2108mW VDD_SOC 2089mW/1669mW
09-12-2026 23:45:34 RAM 6828/7620MB (lfb 1x512kB) SWAP 1014/12002MB (cached 10MB) CPU [22%@729,24%@729,24%@729,25%@729,24%@1728,98%@1728] GR3D_FREQ 44% cpu@53.656C soc2@51.625C soc0@51.812C gpu@52.843C tj@53.687C soc1@52.625C VDD_IN 9294mW/6881mW VDD_CPU_GPU_CV 3824mW/2119mW VDD_SOC 1895mW/1671mW
09-12-2026 23:45:34 RAM 6828/7620MB (lfb 1x512kB) SWAP 1014/12002MB (cached 10MB) CPU [26%@729,20%@729,20%@729,16%@729,14%@1728,100%@1728] GR3D_FREQ 57% cpu@53.625C soc2@51.718C soc0@52.062C gpu@52.937C tj@53.625C soc1@52.593C VDD_IN 8899mW/6894mW VDD_CPU_GPU_CV 3553mW/2128mW VDD_SOC 1858mW/1672mW
09-12-2026 23:45:35 RAM 6828/7620MB (lfb 1x512kB) SWAP 1014/12002MB (cached 10MB) CPU [22%@729,22%@729,25%@729,23%@729,20%@1728,72%@1728] GR3D_FREQ 99% cpu@53.781C soc2@51.875C soc0@52.031C gpu@54.156C tj@54.156C soc1@52.625C VDD_IN 11472mW/6922mW VDD_CPU_GPU_CV 5108mW/2146mW VDD_SOC 2322mW/1676mW
09-12-2026 23:45:35 RAM 6828/7620MB (lfb 1x512kB) SWAP 1014/12002MB (cached 10MB) CPU [36%@1728,36%@1728,35%@1728,33%@1728,26%@1728,94%@1728] GR3D_FREQ 37% cpu@54.25C soc2@51.937C soc0@52.093C gpu@53.343C tj@54.25C soc1@52.656C VDD_IN 10622mW/6945mW VDD_CPU_GPU_CV 4723mW/2162mW VDD_SOC 2089mW/1679mW
09-12-2026 23:45:36 RAM 6828/7620MB (lfb 1x512kB) SWAP 1014/12002MB (cached 10MB) CPU [24%@1728,28%@1728,26%@1728,22%@1728,16%@1728,100%@1728] GR3D_FREQ 47% cpu@53.75C soc2@51.937C soc0@52.125C gpu@53.125C tj@53.75C soc1@52.656C VDD_IN 9334mW/6960mW VDD_CPU_GPU_CV 3902mW/2173mW VDD_SOC 1898mW/1680mW
09-12-2026 23:45:36 RAM 6828/7620MB (lfb 1x512kB) SWAP 1014/12002MB (cached 10MB) CPU [21%@1728,16%@1728,21%@1728,18%@1728,13%@1728,98%@1728] GR3D_FREQ 58% cpu@53.687C soc2@51.875C soc0@52.125C gpu@53.125C tj@53.687C soc1@52.937C VDD_IN 8859mW/6971mW VDD_CPU_GPU_CV 3514mW/2181mW VDD_SOC 1858mW/1681mW
09-12-2026 23:45:37 RAM 6828/7620MB (lfb 1x512kB) SWAP 1014/12002MB (cached 10MB) CPU [27%@729,26%@729,28%@729,25%@729,20%@729,56%@729] GR3D_FREQ 0% cpu@53.531C soc2@51.843C soc0@52.187C gpu@52.625C tj@53.531C soc1@52.875C VDD_IN 7182mW/6973mW VDD_CPU_GPU_CV 2294mW/2182mW VDD_SOC 1703mW/1681mW
09-12-2026 23:45:37 RAM 6827/7620MB (lfb 1x512kB) SWAP 1014/12002MB (cached 10MB) CPU [43%@806,37%@806,42%@806,40%@806,46%@729,42%@729] GR3D_FREQ 0% cpu@53.593C soc2@51.75C soc0@52.093C gpu@52.5C tj@53.593C soc1@52.781C VDD_IN 6269mW/6968mW VDD_CPU_GPU_CV 1624mW/2178mW VDD_SOC 1626mW/1681mW
09-12-2026 23:45:38 RAM 6828/7620MB (lfb 1x512kB) SWAP 1014/12002MB (cached 10MB) CPU [10%@1728,9%@1728,6%@1728,10%@1728,8%@729,11%@729] GR3D_FREQ 0% cpu@53.375C soc2@51.562C soc0@51.968C gpu@52.562C tj@53.375C soc1@52.812C VDD_IN 5246mW/6958mW VDD_CPU_GPU_CV 952mW/2171mW VDD_SOC 1510mW/1680mW
09-12-2026 23:45:38 RAM 6828/7620MB (lfb 1x512kB) SWAP 1014/12002MB (cached 10MB) CPU [23%@729,20%@1728,20%@1728,20%@1728,22%@729,16%@729] GR3D_FREQ 0% cpu@53.375C soc2@51.562C soc0@52.031C gpu@52.312C tj@53.375C soc1@52.75C VDD_IN 5166mW/6947mW VDD_CPU_GPU_CV 912mW/2163mW VDD_SOC 1510mW/1679mW
09-12-2026 23:45:39 RAM 6828/7620MB (lfb 1x512kB) SWAP 1014/12002MB (cached 10MB) CPU [3%@1728,3%@1728,5%@1728,2%@1728,5%@1728,78%@1728] GR3D_FREQ 52% cpu@53.875C soc2@51.937C soc0@52.156C gpu@53.781C tj@53.875C soc1@52.687C VDD_IN 10841mW/6970mW VDD_CPU_GPU_CV 4558mW/2178mW VDD_SOC 2247mW/1682mW
09-12-2026 23:45:39 RAM 6828/7620MB (lfb 1x512kB) SWAP 1014/12002MB (cached 10MB) CPU [0%@1728,0%@1728,1%@1728,1%@1728,0%@1728,100%@1728] GR3D_FREQ 40% cpu@53.843C soc2@51.875C soc0@52.281C gpu@53.125C tj@53.843C soc1@52.718C VDD_IN 9096mW/6983mW VDD_CPU_GPU_CV 3666mW/2186mW VDD_SOC 1938mW/1684mW
09-12-2026 23:45:40 RAM 6828/7620MB (lfb 1x512kB) SWAP 1014/12002MB (cached 10MB) CPU [16%@1728,14%@1728,17%@1728,16%@1728,11%@1728,98%@1728] GR3D_FREQ 45% cpu@54.218C soc2@51.937C soc0@52.312C gpu@53.218C tj@54.218C soc1@52.812C VDD_IN 8740mW/6993mW VDD_CPU_GPU_CV 3474mW/2194mW VDD_SOC 1858mW/1685mW
09-12-2026 23:45:40 RAM 6828/7620MB (lfb 1x512kB) SWAP 1014/12002MB (cached 10MB) CPU [22%@729,18%@729,23%@729,18%@729,15%@1728,97%@1728] GR3D_FREQ 60% cpu@54.031C soc2@51.937C soc0@52.218C gpu@53.031C tj@54.031C soc1@52.781C VDD_IN 8740mW/7003mW VDD_CPU_GPU_CV 3435mW/2201mW VDD_SOC 1858mW/1686mW
09-12-2026 23:45:41 RAM 6827/7620MB (lfb 1x512kB) SWAP 1014/12002MB (cached 10MB) CPU [28%@1728,24%@1728,24%@1728,25%@1728,14%@1728,88%@1728] GR3D_FREQ 99% cpu@53.812C soc2@52C soc0@52.156C gpu@53.656C tj@53.812C soc1@53.093C VDD_IN 8517mW/7012mW VDD_CPU_GPU_CV 3159mW/2207mW VDD_SOC 1858mW/1687mW
09-12-2026 23:45:41 RAM 6827/7620MB (lfb 1x512kB) SWAP 1014/12002MB (cached 10MB) CPU [42%@729,40%@729,42%@729,39%@729,56%@1728,65%@1728] GR3D_FREQ 31% cpu@54.718C soc2@52.312C soc0@52.406C gpu@54.031C tj@54.937C soc1@53.125C VDD_IN 11827mW/7040mW VDD_CPU_GPU_CV 5414mW/2225mW VDD_SOC 2282mW/1690mW
09-12-2026 23:45:42 RAM 6827/7620MB (lfb 1x512kB) SWAP 1014/12002MB (cached 10MB) CPU [20%@729,18%@729,16%@729,20%@729,100%@1728,14%@1728] GR3D_FREQ 46% cpu@54.187C soc2@52.312C soc0@52.406C gpu@53.375C tj@54.187C soc1@53.062C VDD_IN 9690mW/7055mW VDD_CPU_GPU_CV 4100mW/2236mW VDD_SOC 1974mW/1692mW
09-12-2026 23:45:42 RAM 6827/7620MB (lfb 1x512kB) SWAP 1014/12002MB (cached 10MB) CPU [18%@1728,22%@1728,18%@1728,19%@1728,98%@1728,10%@1728] GR3D_FREQ 60% cpu@54.531C soc2@52.312C soc0@52.375C gpu@53.75C tj@54.531C soc1@53.062C VDD_IN 8938mW/7066mW VDD_CPU_GPU_CV 3593mW/2243mW VDD_SOC 1858mW/1693mW
09-12-2026 23:45:43 RAM 6827/7620MB (lfb 1x512kB) SWAP 1014/12002MB (cached 10MB) CPU [26%@1728,24%@1728,24%@1728,24%@1728,88%@883,21%@883] GR3D_FREQ 0% cpu@53.937C soc2@52.187C soc0@52.5C gpu@53.062C tj@53.937C soc1@53.187C VDD_IN 8358mW/7073mW VDD_CPU_GPU_CV 3159mW/2249mW VDD_SOC 1819mW/1693mW
09-12-2026 23:45:43 RAM 6829/7620MB (lfb 1x512kB) SWAP 1014/12002MB (cached 10MB) CPU [1%@1728,0%@1728,3%@1728,1%@1728,0%@729,0%@729] GR3D_FREQ 0% cpu@53.718C soc2@51.937C soc0@52.406C gpu@53.062C tj@53.718C soc1@53C VDD_IN 5713mW/7065mW VDD_CPU_GPU_CV 1346mW/2244mW VDD_SOC 1547mW/1693mW
09-12-2026 23:45:44 RAM 6831/7620MB (lfb 1x512kB) SWAP 1014/12002MB (cached 10MB) CPU [26%@1190,21%@1190,25%@1190,35%@1190,29%@1344,42%@1344] GR3D_FREQ 99% cpu@53.906C soc2@52.093C soc0@52.468C gpu@53.656C tj@53.906C soc1@53.031C VDD_IN 7447mW/7067mW VDD_CPU_GPU_CV 2452mW/2245mW VDD_SOC 1782mW/1693mW
09-12-2026 23:45:44 RAM 6831/7620MB (lfb 1x512kB) SWAP 1014/12002MB (cached 10MB) CPU [1%@729,0%@1728,0%@1728,0%@1728,0%@1728,84%@1728] GR3D_FREQ 38% cpu@53.968C soc2@52.281C soc0@52.5C gpu@53.656C tj@53.968C soc1@52.937C VDD_IN 10108mW/7084mW VDD_CPU_GPU_CV 4250mW/2256mW VDD_SOC 2092mW/1695mW
09-12-2026 23:45:45 RAM 6831/7620MB (lfb 1x512kB) SWAP 1014/12002MB (cached 10MB) CPU [0%@1728,1%@1728,0%@1728,0%@1728,0%@1728,100%@1728] GR3D_FREQ 47% cpu@53.968C soc2@52.281C soc0@52.562C gpu@53.437C tj@53.968C soc1@53.25C VDD_IN 8780mW/7094mW VDD_CPU_GPU_CV 3474mW/2263mW VDD_SOC 1858mW/1696mW
09-12-2026 23:45:45 RAM 6831/7620MB (lfb 1x512kB) SWAP 1014/12002MB (cached 10MB) CPU [1%@729,0%@1728,0%@1728,0%@1728,0%@1728,98%@1728] GR3D_FREQ 62% cpu@53.906C soc2@52.406C soc0@52.468C gpu@53.656C tj@53.906C soc1@53.187C VDD_IN 8358mW/7101mW VDD_CPU_GPU_CV 3159mW/2268mW VDD_SOC 1819mW/1697mW
09-12-2026 23:45:46 RAM 6831/7620MB (lfb 1x512kB) SWAP 1014/12002MB (cached 10MB) CPU [0%@1728,1%@1728,0%@1728,0%@1728,0%@960,60%@960] GR3D_FREQ 0% cpu@53.625C soc2@52.125C soc0@52.531C gpu@52.968C tj@53.625C soc1@53.218C VDD_IN 6944mW/7100mW VDD_CPU_GPU_CV 2175mW/2267mW VDD_SOC 1663mW/1697mW
09-12-2026 23:45:46 RAM 6831/7620MB (lfb 1x512kB) SWAP 1014/12002MB (cached 10MB) CPU [0%@1728,0%@1728,0%@1728,0%@1728,0%@729,0%@729] GR3D_FREQ 0% cpu@53.531C soc2@52.062C soc0@52.593C gpu@52.968C tj@53.531C soc1@53.187C VDD_IN 5246mW/7090mW VDD_CPU_GPU_CV 1031mW/2260mW VDD_SOC 1507mW/1696mW
09-12-2026 23:45:47 RAM 6831/7620MB (lfb 1x512kB) SWAP 1014/12002MB (cached 10MB) CPU [3%@729,0%@729,0%@729,0%@729,0%@729,0%@729] GR3D_FREQ 0% cpu@53.593C soc2@51.937C soc0@52.437C gpu@52.656C tj@53.656C soc1@53.125C VDD_IN 4729mW/7077mW VDD_CPU_GPU_CV 674mW/2252mW VDD_SOC 1470mW/1694mW
09-12-2026 23:45:47 RAM 6831/7620MB (lfb 1x512kB) SWAP 1014/12002MB (cached 10MB) CPU [0%@729,1%@729,0%@729,0%@729,0%@729,0%@729] GR3D_FREQ 0% cpu@53.375C soc2@51.843C soc0@52.437C gpu@52.75C tj@53.375C soc1@53C VDD_IN 4570mW/7063mW VDD_CPU_GPU_CV 555mW/2243mW VDD_SOC 1430mW/1693mW
09-12-2026 23:45:48 RAM 6831/7620MB (lfb 1x512kB) SWAP 1014/12002MB (cached 10MB) CPU [0%@1728,0%@1728,1%@1728,0%@1728,0%@729,0%@729] GR3D_FREQ 0% cpu@53.218C soc2@51.843C soc0@52.25C gpu@52.593C tj@53.343C soc1@53.156C VDD_IN 4491mW/7050mW VDD_CPU_GPU_CV 515mW/2233mW VDD_SOC 1430mW/1692mW
09-12-2026 23:45:48 RAM 6831/7620MB (lfb 1x512kB) SWAP 1014/12002MB (cached 10MB) CPU [5%@729,2%@729,0%@729,0%@729,0%@729,0%@729] GR3D_FREQ 0% cpu@53.312C soc2@51.843C soc0@52.312C gpu@52.781C tj@53.312C soc1@53.125C VDD_IN 4530mW/7036mW VDD_CPU_GPU_CV 556mW/2224mW VDD_SOC 1430mW/1690mW
09-12-2026 23:45:49 RAM 6831/7620MB (lfb 1x512kB) SWAP 1014/12002MB (cached 10MB) CPU [1%@729,0%@1728,0%@1728,0%@1728,0%@729,0%@729] GR3D_FREQ 0% cpu@53.437C soc2@51.812C soc0@52.218C gpu@52.468C tj@53.437C soc1@53.062C VDD_IN 4491mW/7023mW VDD_CPU_GPU_CV 515mW/2215mW VDD_SOC 1430mW/1689mW
09-12-2026 23:45:49 RAM 6831/7620MB (lfb 1x512kB) SWAP 1014/12002MB (cached 10MB) CPU [1%@729,0%@729,0%@729,1%@729,0%@729,0%@729] GR3D_FREQ 0% cpu@53.281C soc2@51.781C soc0@52.375C gpu@52.687C tj@53.281C soc1@53C VDD_IN 4491mW/7010mW VDD_CPU_GPU_CV 515mW/2206mW VDD_SOC 1430mW/1687mW
09-12-2026 23:45:50 RAM 6831/7620MB (lfb 1x512kB) SWAP 1014/12002MB (cached 10MB) CPU [0%@729,0%@729,0%@729,0%@729,0%@729,0%@729] GR3D_FREQ 0% cpu@53.312C soc2@51.718C soc0@52.25C gpu@52.562C tj@53.312C soc1@52.937C VDD_IN 4491mW/6996mW VDD_CPU_GPU_CV 515mW/2198mW VDD_SOC 1430mW/1686mW
09-12-2026 23:45:50 RAM 6831/7620MB (lfb 1x512kB) SWAP 1014/12002MB (cached 10MB) CPU [1%@729,1%@729,0%@729,0%@1728,0%@729,0%@729] GR3D_FREQ 0% cpu@53.187C soc2@51.687C soc0@52.312C gpu@52.656C tj@53.343C soc1@53.156C VDD_IN 4491mW/6983mW VDD_CPU_GPU_CV 515mW/2189mW VDD_SOC 1430mW/1685mW
09-12-2026 23:45:51 RAM 6831/7620MB (lfb 1x512kB) SWAP 1014/12002MB (cached 10MB) CPU [0%@1728,0%@1728,1%@1728,1%@1728,0%@729,0%@729] GR3D_FREQ 0% cpu@53.187C soc2@51.625C soc0@52.187C gpu@52.5C tj@53.187C soc1@53.093C VDD_IN 4451mW/6970mW VDD_CPU_GPU_CV 515mW/2180mW VDD_SOC 1430mW/1683mW
09-12-2026 23:45:51 RAM 6831/7620MB (lfb 1x512kB) SWAP 1014/12002MB (cached 10MB) CPU [0%@729,0%@729,0%@729,0%@729,0%@729,0%@729] GR3D_FREQ 0% cpu@53.031C soc2@51.687C soc0@52.125C gpu@52.562C tj@53.031C soc1@53C VDD_IN 4451mW/6957mW VDD_CPU_GPU_CV 515mW/2172mW VDD_SOC 1430mW/1682mW
09-12-2026 23:45:52 RAM 6831/7620MB (lfb 1x512kB) SWAP 1014/12002MB (cached 10MB) CPU [1%@1728,0%@1728,0%@1728,0%@1728,0%@729,0%@729] GR3D_FREQ 0% cpu@53.156C soc2@51.656C soc0@52.218C gpu@52.468C tj@53.125C soc1@52.906C VDD_IN 4451mW/6944mW VDD_CPU_GPU_CV 515mW/2163mW VDD_SOC 1430mW/1681mW
09-12-2026 23:45:52 RAM 6831/7620MB (lfb 1x512kB) SWAP 1014/12002MB (cached 10MB) CPU [0%@729,0%@729,0%@729,0%@729,0%@729,0%@729] GR3D_FREQ 0% cpu@53.343C soc2@51.656C soc0@52.375C gpu@52.531C tj@53.343C soc1@53.031C VDD_IN 4451mW/6932mW VDD_CPU_GPU_CV 515mW/2155mW VDD_SOC 1430mW/1680mW
09-12-2026 23:45:53 RAM 6831/7620MB (lfb 1x512kB) SWAP 1014/12002MB (cached 10MB) CPU [1%@1728,0%@1728,0%@1728,0%@1728,0%@729,0%@729] GR3D_FREQ 0% cpu@53.125C soc2@51.593C soc0@52.218C gpu@52.375C tj@53.125C soc1@52.875C VDD_IN 4491mW/6919mW VDD_CPU_GPU_CV 515mW/2146mW VDD_SOC 1430mW/1678mW
09-12-2026 23:45:53 RAM 6831/7620MB (lfb 1x512kB) SWAP 1014/12002MB (cached 10MB) CPU [0%@1728,0%@1728,0%@1728,0%@1728,0%@729,0%@729] GR3D_FREQ 0% cpu@53.156C soc2@51.625C soc0@52.156C gpu@52.343C tj@53.187C soc1@53.187C VDD_IN 4491mW/6907mW VDD_CPU_GPU_CV 515mW/2138mW VDD_SOC 1430mW/1677mW
09-12-2026 23:45:54 RAM 6831/7620MB (lfb 1x512kB) SWAP 1014/12002MB (cached 10MB) CPU [0%@1728,0%@1728,0%@1728,0%@1728,0%@729,0%@729] GR3D_FREQ 0% cpu@53.031C soc2@51.593C soc0@52.125C gpu@52.375C tj@53.031C soc1@52.937C VDD_IN 4491mW/6895mW VDD_CPU_GPU_CV 515mW/2130mW VDD_SOC 1430mW/1676mW
09-12-2026 23:45:54 RAM 6831/7620MB (lfb 1x512kB) SWAP 1014/12002MB (cached 10MB) CPU [4%@1728,1%@1728,0%@1728,0%@1728,0%@729,0%@729] GR3D_FREQ 0% cpu@53.031C soc2@51.593C soc0@52.093C gpu@52.312C tj@53.031C soc1@52.906C VDD_IN 4491mW/6883mW VDD_CPU_GPU_CV 515mW/2122mW VDD_SOC 1430mW/1675mW
09-12-2026 23:45:55 RAM 6831/7620MB (lfb 1x512kB) SWAP 1014/12002MB (cached 10MB) CPU [0%@729,0%@1728,0%@1728,0%@1728,0%@729,0%@729] GR3D_FREQ 0% cpu@52.968C soc2@51.531C soc0@52.062C gpu@52.406C tj@52.968C soc1@52.906C VDD_IN 4491mW/6871mW VDD_CPU_GPU_CV 515mW/2114mW VDD_SOC 1430mW/1673mW
09-12-2026 23:45:55 RAM 6831/7620MB (lfb 1x512kB) SWAP 1014/12002MB (cached 10MB) CPU [0%@1728,1%@1728,0%@1728,0%@1728,0%@729,0%@729] GR3D_FREQ 0% cpu@53.156C soc2@51.562C soc0@52.218C gpu@52.281C tj@53.156C soc1@52.843C VDD_IN 4491mW/6859mW VDD_CPU_GPU_CV 515mW/2106mW VDD_SOC 1430mW/1672mW
09-12-2026 23:45:56 RAM 6831/7620MB (lfb 1x512kB) SWAP 1014/12002MB (cached 10MB) CPU [1%@1728,0%@1728,0%@1728,1%@1728,0%@729,0%@729] GR3D_FREQ 0% cpu@53.218C soc2@51.468C soc0@52.156C gpu@52.343C tj@53.218C soc1@52.875C VDD_IN 4491mW/6847mW VDD_CPU_GPU_CV 515mW/2098mW VDD_SOC 1430mW/1671mW
09-12-2026 23:45:56 RAM 6831/7620MB (lfb 1x512kB) SWAP 1014/12002MB (cached 10MB) CPU [0%@1728,1%@1728,0%@1728,1%@1728,0%@1036,0%@1036] GR3D_FREQ 0% cpu@53.062C soc2@51.531C soc0@52.125C gpu@52.187C tj@53.093C soc1@53.093C VDD_IN 4491mW/6836mW VDD_CPU_GPU_CV 515mW/2090mW VDD_SOC 1430mW/1670mW
09-12-2026 23:45:57 RAM 6831/7620MB (lfb 1x512kB) SWAP 1014/12002MB (cached 10MB) CPU [0%@1728,0%@1728,0%@1728,0%@1728,0%@729,0%@729] GR3D_FREQ 0% cpu@53C soc2@51.437C soc0@52.156C gpu@52.625C tj@53C soc1@53C VDD_IN 4491mW/6824mW VDD_CPU_GPU_CV 515mW/2083mW VDD_SOC 1430mW/1669mW
09-12-2026 23:45:57 RAM 6831/7620MB (lfb 1x512kB) SWAP 1014/12002MB (cached 10MB) CPU [1%@729,0%@1728,0%@1728,0%@1728,0%@729,0%@729] GR3D_FREQ 0% cpu@52.968C soc2@51.562C soc0@52.031C gpu@52.187C tj@52.906C soc1@52.781C VDD_IN 4491mW/6813mW VDD_CPU_GPU_CV 515mW/2075mW VDD_SOC 1430mW/1667mW
09-12-2026 23:45:58 RAM 6831/7620MB (lfb 1x512kB) SWAP 1014/12002MB (cached 10MB) CPU [0%@729,1%@729,0%@729,0%@729,0%@729,0%@729] GR3D_FREQ 0% cpu@53.156C soc2@51.437C soc0@52.031C gpu@52.562C tj@53.156C soc1@52.812C VDD_IN 4491mW/6802mW VDD_CPU_GPU_CV 515mW/2068mW VDD_SOC 1430mW/1666mW
09-12-2026 23:45:58 RAM 6831/7620MB (lfb 1x512kB) SWAP 1014/12002MB (cached 10MB) CPU [0%@729,1%@1728,0%@1728,0%@1728,0%@729,0%@729] GR3D_FREQ 0% cpu@52.968C soc2@51.468C soc0@52.156C gpu@52.218C tj@52.968C soc1@52.75C VDD_IN 4491mW/6791mW VDD_CPU_GPU_CV 516mW/2060mW VDD_SOC 1430mW/1665mW
09-12-2026 23:45:59 RAM 6831/7620MB (lfb 1x512kB) SWAP 1014/12002MB (cached 10MB) CPU [0%@729,0%@729,0%@729,0%@729,0%@729,2%@729] GR3D_FREQ 0% cpu@53C soc2@51.468C soc0@52.062C gpu@52.5C tj@53.031C soc1@52.843C VDD_IN 4530mW/6780mW VDD_CPU_GPU_CV 555mW/2053mW VDD_SOC 1430mW/1664mW
09-12-2026 23:45:59 RAM 6831/7620MB (lfb 1x512kB) SWAP 1014/12002MB (cached 10MB) CPU [0%@729,0%@1728,0%@1728,0%@1728,0%@729,0%@729] GR3D_FREQ 0% cpu@52.968C soc2@51.531C soc0@51.968C gpu@52.156C tj@52.968C soc1@52.968C VDD_IN 4491mW/6769mW VDD_CPU_GPU_CV 516mW/2046mW VDD_SOC 1430mW/1663mW
09-12-2026 23:46:00 RAM 6831/7620MB (lfb 1x512kB) SWAP 1014/12002MB (cached 10MB) CPU [1%@729,0%@729,0%@1728,0%@1728,0%@729,0%@729] GR3D_FREQ 0% cpu@53C soc2@51.5C soc0@52C gpu@52.437C tj@53C soc1@52.781C VDD_IN 4491mW/6758mW VDD_CPU_GPU_CV 515mW/2038mW VDD_SOC 1430mW/1662mW
09-12-2026 23:46:00 RAM 6834/7620MB (lfb 1x512kB) SWAP 1014/12002MB (cached 10MB) CPU [16%@1728,18%@1728,18%@1728,30%@1728,11%@729,7%@729] GR3D_FREQ 0% cpu@53.468C soc2@51.531C soc0@51.937C gpu@52.281C tj@53.468C soc1@52.781C VDD_IN 5087mW/6750mW VDD_CPU_GPU_CV 912mW/2033mW VDD_SOC 1470mW/1661mW
09-12-2026 23:46:01 RAM 6834/7620MB (lfb 1x512kB) SWAP 1014/12002MB (cached 10MB) CPU [1%@1728,0%@1728,1%@1728,5%@1728,1%@729,0%@729] GR3D_FREQ 0% cpu@53.093C soc2@51.468C soc0@51.937C gpu@52.375C tj@53C soc1@52.781C VDD_IN 4729mW/6741mW VDD_CPU_GPU_CV 674mW/2027mW VDD_SOC 1430mW/1660mW
09-12-2026 23:46:01 RAM 6834/7620MB (lfb 1x512kB) SWAP 1014/12002MB (cached 10MB) CPU [0%@729,0%@729,0%@729,0%@729,0%@729,0%@729] GR3D_FREQ 0% cpu@53.156C soc2@51.406C soc0@52.031C gpu@52.25C tj@53.156C soc1@52.656C VDD_IN 4570mW/6731mW VDD_CPU_GPU_CV 555mW/2020mW VDD_SOC 1430mW/1659mW
09-12-2026 23:46:02 RAM 6834/7620MB (lfb 1x512kB) SWAP 1014/12002MB (cached 10MB) CPU [0%@729,1%@729,0%@729,0%@1728,0%@729,0%@729] GR3D_FREQ 0% cpu@52.906C soc2@51.375C soc0@52.031C gpu@52.406C tj@52.937C soc1@52.812C VDD_IN 4491mW/6720mW VDD_CPU_GPU_CV 515mW/2013mW VDD_SOC 1430mW/1658mW
09-12-2026 23:46:02 RAM 6834/7620MB (lfb 1x512kB) SWAP 1014/12002MB (cached 10MB) CPU [0%@729,1%@1728,0%@1728,0%@1728,0%@729,0%@729] GR3D_FREQ 0% cpu@52.906C soc2@51.343C soc0@52C gpu@52.187C tj@52.906C soc1@52.875C VDD_IN 4491mW/6710mW VDD_CPU_GPU_CV 515mW/2006mW VDD_SOC 1430mW/1657mW
09-12-2026 23:46:03 RAM 6834/7620MB (lfb 1x512kB) SWAP 1014/12002MB (cached 10MB) CPU [0%@1728,0%@1728,3%@1728,0%@1728,0%@729,0%@729] GR3D_FREQ 0% cpu@52.875C soc2@51.437C soc0@51.937C gpu@52.062C tj@52.875C soc1@52.781C VDD_IN 4491mW/6700mW VDD_CPU_GPU_CV 515mW/1999mW VDD_SOC 1430mW/1656mW
09-12-2026 23:46:03 RAM 6834/7620MB (lfb 1x512kB) SWAP 1014/12002MB (cached 10MB) CPU [0%@729,0%@729,1%@729,0%@729,0%@729,0%@729] GR3D_FREQ 0% cpu@53.031C soc2@51.437C soc0@51.937C gpu@52.187C tj@53.031C soc1@52.718C VDD_IN 4491mW/6690mW VDD_CPU_GPU_CV 516mW/1992mW VDD_SOC 1430mW/1655mW
09-12-2026 23:46:04 RAM 6834/7620MB (lfb 1x512kB) SWAP 1014/12002MB (cached 10MB) CPU [0%@729,0%@729,0%@729,0%@729,0%@729,0%@729] GR3D_FREQ 0% cpu@52.906C soc2@51.343C soc0@52.156C gpu@52.187C tj@52.906C soc1@52.75C VDD_IN 4491mW/6680mW VDD_CPU_GPU_CV 516mW/1985mW VDD_SOC 1430mW/1654mW
09-12-2026 23:46:04 RAM 6834/7620MB (lfb 1x512kB) SWAP 1014/12002MB (cached 10MB) CPU [0%@729,0%@729,0%@729,0%@729,0%@729,0%@729] GR3D_FREQ 0% cpu@52.906C soc2@51.281C soc0@52.062C gpu@52.156C tj@52.906C soc1@52.687C VDD_IN 4491mW/6670mW VDD_CPU_GPU_CV 516mW/1979mW VDD_SOC 1430mW/1653mW
09-12-2026 23:46:05 RAM 6834/7620MB (lfb 1x512kB) SWAP 1014/12002MB (cached 10MB) CPU [0%@1728,0%@1728,0%@1728,0%@1728,0%@729,0%@729] GR3D_FREQ 0% cpu@52.968C soc2@51.343C soc0@51.968C gpu@52.093C tj@52.968C soc1@52.718C VDD_IN 4491mW/6660mW VDD_CPU_GPU_CV 516mW/1972mW VDD_SOC 1430mW/1652mW
09-12-2026 23:46:06 RAM 6834/7620MB (lfb 1x512kB) SWAP 1014/12002MB (cached 10MB) CPU [0%@729,0%@1728,0%@1728,0%@1728,0%@729,0%@729] GR3D_FREQ 0% cpu@52.875C soc2@51.312C soc0@51.937C gpu@52.062C tj@52.875C soc1@52.781C VDD_IN 4491mW/6650mW VDD_CPU_GPU_CV 516mW/1966mW VDD_SOC 1430mW/1651mW
09-12-2026 23:46:06 RAM 6834/7620MB (lfb 1x512kB) SWAP 1014/12002MB (cached 10MB) CPU [0%@1728,0%@1728,0%@1728,0%@1728,0%@729,0%@729] GR3D_FREQ 0% cpu@52.843C soc2@51.218C soc0@51.906C gpu@52.031C tj@52.843C soc1@52.718C VDD_IN 4491mW/6640mW VDD_CPU_GPU_CV 516mW/1959mW VDD_SOC 1430mW/1650mW
09-12-2026 23:46:07 RAM 6834/7620MB (lfb 1x512kB) SWAP 1014/12002MB (cached 10MB) CPU [5%@729,0%@729,1%@729,0%@729,0%@729,0%@729] GR3D_FREQ 0% cpu@52.781C soc2@51.312C soc0@51.906C gpu@52C tj@52.781C soc1@52.656C VDD_IN 4491mW/6631mW VDD_CPU_GPU_CV 516mW/1953mW VDD_SOC 1430mW/1649mW
09-12-2026 23:46:07 RAM 6834/7620MB (lfb 1x512kB) SWAP 1014/12002MB (cached 10MB) CPU [0%@1728,0%@1728,0%@1728,0%@1728,0%@729,0%@729] GR3D_FREQ 0% cpu@53.062C soc2@51.281C soc0@52.031C gpu@52.062C tj@53.062C soc1@52.687C VDD_IN 4491mW/6621mW VDD_CPU_GPU_CV 515mW/1946mW VDD_SOC 1430mW/1648mW
09-12-2026 23:46:08 RAM 6834/7620MB (lfb 1x512kB) SWAP 1014/12002MB (cached 10MB) CPU [0%@1728,0%@1728,0%@1728,0%@1728,0%@729,0%@729] GR3D_FREQ 0% cpu@53.093C soc2@51.281C soc0@52C gpu@52.093C tj@53.093C soc1@52.562C VDD_IN 4491mW/6612mW VDD_CPU_GPU_CV 515mW/1940mW VDD_SOC 1430mW/1647mW
09-12-2026 23:46:08 RAM 6835/7620MB (lfb 1x512kB) SWAP 1014/12002MB (cached 10MB) CPU [1%@729,1%@729,1%@729,2%@729,0%@729,0%@729] GR3D_FREQ 0% cpu@52.843C soc2@51.218C soc0@51.968C gpu@51.968C tj@52.843C soc1@52.593C VDD_IN 4491mW/6603mW VDD_CPU_GPU_CV 515mW/1934mW VDD_SOC 1430mW/1646mW
09-12-2026 23:46:09 RAM 6835/7620MB (lfb 1x512kB) SWAP 1014/12002MB (cached 10MB) CPU [0%@1728,0%@1728,0%@1728,0%@1728,0%@729,0%@729] GR3D_FREQ 0% cpu@52.968C soc2@51.281C soc0@51.875C gpu@52.25C tj@52.968C soc1@52.781C VDD_IN 4491mW/6593mW VDD_CPU_GPU_CV 515mW/1927mW VDD_SOC 1430mW/1645mW
09-12-2026 23:46:09 RAM 6835/7620MB (lfb 1x512kB) SWAP 1014/12002MB (cached 10MB) CPU [1%@1728,0%@1728,0%@1728,0%@1728,0%@729,0%@729] GR3D_FREQ 0% cpu@52.687C soc2@51.218C soc0@51.812C gpu@51.968C tj@52.687C soc1@52.625C VDD_IN 4451mW/6584mW VDD_CPU_GPU_CV 515mW/1921mW VDD_SOC 1430mW/1644mW
09-12-2026 23:46:10 RAM 6835/7620MB (lfb 1x512kB) SWAP 1014/12002MB (cached 10MB) CPU [0%@729,0%@729,0%@729,1%@729,0%@729,0%@729] GR3D_FREQ 0% cpu@52.687C soc2@51.343C soc0@51.781C gpu@52.25C tj@52.687C soc1@52.625C VDD_IN 4491mW/6575mW VDD_CPU_GPU_CV 516mW/1915mW VDD_SOC 1430mW/1643mW
09-12-2026 23:46:10 RAM 6835/7620MB (lfb 1x512kB) SWAP 1014/12002MB (cached 10MB) CPU [0%@729,1%@1728,0%@1728,0%@1728,0%@729,0%@729] GR3D_FREQ 0% cpu@52.843C soc2@51.312C soc0@51.937C gpu@52C tj@52.843C soc1@52.562C VDD_IN 4491mW/6566mW VDD_CPU_GPU_CV 516mW/1909mW VDD_SOC 1430mW/1642mW
09-12-2026 23:46:11 RAM 6835/7620MB (lfb 1x512kB) SWAP 1014/12002MB (cached 10MB) CPU [0%@1728,0%@1728,0%@1728,1%@1728,0%@729,2%@729] GR3D_FREQ 0% cpu@53C soc2@51.281C soc0@51.781C gpu@52.187C tj@53C soc1@52.562C VDD_IN 4491mW/6557mW VDD_CPU_GPU_CV 516mW/1903mW VDD_SOC 1430mW/1641mW
09-12-2026 23:46:11 RAM 6835/7620MB (lfb 1x512kB) SWAP 1014/12002MB (cached 10MB) CPU [0%@729,0%@729,0%@729,0%@729,0%@729,0%@729] GR3D_FREQ 0% cpu@52.718C soc2@51.187C soc0@51.843C gpu@51.906C tj@52.937C soc1@52.562C VDD_IN 4491mW/6548mW VDD_CPU_GPU_CV 516mW/1897mW VDD_SOC 1430mW/1640mW
09-12-2026 23:46:12 RAM 6835/7620MB (lfb 1x512kB) SWAP 1014/12002MB (cached 10MB) CPU [1%@729,0%@1728,0%@1728,0%@1728,0%@729,1%@729] GR3D_FREQ 0% cpu@52.812C soc2@51.218C soc0@51.781C gpu@52.156C tj@52.812C soc1@52.687C VDD_IN 4491mW/6539mW VDD_CPU_GPU_CV 516mW/1891mW VDD_SOC 1430mW/1639mW
09-12-2026 23:46:12 RAM 6835/7620MB (lfb 1x512kB) SWAP 1014/12002MB (cached 10MB) CPU [1%@1728,0%@1728,0%@1728,0%@1728,1%@729,0%@729] GR3D_FREQ 0% cpu@52.687C soc2@51.187C soc0@51.843C gpu@52.031C tj@52.687C soc1@52.625C VDD_IN 4491mW/6530mW VDD_CPU_GPU_CV 515mW/1885mW VDD_SOC 1430mW/1638mW
09-12-2026 23:46:13 RAM 6835/7620MB (lfb 1x512kB) SWAP 1014/12002MB (cached 10MB) CPU [1%@729,0%@729,0%@729,0%@729,0%@729,0%@729] GR3D_FREQ 0% cpu@52.906C soc2@51.218C soc0@51.843C gpu@52.093C tj@52.906C soc1@52.625C VDD_IN 4491mW/6522mW VDD_CPU_GPU_CV 515mW/1880mW VDD_SOC 1430mW/1637mW
09-12-2026 23:46:13 RAM 6835/7620MB (lfb 1x512kB) SWAP 1014/12002MB (cached 10MB) CPU [0%@1728,1%@1728,0%@1728,1%@1728,0%@729,0%@729] GR3D_FREQ 0% cpu@52.937C soc2@51.25C soc0@51.875C gpu@52.031C tj@52.937C soc1@52.531C VDD_IN 4491mW/6513mW VDD_CPU_GPU_CV 515mW/1874mW VDD_SOC 1430mW/1637mW
09-12-2026 23:46:14 RAM 6835/7620MB (lfb 1x512kB) SWAP 1014/12002MB (cached 10MB) CPU [0%@1728,0%@1728,0%@1728,0%@1728,0%@729,0%@729] GR3D_FREQ 0% cpu@52.781C soc2@51.187C soc0@51.843C gpu@52.125C tj@52.781C soc1@52.468C VDD_IN 4491mW/6505mW VDD_CPU_GPU_CV 516mW/1868mW VDD_SOC 1430mW/1636mW
09-12-2026 23:46:14 RAM 6835/7620MB (lfb 1x512kB) SWAP 1014/12002MB (cached 10MB) CPU [0%@729,0%@729,0%@729,0%@729,0%@729,0%@729] GR3D_FREQ 0% cpu@52.781C soc2@51.093C soc0@51.718C gpu@52C tj@52.781C soc1@52.437C VDD_IN 4491mW/6496mW VDD_CPU_GPU_CV 516mW/1862mW VDD_SOC 1430mW/1635mW
09-12-2026 23:46:15 RAM 6835/7620MB (lfb 1x512kB) SWAP 1014/12002MB (cached 10MB) CPU [0%@1728,0%@1728,0%@1728,0%@1728,0%@729,0%@729] GR3D_FREQ 0% cpu@52.625C soc2@51.093C soc0@51.781C gpu@52.062C tj@52.625C soc1@52.625C VDD_IN 4491mW/6488mW VDD_CPU_GPU_CV 516mW/1857mW VDD_SOC 1430mW/1634mW
09-12-2026 23:46:15 RAM 6835/7620MB (lfb 1x512kB) SWAP 1014/12002MB (cached 10MB) CPU [0%@1728,0%@1728,1%@1728,1%@1728,0%@729,0%@729] GR3D_FREQ 0% cpu@52.656C soc2@51.031C soc0@51.781C gpu@51.906C tj@52.656C soc1@52.531C VDD_IN 4491mW/6480mW VDD_CPU_GPU_CV 515mW/1851mW VDD_SOC 1430mW/1633mW
09-12-2026 23:46:16 RAM 6835/7620MB (lfb 1x512kB) SWAP 1014/12002MB (cached 10MB) CPU [0%@729,0%@729,0%@729,0%@729,0%@729,0%@729] GR3D_FREQ 0% cpu@52.687C soc2@51.187C soc0@51.562C gpu@51.812C tj@52.687C soc1@52.5C VDD_IN 4491mW/6471mW VDD_CPU_GPU_CV 516mW/1846mW VDD_SOC 1430mW/1632mW
09-12-2026 23:46:16 RAM 6835/7620MB (lfb 1x512kB) SWAP 1014/12002MB (cached 10MB) CPU [0%@729,0%@1728,1%@1728,0%@1728,0%@729,0%@729] GR3D_FREQ 0% cpu@52.781C soc2@51.125C soc0@51.875C gpu@51.875C tj@52.781C soc1@52.468C VDD_IN 4491mW/6463mW VDD_CPU_GPU_CV 516mW/1840mW VDD_SOC 1430mW/1631mW
09-12-2026 23:46:17 RAM 6835/7620MB (lfb 1x512kB) SWAP 1014/12002MB (cached 10MB) CPU [3%@1728,0%@1728,0%@1728,1%@1728,0%@729,0%@729] GR3D_FREQ 0% cpu@52.812C soc2@51.156C soc0@51.718C gpu@51.812C tj@52.812C soc1@52.375C VDD_IN 4491mW/6455mW VDD_CPU_GPU_CV 516mW/1835mW VDD_SOC 1430mW/1631mW
09-12-2026 23:46:17 RAM 6835/7620MB (lfb 1x512kB) SWAP 1014/12002MB (cached 10MB) CPU [0%@1728,0%@1728,0%@1728,0%@1728,0%@729,0%@729] GR3D_FREQ 0% cpu@52.718C soc2@51.062C soc0@51.656C gpu@51.906C tj@52.718C soc1@52.437C VDD_IN 4491mW/6447mW VDD_CPU_GPU_CV 516mW/1829mW VDD_SOC 1430mW/1630mW
09-12-2026 23:46:18 RAM 6835/7620MB (lfb 1x512kB) SWAP 1014/12002MB (cached 10MB) CPU [0%@1728,1%@1728,0%@1728,0%@1728,0%@729,0%@729] GR3D_FREQ 0% cpu@52.562C soc2@50.968C soc0@51.687C gpu@51.75C tj@52.656C soc1@52.562C VDD_IN 4491mW/6439mW VDD_CPU_GPU_CV 516mW/1824mW VDD_SOC 1430mW/1629mW
09-12-2026 23:46:18 RAM 6835/7620MB (lfb 1x512kB) SWAP 1014/12002MB (cached 10MB) CPU [0%@1728,0%@1728,1%@1728,1%@1728,0%@729,0%@729] GR3D_FREQ 0% cpu@52.5C soc2@51.125C soc0@51.656C gpu@51.937C tj@52.531C soc1@52.531C VDD_IN 4491mW/6431mW VDD_CPU_GPU_CV 516mW/1819mW VDD_SOC 1430mW/1628mW
09-12-2026 23:46:19 RAM 6835/7620MB (lfb 1x512kB) SWAP 1014/12002MB (cached 10MB) CPU [0%@1728,0%@1728,0%@1728,0%@1728,0%@729,0%@729] GR3D_FREQ 0% cpu@52.437C soc2@51.125C soc0@51.593C gpu@51.812C tj@52.437C soc1@52.531C VDD_IN 4491mW/6424mW VDD_CPU_GPU_CV 516mW/1814mW VDD_SOC 1430mW/1627mW
