09-12-2026 23:38:53 RAM 3124/7620MB (lfb 7x4MB) SWAP 903/12002MB (cached 10MB) CPU [15%@1728,92%@1728,15%@1728,12%@1728,16%@729,13%@729] GR3D_FREQ 0% cpu@49.343C soc2@47.218C soc0@47.812C gpu@48.187C tj@49.343C soc1@48.25C VDD_IN 5762mW/5762mW VDD_CPU_GPU_CV 1547mW/1547mW VDD_SOC 1470mW/1470mW
09-12-2026 23:38:54 RAM 3174/7620MB (lfb 7x4MB) SWAP 903/12002MB (cached 10MB) CPU [2%@1728,92%@1728,0%@1728,1%@1728,0%@729,0%@729] GR3D_FREQ 0% cpu@49.125C soc2@47.218C soc0@47.75C gpu@48.312C tj@49.125C soc1@48.281C VDD_IN 5683mW/5723mW VDD_CPU_GPU_CV 1430mW/1489mW VDD_SOC 1470mW/1470mW
09-12-2026 23:38:54 RAM 3190/7620MB (lfb 7x4MB) SWAP 903/12002MB (cached 10MB) CPU [1%@1728,20%@1728,65%@1728,0%@1728,0%@729,0%@729] GR3D_FREQ 0% cpu@49.5C soc2@47.187C soc0@47.812C gpu@48.218C tj@49.5C soc1@48.343C VDD_IN 5643mW/5696mW VDD_CPU_GPU_CV 1391mW/1456mW VDD_SOC 1470mW/1470mW
09-12-2026 23:38:55 RAM 3201/7620MB (lfb 7x4MB) SWAP 903/12002MB (cached 10MB) CPU [0%@1728,80%@1728,18%@1728,0%@1728,0%@729,0%@729] GR3D_FREQ 0% cpu@49.375C soc2@47.281C soc0@47.75C gpu@48.218C tj@49.375C soc1@48.312C VDD_IN 5683mW/5693mW VDD_CPU_GPU_CV 1430mW/1450mW VDD_SOC 1470mW/1470mW
09-12-2026 23:38:55 RAM 3218/7620MB (lfb 7x4MB) SWAP 903/12002MB (cached 10MB) CPU [2%@1728,94%@1728,0%@1728,0%@1728,0%@729,0%@729] GR3D_FREQ 0% cpu@49.062C soc2@47.281C soc0@47.937C gpu@48.593C tj@49.062C soc1@48.375C VDD_IN 5643mW/5683mW VDD_CPU_GPU_CV 1391mW/1438mW VDD_SOC 1470mW/1470mW
09-12-2026 23:38:56 RAM 3230/7620MB (lfb 7x4MB) SWAP 903/12002MB (cached 10MB) CPU [2%@1728,89%@1728,0%@1728,0%@1728,0%@729,0%@729] GR3D_FREQ 0% cpu@49.281C soc2@47.312C soc0@47.906C gpu@48.25C tj@49.281C soc1@48.343C VDD_IN 5603mW/5670mW VDD_CPU_GPU_CV 1351mW/1423mW VDD_SOC 1470mW/1470mW
09-12-2026 23:38:56 RAM 3246/7620MB (lfb 7x4MB) SWAP 903/12002MB (cached 10MB) CPU [1%@1728,93%@1728,0%@1728,1%@1728,0%@729,0%@729] GR3D_FREQ 0% cpu@49.218C soc2@47.281C soc0@47.906C gpu@48.5C tj@49.218C soc1@48.437C VDD_IN 5683mW/5671mW VDD_CPU_GPU_CV 1351mW/1413mW VDD_SOC 1510mW/1476mW
09-12-2026 23:38:57 RAM 3280/7620MB (lfb 7x4MB) SWAP 903/12002MB (cached 10MB) CPU [2%@1728,35%@1728,52%@1728,1%@1728,0%@729,0%@729] GR3D_FREQ 0% cpu@49.968C soc2@47.343C soc0@47.906C gpu@48.375C tj@49.968C soc1@48.406C VDD_IN 5652mW/5669mW VDD_CPU_GPU_CV 1391mW/1410mW VDD_SOC 1470mW/1475mW
09-12-2026 23:38:57 RAM 3284/7620MB (lfb 7x4MB) SWAP 903/12002MB (cached 10MB) CPU [3%@1728,0%@1728,17%@1728,0%@1728,2%@1728,62%@1728] GR3D_FREQ 0% cpu@49.031C soc2@47.25C soc0@48.031C gpu@48.531C tj@49.031C soc1@48.375C VDD_IN 5484mW/5648mW VDD_CPU_GPU_CV 1271mW/1395mW VDD_SOC 1470mW/1474mW
09-12-2026 23:38:58 RAM 3292/7620MB (lfb 7x4MB) SWAP 903/12002MB (cached 10MB) CPU [1%@729,0%@1728,0%@1728,0%@1728,1%@1728,92%@1728] GR3D_FREQ 0% cpu@49.375C soc2@47.281C soc0@48C gpu@48.343C tj@49.375C soc1@48.406C VDD_IN 5643mW/5648mW VDD_CPU_GPU_CV 1391mW/1394mW VDD_SOC 1470mW/1474mW
09-12-2026 23:38:58 RAM 3286/7620MB (lfb 7x4MB) SWAP 903/12002MB (cached 10MB) CPU [4%@729,24%@729,0%@729,1%@729,0%@1728,68%@1728] GR3D_FREQ 0% cpu@49.25C soc2@47.218C soc0@48.031C gpu@48.375C tj@49.25C soc1@48.343C VDD_IN 5603mW/5644mW VDD_CPU_GPU_CV 1351mW/1390mW VDD_SOC 1470mW/1474mW
09-12-2026 23:38:59 RAM 3297/7620MB (lfb 7x4MB) SWAP 903/12002MB (cached 10MB) CPU [1%@729,0%@729,0%@729,0%@729,0%@1728,94%@1728] GR3D_FREQ 0% cpu@49.125C soc2@47.187C soc0@47.843C gpu@48.343C tj@49.125C soc1@48.281C VDD_IN 5683mW/5647mW VDD_CPU_GPU_CV 1311mW/1384mW VDD_SOC 1510mW/1477mW
09-12-2026 23:38:59 RAM 3333/7620MB (lfb 7x4MB) SWAP 903/12002MB (cached 10MB) CPU [0%@1728,0%@1728,41%@1728,0%@1728,0%@1728,92%@1728] GR3D_FREQ 0% cpu@49.437C soc2@47.375C soc0@47.875C gpu@48.281C tj@49.437C soc1@48.437C VDD_IN 5921mW/5668mW VDD_CPU_GPU_CV 1587mW/1399mW VDD_SOC 1510mW/1479mW
09-12-2026 23:39:00 RAM 3460/7620MB (lfb 1x4MB) SWAP 903/12002MB (cached 10MB) CPU [69%@1728,13%@1728,30%@1728,13%@1728,26%@1728,100%@1728] GR3D_FREQ 0% cpu@49.718C soc2@47.437C soc0@47.937C gpu@48.406C tj@49.718C soc1@48.5C VDD_IN 6438mW/5723mW VDD_CPU_GPU_CV 1984mW/1441mW VDD_SOC 1510mW/1481mW
09-12-2026 23:39:00 RAM 3518/7620MB (lfb 3x2MB) SWAP 903/12002MB (cached 10MB) CPU [100%@1728,13%@1728,15%@1728,14%@1728,15%@1728,100%@1728] GR3D_FREQ 0% cpu@49.906C soc2@47.531C soc0@48.093C gpu@48.437C tj@49.906C soc1@48.5C VDD_IN 6597mW/5781mW VDD_CPU_GPU_CV 2103mW/1485mW VDD_SOC 1547mW/1486mW
09-12-2026 23:39:01 RAM 3542/7620MB (lfb 3x2MB) SWAP 903/12002MB (cached 10MB) CPU [74%@1497,12%@1497,1%@1497,0%@1497,0%@1728,100%@1728] GR3D_FREQ 0% cpu@49.593C soc2@47.5C soc0@48C gpu@48.312C tj@49.593C soc1@48.437C VDD_IN 6478mW/5825mW VDD_CPU_GPU_CV 2063mW/1521mW VDD_SOC 1510mW/1487mW
09-12-2026 23:39:01 RAM 3572/7620MB (lfb 3x2MB) SWAP 903/12002MB (cached 10MB) CPU [7%@1113,67%@1113,8%@1113,1%@1113,0%@1728,100%@1728] GR3D_FREQ 0% cpu@49.437C soc2@47.437C soc0@48C gpu@48.562C tj@49.531C soc1@48.718C VDD_IN 6398mW/5859mW VDD_CPU_GPU_CV 1944mW/1546mW VDD_SOC 1510mW/1489mW
09-12-2026 23:39:02 RAM 3619/7620MB (lfb 1x2MB) SWAP 903/12002MB (cached 10MB) CPU [42%@1728,20%@1728,20%@1728,0%@1728,0%@1728,100%@1728] GR3D_FREQ 0% cpu@49.531C soc2@47.437C soc0@48.062C gpu@48.343C tj@49.531C soc1@48.687C VDD_IN 6319mW/5884mW VDD_CPU_GPU_CV 1864mW/1564mW VDD_SOC 1510mW/1490mW
09-12-2026 23:39:02 RAM 3650/7620MB (lfb 1x2MB) SWAP 903/12002MB (cached 10MB) CPU [0%@1728,0%@1728,97%@1728,1%@1728,0%@1728,100%@1728] GR3D_FREQ 0% cpu@49.75C soc2@47.5C soc0@48.031C gpu@48.687C tj@49.75C soc1@48.687C VDD_IN 6478mW/5915mW VDD_CPU_GPU_CV 1904mW/1582mW VDD_SOC 1550mW/1493mW
09-12-2026 23:39:03 RAM 3699/7620MB (lfb 160x1MB) SWAP 903/12002MB (cached 10MB) CPU [3%@1728,50%@1728,40%@1728,2%@1728,0%@729,43%@729] GR3D_FREQ 0% cpu@49.5C soc2@47.468C soc0@48.125C gpu@48.468C tj@49.5C soc1@48.593C VDD_IN 6160mW/5928mW VDD_CPU_GPU_CV 1706mW/1588mW VDD_SOC 1510mW/1494mW
09-12-2026 23:39:03 RAM 3720/7620MB (lfb 160x1MB) SWAP 903/12002MB (cached 10MB) CPU [1%@1728,90%@1728,0%@1728,0%@1728,0%@729,0%@729] GR3D_FREQ 0% cpu@49.562C soc2@47.562C soc0@48.093C gpu@48.625C tj@49.562C soc1@48.562C VDD_IN 5802mW/5922mW VDD_CPU_GPU_CV 1468mW/1582mW VDD_SOC 1510mW/1495mW
09-12-2026 23:39:04 RAM 3755/7620MB (lfb 160x1MB) SWAP 903/12002MB (cached 10MB) CPU [10%@1728,80%@1728,0%@1728,0%@1728,0%@729,0%@729] GR3D_FREQ 0% cpu@49.5C soc2@47.437C soc0@48.062C gpu@48.5C tj@49.5C soc1@48.75C VDD_IN 5762mW/5914mW VDD_CPU_GPU_CV 1309mW/1570mW VDD_SOC 1510mW/1495mW
09-12-2026 23:39:04 RAM 3767/7620MB (lfb 160x1MB) SWAP 903/12002MB (cached 10MB) CPU [50%@1728,55%@1728,13%@1728,14%@1728,13%@1728,13%@1728] GR3D_FREQ 0% cpu@49.531C soc2@47.562C soc0@48.062C gpu@48.562C tj@49.75C soc1@48.625C VDD_IN 5802mW/5910mW VDD_CPU_GPU_CV 1428mW/1564mW VDD_SOC 1510mW/1496mW
09-12-2026 23:39:05 RAM 3784/7620MB (lfb 160x1MB) SWAP 903/12002MB (cached 10MB) CPU [92%@1728,0%@1728,0%@1728,0%@1728,0%@729,0%@729] GR3D_FREQ 0% cpu@49.562C soc2@47.593C soc0@48.031C gpu@48.312C tj@49.562C soc1@48.625C VDD_IN 5683mW/5900mW VDD_CPU_GPU_CV 1391mW/1557mW VDD_SOC 1470mW/1495mW
09-12-2026 23:39:05 RAM 3809/7620MB (lfb 2x2MB) SWAP 903/12002MB (cached 10MB) CPU [32%@1728,54%@1728,0%@1728,0%@1728,0%@729,0%@729] GR3D_FREQ 0% cpu@49.531C soc2@47.468C soc0@48.093C gpu@48.562C tj@49.531C soc1@48.531C VDD_IN 5603mW/5888mW VDD_CPU_GPU_CV 1351mW/1548mW VDD_SOC 1470mW/1494mW
09-12-2026 23:39:06 RAM 3817/7620MB (lfb 2x2MB) SWAP 903/12002MB (cached 10MB) CPU [0%@1728,96%@1728,0%@1728,0%@1728,0%@729,0%@729] GR3D_FREQ 0% cpu@49.5C soc2@47.5C soc0@48.187C gpu@48.406C tj@49.5C soc1@48.562C VDD_IN 5603mW/5877mW VDD_CPU_GPU_CV 1430mW/1544mW VDD_SOC 1470mW/1493mW
09-12-2026 23:39:06 RAM 3853/7620MB (lfb 160x1MB) SWAP 903/12002MB (cached 10MB) CPU [2%@1728,92%@1728,5%@1728,1%@1728,1%@729,0%@729] GR3D_FREQ 0% cpu@49.5C soc2@47.531C soc0@48.062C gpu@48.625C tj@49.5C soc1@48.781C VDD_IN 5643mW/5869mW VDD_CPU_GPU_CV 1430mW/1540mW VDD_SOC 1470mW/1492mW
09-12-2026 23:39:07 RAM 3890/7620MB (lfb 160x1MB) SWAP 903/12002MB (cached 10MB) CPU [8%@1728,94%@1728,10%@1728,0%@1728,18%@729,7%@729] GR3D_FREQ 0% cpu@49.562C soc2@47.625C soc0@48.125C gpu@48.5C tj@49.562C soc1@48.75C VDD_IN 5802mW/5866mW VDD_CPU_GPU_CV 1547mW/1540mW VDD_SOC 1470mW/1491mW
09-12-2026 23:39:07 RAM 3979/7620MB (lfb 160x1MB) SWAP 903/12002MB (cached 10MB) CPU [16%@806,56%@806,28%@806,23%@806,0%@1728,36%@1728] GR3D_FREQ 12% cpu@49.718C soc2@47.562C soc0@48.25C gpu@48.718C tj@49.718C soc1@48.75C VDD_IN 6041mW/5872mW VDD_CPU_GPU_CV 1468mW/1537mW VDD_SOC 1589mW/1495mW
09-12-2026 23:39:08 RAM 4068/7620MB (lfb 160x1MB) SWAP 903/12002MB (cached 10MB) CPU [12%@1728,73%@1728,3%@1728,24%@1728,24%@729,28%@729] GR3D_FREQ 0% cpu@49.593C soc2@47.562C soc0@48.156C gpu@48.5C tj@49.593C soc1@48.718C VDD_IN 5802mW/5870mW VDD_CPU_GPU_CV 1190mW/1526mW VDD_SOC 1589mW/1498mW
09-12-2026 23:39:08 RAM 4134/7620MB (lfb 160x1MB) SWAP 903/12002MB (cached 10MB) CPU [13%@1728,85%@1728,0%@1728,9%@1728,12%@729,10%@729] GR3D_FREQ 0% cpu@49.468C soc2@47.531C soc0@48.156C gpu@48.562C tj@49.468C soc1@48.687C VDD_IN 5882mW/5870mW VDD_CPU_GPU_CV 1269mW/1517mW VDD_SOC 1589mW/1501mW
09-12-2026 23:39:09 RAM 4329/7620MB (lfb 143x1MB) SWAP 903/12002MB (cached 10MB) CPU [8%@1728,66%@1728,0%@1728,43%@1728,46%@729,44%@729] GR3D_FREQ 0% cpu@49.281C soc2@47.468C soc0@48.125C gpu@48.5C tj@49.468C soc1@48.812C VDD_IN 5842mW/5869mW VDD_CPU_GPU_CV 1190mW/1507mW VDD_SOC 1629mW/1505mW
09-12-2026 23:39:09 RAM 4351/7620MB (lfb 140x1MB) SWAP 903/12002MB (cached 10MB) CPU [5%@1728,86%@1728,0%@1728,12%@1728,13%@729,12%@729] GR3D_FREQ 0% cpu@49.437C soc2@47.656C soc0@48.156C gpu@48.5C tj@49.437C soc1@48.75C VDD_IN 5802mW/5867mW VDD_CPU_GPU_CV 1150mW/1496mW VDD_SOC 1589mW/1507mW
09-12-2026 23:39:10 RAM 4404/7620MB (lfb 68x1MB) SWAP 903/12002MB (cached 10MB) CPU [16%@729,70%@729,17%@729,19%@729,11%@729,26%@729] GR3D_FREQ 37% cpu@49.562C soc2@47.625C soc0@48.125C gpu@48.593C tj@49.562C soc1@48.718C VDD_IN 5882mW/5868mW VDD_CPU_GPU_CV 1230mW/1489mW VDD_SOC 1629mW/1511mW
09-12-2026 23:39:10 RAM 4488/7620MB (lfb 59x1MB) SWAP 903/12002MB (cached 10MB) CPU [18%@1728,66%@1728,41%@1728,40%@1728,32%@729,40%@729] GR3D_FREQ 32% cpu@49.312C soc2@47.562C soc0@48.218C gpu@48.656C tj@49.312C soc1@48.718C VDD_IN 5921mW/5869mW VDD_CPU_GPU_CV 1230mW/1481mW VDD_SOC 1629mW/1514mW
09-12-2026 23:39:11 RAM 4445/7620MB (lfb 1x2MB) SWAP 903/12002MB (cached 10MB) CPU [0%@1728,98%@1728,1%@1728,3%@1728,9%@729,3%@729] GR3D_FREQ 0% cpu@49.593C soc2@47.656C soc0@48.218C gpu@48.531C tj@49.593C soc1@48.687C VDD_IN 5762mW/5866mW VDD_CPU_GPU_CV 1150mW/1472mW VDD_SOC 1589mW/1516mW
09-12-2026 23:39:11 RAM 4610/7620MB (lfb 20x1MB) SWAP 903/12002MB (cached 10MB) CPU [28%@729,33%@729,32%@729,28%@729,39%@729,50%@729] GR3D_FREQ 36% cpu@49.531C soc2@47.562C soc0@48.312C gpu@48.625C tj@49.625C soc1@48.75C VDD_IN 5921mW/5868mW VDD_CPU_GPU_CV 1230mW/1465mW VDD_SOC 1629mW/1519mW
09-12-2026 23:39:12 RAM 4701/7620MB (lfb 9x1MB) SWAP 903/12002MB (cached 10MB) CPU [8%@1728,26%@1728,25%@1728,26%@1728,66%@1728,37%@1728] GR3D_FREQ 0% cpu@49.687C soc2@47.562C soc0@48.281C gpu@48.562C tj@49.687C soc1@48.937C VDD_IN 5762mW/5865mW VDD_CPU_GPU_CV 1150mW/1457mW VDD_SOC 1629mW/1522mW
09-12-2026 23:39:12 RAM 4764/7620MB (lfb 9x1MB) SWAP 903/12002MB (cached 10MB) CPU [3%@729,7%@729,8%@1728,10%@1728,86%@1267,10%@1267] GR3D_FREQ 5% cpu@49.5C soc2@47.562C soc0@48.25C gpu@48.562C tj@49.5C soc1@48.843C VDD_IN 5882mW/5865mW VDD_CPU_GPU_CV 1269mW/1452mW VDD_SOC 1589mW/1524mW
09-12-2026 23:39:13 RAM 5010/7620MB (lfb 5x1MB) SWAP 903/12002MB (cached 10MB) CPU [9%@729,42%@729,38%@729,38%@1728,48%@729,55%@729] GR3D_FREQ 37% cpu@49.406C soc2@47.656C soc0@48.218C gpu@48.593C tj@49.406C soc1@48.843C VDD_IN 6001mW/5869mW VDD_CPU_GPU_CV 1269mW/1448mW VDD_SOC 1629mW/1527mW
09-12-2026 23:39:13 RAM 5099/7620MB (lfb 282x512kB) SWAP 903/12002MB (cached 10MB) CPU [6%@1728,16%@1728,18%@1728,21%@1728,29%@1728,78%@1728] GR3D_FREQ 0% cpu@49.812C soc2@47.718C soc0@48.25C gpu@48.718C tj@49.812C soc1@48.875C VDD_IN 5882mW/5869mW VDD_CPU_GPU_CV 1190mW/1441mW VDD_SOC 1589mW/1528mW
09-12-2026 23:39:14 RAM 5247/7620MB (lfb 215x512kB) SWAP 903/12002MB (cached 10MB) CPU [32%@1728,21%@1728,17%@1728,23%@1728,3%@883,82%@883] GR3D_FREQ 67% cpu@49.656C soc2@47.687C soc0@48.5C gpu@48.687C tj@49.656C soc1@48.906C VDD_IN 6041mW/5873mW VDD_CPU_GPU_CV 1349mW/1439mW VDD_SOC 1629mW/1531mW
09-12-2026 23:39:14 RAM 5473/7620MB (lfb 118x512kB) SWAP 903/12002MB (cached 10MB) CPU [28%@729,38%@729,36%@1728,34%@1728,37%@1267,50%@1267] GR3D_FREQ 34% cpu@49.718C soc2@47.687C soc0@48.343C gpu@48.687C tj@49.718C soc1@48.843C VDD_IN 6080mW/5878mW VDD_CPU_GPU_CV 1349mW/1437mW VDD_SOC 1629mW/1533mW
09-12-2026 23:39:15 RAM 5493/7620MB (lfb 118x512kB) SWAP 903/12002MB (cached 10MB) CPU [2%@1728,9%@1728,9%@1728,8%@1728,9%@1728,94%@1728] GR3D_FREQ 0% cpu@49.687C soc2@47.593C soc0@48.343C gpu@48.687C tj@49.687C soc1@48.812C VDD_IN 5842mW/5877mW VDD_CPU_GPU_CV 1190mW/1432mW VDD_SOC 1589mW/1534mW
09-12-2026 23:39:15 RAM 5608/7620MB (lfb 2331x32kB) SWAP 903/12002MB (cached 10MB) CPU [38%@729,30%@1728,27%@1728,24%@1728,2%@960,75%@960] GR3D_FREQ 14% cpu@49.562C soc2@47.562C soc0@48.343C gpu@48.687C tj@49.562C soc1@48.843C VDD_IN 5842mW/5876mW VDD_CPU_GPU_CV 1230mW/1427mW VDD_SOC 1589mW/1535mW
09-12-2026 23:39:16 RAM 5872/7620MB (lfb 1x256kB) SWAP 903/12002MB (cached 10MB) CPU [54%@883,38%@883,39%@883,30%@883,20%@729,52%@729] GR3D_FREQ 21% cpu@49.593C soc2@47.718C soc0@48.25C gpu@48.781C tj@49.593C soc1@49C VDD_IN 5882mW/5877mW VDD_CPU_GPU_CV 1269mW/1424mW VDD_SOC 1629mW/1537mW
09-12-2026 23:39:16 RAM 5918/7620MB (lfb 4x128kB) SWAP 903/12002MB (cached 10MB) CPU [7%@1728,94%@1728,6%@1728,11%@1728,9%@729,4%@729] GR3D_FREQ 0% cpu@49.625C soc2@47.781C soc0@48.281C gpu@48.718C tj@49.625C soc1@48.906C VDD_IN 5802mW/5875mW VDD_CPU_GPU_CV 1190mW/1419mW VDD_SOC 1589mW/1538mW
09-12-2026 23:39:17 RAM 6091/7620MB (lfb 2x1MB) SWAP 904/12002MB (cached 10MB) CPU [16%@1497,27%@1497,42%@1497,52%@1497,50%@1574,30%@1574] GR3D_FREQ 10% cpu@50C soc2@47.875C soc0@48.25C gpu@48.718C tj@50C soc1@48.968C VDD_IN 6359mW/5885mW VDD_CPU_GPU_CV 1626mW/1423mW VDD_SOC 1629mW/1540mW
09-12-2026 23:39:17 RAM 6271/7620MB (lfb 1x256kB) SWAP 904/12002MB (cached 10MB) CPU [8%@1728,18%@1728,17%@1728,17%@1728,2%@1728,83%@1728] GR3D_FREQ 0% cpu@49.937C soc2@47.718C soc0@48.406C gpu@48.781C tj@49.937C soc1@48.906C VDD_IN 5961mW/5887mW VDD_CPU_GPU_CV 1309mW/1421mW VDD_SOC 1589mW/1541mW
09-12-2026 23:39:18 RAM 6302/7620MB (lfb 7x512kB) SWAP 904/12002MB (cached 10MB) CPU [1%@729,0%@729,32%@729,0%@729,0%@1728,96%@1728] GR3D_FREQ 3% cpu@49.937C soc2@47.781C soc0@48.437C gpu@48.812C tj@49.937C soc1@48.843C VDD_IN 5961mW/5888mW VDD_CPU_GPU_CV 1428mW/1421mW VDD_SOC 1550mW/1542mW
09-12-2026 23:39:18 RAM 6307/7620MB (lfb 7x512kB) SWAP 904/12002MB (cached 10MB) CPU [0%@1728,0%@1728,0%@1728,0%@1728,1%@1728,80%@1728] GR3D_FREQ 0% cpu@49.937C soc2@47.656C soc0@48.406C gpu@48.781C tj@49.937C soc1@48.937C VDD_IN 5723mW/5885mW VDD_CPU_GPU_CV 1388mW/1420mW VDD_SOC 1510mW/1541mW
09-12-2026 23:39:19 RAM 6318/7620MB (lfb 7x512kB) SWAP 904/12002MB (cached 10MB) CPU [1%@1728,5%@1728,0%@1728,0%@1728,0%@729,88%@729] GR3D_FREQ 0% cpu@49.687C soc2@47.687C soc0@48.375C gpu@48.718C tj@49.687C soc1@48.937C VDD_IN 5683mW/5881mW VDD_CPU_GPU_CV 1391mW/1420mW VDD_SOC 1470mW/1540mW
09-12-2026 23:39:19 RAM 6325/7620MB (lfb 7x512kB) SWAP 904/12002MB (cached 10MB) CPU [22%@1728,38%@1728,11%@1728,20%@1728,14%@729,12%@729] GR3D_FREQ 0% cpu@49.875C soc2@47.812C soc0@48.531C gpu@48.75C tj@49.875C soc1@49.062C VDD_IN 5405mW/5872mW VDD_CPU_GPU_CV 1152mW/1415mW VDD_SOC 1470mW/1538mW
09-12-2026 23:39:20 RAM 6330/7620MB (lfb 7x512kB) SWAP 905/12002MB (cached 10MB) CPU [24%@1497,12%@1497,31%@1497,31%@1497,2%@729,13%@729] GR3D_FREQ 0% cpu@49.75C soc2@47.812C soc0@48.375C gpu@48.718C tj@49.75C soc1@49.031C VDD_IN 5405mW/5863mW VDD_CPU_GPU_CV 1112mW/1409mW VDD_SOC 1470mW/1537mW
09-12-2026 23:39:20 RAM 6440/7620MB (lfb 4x512kB) SWAP 905/12002MB (cached 10MB) CPU [27%@883,36%@883,6%@883,40%@883,7%@1344,1%@1344] GR3D_FREQ 49% cpu@49.843C soc2@47.812C soc0@48.312C gpu@48.781C tj@49.843C soc1@49.062C VDD_IN 5683mW/5860mW VDD_CPU_GPU_CV 1271mW/1406mW VDD_SOC 1510mW/1536mW
09-12-2026 23:39:21 RAM 6534/7620MB (lfb 18x128kB) SWAP 906/12002MB (cached 10MB) CPU [8%@1728,5%@1728,23%@1728,17%@1728,3%@729,57%@729] GR3D_FREQ 5% cpu@49.968C soc2@47.812C soc0@48.562C gpu@48.718C tj@49.968C soc1@49C VDD_IN 5882mW/5860mW VDD_CPU_GPU_CV 1349mW/1405mW VDD_SOC 1589mW/1537mW
09-12-2026 23:39:21 RAM 6638/7620MB (lfb 8x128kB) SWAP 919/12002MB (cached 10MB) CPU [6%@806,6%@806,4%@806,64%@806,4%@1728,75%@1728] GR3D_FREQ 17% cpu@50C soc2@47.781C soc0@48.468C gpu@48.937C tj@50C soc1@48.968C VDD_IN 6200mW/5866mW VDD_CPU_GPU_CV 1626mW/1409mW VDD_SOC 1589mW/1538mW
09-12-2026 23:39:22 RAM 6738/7620MB (lfb 10x64kB) SWAP 925/12002MB (cached 10MB) CPU [5%@1728,1%@1728,0%@1728,38%@1728,0%@1728,86%@1728] GR3D_FREQ 97% cpu@50.312C soc2@48.281C soc0@48.531C gpu@50.218C tj@50.312C soc1@49.031C VDD_IN 11372mW/5961mW VDD_CPU_GPU_CV 4872mW/1469mW VDD_SOC 2326mW/1552mW
09-12-2026 23:39:23 RAM 6754/7620MB (lfb 1x2MB) SWAP 1024/12002MB (cached 10MB) CPU [6%@1728,2%@1728,6%@1728,82%@1728,0%@1728,96%@1728] GR3D_FREQ 48% cpu@50.468C soc2@48.25C soc0@48.625C gpu@49.843C tj@50.468C soc1@49.218C VDD_IN 9452mW/6021mW VDD_CPU_GPU_CV 3902mW/1510mW VDD_SOC 1938mW/1558mW
09-12-2026 23:39:23 RAM 6756/7620MB (lfb 2x2MB) SWAP 1024/12002MB (cached 10MB) CPU [5%@729,1%@729,0%@729,0%@729,2%@1728,98%@1728] GR3D_FREQ 60% cpu@50.468C soc2@48.312C soc0@48.687C gpu@49.562C tj@50.406C soc1@49.25C VDD_IN 8596mW/6063mW VDD_CPU_GPU_CV 3316mW/1540mW VDD_SOC 1822mW/1563mW
09-12-2026 23:39:24 RAM 6761/7620MB (lfb 3x2MB) SWAP 1024/12002MB (cached 10MB) CPU [21%@1728,5%@1728,0%@1728,0%@1728,17%@1728,100%@1728] GR3D_FREQ 62% cpu@50.343C soc2@48.343C soc0@48.687C gpu@49.843C tj@50.343C soc1@49.218C VDD_IN 8358mW/6101mW VDD_CPU_GPU_CV 3164mW/1567mW VDD_SOC 1822mW/1567mW
09-12-2026 23:39:24 RAM 6764/7620MB (lfb 3x2MB) SWAP 1024/12002MB (cached 10MB) CPU [0%@1728,1%@1728,2%@1728,0%@1728,0%@1728,98%@1728] GR3D_FREQ 61% cpu@50.5C soc2@48.375C soc0@48.875C gpu@49.656C tj@50.5C soc1@49.281C VDD_IN 8200mW/6135mW VDD_CPU_GPU_CV 3045mW/1591mW VDD_SOC 1782mW/1571mW
09-12-2026 23:39:25 RAM 6764/7620MB (lfb 3x2MB) SWAP 1024/12002MB (cached 10MB) CPU [4%@729,0%@729,1%@729,0%@729,0%@1728,98%@1728] GR3D_FREQ 57% cpu@50.406C soc2@48.343C soc0@48.812C gpu@49.937C tj@50.468C soc1@49.25C VDD_IN 8160mW/6167mW VDD_CPU_GPU_CV 3005mW/1613mW VDD_SOC 1782mW/1574mW
09-12-2026 23:39:25 RAM 6764/7620MB (lfb 3x2MB) SWAP 1024/12002MB (cached 10MB) CPU [2%@729,0%@729,0%@729,0%@729,0%@1728,98%@1728] GR3D_FREQ 58% cpu@50.406C soc2@48.375C soc0@48.843C gpu@49.593C tj@50.406C soc1@49.218C VDD_IN 8121mW/6198mW VDD_CPU_GPU_CV 3005mW/1635mW VDD_SOC 1782mW/1577mW
09-12-2026 23:39:26 RAM 6764/7620MB (lfb 3x2MB) SWAP 1024/12002MB (cached 10MB) CPU [0%@729,3%@729,1%@729,1%@729,0%@1728,98%@1728] GR3D_FREQ 57% cpu@50.281C soc2@48.437C soc0@48.937C gpu@49.843C tj@50.406C soc1@49.406C VDD_IN 8160mW/6228mW VDD_CPU_GPU_CV 3005mW/1656mW VDD_SOC 1782mW/1580mW
09-12-2026 23:39:26 RAM 6765/7620MB (lfb 3x2MB) SWAP 1024/12002MB (cached 10MB) CPU [0%@729,0%@729,1%@729,0%@729,0%@1728,98%@1728] GR3D_FREQ 63% cpu@50.343C soc2@48.531C soc0@48.843C gpu@49.75C tj@50.343C soc1@49.406C VDD_IN 8121mW/6256mW VDD_CPU_GPU_CV 3005mW/1676mW VDD_SOC 1782mW/1583mW
09-12-2026 23:39:27 RAM 6765/7620MB (lfb 3x2MB) SWAP 1024/12002MB (cached 10MB) CPU [0%@729,0%@729,0%@729,0%@729,0%@1728,100%@1728] GR3D_FREQ 58% cpu@50.625C soc2@48.437C soc0@48.906C gpu@50.062C tj@50.625C soc1@49.5C VDD_IN 8081mW/6284mW VDD_CPU_GPU_CV 3005mW/1696mW VDD_SOC 1782mW/1586mW
09-12-2026 23:39:27 RAM 6765/7620MB (lfb 3x2MB) SWAP 1024/12002MB (cached 10MB) CPU [3%@1728,1%@1728,0%@1728,0%@1728,0%@1728,98%@1728] GR3D_FREQ 60% cpu@50.656C soc2@48.468C soc0@49.031C gpu@49.937C tj@50.656C soc1@49.406C VDD_IN 8081mW/6310mW VDD_CPU_GPU_CV 2966mW/1715mW VDD_SOC 1782mW/1589mW
09-12-2026 23:39:28 RAM 6765/7620MB (lfb 3x2MB) SWAP 1024/12002MB (cached 10MB) CPU [0%@1728,0%@1728,0%@1728,0%@1728,0%@1728,98%@1728] GR3D_FREQ 60% cpu@50.687C soc2@48.5C soc0@49C gpu@50C tj@50.687C soc1@49.343C VDD_IN 8081mW/6336mW VDD_CPU_GPU_CV 3005mW/1734mW VDD_SOC 1782mW/1592mW
09-12-2026 23:39:28 RAM 6765/7620MB (lfb 3x2MB) SWAP 1024/12002MB (cached 10MB) CPU [0%@729,1%@729,0%@729,0%@729,0%@1728,98%@1728] GR3D_FREQ 57% cpu@50.531C soc2@48.562C soc0@49.062C gpu@50.031C tj@50.625C soc1@49.75C VDD_IN 8121mW/6361mW VDD_CPU_GPU_CV 3005mW/1752mW VDD_SOC 1782mW/1595mW
09-12-2026 23:39:29 RAM 6765/7620MB (lfb 3x2MB) SWAP 1024/12002MB (cached 10MB) CPU [1%@1728,0%@1728,0%@1728,0%@1728,0%@1728,38%@1728] GR3D_FREQ 0% cpu@50.156C soc2@48.406C soc0@49C gpu@49.718C tj@50.156C soc1@49.593C VDD_IN 6309mW/6361mW VDD_CPU_GPU_CV 1782mW/1752mW VDD_SOC 1587mW/1595mW
09-12-2026 23:39:29 RAM 6765/7620MB (lfb 3x2MB) SWAP 1024/12002MB (cached 10MB) CPU [0%@1728,1%@1728,0%@1728,0%@1728,0%@1190,0%@1190] GR3D_FREQ 0% cpu@49.906C soc2@48.437C soc0@48.968C gpu@49.375C tj@49.906C soc1@49.531C VDD_IN 5007mW/6342mW VDD_CPU_GPU_CV 912mW/1741mW VDD_SOC 1470mW/1593mW
09-12-2026 23:39:30 RAM 6765/7620MB (lfb 3x2MB) SWAP 1024/12002MB (cached 10MB) CPU [0%@729,0%@729,0%@729,0%@729,0%@729,0%@729] GR3D_FREQ 0% cpu@50.031C soc2@48.312C soc0@48.937C gpu@49.375C tj@50.031C soc1@49.406C VDD_IN 4610mW/6318mW VDD_CPU_GPU_CV 635mW/1725mW VDD_SOC 1430mW/1591mW
09-12-2026 23:39:30 RAM 6765/7620MB (lfb 3x2MB) SWAP 1024/12002MB (cached 10MB) CPU [0%@1728,0%@1728,0%@1728,0%@1728,0%@729,0%@729] GR3D_FREQ 0% cpu@50.093C soc2@48.218C soc0@49.062C gpu@49.281C tj@50.093C soc1@49.406C VDD_IN 4491mW/6293mW VDD_CPU_GPU_CV 556mW/1710mW VDD_SOC 1430mW/1588mW
09-12-2026 23:39:31 RAM 6765/7620MB (lfb 3x2MB) SWAP 1024/12002MB (cached 10MB) CPU [0%@1728,0%@1728,0%@1728,0%@1728,0%@729,0%@729] GR3D_FREQ 0% cpu@49.875C soc2@48.156C soc0@48.937C gpu@49.187C tj@49.875C soc1@49.437C VDD_IN 4451mW/6269mW VDD_CPU_GPU_CV 516mW/1694mW VDD_SOC 1430mW/1586mW
09-12-2026 23:39:31 RAM 6765/7620MB (lfb 3x2MB) SWAP 1024/12002MB (cached 10MB) CPU [0%@729,0%@729,0%@729,0%@729,0%@729,0%@729] GR3D_FREQ 0% cpu@49.875C soc2@48.125C soc0@48.937C gpu@49.187C tj@49.875C soc1@49.562C VDD_IN 4411mW/6244mW VDD_CPU_GPU_CV 476mW/1678mW VDD_SOC 1430mW/1584mW
09-12-2026 23:39:32 RAM 6834/7620MB (lfb 10x1MB) SWAP 1024/12002MB (cached 10MB) CPU [40%@883,23%@883,18%@883,24%@883,16%@1190,26%@1190] GR3D_FREQ 99% cpu@50.625C soc2@48.656C soc0@48.937C gpu@50.656C tj@50.656C soc1@49.468C VDD_IN 7883mW/6266mW VDD_CPU_GPU_CV 2768mW/1692mW VDD_SOC 1822mW/1587mW
09-12-2026 23:39:32 RAM 6836/7620MB (lfb 6x1MB) SWAP 1024/12002MB (cached 10MB) CPU [32%@729,26%@729,41%@729,28%@729,44%@1728,76%@1728] GR3D_FREQ 49% cpu@50.968C soc2@48.906C soc0@49.093C gpu@50.281C tj@50.968C soc1@49.5C VDD_IN 10740mW/6323mW VDD_CPU_GPU_CV 4723mW/1731mW VDD_SOC 2128mW/1594mW
09-12-2026 23:39:33 RAM 6836/7620MB (lfb 6x1MB) SWAP 1024/12002MB (cached 10MB) CPU [40%@729,38%@1728,38%@1728,36%@1728,98%@1728,34%@1728] GR3D_FREQ 43% cpu@51.375C soc2@48.812C soc0@49.062C gpu@50.093C tj@51.375C soc1@49.718C VDD_IN 9769mW/6367mW VDD_CPU_GPU_CV 4178mW/1762mW VDD_SOC 1934mW/1599mW
09-12-2026 23:39:33 RAM 6836/7620MB (lfb 6x1MB) SWAP 1024/12002MB (cached 10MB) CPU [15%@1728,17%@1728,14%@1728,15%@1728,100%@1728,11%@1728] GR3D_FREQ 55% cpu@51.25C soc2@48.875C soc0@49.312C gpu@50.187C tj@51.25C soc1@49.625C VDD_IN 8913mW/6398mW VDD_CPU_GPU_CV 3593mW/1785mW VDD_SOC 1858mW/1602mW
09-12-2026 23:39:34 RAM 6837/7620MB (lfb 6x1MB) SWAP 1024/12002MB (cached 10MB) CPU [26%@1728,14%@1728,41%@1728,10%@1728,60%@729,20%@729] GR3D_FREQ 99% cpu@52C soc2@49.218C soc0@49.343C gpu@51.593C tj@52C soc1@49.625C VDD_IN 12634mW/6475mW VDD_CPU_GPU_CV 5884mW/1835mW VDD_SOC 2440mW/1612mW
09-12-2026 23:39:34 RAM 6843/7620MB (lfb 6x1MB) SWAP 1024/12002MB (cached 10MB) CPU [37%@1728,38%@1728,94%@1728,28%@1728,50%@729,41%@729] GR3D_FREQ 42% cpu@51.718C soc2@49.25C soc0@49.406C gpu@50.562C tj@51.718C soc1@50C VDD_IN 10661mW/6526mW VDD_CPU_GPU_CV 4723mW/1870mW VDD_SOC 2053mW/1618mW
09-12-2026 23:39:35 RAM 6843/7620MB (lfb 6x1MB) SWAP 1024/12002MB (cached 10MB) CPU [6%@1728,8%@1728,100%@1728,15%@1728,14%@729,23%@729] GR3D_FREQ 47% cpu@51.468C soc2@49.187C soc0@49.406C gpu@50.468C tj@51.468C soc1@49.968C VDD_IN 9057mW/6557mW VDD_CPU_GPU_CV 3711mW/1893mW VDD_SOC 1858mW/1620mW
09-12-2026 23:39:35 RAM 6843/7620MB (lfb 6x1MB) SWAP 1024/12002MB (cached 10MB) CPU [1%@1728,0%@1728,78%@1728,0%@1728,0%@729,0%@729] GR3D_FREQ 0% cpu@50.687C soc2@49.093C soc0@49.406C gpu@50.343C tj@50.593C soc1@49.937C VDD_IN 7685mW/6570mW VDD_CPU_GPU_CV 2729mW/1903mW VDD_SOC 1743mW/1622mW
09-12-2026 23:39:36 RAM 6843/7620MB (lfb 6x1MB) SWAP 1024/12002MB (cached 10MB) CPU [0%@1728,0%@1728,0%@1728,0%@1728,0%@729,0%@729] GR3D_FREQ 0% cpu@50.562C soc2@48.843C soc0@49.312C gpu@49.687C tj@50.562C soc1@49.906C VDD_IN 5444mW/6557mW VDD_CPU_GPU_CV 1190mW/1894mW VDD_SOC 1507mW/1621mW
09-12-2026 23:39:36 RAM 6841/7620MB (lfb 6x1MB) SWAP 1023/12002MB (cached 10MB) CPU [6%@1728,0%@1728,2%@1728,0%@1728,0%@729,0%@729] GR3D_FREQ 0% cpu@50.312C soc2@48.718C soc0@49.468C gpu@49.875C tj@50.312C soc1@49.906C VDD_IN 4769mW/6536mW VDD_CPU_GPU_CV 715mW/1880mW VDD_SOC 1470mW/1619mW
09-12-2026 23:39:37 RAM 6840/7620MB (lfb 6x1MB) SWAP 1023/12002MB (cached 10MB) CPU [3%@729,7%@729,1%@1728,0%@1728,0%@729,0%@729] GR3D_FREQ 0% cpu@50.406C soc2@48.593C soc0@49.343C gpu@49.531C tj@50.406C soc1@49.781C VDD_IN 4570mW/6514mW VDD_CPU_GPU_CV 556mW/1865mW VDD_SOC 1430mW/1617mW
09-12-2026 23:39:37 RAM 6840/7620MB (lfb 6x1MB) SWAP 1023/12002MB (cached 10MB) CPU [2%@729,0%@729,1%@729,0%@729,0%@729,0%@729] GR3D_FREQ 0% cpu@50.218C soc2@48.593C soc0@49.25C gpu@49.718C tj@50.343C soc1@49.906C VDD_IN 4491mW/6491mW VDD_CPU_GPU_CV 516mW/1850mW VDD_SOC 1430mW/1615mW
09-12-2026 23:39:38 RAM 6840/7620MB (lfb 6x1MB) SWAP 1023/12002MB (cached 10MB) CPU [1%@729,0%@729,1%@729,1%@729,0%@729,0%@729] GR3D_FREQ 0% cpu@50.156C soc2@48.531C soc0@49.218C gpu@49.593C tj@50.156C soc1@49.906C VDD_IN 4451mW/6468mW VDD_CPU_GPU_CV 516mW/1835mW VDD_SOC 1430mW/1612mW
09-12-2026 23:39:38 RAM 6840/7620MB (lfb 6x1MB) SWAP 1023/12002MB (cached 10MB) CPU [14%@1574,15%@1574,31%@1574,14%@1574,14%@729,17%@729] GR3D_FREQ 99% cpu@50.75C soc2@48.656C soc0@49.156C gpu@50C tj@50.75C soc1@49.718C VDD_IN 5365mW/6456mW VDD_CPU_GPU_CV 1031mW/1826mW VDD_SOC 1550mW/1612mW
09-12-2026 23:39:39 RAM 6840/7620MB (lfb 6x1MB) SWAP 1023/12002MB (cached 10MB) CPU [30%@1728,32%@1728,85%@1728,22%@1728,44%@729,39%@729] GR3D_FREQ 29% cpu@51.687C soc2@49.25C soc0@49.343C gpu@50.656C tj@51.687C soc1@49.906C VDD_IN 10938mW/6505mW VDD_CPU_GPU_CV 4794mW/1859mW VDD_SOC 2207mW/1618mW
09-12-2026 23:39:39 RAM 6840/7620MB (lfb 6x1MB) SWAP 1023/12002MB (cached 10MB) CPU [100%@1728,7%@1728,9%@1728,6%@1728,23%@729,20%@729] GR3D_FREQ 50% cpu@51.687C soc2@49.281C soc0@49.531C gpu@50.687C tj@51.687C soc1@49.875C VDD_IN 9294mW/6535mW VDD_CPU_GPU_CV 3824mW/1880mW VDD_SOC 1938mW/1622mW
09-12-2026 23:39:40 RAM 6840/7620MB (lfb 6x1MB) SWAP 1023/12002MB (cached 10MB) CPU [42%@1728,12%@1728,70%@1728,12%@1728,28%@729,26%@729] GR3D_FREQ 59% cpu@51.687C soc2@49.187C soc0@49.531C gpu@50.468C tj@51.687C soc1@50.312C VDD_IN 8873mW/6560mW VDD_CPU_GPU_CV 3553mW/1898mW VDD_SOC 1858mW/1624mW
09-12-2026 23:39:40 RAM 6840/7620MB (lfb 6x1MB) SWAP 1023/12002MB (cached 10MB) CPU [28%@1728,16%@1728,78%@1728,21%@1728,45%@729,36%@729] GR3D_FREQ 0% cpu@51.062C soc2@49.187C soc0@49.5C gpu@50.312C tj@51.312C soc1@50.187C VDD_IN 8081mW/6576mW VDD_CPU_GPU_CV 2966mW/1909mW VDD_SOC 1782mW/1626mW
09-12-2026 23:39:41 RAM 6843/7620MB (lfb 6x1MB) SWAP 1023/12002MB (cached 10MB) CPU [46%@1728,29%@1728,61%@1728,20%@1728,38%@729,33%@729] GR3D_FREQ 26% cpu@51.968C soc2@49.625C soc0@49.656C gpu@51.562C tj@51.968C soc1@50.093C VDD_IN 12595mW/6640mW VDD_CPU_GPU_CV 5806mW/1950mW VDD_SOC 2440mW/1635mW
09-12-2026 23:39:41 RAM 6843/7620MB (lfb 6x1MB) SWAP 1023/12002MB (cached 10MB) CPU [4%@1728,12%@1728,100%@1728,6%@1728,19%@729,19%@729] GR3D_FREQ 40% cpu@51.843C soc2@49.5C soc0@49.687C gpu@50.906C tj@51.843C soc1@50.187C VDD_IN 9848mW/6673mW VDD_CPU_GPU_CV 4218mW/1974mW VDD_SOC 1974mW/1638mW
09-12-2026 23:39:42 RAM 6843/7620MB (lfb 6x1MB) SWAP 1023/12002MB (cached 10MB) CPU [14%@1728,18%@1728,98%@1728,17%@1728,34%@729,32%@729] GR3D_FREQ 41% cpu@52C soc2@49.562C soc0@49.937C gpu@50.75C tj@52C soc1@50.187C VDD_IN 9176mW/6699mW VDD_CPU_GPU_CV 3790mW/1993mW VDD_SOC 1898mW/1641mW
09-12-2026 23:39:42 RAM 6843/7620MB (lfb 6x1MB) SWAP 1023/12002MB (cached 10MB) CPU [13%@1728,18%@1728,96%@1728,22%@1728,42%@1497,41%@1497] GR3D_FREQ 36% cpu@51.906C soc2@49.5C soc0@49.875C gpu@50.625C tj@51.906C soc1@50.218C VDD_IN 9136mW/6724mW VDD_CPU_GPU_CV 3711mW/2010mW VDD_SOC 1858mW/1643mW
09-12-2026 23:39:43 RAM 6843/7620MB (lfb 6x1MB) SWAP 1023/12002MB (cached 10MB) CPU [19%@1728,14%@1728,60%@1728,16%@1728,14%@729,18%@729] GR3D_FREQ 99% cpu@52.093C soc2@49.625C soc0@49.812C gpu@52.156C tj@52.156C soc1@50.468C VDD_IN 11017mW/6767mW VDD_CPU_GPU_CV 4683mW/2037mW VDD_SOC 2247mW/1649mW
09-12-2026 23:39:43 RAM 6843/7620MB (lfb 6x1MB) SWAP 1023/12002MB (cached 10MB) CPU [1%@1728,0%@1728,92%@1728,1%@1728,0%@729,0%@729] GR3D_FREQ 40% cpu@51.968C soc2@49.718C soc0@49.843C gpu@51.187C tj@52.093C soc1@50.406C VDD_IN 9888mW/6798mW VDD_CPU_GPU_CV 4178mW/2059mW VDD_SOC 2013mW/1653mW
09-12-2026 23:39:44 RAM 6843/7620MB (lfb 6x1MB) SWAP 1023/12002MB (cached 10MB) CPU [1%@729,0%@729,48%@729,0%@729,0%@729,0%@729] GR3D_FREQ 0% cpu@50.968C soc2@49.406C soc0@49.875C gpu@50.718C tj@50.968C soc1@50.468C VDD_IN 7102mW/6801mW VDD_CPU_GPU_CV 2294mW/2061mW VDD_SOC 1703mW/1653mW
09-12-2026 23:39:44 RAM 6843/7620MB (lfb 6x1MB) SWAP 1023/12002MB (cached 10MB) CPU [0%@1728,3%@1728,0%@1728,0%@1728,1%@729,2%@729] GR3D_FREQ 0% cpu@50.906C soc2@49.312C soc0@49.75C gpu@50.343C tj@50.906C soc1@50.375C VDD_IN 5325mW/6787mW VDD_CPU_GPU_CV 1111mW/2052mW VDD_SOC 1507mW/1652mW
09-12-2026 23:39:45 RAM 6843/7620MB (lfb 6x1MB) SWAP 1023/12002MB (cached 10MB) CPU [0%@1728,0%@1728,0%@1728,0%@1728,0%@729,0%@729] GR3D_FREQ 0% cpu@51.031C soc2@49.125C soc0@49.875C gpu@50.312C tj@51.031C soc1@50.281C VDD_IN 4689mW/6767mW VDD_CPU_GPU_CV 674mW/2038mW VDD_SOC 1430mW/1650mW
09-12-2026 23:39:45 RAM 6843/7620MB (lfb 6x1MB) SWAP 1023/12002MB (cached 10MB) CPU [0%@729,0%@729,0%@729,0%@729,0%@729,0%@729] GR3D_FREQ 0% cpu@50.718C soc2@49.062C soc0@49.843C gpu@50.062C tj@50.718C soc1@50.468C VDD_IN 4530mW/6745mW VDD_CPU_GPU_CV 556mW/2024mW VDD_SOC 1430mW/1648mW
09-12-2026 23:39:46 RAM 6843/7620MB (lfb 6x1MB) SWAP 1023/12002MB (cached 10MB) CPU [0%@729,0%@729,0%@729,0%@729,0%@729,0%@729] GR3D_FREQ 0% cpu@50.656C soc2@49C soc0@49.687C gpu@50.25C tj@50.656C soc1@50.406C VDD_IN 4451mW/6723mW VDD_CPU_GPU_CV 516mW/2010mW VDD_SOC 1430mW/1645mW
09-12-2026 23:39:46 RAM 6843/7620MB (lfb 6x1MB) SWAP 1023/12002MB (cached 10MB) CPU [8%@883,9%@883,7%@883,9%@883,6%@729,11%@729] GR3D_FREQ 0% cpu@51.093C soc2@49C soc0@49.781C gpu@50.062C tj@51.093C soc1@50.375C VDD_IN 4689mW/6704mW VDD_CPU_GPU_CV 634mW/1997mW VDD_SOC 1470mW/1644mW
09-12-2026 23:39:47 RAM 6844/7620MB (lfb 6x1MB) SWAP 1023/12002MB (cached 10MB) CPU [64%@1728,18%@1728,46%@1728,21%@1728,36%@729,30%@729] GR3D_FREQ 99% cpu@51.75C soc2@49.656C soc0@49.687C gpu@51.875C tj@51.875C soc1@50.343C VDD_IN 11472mW/6749mW VDD_CPU_GPU_CV 4990mW/2025mW VDD_SOC 2365mW/1651mW
09-12-2026 23:39:47 RAM 6844/7620MB (lfb 6x1MB) SWAP 1023/12002MB (cached 10MB) CPU [38%@1728,10%@1728,14%@1728,13%@1728,80%@1728,12%@1728] GR3D_FREQ 42% cpu@51.812C soc2@49.531C soc0@50C gpu@51C tj@51.687C soc1@50.406C VDD_IN 9532mW/6774mW VDD_CPU_GPU_CV 3942mW/2042mW VDD_SOC 1974mW/1654mW
09-12-2026 23:39:48 RAM 6844/7620MB (lfb 6x1MB) SWAP 1023/12002MB (cached 10MB) CPU [30%@729,33%@729,32%@729,34%@729,98%@1728,24%@1728] GR3D_FREQ 41% cpu@52.468C soc2@49.625C soc0@50.031C gpu@51.031C tj@52.468C soc1@50.437C VDD_IN 9136mW/6796mW VDD_CPU_GPU_CV 3751mW/2058mW VDD_SOC 1898mW/1656mW
09-12-2026 23:39:48 RAM 6844/7620MB (lfb 6x1MB) SWAP 1023/12002MB (cached 10MB) CPU [34%@806,38%@806,36%@806,37%@806,98%@1728,28%@1728] GR3D_FREQ 58% cpu@52.062C soc2@49.625C soc0@50.031C gpu@51C tj@52.062C soc1@50.406C VDD_IN 9215mW/6818mW VDD_CPU_GPU_CV 3751mW/2073mW VDD_SOC 1898mW/1658mW
09-12-2026 23:39:49 RAM 6846/7620MB (lfb 6x1MB) SWAP 1023/12002MB (cached 10MB) CPU [23%@1728,20%@1728,18%@1728,24%@1728,79%@1728,14%@1728] GR3D_FREQ 99% cpu@52.062C soc2@49.875C soc0@50.031C gpu@52.437C tj@52.437C soc1@50.687C VDD_IN 11827mW/6863mW VDD_CPU_GPU_CV 5304mW/2103mW VDD_SOC 2322mW/1664mW
09-12-2026 23:39:49 RAM 6846/7620MB (lfb 6x1MB) SWAP 1023/12002MB (cached 10MB) CPU [26%@960,30%@960,22%@960,25%@960,92%@1728,14%@1728] GR3D_FREQ 38% cpu@52.312C soc2@49.906C soc0@50.062C gpu@51.312C tj@52.406C soc1@50.687C VDD_IN 10543mW/6896mW VDD_CPU_GPU_CV 4644mW/2125mW VDD_SOC 2092mW/1668mW
09-12-2026 23:39:50 RAM 6846/7620MB (lfb 6x1MB) SWAP 1023/12002MB (cached 10MB) CPU [0%@1728,1%@1728,0%@1728,0%@1728,100%@1728,0%@1728] GR3D_FREQ 49% cpu@51.937C soc2@49.906C soc0@50.125C gpu@51.343C tj@51.937C soc1@50.75C VDD_IN 8913mW/6914mW VDD_CPU_GPU_CV 3553mW/2138mW VDD_SOC 1858mW/1669mW
09-12-2026 23:39:50 RAM 6846/7620MB (lfb 6x1MB) SWAP 1023/12002MB (cached 10MB) CPU [0%@729,0%@729,0%@729,0%@729,98%@1728,0%@1728] GR3D_FREQ 58% cpu@51.937C soc2@49.875C soc0@50.187C gpu@51.156C tj@51.937C soc1@50.718C VDD_IN 8358mW/6927mW VDD_CPU_GPU_CV 3164mW/2147mW VDD_SOC 1782mW/1670mW
09-12-2026 23:39:51 RAM 6846/7620MB (lfb 6x1MB) SWAP 1023/12002MB (cached 10MB) CPU [0%@1728,0%@1728,0%@1728,0%@1728,56%@960,0%@960] GR3D_FREQ 0% cpu@51.562C soc2@49.687C soc0@50.281C gpu@50.75C tj@51.562C soc1@50.687C VDD_IN 6785mW/6925mW VDD_CPU_GPU_CV 2099mW/2146mW VDD_SOC 1666mW/1670mW
09-12-2026 23:39:51 RAM 6846/7620MB (lfb 6x1MB) SWAP 1023/12002MB (cached 10MB) CPU [0%@1728,0%@1728,0%@1728,0%@1728,0%@729,0%@729] GR3D_FREQ 0% cpu@51.125C soc2@49.531C soc0@50.187C gpu@50.562C tj@51.125C soc1@50.625C VDD_IN 5166mW/6910mW VDD_CPU_GPU_CV 992mW/2137mW VDD_SOC 1510mW/1669mW
09-12-2026 23:39:52 RAM 6846/7620MB (lfb 6x1MB) SWAP 1023/12002MB (cached 10MB) CPU [1%@1728,0%@1728,0%@1728,0%@1728,0%@729,0%@729] GR3D_FREQ 0% cpu@51.281C soc2@49.5C soc0@50.156C gpu@50.531C tj@51.281C soc1@50.625C VDD_IN 4650mW/6891mW VDD_CPU_GPU_CV 635mW/2124mW VDD_SOC 1430mW/1667mW
09-12-2026 23:39:52 RAM 6847/7620MB (lfb 6x1MB) SWAP 1023/12002MB (cached 10MB) CPU [11%@1728,9%@1728,4%@1728,17%@1728,4%@1267,39%@1267] GR3D_FREQ 0% cpu@51.093C soc2@49.343C soc0@50.031C gpu@50.312C tj@51.093C soc1@50.718C VDD_IN 4729mW/6873mW VDD_CPU_GPU_CV 715mW/2112mW VDD_SOC 1430mW/1665mW
09-12-2026 23:39:53 RAM 6847/7620MB (lfb 6x1MB) SWAP 1023/12002MB (cached 10MB) CPU [0%@1728,1%@1728,0%@1728,0%@1728,0%@729,0%@729] GR3D_FREQ 0% cpu@50.968C soc2@49.312C soc0@50C gpu@50.437C tj@50.968C soc1@50.75C VDD_IN 4530mW/6853mW VDD_CPU_GPU_CV 556mW/2099mW VDD_SOC 1430mW/1663mW
09-12-2026 23:39:53 RAM 6847/7620MB (lfb 6x1MB) SWAP 1023/12002MB (cached 10MB) CPU [0%@729,0%@729,0%@729,0%@729,0%@729,0%@729] GR3D_FREQ 0% cpu@51.093C soc2@49.343C soc0@49.968C gpu@50.343C tj@51.093C soc1@50.687C VDD_IN 4491mW/6833mW VDD_CPU_GPU_CV 516mW/2085mW VDD_SOC 1430mW/1661mW
09-12-2026 23:39:54 RAM 6847/7620MB (lfb 6x1MB) SWAP 1023/12002MB (cached 10MB) CPU [0%@1728,0%@1728,0%@1728,0%@1728,0%@729,0%@729] GR3D_FREQ 0% cpu@51.062C soc2@49.281C soc0@50.062C gpu@50.218C tj@51.062C soc1@50.531C VDD_IN 4451mW/6813mW VDD_CPU_GPU_CV 516mW/2073mW VDD_SOC 1430mW/1659mW
09-12-2026 23:39:54 RAM 6847/7620MB (lfb 6x1MB) SWAP 1023/12002MB (cached 10MB) CPU [0%@1728,0%@1728,0%@1728,0%@1728,0%@729,0%@729] GR3D_FREQ 0% cpu@51.187C soc2@49.281C soc0@50C gpu@50.25C tj@51.187C soc1@50.468C VDD_IN 4451mW/6794mW VDD_CPU_GPU_CV 516mW/2060mW VDD_SOC 1430mW/1657mW
09-12-2026 23:39:55 RAM 6847/7620MB (lfb 6x1MB) SWAP 1023/12002MB (cached 10MB) CPU [3%@729,0%@729,0%@729,0%@729,0%@729,0%@729] GR3D_FREQ 0% cpu@51C soc2@49.218C soc0@50.031C gpu@50.125C tj@51C soc1@50.5C VDD_IN 4451mW/6775mW VDD_CPU_GPU_CV 516mW/2047mW VDD_SOC 1430mW/1655mW
09-12-2026 23:39:55 RAM 6847/7620MB (lfb 6x1MB) SWAP 1023/12002MB (cached 10MB) CPU [0%@1728,0%@1728,1%@1728,0%@1728,0%@729,0%@729] GR3D_FREQ 0% cpu@50.812C soc2@49.25C soc0@50.031C gpu@50.156C tj@51C soc1@50.625C VDD_IN 4451mW/6756mW VDD_CPU_GPU_CV 516mW/2035mW VDD_SOC 1430mW/1654mW
09-12-2026 23:39:56 RAM 6848/7620MB (lfb 6x1MB) SWAP 1023/12002MB (cached 10MB) CPU [12%@729,15%@1728,12%@1728,13%@1728,14%@1728,25%@1728] GR3D_FREQ 58% cpu@51.125C soc2@49.343C soc0@49.937C gpu@50.437C tj@51.125C soc1@50.625C VDD_IN 5166mW/6744mW VDD_CPU_GPU_CV 952mW/2026mW VDD_SOC 1510mW/1652mW
09-12-2026 23:39:56 RAM 6848/7620MB (lfb 6x1MB) SWAP 1023/12002MB (cached 10MB) CPU [36%@729,31%@729,30%@729,31%@729,80%@1728,36%@1728] GR3D_FREQ 37% cpu@51.968C soc2@49.968C soc0@50.156C gpu@51.343C tj@51.968C soc1@50.687C VDD_IN 10938mW/6777mW VDD_CPU_GPU_CV 4762mW/2048mW VDD_SOC 2207mW/1657mW
09-12-2026 23:39:57 RAM 6848/7620MB (lfb 6x1MB) SWAP 1023/12002MB (cached 10MB) CPU [30%@729,28%@729,41%@729,26%@729,98%@1728,22%@1728] GR3D_FREQ 44% cpu@52.312C soc2@49.968C soc0@50.093C gpu@51.093C tj@52.312C soc1@50.687C VDD_IN 9532mW/6799mW VDD_CPU_GPU_CV 3981mW/2063mW VDD_SOC 1938mW/1659mW
09-12-2026 23:39:57 RAM 6848/7620MB (lfb 6x1MB) SWAP 1023/12002MB (cached 10MB) CPU [21%@1728,21%@1728,16%@1728,16%@1728,100%@1728,14%@1728] GR3D_FREQ 56% cpu@52.437C soc2@49.875C soc0@50.25C gpu@51.062C tj@52.437C soc1@50.718C VDD_IN 8953mW/6815mW VDD_CPU_GPU_CV 3593mW/2075mW VDD_SOC 1858mW/1661mW
09-12-2026 23:39:58 RAM 6848/7620MB (lfb 6x1MB) SWAP 1023/12002MB (cached 10MB) CPU [32%@806,22%@806,28%@806,27%@806,98%@1728,22%@1728] GR3D_FREQ 57% cpu@52.406C soc2@49.968C soc0@50.343C gpu@51.156C tj@52.406C soc1@50.781C VDD_IN 8794mW/6831mW VDD_CPU_GPU_CV 3514mW/2086mW VDD_SOC 1858mW/1662mW
09-12-2026 23:39:58 RAM 6848/7620MB (lfb 6x1MB) SWAP 1023/12002MB (cached 10MB) CPU [44%@1728,43%@1728,43%@1728,39%@1728,39%@1728,76%@1728] GR3D_FREQ 78% cpu@53.031C soc2@50.437C soc0@50.375C gpu@52.375C tj@53.031C soc1@50.875C VDD_IN 13146mW/6879mW VDD_CPU_GPU_CV 6188mW/2118mW VDD_SOC 2475mW/1668mW
09-12-2026 23:39:59 RAM 6848/7620MB (lfb 6x1MB) SWAP 1023/12002MB (cached 10MB) CPU [10%@1728,13%@1728,10%@1728,11%@1728,9%@1728,98%@1728] GR3D_FREQ 41% cpu@52.281C soc2@50.125C soc0@50.468C gpu@51.531C tj@52.281C soc1@50.875C VDD_IN 10046mW/6904mW VDD_CPU_GPU_CV 4297mW/2134mW VDD_SOC 2013mW/1671mW
09-12-2026 23:39:59 RAM 6848/7620MB (lfb 6x1MB) SWAP 1023/12002MB (cached 10MB) CPU [19%@1728,18%@1728,20%@1728,21%@1728,16%@1728,100%@1728] GR3D_FREQ 44% cpu@52.25C soc2@50.156C soc0@50.5C gpu@51.5C tj@52.25C soc1@50.906C VDD_IN 9096mW/6920mW VDD_CPU_GPU_CV 3711mW/2146mW VDD_SOC 1858mW/1672mW
09-12-2026 23:40:00 RAM 6848/7620MB (lfb 6x1MB) SWAP 1023/12002MB (cached 10MB) CPU [36%@729,32%@729,36%@729,32%@729,26%@1728,80%@1728] GR3D_FREQ 99% cpu@52.781C soc2@50.437C soc0@50.5C gpu@52.437C tj@52.781C soc1@51.156C VDD_IN 11354mW/6953mW VDD_CPU_GPU_CV 5108mW/2169mW VDD_SOC 2247mW/1677mW
09-12-2026 23:40:00 RAM 6848/7620MB (lfb 6x1MB) SWAP 1023/12002MB (cached 10MB) CPU [30%@729,36%@1728,30%@1728,30%@1728,31%@1728,94%@1728] GR3D_FREQ 34% cpu@52.343C soc2@50.437C soc0@50.656C gpu@52.031C tj@52.343C soc1@51.187C VDD_IN 11235mW/6985mW VDD_CPU_GPU_CV 5069mW/2190mW VDD_SOC 2207mW/1681mW
09-12-2026 23:40:01 RAM 6847/7620MB (lfb 6x1MB) SWAP 1023/12002MB (cached 10MB) CPU [13%@729,17%@729,11%@729,12%@729,10%@1728,100%@1728] GR3D_FREQ 44% cpu@52.625C soc2@50.375C soc0@50.593C gpu@52.031C tj@52.625C soc1@51.187C VDD_IN 9373mW/7003mW VDD_CPU_GPU_CV 3863mW/2203mW VDD_SOC 1938mW/1683mW
09-12-2026 23:40:02 RAM 6847/7620MB (lfb 6x1MB) SWAP 1023/12002MB (cached 10MB) CPU [22%@729,20%@729,23%@729,23%@729,63%@1728,54%@1728] GR3D_FREQ 53% cpu@52.656C soc2@50.468C soc0@50.625C gpu@51.687C tj@52.656C soc1@51.218C VDD_IN 9017mW/7018mW VDD_CPU_GPU_CV 3632mW/2213mW VDD_SOC 1858mW/1684mW
09-12-2026 23:40:02 RAM 6848/7620MB (lfb 6x1MB) SWAP 1023/12002MB (cached 10MB) CPU [26%@729,30%@729,25%@729,28%@729,70%@1728,34%@1728] GR3D_FREQ 99% cpu@52.468C soc2@50.343C soc0@50.687C gpu@51.875C tj@52.468C soc1@51.25C VDD_IN 8121mW/7026mW VDD_CPU_GPU_CV 2926mW/2218mW VDD_SOC 1822mW/1685mW
09-12-2026 23:40:03 RAM 6848/7620MB (lfb 6x1MB) SWAP 1023/12002MB (cached 10MB) CPU [36%@729,34%@729,36%@729,34%@729,32%@1728,88%@1728] GR3D_FREQ 31% cpu@53.125C soc2@50.75C soc0@50.937C gpu@52.062C tj@53.125C soc1@51.187C VDD_IN 11866mW/7061mW VDD_CPU_GPU_CV 5383mW/2241mW VDD_SOC 2361mW/1690mW
09-12-2026 23:40:03 RAM 6848/7620MB (lfb 6x1MB) SWAP 1023/12002MB (cached 10MB) CPU [26%@729,26%@729,20%@729,22%@729,16%@1728,98%@1728] GR3D_FREQ 46% cpu@52.75C soc2@50.625C soc0@50.812C gpu@52.156C tj@52.75C soc1@51.25C VDD_IN 9808mW/7081mW VDD_CPU_GPU_CV 4139mW/2255mW VDD_SOC 1974mW/1692mW
09-12-2026 23:40:04 RAM 6847/7620MB (lfb 6x1MB) SWAP 1023/12002MB (cached 10MB) CPU [17%@729,17%@729,25%@729,17%@729,14%@1728,100%@1728] GR3D_FREQ 59% cpu@52.406C soc2@50.5C soc0@50.781C gpu@51.75C tj@52.468C soc1@51.25C VDD_IN 8978mW/7094mW VDD_CPU_GPU_CV 3632mW/2265mW VDD_SOC 1858mW/1693mW
09-12-2026 23:40:04 RAM 6847/7620MB (lfb 6x1MB) SWAP 1023/12002MB (cached 10MB) CPU [29%@1728,32%@1728,24%@1728,28%@1728,26%@806,88%@806] GR3D_FREQ 0% cpu@52.625C soc2@50.531C soc0@50.843C gpu@51.718C tj@52.625C soc1@51.5C VDD_IN 8477mW/7104mW VDD_CPU_GPU_CV 3277mW/2272mW VDD_SOC 1819mW/1694mW
09-12-2026 23:40:05 RAM 6851/7620MB (lfb 3x1MB) SWAP 1023/12002MB (cached 10MB) CPU [24%@1728,24%@1728,27%@1728,22%@1728,17%@1728,79%@1728] GR3D_FREQ 29% cpu@52.593C soc2@50.875C soc0@50.875C gpu@52.687C tj@52.687C soc1@51.468C VDD_IN 12516mW/7142mW VDD_CPU_GPU_CV 5727mW/2296mW VDD_SOC 2440mW/1699mW
09-12-2026 23:40:05 RAM 6851/7620MB (lfb 3x1MB) SWAP 1023/12002MB (cached 10MB) CPU [3%@729,0%@729,0%@729,0%@729,0%@1728,98%@1728] GR3D_FREQ 42% cpu@52.406C soc2@50.75C soc0@50.875C gpu@52.312C tj@52.437C soc1@51.562C VDD_IN 9611mW/7160mW VDD_CPU_GPU_CV 4021mW/2308mW VDD_SOC 1974mW/1701mW
09-12-2026 23:40:06 RAM 6851/7620MB (lfb 3x1MB) SWAP 1023/12002MB (cached 10MB) CPU [0%@729,0%@729,0%@729,0%@729,0%@1728,100%@1728] GR3D_FREQ 49% cpu@52.562C soc2@50.75C soc0@50.843C gpu@51.843C tj@52.562C soc1@51.5C VDD_IN 8596mW/7170mW VDD_CPU_GPU_CV 3395mW/2316mW VDD_SOC 1819mW/1702mW
09-12-2026 23:40:06 RAM 6851/7620MB (lfb 3x1MB) SWAP 1023/12002MB (cached 10MB) CPU [0%@1728,0%@1728,0%@1728,0%@1728,1%@1728,98%@1728] GR3D_FREQ 60% cpu@52.531C soc2@50.625C soc0@50.937C gpu@52.125C tj@52.531C soc1@51.531C VDD_IN 8279mW/7177mW VDD_CPU_GPU_CV 3124mW/2321mW VDD_SOC 1782mW/1703mW
09-12-2026 23:40:07 RAM 6851/7620MB (lfb 3x1MB) SWAP 1023/12002MB (cached 10MB) CPU [38%@1728,34%@1728,34%@1728,37%@1728,20%@1728,86%@1728] GR3D_FREQ 99% cpu@53.062C soc2@50.968C soc0@51.031C gpu@53.187C tj@53.187C soc1@51.468C VDD_IN 12063mW/7211mW VDD_CPU_GPU_CV 5531mW/2343mW VDD_SOC 2322mW/1707mW
09-12-2026 23:40:07 RAM 6851/7620MB (lfb 3x1MB) SWAP 1023/12002MB (cached 10MB) CPU [20%@729,16%@729,18%@729,19%@729,10%@1728,96%@1728] GR3D_FREQ 35% cpu@53.25C soc2@50.937C soc0@51.093C gpu@52.531C tj@53.25C soc1@51.593C VDD_IN 10582mW/7234mW VDD_CPU_GPU_CV 4683mW/2359mW VDD_SOC 2089mW/1709mW
09-12-2026 23:40:08 RAM 6851/7620MB (lfb 3x1MB) SWAP 1023/12002MB (cached 10MB) CPU [25%@1728,22%@1728,22%@1728,18%@1728,16%@1728,98%@1728] GR3D_FREQ 50% cpu@52.875C soc2@50.968C soc0@51.062C gpu@52.187C tj@52.875C soc1@51.75C VDD_IN 9373mW/7248mW VDD_CPU_GPU_CV 3942mW/2370mW VDD_SOC 1898mW/1711mW
09-12-2026 23:40:08 RAM 6851/7620MB (lfb 3x1MB) SWAP 1023/12002MB (cached 10MB) CPU [28%@1728,26%@1728,28%@1728,27%@1728,23%@1728,98%@1728] GR3D_FREQ 61% cpu@52.75C soc2@50.906C soc0@51.093C gpu@52.312C tj@52.75C soc1@51.718C VDD_IN 9017mW/7260mW VDD_CPU_GPU_CV 3672mW/2379mW VDD_SOC 1858mW/1712mW
09-12-2026 23:40:09 RAM 6851/7620MB (lfb 3x1MB) SWAP 1023/12002MB (cached 10MB) CPU [34%@729,37%@729,38%@729,32%@729,32%@1344,76%@1344] GR3D_FREQ 2% cpu@52.531C soc2@50.937C soc0@51.093C gpu@51.687C tj@52.531C soc1@51.781C VDD_IN 8121mW/7266mW VDD_CPU_GPU_CV 3001mW/2383mW VDD_SOC 1782mW/1712mW
09-12-2026 23:40:09 RAM 6851/7620MB (lfb 3x1MB) SWAP 1023/12002MB (cached 10MB) CPU [15%@1728,15%@1728,13%@1728,19%@1728,12%@1728,78%@1728] GR3D_FREQ 33% cpu@53.062C soc2@51.187C soc0@51.375C gpu@52.843C tj@53.062C soc1@51.75C VDD_IN 11787mW/7296mW VDD_CPU_GPU_CV 5265mW/2402mW VDD_SOC 2322mW/1716mW
09-12-2026 23:40:10 RAM 6851/7620MB (lfb 3x1MB) SWAP 1023/12002MB (cached 10MB) CPU [11%@1728,13%@1728,8%@1728,9%@1728,6%@1728,100%@1728] GR3D_FREQ 39% cpu@53.031C soc2@51.031C soc0@51.437C gpu@52.75C tj@53.031C soc1@51.812C VDD_IN 9492mW/7310mW VDD_CPU_GPU_CV 3942mW/2412mW VDD_SOC 1938mW/1718mW
09-12-2026 23:40:10 RAM 6853/7620MB (lfb 3x1MB) SWAP 1023/12002MB (cached 10MB) CPU [3%@729,0%@729,0%@729,5%@729,2%@1728,98%@1728] GR3D_FREQ 46% cpu@53.031C soc2@51.093C soc0@51.343C gpu@52.468C tj@53.031C soc1@51.687C VDD_IN 8636mW/7319mW VDD_CPU_GPU_CV 3395mW/2419mW VDD_SOC 1819mW/1718mW
09-12-2026 23:40:11 RAM 6857/7620MB (lfb 3x1MB) SWAP 1023/12002MB (cached 10MB) CPU [18%@1036,35%@1728,25%@1728,41%@1728,8%@1728,100%@1728] GR3D_FREQ 52% cpu@53.156C soc2@51.031C soc0@51.375C gpu@52.531C tj@53.156C soc1@51.812C VDD_IN 8636mW/7327mW VDD_CPU_GPU_CV 3435mW/2425mW VDD_SOC 1819mW/1719mW
09-12-2026 23:40:11 RAM 6857/7620MB (lfb 3x1MB) SWAP 1023/12002MB (cached 10MB) CPU [0%@1728,0%@1728,0%@1728,3%@1728,0%@729,74%@729] GR3D_FREQ 0% cpu@52.437C soc2@50.937C soc0@51.187C gpu@51.968C tj@52.437C soc1@52C VDD_IN 7447mW/7328mW VDD_CPU_GPU_CV 2570mW/2426mW VDD_SOC 1703mW/1719mW
09-12-2026 23:40:12 RAM 6857/7620MB (lfb 3x1MB) SWAP 1023/12002MB (cached 10MB) CPU [11%@729,9%@729,9%@729,8%@729,11%@729,9%@729] GR3D_FREQ 0% cpu@52.531C soc2@50.843C soc0@51.281C gpu@51.906C tj@52.531C soc1@51.906C VDD_IN 5643mW/7317mW VDD_CPU_GPU_CV 1309mW/2419mW VDD_SOC 1547mW/1718mW
09-12-2026 23:40:12 RAM 6857/7620MB (lfb 3x1MB) SWAP 1023/12002MB (cached 10MB) CPU [36%@1728,33%@1728,30%@1728,32%@1728,28%@1728,86%@1728] GR3D_FREQ 29% cpu@53.125C soc2@51.187C soc0@51.25C gpu@52.718C tj@53.125C soc1@51.968C VDD_IN 11590mW/7344mW VDD_CPU_GPU_CV 5187mW/2437mW VDD_SOC 2322mW/1722mW
09-12-2026 23:40:13 RAM 6856/7620MB (lfb 3x1MB) SWAP 1023/12002MB (cached 10MB) CPU [37%@1728,39%@1728,30%@1728,35%@1728,33%@1728,98%@1728] GR3D_FREQ 51% cpu@53.156C soc2@51.187C soc0@51.406C gpu@52.75C tj@53.156C soc1@51.937C VDD_IN 9950mW/7361mW VDD_CPU_GPU_CV 4257mW/2448mW VDD_SOC 2013mW/1723mW
09-12-2026 23:40:13 RAM 6856/7620MB (lfb 3x1MB) SWAP 1023/12002MB (cached 10MB) CPU [22%@806,18%@806,19%@806,22%@806,13%@1728,100%@1728] GR3D_FREQ 52% cpu@53.625C soc2@51.281C soc0@51.562C gpu@52.375C tj@53.625C soc1@51.937C VDD_IN 9096mW/7372mW VDD_CPU_GPU_CV 3705mW/2456mW VDD_SOC 1898mW/1725mW
09-12-2026 23:40:14 RAM 6856/7620MB (lfb 3x1MB) SWAP 1023/12002MB (cached 10MB) CPU [25%@729,22%@729,20%@729,21%@729,18%@1497,76%@1497] GR3D_FREQ 94% cpu@52.906C soc2@51.125C soc0@51.437C gpu@52.406C tj@52.906C soc1@52.062C VDD_IN 7804mW/7375mW VDD_CPU_GPU_CV 2729mW/2458mW VDD_SOC 1782mW/1725mW
09-12-2026 23:40:14 RAM 6856/7620MB (lfb 3x1MB) SWAP 1023/12002MB (cached 10MB) CPU [23%@729,23%@729,30%@729,26%@729,49%@1728,58%@1728] GR3D_FREQ 34% cpu@53.468C soc2@51.531C soc0@51.5C gpu@52.937C tj@53.468C soc1@52.031C VDD_IN 11669mW/7401mW VDD_CPU_GPU_CV 5304mW/2475mW VDD_SOC 2282mW/1728mW
09-12-2026 23:40:15 RAM 6856/7620MB (lfb 3x1MB) SWAP 1023/12002MB (cached 10MB) CPU [38%@729,39%@729,40%@729,38%@729,100%@1728,32%@1728] GR3D_FREQ 44% cpu@53.656C soc2@51.406C soc0@51.531C gpu@53C tj@53.656C soc1@52.312C VDD_IN 9950mW/7417mW VDD_CPU_GPU_CV 4336mW/2487mW VDD_SOC 1974mW/1730mW
09-12-2026 23:40:15 RAM 6854/7620MB (lfb 3x1MB) SWAP 1023/12002MB (cached 10MB) CPU [22%@1728,19%@1728,14%@1728,16%@1728,98%@1728,9%@1728] GR3D_FREQ 59% cpu@53.562C soc2@51.437C soc0@51.593C gpu@52.593C tj@53.562C soc1@52.281C VDD_IN 9017mW/7427mW VDD_CPU_GPU_CV 3632mW/2494mW VDD_SOC 1858mW/1731mW
09-12-2026 23:40:16 RAM 6854/7620MB (lfb 3x1MB) SWAP 1023/12002MB (cached 10MB) CPU [24%@729,20%@729,20%@729,18%@729,90%@1190,16%@1190] GR3D_FREQ 1% cpu@52.906C soc2@51.343C soc0@51.562C gpu@52.656C tj@52.906C soc1@52.187C VDD_IN 8517mW/7433mW VDD_CPU_GPU_CV 3277mW/2499mW VDD_SOC 1819mW/1731mW
09-12-2026 23:40:16 RAM 6854/7620MB (lfb 3x1MB) SWAP 1023/12002MB (cached 10MB) CPU [38%@729,40%@729,39%@1728,39%@1728,37%@1728,76%@1728] GR3D_FREQ 38% cpu@54.343C soc2@51.812C soc0@51.625C gpu@53.5C tj@54.343C soc1@52.25C VDD_IN 12949mW/7467mW VDD_CPU_GPU_CV 6071mW/2520mW VDD_SOC 2475mW/1736mW
09-12-2026 23:40:17 RAM 6854/7620MB (lfb 3x1MB) SWAP 1023/12002MB (cached 10MB) CPU [29%@1728,24%@1728,26%@1728,27%@1728,23%@1728,100%@1728] GR3D_FREQ 41% cpu@53.531C soc2@51.687C soc0@51.906C gpu@53.093C tj@53.531C soc1@52.281C VDD_IN 10187mW/7483mW VDD_CPU_GPU_CV 4447mW/2532mW VDD_SOC 2013mW/1737mW
09-12-2026 23:40:17 RAM 6854/7620MB (lfb 3x1MB) SWAP 1023/12002MB (cached 10MB) CPU [14%@1728,14%@1728,16%@1728,13%@1728,9%@1728,98%@1728] GR3D_FREQ 47% cpu@53.5C soc2@51.562C soc0@51.781C gpu@52.718C tj@53.5C soc1@52.281C VDD_IN 9017mW/7492mW VDD_CPU_GPU_CV 3672mW/2539mW VDD_SOC 1858mW/1738mW
09-12-2026 23:40:18 RAM 6854/7620MB (lfb 3x1MB) SWAP 1023/12002MB (cached 10MB) CPU [21%@1728,19%@1728,19%@1728,21%@1728,14%@1497,78%@1497] GR3D_FREQ 99% cpu@53.218C soc2@51.437C soc0@51.781C gpu@52.843C tj@53.218C soc1@52.562C VDD_IN 8042mW/7496mW VDD_CPU_GPU_CV 2926mW/2541mW VDD_SOC 1782mW/1738mW
09-12-2026 23:40:18 RAM 6854/7620MB (lfb 3x1MB) SWAP 1023/12002MB (cached 10MB) CPU [0%@729,1%@729,0%@729,1%@729,0%@1728,78%@1728] GR3D_FREQ 32% cpu@53.375C soc2@51.718C soc0@51.812C gpu@53.187C tj@53.375C soc1@52.531C VDD_IN 11117mW/7517mW VDD_CPU_GPU_CV 4912mW/2555mW VDD_SOC 2207mW/1741mW
09-12-2026 23:40:19 RAM 6853/7620MB (lfb 3x1MB) SWAP 1023/12002MB (cached 10MB) CPU [5%@729,7%@729,7%@729,4%@729,2%@1728,100%@1728] GR3D_FREQ 38% cpu@53.531C soc2@51.625C soc0@51.937C gpu@53.093C tj@53.531C soc1@52.593C VDD_IN 9255mW/7527mW VDD_CPU_GPU_CV 3784mW/2562mW VDD_SOC 1898mW/1742mW
09-12-2026 23:40:19 RAM 6853/7620MB (lfb 3x1MB) SWAP 1023/12002MB (cached 10MB) CPU [21%@1728,20%@1728,22%@1728,18%@1728,19%@1728,98%@1728] GR3D_FREQ 44% cpu@53.593C soc2@51.75C soc0@51.843C gpu@53.156C tj@53.593C soc1@52.562C VDD_IN 8938mW/7536mW VDD_CPU_GPU_CV 3593mW/2568mW VDD_SOC 1858mW/1743mW
09-12-2026 23:40:20 RAM 6853/7620MB (lfb 3x1MB) SWAP 1023/12002MB (cached 10MB) CPU [18%@729,23%@729,23%@729,22%@729,14%@1728,100%@1728] GR3D_FREQ 58% cpu@53.781C soc2@51.718C soc0@52C gpu@52.968C tj@53.781C soc1@52.5C VDD_IN 8820mW/7543mW VDD_CPU_GPU_CV 3474mW/2574mW VDD_SOC 1858mW/1743mW
09-12-2026 23:40:20 RAM 6853/7620MB (lfb 3x1MB) SWAP 1023/12002MB (cached 10MB) CPU [31%@1267,29%@1267,30%@1267,29%@1267,28%@1574,73%@1574] GR3D_FREQ 99% cpu@53.812C soc2@51.718C soc0@52.062C gpu@53.656C tj@53.812C soc1@52.562C VDD_IN 8438mW/7548mW VDD_CPU_GPU_CV 3119mW/2577mW VDD_SOC 1858mW/1744mW
09-12-2026 23:40:21 RAM 6853/7620MB (lfb 3x1MB) SWAP 1023/12002MB (cached 10MB) CPU [38%@1728,36%@1728,37%@1728,36%@1728,30%@1728,92%@1728] GR3D_FREQ 35% cpu@53.875C soc2@51.968C soc0@52C gpu@53.281C tj@53.875C soc1@52.562C VDD_IN 11432mW/7571mW VDD_CPU_GPU_CV 5147mW/2592mW VDD_SOC 2247mW/1747mW
09-12-2026 23:40:21 RAM 6853/7620MB (lfb 3x1MB) SWAP 1023/12002MB (cached 10MB) CPU [19%@1728,18%@1728,14%@1728,14%@1728,11%@1728,98%@1728] GR3D_FREQ 45% cpu@53.75C soc2@51.937C soc0@52.031C gpu@53.125C tj@53.75C soc1@52.625C VDD_IN 9532mW/7582mW VDD_CPU_GPU_CV 3981mW/2600mW VDD_SOC 1934mW/1748mW
09-12-2026 23:40:22 RAM 6853/7620MB (lfb 3x1MB) SWAP 1023/12002MB (cached 10MB) CPU [24%@729,22%@729,27%@729,26%@729,19%@1728,100%@1728] GR3D_FREQ 57% cpu@54.062C soc2@51.843C soc0@52.093C gpu@53.062C tj@54.062C soc1@52.593C VDD_IN 8978mW/7590mW VDD_CPU_GPU_CV 3632mW/2605mW VDD_SOC 1858mW/1749mW
09-12-2026 23:40:22 RAM 6853/7620MB (lfb 3x1MB) SWAP 1023/12002MB (cached 10MB) CPU [10%@1728,9%@1728,12%@1728,9%@1728,100%@1728,9%@1728] GR3D_FREQ 58% cpu@53.875C soc2@51.781C soc0@52.062C gpu@53.062C tj@53.875C soc1@52.843C VDD_IN 8477mW/7595mW VDD_CPU_GPU_CV 3238mW/2609mW VDD_SOC 1819mW/1749mW
09-12-2026 23:40:23 RAM 6853/7620MB (lfb 3x1MB) SWAP 1023/12002MB (cached 10MB) CPU [0%@729,0%@1728,0%@1728,0%@1728,63%@1728,0%@1728] GR3D_FREQ 99% cpu@53.906C soc2@52.093C soc0@52.031C gpu@54.375C tj@54.375C soc1@52.687C VDD_IN 12162mW/7620mW VDD_CPU_GPU_CV 5492mW/2625mW VDD_SOC 2440mW/1753mW
09-12-2026 23:40:23 RAM 6853/7620MB (lfb 3x1MB) SWAP 1023/12002MB (cached 10MB) CPU [9%@1728,7%@1728,5%@1728,6%@1728,98%@1728,4%@1728] GR3D_FREQ 38% cpu@53.968C soc2@52.062C soc0@52.156C gpu@53.343C tj@53.968C soc1@52.812C VDD_IN 9729mW/7632mW VDD_CPU_GPU_CV 4100mW/2633mW VDD_SOC 1974mW/1754mW
09-12-2026 23:40:24 RAM 6853/7620MB (lfb 3x1MB) SWAP 1023/12002MB (cached 10MB) CPU [0%@729,0%@729,0%@729,1%@729,32%@1728,66%@1728] GR3D_FREQ 46% cpu@53.968C soc2@51.937C soc0@52.156C gpu@53.156C tj@53.968C soc1@52.812C VDD_IN 8675mW/7638mW VDD_CPU_GPU_CV 3395mW/2638mW VDD_SOC 1819mW/1754mW
09-12-2026 23:40:24 RAM 6853/7620MB (lfb 3x1MB) SWAP 1023/12002MB (cached 10MB) CPU [1%@1728,1%@1728,0%@1728,0%@1728,0%@1728,98%@1728] GR3D_FREQ 58% cpu@53.843C soc2@51.968C soc0@52.218C gpu@53.156C tj@53.843C soc1@52.687C VDD_IN 8319mW/7642mW VDD_CPU_GPU_CV 3159mW/2641mW VDD_SOC 1822mW/1755mW
09-12-2026 23:40:25 RAM 6853/7620MB (lfb 3x1MB) SWAP 1023/12002MB (cached 10MB) CPU [0%@729,0%@1728,1%@1728,0%@1728,0%@729,14%@729] GR3D_FREQ 0% cpu@53.312C soc2@51.718C soc0@52.218C gpu@52.468C tj@53.312C soc1@52.812C VDD_IN 5872mW/7632mW VDD_CPU_GPU_CV 1465mW/2634mW VDD_SOC 1547mW/1754mW
09-12-2026 23:40:25 RAM 6853/7620MB (lfb 3x1MB) SWAP 1023/12002MB (cached 10MB) CPU [1%@1728,0%@1728,0%@1728,0%@1728,0%@729,0%@729] GR3D_FREQ 0% cpu@53.125C soc2@51.593C soc0@52.093C gpu@52.437C tj@53.218C soc1@52.875C VDD_IN 4888mW/7617mW VDD_CPU_GPU_CV 793mW/2624mW VDD_SOC 1470mW/1752mW
09-12-2026 23:40:26 RAM 6853/7620MB (lfb 3x1MB) SWAP 1023/12002MB (cached 10MB) CPU [0%@1728,0%@1728,0%@1728,0%@1728,0%@729,0%@729] GR3D_FREQ 0% cpu@53C soc2@51.562C soc0@52.062C gpu@52.218C tj@53C soc1@52.843C VDD_IN 4610mW/7601mW VDD_CPU_GPU_CV 595mW/2613mW VDD_SOC 1430mW/1750mW
09-12-2026 23:40:26 RAM 6853/7620MB (lfb 3x1MB) SWAP 1023/12002MB (cached 10MB) CPU [0%@1728,0%@1728,1%@1728,0%@1728,0%@729,0%@729] GR3D_FREQ 0% cpu@52.968C soc2@51.5C soc0@51.937C gpu@52.468C tj@52.968C soc1@52.687C VDD_IN 4530mW/7584mW VDD_CPU_GPU_CV 516mW/2602mW VDD_SOC 1430mW/1749mW
09-12-2026 23:40:27 RAM 6853/7620MB (lfb 3x1MB) SWAP 1023/12002MB (cached 10MB) CPU [0%@729,0%@729,0%@729,0%@729,0%@729,0%@729] GR3D_FREQ 0% cpu@52.937C soc2@51.5C soc0@52C gpu@52.156C tj@52.937C soc1@52.718C VDD_IN 4491mW/7567mW VDD_CPU_GPU_CV 516mW/2590mW VDD_SOC 1430mW/1747mW
09-12-2026 23:40:27 RAM 6853/7620MB (lfb 3x1MB) SWAP 1023/12002MB (cached 10MB) CPU [1%@1728,0%@1728,1%@1728,0%@1728,0%@729,0%@729] GR3D_FREQ 0% cpu@53C soc2@51.437C soc0@52.125C gpu@52.375C tj@53C soc1@52.562C VDD_IN 4491mW/7551mW VDD_CPU_GPU_CV 516mW/2579mW VDD_SOC 1430mW/1745mW
09-12-2026 23:40:28 RAM 6853/7620MB (lfb 3x1MB) SWAP 1023/12002MB (cached 10MB) CPU [0%@1728,1%@1728,0%@1728,1%@1728,0%@729,0%@729] GR3D_FREQ 0% cpu@53.062C soc2@51.343C soc0@51.968C gpu@52.031C tj@53.062C soc1@52.625C VDD_IN 4491mW/7535mW VDD_CPU_GPU_CV 516mW/2568mW VDD_SOC 1430mW/1744mW
09-12-2026 23:40:28 RAM 6853/7620MB (lfb 3x1MB) SWAP 1023/12002MB (cached 10MB) CPU [0%@1728,0%@1728,0%@1728,0%@1728,0%@729,0%@729] GR3D_FREQ 0% cpu@52.906C soc2@51.343C soc0@51.937C gpu@52.312C tj@52.906C soc1@52.718C VDD_IN 4491mW/7519mW VDD_CPU_GPU_CV 516mW/2557mW VDD_SOC 1430mW/1742mW
09-12-2026 23:40:29 RAM 6853/7620MB (lfb 3x1MB) SWAP 1023/12002MB (cached 10MB) CPU [1%@729,0%@729,1%@729,0%@729,0%@729,0%@729] GR3D_FREQ 0% cpu@52.812C soc2@51.375C soc0@51.937C gpu@52.437C tj@52.906C soc1@52.687C VDD_IN 4491mW/7503mW VDD_CPU_GPU_CV 516mW/2547mW VDD_SOC 1430mW/1740mW
09-12-2026 23:40:29 RAM 6853/7620MB (lfb 3x1MB) SWAP 1023/12002MB (cached 10MB) CPU [1%@729,0%@729,0%@729,0%@729,0%@729,0%@729] GR3D_FREQ 0% cpu@52.843C soc2@51.375C soc0@51.906C gpu@52.25C tj@52.812C soc1@52.656C VDD_IN 4491mW/7487mW VDD_CPU_GPU_CV 516mW/2536mW VDD_SOC 1430mW/1739mW
09-12-2026 23:40:30 RAM 6853/7620MB (lfb 3x1MB) SWAP 1023/12002MB (cached 10MB) CPU [1%@729,0%@729,0%@729,0%@729,0%@729,0%@729] GR3D_FREQ 0% cpu@53C soc2@51.343C soc0@51.875C gpu@52.062C tj@53C soc1@52.593C VDD_IN 4451mW/7471mW VDD_CPU_GPU_CV 516mW/2526mW VDD_SOC 1430mW/1737mW
09-12-2026 23:40:30 RAM 6853/7620MB (lfb 3x1MB) SWAP 1023/12002MB (cached 10MB) CPU [0%@1728,0%@1728,0%@1728,0%@1728,0%@729,0%@729] GR3D_FREQ 0% cpu@52.718C soc2@51.187C soc0@52C gpu@52.156C tj@52.718C soc1@52.593C VDD_IN 4491mW/7456mW VDD_CPU_GPU_CV 516mW/2515mW VDD_SOC 1430mW/1735mW
09-12-2026 23:40:31 RAM 6853/7620MB (lfb 3x1MB) SWAP 1023/12002MB (cached 10MB) CPU [0%@729,0%@729,0%@729,0%@729,0%@729,0%@729] GR3D_FREQ 0% cpu@52.875C soc2@51.218C soc0@51.875C gpu@52.156C tj@52.875C soc1@52.562C VDD_IN 4451mW/7440mW VDD_CPU_GPU_CV 516mW/2505mW VDD_SOC 1430mW/1734mW
09-12-2026 23:40:31 RAM 6853/7620MB (lfb 3x1MB) SWAP 1023/12002MB (cached 10MB) CPU [0%@729,1%@729,0%@729,0%@729,0%@729,0%@729] GR3D_FREQ 0% cpu@52.718C soc2@51.187C soc0@51.812C gpu@52.187C tj@52.75C soc1@52.75C VDD_IN 4491mW/7425mW VDD_CPU_GPU_CV 516mW/2495mW VDD_SOC 1430mW/1732mW
09-12-2026 23:40:32 RAM 6853/7620MB (lfb 3x1MB) SWAP 1023/12002MB (cached 10MB) CPU [0%@729,0%@1728,0%@1728,0%@1728,0%@729,0%@729] GR3D_FREQ 0% cpu@52.781C soc2@51.281C soc0@51.75C gpu@52.031C tj@52.781C soc1@52.625C VDD_IN 4491mW/7410mW VDD_CPU_GPU_CV 516mW/2485mW VDD_SOC 1430mW/1731mW
09-12-2026 23:40:32 RAM 6853/7620MB (lfb 3x1MB) SWAP 1023/12002MB (cached 10MB) CPU [0%@729,0%@1728,0%@1728,0%@1728,0%@729,0%@729] GR3D_FREQ 0% cpu@52.656C soc2@51.156C soc0@51.875C gpu@52.156C tj@52.656C soc1@52.593C VDD_IN 4491mW/7395mW VDD_CPU_GPU_CV 516mW/2475mW VDD_SOC 1430mW/1729mW
09-12-2026 23:40:33 RAM 6853/7620MB (lfb 3x1MB) SWAP 1023/12002MB (cached 10MB) CPU [0%@1728,0%@1728,0%@1728,0%@1728,0%@729,0%@729] GR3D_FREQ 0% cpu@52.812C soc2@51.187C soc0@51.843C gpu@52.031C tj@52.812C soc1@52.468C VDD_IN 4491mW/7381mW VDD_CPU_GPU_CV 515mW/2465mW VDD_SOC 1430mW/1728mW
09-12-2026 23:40:33 RAM 6852/7620MB (lfb 3x1MB) SWAP 1023/12002MB (cached 10MB) CPU [0%@1728,0%@1728,0%@1728,0%@1728,3%@729,0%@729] GR3D_FREQ 0% cpu@52.968C soc2@51.218C soc0@51.843C gpu@52.093C tj@52.968C soc1@52.375C VDD_IN 4491mW/7366mW VDD_CPU_GPU_CV 516mW/2455mW VDD_SOC 1430mW/1726mW
09-12-2026 23:40:34 RAM 6852/7620MB (lfb 3x1MB) SWAP 1023/12002MB (cached 10MB) CPU [1%@1728,0%@1728,0%@1728,0%@1728,0%@729,0%@729] GR3D_FREQ 0% cpu@52.687C soc2@51.187C soc0@51.781C gpu@51.937C tj@52.687C soc1@52.468C VDD_IN 4491mW/7352mW VDD_CPU_GPU_CV 516mW/2445mW VDD_SOC 1430mW/1725mW
09-12-2026 23:40:34 RAM 6852/7620MB (lfb 3x1MB) SWAP 1023/12002MB (cached 10MB) CPU [0%@729,0%@729,0%@729,0%@729,0%@729,0%@729] GR3D_FREQ 0% cpu@52.781C soc2@51.062C soc0@51.718C gpu@51.906C tj@52.781C soc1@52.625C VDD_IN 4491mW/7337mW VDD_CPU_GPU_CV 516mW/2436mW VDD_SOC 1430mW/1723mW
09-12-2026 23:40:35 RAM 6852/7620MB (lfb 3x1MB) SWAP 1023/12002MB (cached 10MB) CPU [1%@1728,0%@1728,0%@1728,0%@1728,0%@729,0%@729] GR3D_FREQ 0% cpu@52.656C soc2@51.062C soc0@51.843C gpu@51.968C tj@52.656C soc1@52.593C VDD_IN 4491mW/7323mW VDD_CPU_GPU_CV 516mW/2426mW VDD_SOC 1430mW/1722mW
09-12-2026 23:40:35 RAM 6852/7620MB (lfb 3x1MB) SWAP 1023/12002MB (cached 10MB) CPU [1%@1728,0%@1728,0%@1728,0%@1728,0%@729,0%@729] GR3D_FREQ 0% cpu@52.875C soc2@51.156C soc0@51.718C gpu@51.781C tj@52.843C soc1@52.5C VDD_IN 4491mW/7309mW VDD_CPU_GPU_CV 516mW/2417mW VDD_SOC 1430mW/1720mW
09-12-2026 23:40:36 RAM 6852/7620MB (lfb 3x1MB) SWAP 1023/12002MB (cached 10MB) CPU [1%@1728,0%@1728,1%@1728,0%@1728,0%@729,0%@729] GR3D_FREQ 0% cpu@52.562C soc2@51.093C soc0@51.812C gpu@51.875C tj@52.562C soc1@52.437C VDD_IN 4451mW/7295mW VDD_CPU_GPU_CV 516mW/2407mW VDD_SOC 1430mW/1719mW
09-12-2026 23:40:36 RAM 6852/7620MB (lfb 3x1MB) SWAP 1023/12002MB (cached 10MB) CPU [0%@1728,0%@1728,1%@1728,0%@1728,0%@729,0%@729] GR3D_FREQ 0% cpu@52.718C soc2@50.968C soc0@51.75C gpu@51.906C tj@52.718C soc1@52.312C VDD_IN 4491mW/7282mW VDD_CPU_GPU_CV 516mW/2398mW VDD_SOC 1430mW/1718mW
09-12-2026 23:40:37 RAM 6852/7620MB (lfb 3x1MB) SWAP 1023/12002MB (cached 10MB) CPU [0%@729,0%@729,0%@729,0%@729,0%@729,0%@729] GR3D_FREQ 0% cpu@52.718C soc2@51C soc0@51.687C gpu@52.031C tj@52.75C soc1@52.343C VDD_IN 4451mW/7268mW VDD_CPU_GPU_CV 516mW/2389mW VDD_SOC 1430mW/1716mW
09-12-2026 23:40:37 RAM 6856/7620MB (lfb 3x1MB) SWAP 1023/12002MB (cached 10MB) CPU [0%@1728,5%@1728,2%@1728,2%@1728,0%@729,0%@729] GR3D_FREQ 0% cpu@52.656C soc2@51.093C soc0@51.687C gpu@51.812C tj@52.656C soc1@52.593C VDD_IN 4491mW/7255mW VDD_CPU_GPU_CV 516mW/2380mW VDD_SOC 1430mW/1715mW
09-12-2026 23:40:38 RAM 6856/7620MB (lfb 3x1MB) SWAP 1023/12002MB (cached 10MB) CPU [0%@1728,0%@1728,0%@1728,0%@1728,0%@729,0%@729] GR3D_FREQ 0% cpu@52.531C soc2@51.156C soc0@51.625C gpu@52.062C tj@52.625C soc1@52.593C VDD_IN 4491mW/7241mW VDD_CPU_GPU_CV 516mW/2371mW VDD_SOC 1430mW/1713mW
09-12-2026 23:40:38 RAM 6856/7620MB (lfb 3x1MB) SWAP 1023/12002MB (cached 10MB) CPU [0%@729,0%@1728,1%@1728,0%@1728,0%@729,0%@729] GR3D_FREQ 0% cpu@52.593C soc2@51.156C soc0@51.531C gpu@51.781C tj@52.593C soc1@52.437C VDD_IN 4451mW/7228mW VDD_CPU_GPU_CV 516mW/2362mW VDD_SOC 1430mW/1712mW
09-12-2026 23:40:39 RAM 6856/7620MB (lfb 3x1MB) SWAP 1023/12002MB (cached 10MB) CPU [0%@729,0%@729,0%@729,0%@729,0%@729,0%@729] GR3D_FREQ 0% cpu@52.781C soc2@51C soc0@51.843C gpu@51.968C tj@52.781C soc1@52.375C VDD_IN 4491mW/7215mW VDD_CPU_GPU_CV 516mW/2353mW VDD_SOC 1430mW/1711mW
09-12-2026 23:40:39 RAM 6856/7620MB (lfb 3x1MB) SWAP 1023/12002MB (cached 10MB) CPU [0%@1728,0%@1728,3%@1728,0%@1728,0%@729,0%@729] GR3D_FREQ 0% cpu@52.906C soc2@50.968C soc0@51.75C gpu@51.812C tj@52.906C soc1@52.343C VDD_IN 4491mW/7202mW VDD_CPU_GPU_CV 516mW/2345mW VDD_SOC 1430mW/1709mW
09-12-2026 23:40:40 RAM 6856/7620MB (lfb 3x1MB) SWAP 1023/12002MB (cached 10MB) CPU [0%@729,1%@729,0%@729,0%@729,0%@729,1%@729] GR3D_FREQ 0% cpu@52.531C soc2@51.031C soc0@51.687C gpu@51.906C tj@52.531C soc1@52.312C VDD_IN 4451mW/7189mW VDD_CPU_GPU_CV 516mW/2336mW VDD_SOC 1430mW/1708mW
09-12-2026 23:40:40 RAM 6856/7620MB (lfb 3x1MB) SWAP 1023/12002MB (cached 10MB) CPU [0%@729,0%@1728,0%@1728,0%@1728,0%@729,0%@729] GR3D_FREQ 0% cpu@52.531C soc2@50.937C soc0@51.531C gpu@51.75C tj@52.562C soc1@52.562C VDD_IN 4451mW/7176mW VDD_CPU_GPU_CV 516mW/2327mW VDD_SOC 1430mW/1707mW
09-12-2026 23:40:41 RAM 6856/7620MB (lfb 3x1MB) SWAP 1023/12002MB (cached 10MB) CPU [1%@729,0%@1728,0%@1728,0%@1728,0%@729,0%@729] GR3D_FREQ 0% cpu@52.468C soc2@50.968C soc0@51.5C gpu@51.906C tj@52.468C soc1@52.437C VDD_IN 4451mW/7163mW VDD_CPU_GPU_CV 516mW/2319mW VDD_SOC 1430mW/1706mW
09-12-2026 23:40:42 RAM 6856/7620MB (lfb 3x1MB) SWAP 1023/12002MB (cached 10MB) CPU [0%@1728,0%@1728,3%@1728,0%@1728,0%@729,0%@729] GR3D_FREQ 0% cpu@52.406C soc2@51C soc0@51.468C gpu@51.781C tj@52.406C soc1@52.343C VDD_IN 4451mW/7151mW VDD_CPU_GPU_CV 516mW/2311mW VDD_SOC 1430mW/1704mW
09-12-2026 23:40:42 RAM 6856/7620MB (lfb 3x1MB) SWAP 1023/12002MB (cached 10MB) CPU [1%@729,0%@729,12%@729,0%@729,0%@729,0%@729] GR3D_FREQ 0% cpu@52.562C soc2@50.937C soc0@51.75C gpu@51.875C tj@52.562C soc1@52.343C VDD_IN 4491mW/7138mW VDD_CPU_GPU_CV 516mW/2302mW VDD_SOC 1430mW/1703mW
09-12-2026 23:40:43 RAM 6856/7620MB (lfb 3x1MB) SWAP 1023/12002MB (cached 10MB) CPU [0%@1728,1%@1728,3%@1728,0%@1728,0%@729,0%@729] GR3D_FREQ 0% cpu@52.656C soc2@50.937C soc0@51.75C gpu@51.843C tj@52.656C soc1@52.312C VDD_IN 4491mW/7126mW VDD_CPU_GPU_CV 516mW/2294mW VDD_SOC 1430mW/1702mW
09-12-2026 23:40:43 RAM 6856/7620MB (lfb 3x1MB) SWAP 1023/12002MB (cached 10MB) CPU [1%@1728,0%@1728,6%@1728,1%@1728,0%@729,0%@729] GR3D_FREQ 0% cpu@52.406C soc2@50.937C soc0@51.531C gpu@51.687C tj@52.406C soc1@52.25C VDD_IN 4491mW/7114mW VDD_CPU_GPU_CV 516mW/2286mW VDD_SOC 1430mW/1700mW
09-12-2026 23:40:44 RAM 6856/7620MB (lfb 3x1MB) SWAP 1023/12002MB (cached 10MB) CPU [0%@1728,0%@1728,1%@1728,0%@1728,0%@729,0%@729] GR3D_FREQ 0% cpu@52.531C soc2@50.906C soc0@51.562C gpu@51.687C tj@52.531C soc1@52.5C VDD_IN 4491mW/7102mW VDD_CPU_GPU_CV 516mW/2278mW VDD_SOC 1430mW/1699mW
09-12-2026 23:40:44 RAM 6856/7620MB (lfb 3x1MB) SWAP 1023/12002MB (cached 10MB) CPU [0%@729,0%@729,0%@729,0%@729,0%@729,0%@729] GR3D_FREQ 0% cpu@52.375C soc2@51C soc0@51.5C gpu@51.781C tj@52.375C soc1@52.25C VDD_IN 4451mW/7090mW VDD_CPU_GPU_CV 516mW/2270mW VDD_SOC 1430mW/1698mW
09-12-2026 23:40:45 RAM 6856/7620MB (lfb 3x1MB) SWAP 1023/12002MB (cached 10MB) CPU [0%@1728,0%@1728,0%@1728,0%@1728,0%@729,0%@729] GR3D_FREQ 0% cpu@52.625C soc2@50.937C soc0@51.5C gpu@51.687C tj@52.625C soc1@52.343C VDD_IN 4451mW/7078mW VDD_CPU_GPU_CV 516mW/2262mW VDD_SOC 1430mW/1697mW
09-12-2026 23:40:45 RAM 6856/7620MB (lfb 3x1MB) SWAP 1023/12002MB (cached 10MB) CPU [0%@1728,3%@1728,0%@1728,0%@1728,0%@729,0%@729] GR3D_FREQ 0% cpu@52.375C soc2@50.875C soc0@51.656C gpu@51.718C tj@52.375C soc1@52.218C VDD_IN 4451mW/7066mW VDD_CPU_GPU_CV 516mW/2254mW VDD_SOC 1430mW/1696mW
09-12-2026 23:40:46 RAM 6856/7620MB (lfb 3x1MB) SWAP 1023/12002MB (cached 10MB) CPU [0%@1728,0%@1728,0%@1728,0%@1728,0%@729,0%@729] GR3D_FREQ 0% cpu@52.5C soc2@50.937C soc0@51.593C gpu@51.687C tj@52.5C soc1@52.156C VDD_IN 4451mW/7055mW VDD_CPU_GPU_CV 516mW/2246mW VDD_SOC 1430mW/1694mW
09-12-2026 23:40:46 RAM 6856/7620MB (lfb 3x1MB) SWAP 1023/12002MB (cached 10MB) CPU [3%@1728,0%@1728,0%@1728,0%@1728,0%@729,0%@729] GR3D_FREQ 0% cpu@52.531C soc2@50.843C soc0@51.562C gpu@51.593C tj@52.531C soc1@52.156C VDD_IN 4451mW/7043mW VDD_CPU_GPU_CV 516mW/2238mW VDD_SOC 1430mW/1693mW
09-12-2026 23:40:47 RAM 6856/7620MB (lfb 3x1MB) SWAP 1023/12002MB (cached 10MB) CPU [0%@729,0%@729,0%@729,0%@729,0%@729,0%@729] GR3D_FREQ 0% cpu@52.343C soc2@50.843C soc0@51.437C gpu@51.625C tj@52.343C soc1@52.312C VDD_IN 4491mW/7032mW VDD_CPU_GPU_CV 516mW/2231mW VDD_SOC 1430mW/1692mW
09-12-2026 23:40:47 RAM 6856/7620MB (lfb 3x1MB) SWAP 1023/12002MB (cached 10MB) CPU [1%@729,0%@729,1%@729,0%@729,0%@729,0%@729] GR3D_FREQ 0% cpu@52.312C soc2@50.937C soc0@51.531C gpu@51.5C tj@52.312C soc1@52.25C VDD_IN 4491mW/7020mW VDD_CPU_GPU_CV 516mW/2223mW VDD_SOC 1430mW/1691mW
09-12-2026 23:40:48 RAM 6856/7620MB (lfb 3x1MB) SWAP 1023/12002MB (cached 10MB) CPU [0%@729,1%@729,0%@729,0%@729,0%@729,0%@729] GR3D_FREQ 0% cpu@52.468C soc2@50.843C soc0@51.406C gpu@51.593C tj@52.468C soc1@52.156C VDD_IN 4491mW/7009mW VDD_CPU_GPU_CV 516mW/2216mW VDD_SOC 1430mW/1690mW
09-12-2026 23:40:48 RAM 6856/7620MB (lfb 3x1MB) SWAP 1023/12002MB (cached 10MB) CPU [0%@729,0%@1728,0%@1728,0%@1728,0%@729,0%@729] GR3D_FREQ 0% cpu@52.468C soc2@50.718C soc0@51.593C gpu@51.562C tj@52.468C soc1@52.156C VDD_IN 4451mW/6998mW VDD_CPU_GPU_CV 516mW/2208mW VDD_SOC 1430mW/1689mW
09-12-2026 23:40:49 RAM 6856/7620MB (lfb 3x1MB) SWAP 1023/12002MB (cached 10MB) CPU [9%@729,1%@729,0%@729,0%@729,0%@729,0%@729] GR3D_FREQ 0% cpu@52.562C soc2@50.843C soc0@51.5C gpu@51.562C tj@52.562C soc1@52.125C VDD_IN 4491mW/6987mW VDD_CPU_GPU_CV 516mW/2201mW VDD_SOC 1430mW/1687mW
09-12-2026 23:40:49 RAM 6856/7620MB (lfb 3x1MB) SWAP 1023/12002MB (cached 10MB) CPU [2%@1728,0%@1728,0%@1728,0%@1728,0%@729,0%@729] GR3D_FREQ 0% cpu@52.375C soc2@50.75C soc0@51.437C gpu@51.468C tj@52.375C soc1@52.093C VDD_IN 4491mW/6976mW VDD_CPU_GPU_CV 516mW/2194mW VDD_SOC 1430mW/1686mW
09-12-2026 23:40:50 RAM 6856/7620MB (lfb 3x1MB) SWAP 1023/12002MB (cached 10MB) CPU [0%@1728,0%@1728,0%@1728,0%@1728,0%@729,0%@729] GR3D_FREQ 0% cpu@52.218C soc2@50.75C soc0@51.406C gpu@51.75C tj@52.406C soc1@52.281C VDD_IN 4491mW/6965mW VDD_CPU_GPU_CV 516mW/2186mW VDD_SOC 1430mW/1685mW
09-12-2026 23:40:50 RAM 6856/7620MB (lfb 3x1MB) SWAP 1023/12002MB (cached 10MB) CPU [1%@729,0%@729,0%@729,0%@729,0%@729,0%@729] GR3D_FREQ 0% cpu@52.312C soc2@50.75C soc0@51.406C gpu@51.5C tj@52.312C soc1@52.156C VDD_IN 4451mW/6955mW VDD_CPU_GPU_CV 516mW/2179mW VDD_SOC 1430mW/1684mW
09-12-2026 23:40:51 RAM 6856/7620MB (lfb 3x1MB) SWAP 1023/12002MB (cached 10MB) CPU [0%@729,0%@729,0%@729,0%@729,0%@729,0%@729] GR3D_FREQ 0% cpu@52.156C soc2@50.781C soc0@51.312C gpu@51.687C tj@52.156C soc1@52.156C VDD_IN 4451mW/6944mW VDD_CPU_GPU_CV 516mW/2172mW VDD_SOC 1430mW/1683mW
09-12-2026 23:40:51 RAM 6856/7620MB (lfb 3x1MB) SWAP 1023/12002MB (cached 10MB) CPU [0%@1728,1%@1728,0%@1728,0%@1728,0%@729,1%@729] GR3D_FREQ 0% cpu@52.312C soc2@50.718C soc0@51.437C gpu@51.5C tj@52.281C soc1@52.093C VDD_IN 4451mW/6933mW VDD_CPU_GPU_CV 516mW/2165mW VDD_SOC 1430mW/1682mW
09-12-2026 23:40:52 RAM 6856/7620MB (lfb 3x1MB) SWAP 1023/12002MB (cached 10MB) CPU [0%@729,0%@729,0%@729,0%@729,0%@729,0%@729] GR3D_FREQ 0% cpu@52.375C soc2@50.718C soc0@51.406C gpu@51.687C tj@52.375C soc1@52.125C VDD_IN 4451mW/6923mW VDD_CPU_GPU_CV 516mW/2158mW VDD_SOC 1430mW/1681mW
09-12-2026 23:40:52 RAM 6856/7620MB (lfb 3x1MB) SWAP 1023/12002MB (cached 10MB) CPU [0%@729,0%@1728,0%@1728,0%@1728,0%@729,0%@729] GR3D_FREQ 0% cpu@52.218C soc2@50.781C soc0@51.281C gpu@51.562C tj@52.218C soc1@52.031C VDD_IN 4451mW/6912mW VDD_CPU_GPU_CV 516mW/2151mW VDD_SOC 1430mW/1680mW
09-12-2026 23:40:53 RAM 6856/7620MB (lfb 3x1MB) SWAP 1023/12002MB (cached 10MB) CPU [2%@1728,3%@1728,1%@1728,1%@1728,0%@729,0%@729] GR3D_FREQ 0% cpu@52.25C soc2@50.625C soc0@51.312C gpu@51.625C tj@52.25C soc1@52.156C VDD_IN 4491mW/6902mW VDD_CPU_GPU_CV 516mW/2144mW VDD_SOC 1430mW/1679mW
09-12-2026 23:40:53 RAM 6856/7620MB (lfb 3x1MB) SWAP 1023/12002MB (cached 10MB) CPU [0%@1728,0%@1728,0%@1728,0%@1728,0%@729,0%@729] GR3D_FREQ 0% cpu@52.125C soc2@50.656C soc0@51.281C gpu@51.593C tj@52.156C soc1@52.156C VDD_IN 4491mW/6892mW VDD_CPU_GPU_CV 516mW/2137mW VDD_SOC 1430mW/1678mW
09-12-2026 23:40:54 RAM 6843/7620MB (lfb 3x1MB) SWAP 1023/12002MB (cached 10MB) CPU [1%@729,0%@729,0%@729,0%@729,0%@729,0%@729] GR3D_FREQ 0% cpu@52.406C soc2@50.781C soc0@51.437C gpu@51.562C tj@52.406C soc1@51.968C VDD_IN 4451mW/6882mW VDD_CPU_GPU_CV 516mW/2130mW VDD_SOC 1430mW/1677mW
09-12-2026 23:40:54 RAM 6842/7620MB (lfb 3x1MB) SWAP 1023/12002MB (cached 10MB) CPU [0%@1728,0%@1728,0%@1728,0%@1728,0%@729,0%@729] GR3D_FREQ 0% cpu@52.406C soc2@50.625C soc0@51.437C gpu@51.5C tj@52.406C soc1@52C VDD_IN 4451mW/6872mW VDD_CPU_GPU_CV 516mW/2124mW VDD_SOC 1430mW/1676mW
09-12-2026 23:40:55 RAM 6842/7620MB (lfb 3x1MB) SWAP 1023/12002MB (cached 10MB) CPU [3%@729,2%@729,0%@729,0%@729,0%@729,1%@729] GR3D_FREQ 0% cpu@52.25C soc2@50.625C soc0@51.25C gpu@51.437C tj@52.25C soc1@52C VDD_IN 4451mW/6861mW VDD_CPU_GPU_CV 516mW/2117mW VDD_SOC 1430mW/1675mW
09-12-2026 23:40:55 RAM 6842/7620MB (lfb 3x1MB) SWAP 1023/12002MB (cached 10MB) CPU [1%@1728,0%@1728,0%@1728,0%@1728,0%@729,0%@729] GR3D_FREQ 0% cpu@52.312C soc2@50.593C soc0@51.312C gpu@51.468C tj@52.312C soc1@52.156C VDD_IN 4451mW/6852mW VDD_CPU_GPU_CV 516mW/2110mW VDD_SOC 1430mW/1674mW
09-12-2026 23:40:56 RAM 6843/7620MB (lfb 3x1MB) SWAP 1023/12002MB (cached 10MB) CPU [1%@729,0%@1728,0%@1728,0%@1728,0%@729,0%@729] GR3D_FREQ 0% cpu@52.125C soc2@50.687C soc0@51.312C gpu@51.406C tj@52.125C soc1@52.125C VDD_IN 4451mW/6842mW VDD_CPU_GPU_CV 516mW/2104mW VDD_SOC 1430mW/1673mW
09-12-2026 23:40:56 RAM 6843/7620MB (lfb 3x1MB) SWAP 1023/12002MB (cached 10MB) CPU [0%@729,0%@1728,0%@1728,0%@1728,0%@729,0%@729] GR3D_FREQ 0% cpu@52.062C soc2@50.625C soc0@51.187C gpu@51.343C tj@52.125C soc1@52.125C VDD_IN 4451mW/6832mW VDD_CPU_GPU_CV 516mW/2097mW VDD_SOC 1430mW/1672mW
09-12-2026 23:40:57 RAM 6843/7620MB (lfb 3x1MB) SWAP 1023/12002MB (cached 10MB) CPU [0%@1728,1%@1728,0%@1728,0%@1728,0%@729,0%@729] GR3D_FREQ 0% cpu@52.187C soc2@50.562C soc0@51.312C gpu@51.343C tj@52.187C soc1@51.906C VDD_IN 4451mW/6822mW VDD_CPU_GPU_CV 516mW/2091mW VDD_SOC 1430mW/1671mW
09-12-2026 23:40:57 RAM 6843/7620MB (lfb 3x1MB) SWAP 1023/12002MB (cached 10MB) CPU [0%@1728,0%@1728,0%@1728,0%@1728,0%@729,0%@729] GR3D_FREQ 0% cpu@52.281C soc2@50.562C soc0@51.343C gpu@51.656C tj@52.281C soc1@51.937C VDD_IN 4451mW/6813mW VDD_CPU_GPU_CV 516mW/2084mW VDD_SOC 1430mW/1670mW
09-12-2026 23:40:58 RAM 6843/7620MB (lfb 3x1MB) SWAP 1023/12002MB (cached 10MB) CPU [0%@729,1%@729,0%@729,0%@729,0%@729,0%@729] GR3D_FREQ 0% cpu@52.062C soc2@50.531C soc0@51.218C gpu@51.343C tj@52.312C soc1@51.875C VDD_IN 4451mW/6803mW VDD_CPU_GPU_CV 516mW/2078mW VDD_SOC 1430mW/1669mW
