09-13-2026 14:03:01 RAM 2861/7620MB (lfb 35x2MB) SWAP 688/8192MB (cached 60MB) CPU [2%@1728,3%@1728,97%@1728,0%@1728,0%@729,0%@729] GR3D_FREQ 0% cpu@51.312C soc2@48.812C soc0@49.468C gpu@49.75C tj@51.187C soc1@50C VDD_IN 5802mW/5802mW VDD_CPU_GPU_CV 1468mW/1468mW VDD_SOC 1470mW/1470mW
09-13-2026 14:03:01 RAM 2874/7620MB (lfb 25x2MB) SWAP 688/8192MB (cached 60MB) CPU [2%@1728,0%@1728,93%@1728,0%@1728,0%@729,0%@729] GR3D_FREQ 0% cpu@51.5C soc2@48.843C soc0@49.437C gpu@50.093C tj@51.5C soc1@49.937C VDD_IN 5723mW/5763mW VDD_CPU_GPU_CV 1468mW/1468mW VDD_SOC 1470mW/1470mW
09-13-2026 14:03:02 RAM 2884/7620MB (lfb 20x2MB) SWAP 688/8192MB (cached 60MB) CPU [0%@1728,0%@1728,98%@1728,0%@1728,0%@729,0%@729] GR3D_FREQ 0% cpu@51.406C soc2@48.875C soc0@49.343C gpu@49.75C tj@51.406C soc1@50.187C VDD_IN 5842mW/5789mW VDD_CPU_GPU_CV 1507mW/1481mW VDD_SOC 1470mW/1470mW
09-13-2026 14:03:02 RAM 2889/7620MB (lfb 17x2MB) SWAP 688/8192MB (cached 60MB) CPU [0%@1728,0%@1728,100%@1728,0%@1728,0%@729,0%@729] GR3D_FREQ 0% cpu@51.062C soc2@48.875C soc0@49.406C gpu@50.125C tj@51.062C soc1@50C VDD_IN 5842mW/5802mW VDD_CPU_GPU_CV 1388mW/1458mW VDD_SOC 1510mW/1480mW
09-13-2026 14:03:03 RAM 2913/7620MB (lfb 4x2MB) SWAP 688/8192MB (cached 60MB) CPU [0%@1728,0%@1728,98%@1728,1%@1728,0%@729,0%@729] GR3D_FREQ 0% cpu@51.218C soc2@48.937C soc0@49.468C gpu@49.937C tj@51.218C soc1@50.062C VDD_IN 5762mW/5794mW VDD_CPU_GPU_CV 1388mW/1444mW VDD_SOC 1510mW/1486mW
09-13-2026 14:03:03 RAM 2911/7620MB (lfb 1x2MB) SWAP 688/8192MB (cached 60MB) CPU [3%@1728,2%@1728,94%@1728,0%@1728,0%@729,0%@729] GR3D_FREQ 0% cpu@51.437C soc2@48.875C soc0@49.5C gpu@49.875C tj@51.437C soc1@50.093C VDD_IN 5762mW/5789mW VDD_CPU_GPU_CV 1468mW/1448mW VDD_SOC 1470mW/1483mW
09-13-2026 14:03:04 RAM 2906/7620MB (lfb 286x1MB) SWAP 688/8192MB (cached 60MB) CPU [1%@1728,1%@1728,92%@1728,0%@1728,0%@729,0%@729] GR3D_FREQ 0% cpu@51.312C soc2@48.906C soc0@49.437C gpu@50C tj@51.312C soc1@49.968C VDD_IN 5723mW/5779mW VDD_CPU_GPU_CV 1428mW/1445mW VDD_SOC 1470mW/1481mW
09-13-2026 14:03:04 RAM 2896/7620MB (lfb 282x1MB) SWAP 688/8192MB (cached 60MB) CPU [0%@1728,0%@1728,95%@1728,0%@1728,0%@729,0%@729] GR3D_FREQ 0% cpu@51.312C soc2@48.875C soc0@49.437C gpu@49.875C tj@51.312C soc1@50.125C VDD_IN 5723mW/5772mW VDD_CPU_GPU_CV 1468mW/1448mW VDD_SOC 1470mW/1480mW
09-13-2026 14:03:05 RAM 2892/7620MB (lfb 279x1MB) SWAP 688/8192MB (cached 60MB) CPU [0%@1728,1%@1728,98%@1728,0%@1728,0%@729,0%@729] GR3D_FREQ 0% cpu@51.062C soc2@48.937C soc0@49.468C gpu@49.843C tj@51.062C soc1@50.062C VDD_IN 5762mW/5771mW VDD_CPU_GPU_CV 1349mW/1437mW VDD_SOC 1510mW/1483mW
09-13-2026 14:03:05 RAM 2863/7620MB (lfb 276x1MB) SWAP 688/8192MB (cached 60MB) CPU [1%@1728,2%@1728,100%@1728,0%@1728,0%@729,0%@729] GR3D_FREQ 0% cpu@51.312C soc2@48.968C soc0@49.593C gpu@50.031C tj@51.312C soc1@50.093C VDD_IN 5762mW/5770mW VDD_CPU_GPU_CV 1349mW/1428mW VDD_SOC 1510mW/1486mW
09-13-2026 14:03:06 RAM 2857/7620MB (lfb 275x1MB) SWAP 688/8192MB (cached 60MB) CPU [0%@1728,0%@1728,100%@1728,1%@1728,0%@729,0%@729] GR3D_FREQ 0% cpu@51.25C soc2@48.906C soc0@49.531C gpu@49.781C tj@51.25C soc1@50.031C VDD_IN 5723mW/5766mW VDD_CPU_GPU_CV 1269mW/1414mW VDD_SOC 1510mW/1488mW
09-13-2026 14:03:06 RAM 2849/7620MB (lfb 274x1MB) SWAP 688/8192MB (cached 60MB) CPU [1%@1728,0%@1728,98%@1728,0%@1728,0%@729,0%@729] GR3D_FREQ 0% cpu@51.312C soc2@48.968C soc0@49.5C gpu@50.125C tj@51.312C soc1@50.281C VDD_IN 5762mW/5766mW VDD_CPU_GPU_CV 1428mW/1415mW VDD_SOC 1470mW/1487mW
09-13-2026 14:03:07 RAM 2787/7620MB (lfb 279x1MB) SWAP 688/8192MB (cached 60MB) CPU [3%@1728,3%@1728,88%@1728,0%@1728,0%@729,0%@729] GR3D_FREQ 0% cpu@51.25C soc2@49C soc0@49.5C gpu@50C tj@51.25C soc1@50.187C VDD_IN 5683mW/5759mW VDD_CPU_GPU_CV 1388mW/1413mW VDD_SOC 1470mW/1485mW
09-13-2026 14:03:07 RAM 2713/7620MB (lfb 266x1MB) SWAP 688/8192MB (cached 60MB) CPU [5%@1728,9%@1728,95%@1728,3%@1728,0%@729,0%@729] GR3D_FREQ 0% cpu@51.406C soc2@48.968C soc0@49.687C gpu@49.937C tj@51.406C soc1@50.125C VDD_IN 5802mW/5762mW VDD_CPU_GPU_CV 1428mW/1414mW VDD_SOC 1510mW/1487mW
09-13-2026 14:03:08 RAM 2707/7620MB (lfb 272x1MB) SWAP 688/8192MB (cached 60MB) CPU [0%@1728,1%@1728,98%@1728,2%@1728,0%@729,0%@729] GR3D_FREQ 0% cpu@51.375C soc2@48.906C soc0@49.5C gpu@49.812C tj@51.312C soc1@50.031C VDD_IN 5683mW/5757mW VDD_CPU_GPU_CV 1349mW/1410mW VDD_SOC 1510mW/1489mW
09-13-2026 14:03:08 RAM 2669/7620MB (lfb 277x1MB) SWAP 688/8192MB (cached 60MB) CPU [5%@1728,0%@1728,85%@1728,5%@1728,1%@729,0%@729] GR3D_FREQ 0% cpu@51.062C soc2@48.968C soc0@49.531C gpu@49.843C tj@51.062C soc1@50.125C VDD_IN 5643mW/5750mW VDD_CPU_GPU_CV 1309mW/1403mW VDD_SOC 1510mW/1490mW
09-13-2026 14:03:09 RAM 2670/7620MB (lfb 276x1MB) SWAP 688/8192MB (cached 60MB) CPU [0%@1728,0%@1728,100%@1728,0%@1728,0%@729,0%@729] GR3D_FREQ 0% cpu@50.906C soc2@48.875C soc0@49.5C gpu@49.843C tj@50.906C soc1@50.125C VDD_IN 5723mW/5748mW VDD_CPU_GPU_CV 1230mW/1393mW VDD_SOC 1550mW/1494mW
09-13-2026 14:03:09 RAM 2615/7620MB (lfb 266x1MB) SWAP 688/8192MB (cached 60MB) CPU [4%@1728,1%@1728,86%@1728,7%@1728,0%@729,0%@729] GR3D_FREQ 0% cpu@51.156C soc2@49C soc0@49.437C gpu@50.093C tj@51.156C soc1@50.156C VDD_IN 5683mW/5745mW VDD_CPU_GPU_CV 1349mW/1391mW VDD_SOC 1510mW/1494mW
09-13-2026 14:03:10 RAM 2572/7620MB (lfb 254x1MB) SWAP 688/8192MB (cached 60MB) CPU [0%@1728,8%@1728,0%@1728,95%@1728,0%@729,0%@729] GR3D_FREQ 0% cpu@51C soc2@48.968C soc0@49.687C gpu@49.968C tj@51C soc1@50.156C VDD_IN 5802mW/5748mW VDD_CPU_GPU_CV 1428mW/1393mW VDD_SOC 1510mW/1495mW
09-13-2026 14:03:10 RAM 2587/7620MB (lfb 250x1MB) SWAP 688/8192MB (cached 60MB) CPU [3%@1728,1%@1728,1%@1728,100%@1728,0%@729,0%@729] GR3D_FREQ 0% cpu@51.187C soc2@49C soc0@49.625C gpu@50.093C tj@51.187C soc1@50.125C VDD_IN 5762mW/5748mW VDD_CPU_GPU_CV 1388mW/1392mW VDD_SOC 1510mW/1496mW
09-13-2026 14:03:11 RAM 2627/7620MB (lfb 244x1MB) SWAP 688/8192MB (cached 60MB) CPU [3%@1728,0%@1728,2%@1728,100%@1728,0%@729,0%@729] GR3D_FREQ 0% cpu@51.031C soc2@48.968C soc0@49.593C gpu@49.968C tj@51.031C soc1@50.281C VDD_IN 5802mW/5751mW VDD_CPU_GPU_CV 1349mW/1390mW VDD_SOC 1510mW/1497mW
09-13-2026 14:03:11 RAM 2630/7620MB (lfb 243x1MB) SWAP 688/8192MB (cached 60MB) CPU [0%@1728,0%@1728,0%@1728,100%@1728,0%@729,0%@729] GR3D_FREQ 0% cpu@50.875C soc2@49.031C soc0@49.5C gpu@49.906C tj@50.875C soc1@50.218C VDD_IN 5802mW/5753mW VDD_CPU_GPU_CV 1349mW/1388mW VDD_SOC 1510mW/1497mW
09-13-2026 14:03:12 RAM 2634/7620MB (lfb 242x1MB) SWAP 688/8192MB (cached 60MB) CPU [0%@1728,0%@1728,1%@1728,100%@1728,0%@729,0%@729] GR3D_FREQ 0% cpu@51.125C soc2@49.031C soc0@49.468C gpu@49.843C tj@51.125C soc1@50.281C VDD_IN 5762mW/5754mW VDD_CPU_GPU_CV 1349mW/1387mW VDD_SOC 1510mW/1498mW
09-13-2026 14:03:12 RAM 2646/7620MB (lfb 1x2MB) SWAP 688/8192MB (cached 60MB) CPU [0%@1728,0%@1728,1%@1728,100%@1728,0%@729,0%@729] GR3D_FREQ 0% cpu@51.125C soc2@49C soc0@49.656C gpu@49.906C tj@51.125C soc1@50.187C VDD_IN 5802mW/5756mW VDD_CPU_GPU_CV 1349mW/1385mW VDD_SOC 1510mW/1498mW
09-13-2026 14:03:13 RAM 2657/7620MB (lfb 240x1MB) SWAP 688/8192MB (cached 60MB) CPU [0%@1728,0%@1728,0%@1728,100%@1728,1%@729,0%@729] GR3D_FREQ 0% cpu@50.937C soc2@49C soc0@49.593C gpu@49.843C tj@50.937C soc1@50.187C VDD_IN 5643mW/5751mW VDD_CPU_GPU_CV 1269mW/1380mW VDD_SOC 1510mW/1499mW
09-13-2026 14:03:13 RAM 2672/7620MB (lfb 239x1MB) SWAP 688/8192MB (cached 60MB) CPU [1%@1728,0%@1728,0%@1728,100%@1728,4%@729,1%@729] GR3D_FREQ 0% cpu@51.093C soc2@49.062C soc0@49.625C gpu@50.156C tj@51.093C soc1@50.375C VDD_IN 5842mW/5755mW VDD_CPU_GPU_CV 1349mW/1379mW VDD_SOC 1550mW/1501mW
09-13-2026 14:03:14 RAM 2683/7620MB (lfb 1x2MB) SWAP 688/8192MB (cached 60MB) CPU [0%@1728,0%@1728,0%@1728,100%@1728,3%@729,0%@729] GR3D_FREQ 0% cpu@50.937C soc2@49.062C soc0@49.531C gpu@50C tj@50.937C soc1@50.281C VDD_IN 5723mW/5754mW VDD_CPU_GPU_CV 1309mW/1377mW VDD_SOC 1510mW/1501mW
09-13-2026 14:03:14 RAM 2685/7620MB (lfb 1x2MB) SWAP 688/8192MB (cached 60MB) CPU [0%@1728,0%@1728,0%@1728,100%@1728,0%@729,0%@729] GR3D_FREQ 0% cpu@51.375C soc2@49C soc0@49.812C gpu@50.156C tj@51.375C soc1@50.187C VDD_IN 5683mW/5751mW VDD_CPU_GPU_CV 1309mW/1374mW VDD_SOC 1510mW/1501mW
09-13-2026 14:03:15 RAM 2691/7620MB (lfb 242x1MB) SWAP 688/8192MB (cached 60MB) CPU [0%@1728,0%@1728,1%@1728,100%@1728,2%@729,0%@729] GR3D_FREQ 0% cpu@51.093C soc2@49C soc0@49.718C gpu@49.968C tj@51.093C soc1@50.187C VDD_IN 5762mW/5751mW VDD_CPU_GPU_CV 1309mW/1372mW VDD_SOC 1510mW/1502mW
09-13-2026 14:03:15 RAM 2708/7620MB (lfb 242x1MB) SWAP 688/8192MB (cached 60MB) CPU [1%@1728,0%@1728,0%@1728,100%@1728,5%@729,0%@729] GR3D_FREQ 0% cpu@51.125C soc2@49.062C soc0@49.656C gpu@49.906C tj@51.125C soc1@50.406C VDD_IN 5683mW/5749mW VDD_CPU_GPU_CV 1269mW/1369mW VDD_SOC 1510mW/1502mW
09-13-2026 14:03:16 RAM 2710/7620MB (lfb 241x1MB) SWAP 688/8192MB (cached 60MB) CPU [0%@1728,1%@1728,0%@1728,100%@1728,0%@729,0%@729] GR3D_FREQ 0% cpu@50.968C soc2@49.062C soc0@49.656C gpu@49.968C tj@50.968C soc1@50.281C VDD_IN 5762mW/5750mW VDD_CPU_GPU_CV 1230mW/1364mW VDD_SOC 1550mW/1504mW
09-13-2026 14:03:16 RAM 2672/7620MB (lfb 246x1MB) SWAP 688/8192MB (cached 60MB) CPU [13%@1728,0%@1728,1%@1728,100%@1728,0%@729,0%@729] GR3D_FREQ 23% cpu@51.5C soc2@49.281C soc0@49.531C gpu@49.968C tj@51.5C soc1@50.25C VDD_IN 5802mW/5751mW VDD_CPU_GPU_CV 1309mW/1362mW VDD_SOC 1550mW/1505mW
09-13-2026 14:03:17 RAM 3903/7620MB (lfb 246x1MB) SWAP 688/8192MB (cached 60MB) CPU [14%@1728,3%@1728,10%@1728,98%@1728,3%@729,0%@729] GR3D_FREQ 0% cpu@51.125C soc2@49.093C soc0@49.718C gpu@49.937C tj@51.125C soc1@50.218C VDD_IN 5842mW/5754mW VDD_CPU_GPU_CV 1349mW/1362mW VDD_SOC 1589mW/1508mW
09-13-2026 14:03:17 RAM 5258/7620MB (lfb 168x1MB) SWAP 688/8192MB (cached 60MB) CPU [0%@1113,0%@1113,1%@1113,88%@1113,0%@729,0%@729] GR3D_FREQ 76% cpu@51C soc2@49.187C soc0@49.781C gpu@50.375C tj@51C soc1@50.218C VDD_IN 6586mW/5778mW VDD_CPU_GPU_CV 1663mW/1371mW VDD_SOC 1745mW/1515mW
09-13-2026 14:03:18 RAM 5283/7620MB (lfb 168x1MB) SWAP 688/8192MB (cached 60MB) CPU [4%@1728,1%@1728,2%@1728,89%@1728,1%@729,0%@729] GR3D_FREQ 41% cpu@51.156C soc2@49.218C soc0@49.718C gpu@50.375C tj@51.375C soc1@50.25C VDD_IN 5961mW/5784mW VDD_CPU_GPU_CV 1468mW/1374mW VDD_SOC 1550mW/1516mW
09-13-2026 14:03:18 RAM 5303/7620MB (lfb 163x1MB) SWAP 688/8192MB (cached 60MB) CPU [21%@1728,1%@1728,0%@1728,92%@1728,61%@1728,0%@1728] GR3D_FREQ 17% cpu@51.75C soc2@49.156C soc0@49.687C gpu@50.281C tj@51.75C soc1@50.468C VDD_IN 6626mW/5807mW VDD_CPU_GPU_CV 1861mW/1387mW VDD_SOC 1666mW/1520mW
09-13-2026 14:03:19 RAM 5304/7620MB (lfb 164x1MB) SWAP 688/8192MB (cached 60MB) CPU [20%@1728,0%@1728,1%@1728,82%@1728,82%@1728,0%@1728] GR3D_FREQ 20% cpu@51.562C soc2@49.25C soc0@49.718C gpu@50.468C tj@51.562C soc1@50.375C VDD_IN 6705mW/5831mW VDD_CPU_GPU_CV 1941mW/1402mW VDD_SOC 1666mW/1524mW
09-13-2026 14:03:19 RAM 5304/7620MB (lfb 164x1MB) SWAP 688/8192MB (cached 60MB) CPU [18%@1728,0%@1728,0%@1728,83%@1728,0%@729,52%@729] GR3D_FREQ 10% cpu@51.375C soc2@49.25C soc0@49.843C gpu@50.281C tj@51.375C soc1@50.375C VDD_IN 6586mW/5851mW VDD_CPU_GPU_CV 1861mW/1414mW VDD_SOC 1666mW/1527mW
09-13-2026 14:03:20 RAM 5304/7620MB (lfb 96x1MB) SWAP 688/8192MB (cached 60MB) CPU [25%@1728,1%@1728,3%@1728,86%@1728,0%@729,0%@729] GR3D_FREQ 14% cpu@51.593C soc2@49.281C soc0@49.937C gpu@50.25C tj@51.593C soc1@50.375C VDD_IN 6478mW/5867mW VDD_CPU_GPU_CV 1706mW/1422mW VDD_SOC 1706mW/1532mW
09-13-2026 14:03:20 RAM 5307/7620MB (lfb 144x512kB) SWAP 688/8192MB (cached 60MB) CPU [15%@729,0%@729,1%@1728,75%@1728,1%@729,0%@729] GR3D_FREQ 68% cpu@51.156C soc2@49.125C soc0@49.812C gpu@50.375C tj@51.156C soc1@50.406C VDD_IN 6467mW/5882mW VDD_CPU_GPU_CV 1624mW/1427mW VDD_SOC 1706mW/1536mW
09-13-2026 14:03:21 RAM 5306/7620MB (lfb 144x512kB) SWAP 688/8192MB (cached 60MB) CPU [1%@1728,0%@1728,0%@1728,77%@1728,0%@729,0%@729] GR3D_FREQ 0% cpu@51.312C soc2@49.187C soc0@49.906C gpu@50.25C tj@51.312C soc1@50.531C VDD_IN 6120mW/5888mW VDD_CPU_GPU_CV 1349mW/1425mW VDD_SOC 1666mW/1540mW
09-13-2026 14:03:21 RAM 5306/7620MB (lfb 144x512kB) SWAP 688/8192MB (cached 60MB) CPU [0%@1728,0%@1728,0%@1728,100%@1728,0%@729,0%@729] GR3D_FREQ 0% cpu@51.156C soc2@49.312C soc0@49.781C gpu@50.218C tj@51.156C soc1@50.531C VDD_IN 5802mW/5886mW VDD_CPU_GPU_CV 1230mW/1420mW VDD_SOC 1589mW/1541mW
09-13-2026 14:03:22 RAM 5307/7620MB (lfb 144x512kB) SWAP 688/8192MB (cached 60MB) CPU [0%@1728,0%@1728,0%@1728,100%@1728,0%@729,0%@729] GR3D_FREQ 0% cpu@51.406C soc2@49.281C soc0@49.937C gpu@50.093C tj@51.406C soc1@50.343C VDD_IN 5723mW/5882mW VDD_CPU_GPU_CV 1190mW/1415mW VDD_SOC 1550mW/1541mW
09-13-2026 14:03:22 RAM 5494/7620MB (lfb 6x128kB) SWAP 688/8192MB (cached 60MB) CPU [10%@1728,8%@1728,7%@1728,84%@1728,8%@729,22%@729] GR3D_FREQ 0% cpu@51.187C soc2@49.25C soc0@49.906C gpu@50.093C tj@51.156C soc1@50.437C VDD_IN 6001mW/5885mW VDD_CPU_GPU_CV 1468mW/1416mW VDD_SOC 1550mW/1541mW
09-13-2026 14:03:23 RAM 5493/7620MB (lfb 4289x32kB) SWAP 688/8192MB (cached 60MB) CPU [17%@1728,0%@1728,0%@1728,87%@1728,0%@729,35%@729] GR3D_FREQ 0% cpu@51.437C soc2@49.218C soc0@49.843C gpu@50.437C tj@51.437C soc1@50.406C VDD_IN 5842mW/5884mW VDD_CPU_GPU_CV 1468mW/1417mW VDD_SOC 1550mW/1541mW
09-13-2026 14:03:23 RAM 5489/7620MB (lfb 20x1MB) SWAP 688/8192MB (cached 60MB) CPU [14%@1728,0%@1728,0%@1728,95%@1728,0%@1036,58%@1036] GR3D_FREQ 0% cpu@51.281C soc2@49.312C soc0@49.843C gpu@50.156C tj@51.281C soc1@50.625C VDD_IN 6041mW/5887mW VDD_CPU_GPU_CV 1626mW/1422mW VDD_SOC 1550mW/1542mW
09-13-2026 14:03:24 RAM 5510/7620MB (lfb 34x1MB) SWAP 688/8192MB (cached 60MB) CPU [6%@1728,0%@1728,0%@1728,86%@1728,0%@729,12%@729] GR3D_FREQ 99% cpu@51.906C soc2@49.843C soc0@49.906C gpu@53.156C tj@53.156C soc1@50.562C VDD_IN 12673mW/6032mW VDD_CPU_GPU_CV 6658mW/1533mW VDD_SOC 2121mW/1554mW
09-13-2026 14:03:25 RAM 5514/7620MB (lfb 9x1MB) SWAP 688/8192MB (cached 60MB) CPU [5%@1728,0%@1728,0%@1728,98%@1728,7%@729,0%@729] GR3D_FREQ 0% cpu@51.906C soc2@49.906C soc0@50.031C gpu@51.031C tj@51.906C soc1@50.593C VDD_IN 10148mW/6117mW VDD_CPU_GPU_CV 4762mW/1600mW VDD_SOC 1855mW/1560mW
09-13-2026 14:03:25 RAM 5518/7620MB (lfb 9x1MB) SWAP 688/8192MB (cached 60MB) CPU [0%@1728,1%@1728,1%@1728,100%@1728,0%@729,0%@729] GR3D_FREQ 0% cpu@51.968C soc2@49.656C soc0@50.062C gpu@50.625C tj@51.968C soc1@50.562C VDD_IN 7182mW/6139mW VDD_CPU_GPU_CV 2570mW/1620mW VDD_SOC 1584mW/1561mW
09-13-2026 14:03:26 RAM 5520/7620MB (lfb 9x1MB) SWAP 688/8192MB (cached 60MB) CPU [1%@1728,0%@1728,0%@1728,100%@1728,0%@729,0%@729] GR3D_FREQ 0% cpu@51.625C soc2@49.531C soc0@50C gpu@50.562C tj@51.625C soc1@50.75C VDD_IN 6279mW/6142mW VDD_CPU_GPU_CV 1825mW/1624mW VDD_SOC 1507mW/1560mW
09-13-2026 14:03:26 RAM 5521/7620MB (lfb 9x1MB) SWAP 688/8192MB (cached 60MB) CPU [0%@1728,0%@1728,0%@1728,100%@1728,0%@729,0%@729] GR3D_FREQ 0% cpu@51.781C soc2@49.437C soc0@50.031C gpu@50.406C tj@51.781C soc1@50.718C VDD_IN 6001mW/6139mW VDD_CPU_GPU_CV 1626mW/1624mW VDD_SOC 1510mW/1559mW
09-13-2026 14:03:27 RAM 5515/7620MB (lfb 10x1MB) SWAP 688/8192MB (cached 60MB) CPU [0%@1728,1%@1728,0%@1728,100%@1728,0%@729,0%@729] GR3D_FREQ 0% cpu@51.625C soc2@49.625C soc0@50C gpu@50.312C tj@51.625C soc1@50.656C VDD_IN 5921mW/6135mW VDD_CPU_GPU_CV 1547mW/1623mW VDD_SOC 1510mW/1558mW
09-13-2026 14:03:27 RAM 5515/7620MB (lfb 10x1MB) SWAP 688/8192MB (cached 60MB) CPU [1%@1728,0%@1728,0%@1728,100%@1728,0%@729,0%@729] GR3D_FREQ 0% cpu@51.906C soc2@49.593C soc0@50C gpu@50.656C tj@51.906C soc1@50.593C VDD_IN 5882mW/6130mW VDD_CPU_GPU_CV 1547mW/1621mW VDD_SOC 1510mW/1557mW
09-13-2026 14:03:28 RAM 5517/7620MB (lfb 10x1MB) SWAP 688/8192MB (cached 60MB) CPU [0%@1728,0%@1728,0%@1728,100%@1728,0%@729,0%@729] GR3D_FREQ 0% cpu@51.75C soc2@49.5C soc0@50.062C gpu@50.343C tj@52C soc1@50.562C VDD_IN 5882mW/6126mW VDD_CPU_GPU_CV 1547mW/1620mW VDD_SOC 1510mW/1556mW
09-13-2026 14:03:28 RAM 5519/7620MB (lfb 10x1MB) SWAP 688/8192MB (cached 60MB) CPU [1%@1728,0%@1728,0%@1728,100%@1728,0%@729,0%@729] GR3D_FREQ 0% cpu@51.656C soc2@49.437C soc0@50.093C gpu@50.625C tj@51.656C soc1@50.625C VDD_IN 5882mW/6121mW VDD_CPU_GPU_CV 1547mW/1619mW VDD_SOC 1510mW/1555mW
09-13-2026 14:03:29 RAM 5520/7620MB (lfb 10x1MB) SWAP 688/8192MB (cached 60MB) CPU [1%@1728,1%@1728,0%@1728,100%@1728,0%@729,0%@729] GR3D_FREQ 0% cpu@51.656C soc2@49.531C soc0@50.062C gpu@50.437C tj@51.656C soc1@50.687C VDD_IN 5882mW/6117mW VDD_CPU_GPU_CV 1507mW/1617mW VDD_SOC 1510mW/1554mW
09-13-2026 14:03:29 RAM 5522/7620MB (lfb 10x1MB) SWAP 688/8192MB (cached 60MB) CPU [0%@1728,0%@1728,0%@1728,100%@1728,0%@729,0%@729] GR3D_FREQ 0% cpu@51.843C soc2@49.593C soc0@50.093C gpu@50.312C tj@51.843C soc1@50.562C VDD_IN 5882mW/6113mW VDD_CPU_GPU_CV 1547mW/1615mW VDD_SOC 1510mW/1553mW
09-13-2026 14:03:30 RAM 5524/7620MB (lfb 10x1MB) SWAP 688/8192MB (cached 60MB) CPU [0%@1728,0%@1728,0%@1728,100%@1728,0%@729,0%@729] GR3D_FREQ 0% cpu@51.562C soc2@49.5C soc0@50.062C gpu@50.437C tj@51.562C soc1@50.625C VDD_IN 5842mW/6108mW VDD_CPU_GPU_CV 1507mW/1614mW VDD_SOC 1510mW/1553mW
09-13-2026 14:03:30 RAM 5525/7620MB (lfb 10x1MB) SWAP 688/8192MB (cached 60MB) CPU [0%@1728,0%@1728,0%@1728,100%@1728,1%@729,0%@729] GR3D_FREQ 0% cpu@51.75C soc2@49.5C soc0@50.093C gpu@50.375C tj@51.75C soc1@50.687C VDD_IN 5882mW/6104mW VDD_CPU_GPU_CV 1507mW/1612mW VDD_SOC 1510mW/1552mW
09-13-2026 14:03:31 RAM 5527/7620MB (lfb 10x1MB) SWAP 688/8192MB (cached 60MB) CPU [1%@1728,0%@1728,0%@1728,100%@1728,0%@729,0%@729] GR3D_FREQ 0% cpu@51.718C soc2@49.5C soc0@50.062C gpu@50.281C tj@51.718C soc1@50.812C VDD_IN 5882mW/6101mW VDD_CPU_GPU_CV 1547mW/1611mW VDD_SOC 1510mW/1551mW
09-13-2026 14:03:31 RAM 5528/7620MB (lfb 10x1MB) SWAP 688/8192MB (cached 60MB) CPU [0%@1728,0%@1728,0%@1728,100%@1728,0%@729,0%@729] GR3D_FREQ 0% cpu@51.968C soc2@49.718C soc0@50C gpu@50.5C tj@51.656C soc1@50.687C VDD_IN 5882mW/6097mW VDD_CPU_GPU_CV 1547mW/1610mW VDD_SOC 1510mW/1551mW
09-13-2026 14:03:32 RAM 5530/7620MB (lfb 10x1MB) SWAP 688/8192MB (cached 60MB) CPU [0%@1728,0%@1728,0%@1728,100%@1728,0%@729,0%@729] GR3D_FREQ 0% cpu@51.656C soc2@49.625C soc0@50.156C gpu@50.312C tj@51.656C soc1@50.687C VDD_IN 5882mW/6094mW VDD_CPU_GPU_CV 1547mW/1609mW VDD_SOC 1510mW/1550mW
09-13-2026 14:03:32 RAM 5532/7620MB (lfb 9x1MB) SWAP 688/8192MB (cached 60MB) CPU [1%@1728,1%@1728,0%@1728,100%@1728,0%@729,0%@729] GR3D_FREQ 0% cpu@51.843C soc2@49.5C soc0@50.156C gpu@50.687C tj@51.843C soc1@50.593C VDD_IN 5882mW/6090mW VDD_CPU_GPU_CV 1547mW/1608mW VDD_SOC 1510mW/1549mW
09-13-2026 14:03:33 RAM 5534/7620MB (lfb 8x1MB) SWAP 688/8192MB (cached 60MB) CPU [0%@1728,0%@1728,0%@1728,100%@1728,0%@729,0%@729] GR3D_FREQ 0% cpu@51.718C soc2@49.562C soc0@50.031C gpu@50.562C tj@51.718C soc1@50.781C VDD_IN 5882mW/6087mW VDD_CPU_GPU_CV 1547mW/1607mW VDD_SOC 1510mW/1549mW
09-13-2026 14:03:33 RAM 5535/7620MB (lfb 6x1MB) SWAP 688/8192MB (cached 60MB) CPU [0%@1728,1%@1728,0%@1728,100%@1728,0%@729,0%@729] GR3D_FREQ 0% cpu@51.718C soc2@49.562C soc0@50.062C gpu@50.406C tj@51.718C soc1@50.75C VDD_IN 5882mW/6084mW VDD_CPU_GPU_CV 1507mW/1605mW VDD_SOC 1510mW/1548mW
09-13-2026 14:03:34 RAM 5538/7620MB (lfb 4x1MB) SWAP 688/8192MB (cached 60MB) CPU [0%@1728,0%@1728,0%@1728,100%@1728,0%@729,0%@729] GR3D_FREQ 0% cpu@51.718C soc2@49.593C soc0@50.031C gpu@50.531C tj@51.718C soc1@50.687C VDD_IN 5882mW/6081mW VDD_CPU_GPU_CV 1547mW/1604mW VDD_SOC 1510mW/1548mW
09-13-2026 14:03:34 RAM 5539/7620MB (lfb 2x1MB) SWAP 688/8192MB (cached 60MB) CPU [0%@1728,0%@1728,0%@1728,100%@1728,0%@729,0%@729] GR3D_FREQ 0% cpu@51.906C soc2@49.562C soc0@50.187C gpu@50.468C tj@51.906C soc1@50.687C VDD_IN 5882mW/6078mW VDD_CPU_GPU_CV 1547mW/1603mW VDD_SOC 1510mW/1547mW
09-13-2026 14:03:35 RAM 5540/7620MB (lfb 1x1MB) SWAP 688/8192MB (cached 60MB) CPU [3%@1728,0%@1728,0%@1728,100%@1728,0%@729,0%@729] GR3D_FREQ 0% cpu@51.781C soc2@49.593C soc0@50.093C gpu@50.406C tj@51.781C soc1@50.687C VDD_IN 5882mW/6075mW VDD_CPU_GPU_CV 1507mW/1602mW VDD_SOC 1510mW/1546mW
09-13-2026 14:03:35 RAM 5543/7620MB (lfb 17x1MB) SWAP 688/8192MB (cached 60MB) CPU [0%@1728,0%@1728,0%@1728,100%@1728,1%@729,8%@729] GR3D_FREQ 0% cpu@51.781C soc2@49.593C soc0@50C gpu@50.687C tj@51.781C soc1@50.812C VDD_IN 5921mW/6073mW VDD_CPU_GPU_CV 1547mW/1601mW VDD_SOC 1510mW/1546mW
09-13-2026 14:03:36 RAM 5544/7620MB (lfb 17x1MB) SWAP 688/8192MB (cached 60MB) CPU [0%@1728,0%@1728,0%@1728,100%@1728,0%@729,0%@729] GR3D_FREQ 0% cpu@51.781C soc2@49.718C soc0@50.062C gpu@50.75C tj@51.781C soc1@50.75C VDD_IN 5882mW/6070mW VDD_CPU_GPU_CV 1547mW/1600mW VDD_SOC 1510mW/1545mW
09-13-2026 14:03:36 RAM 5547/7620MB (lfb 1x2MB) SWAP 688/8192MB (cached 60MB) CPU [0%@1728,0%@1728,0%@1728,100%@1728,10%@729,0%@729] GR3D_FREQ 0% cpu@51.875C soc2@49.656C soc0@50.062C gpu@50.625C tj@51.875C soc1@50.75C VDD_IN 5921mW/6068mW VDD_CPU_GPU_CV 1547mW/1600mW VDD_SOC 1510mW/1545mW
09-13-2026 14:03:37 RAM 5549/7620MB (lfb 1x2MB) SWAP 688/8192MB (cached 60MB) CPU [0%@1728,0%@1728,0%@1728,100%@1728,0%@729,0%@729] GR3D_FREQ 0% cpu@51.781C soc2@49.531C soc0@50.187C gpu@50.5C tj@51.781C soc1@50.687C VDD_IN 5882mW/6065mW VDD_CPU_GPU_CV 1547mW/1599mW VDD_SOC 1510mW/1544mW
09-13-2026 14:03:37 RAM 5550/7620MB (lfb 1x2MB) SWAP 688/8192MB (cached 60MB) CPU [0%@1728,1%@1728,0%@1728,100%@1728,2%@729,0%@729] GR3D_FREQ 0% cpu@51.687C soc2@49.593C soc0@50.156C gpu@50.5C tj@51.687C soc1@50.687C VDD_IN 5882mW/6063mW VDD_CPU_GPU_CV 1428mW/1597mW VDD_SOC 1550mW/1544mW
09-13-2026 14:03:38 RAM 5550/7620MB (lfb 1x2MB) SWAP 688/8192MB (cached 60MB) CPU [1%@1728,1%@1728,0%@1728,100%@1728,0%@729,0%@729] GR3D_FREQ 0% cpu@51.437C soc2@49.562C soc0@50.156C gpu@50.562C tj@51.437C soc1@50.875C VDD_IN 5762mW/6059mW VDD_CPU_GPU_CV 1269mW/1592mW VDD_SOC 1550mW/1545mW
09-13-2026 14:03:38 RAM 5552/7620MB (lfb 1x2MB) SWAP 688/8192MB (cached 60MB) CPU [0%@1728,0%@1728,0%@1728,100%@1728,1%@729,0%@729] GR3D_FREQ 0% cpu@52.031C soc2@49.593C soc0@50.125C gpu@50.468C tj@52.031C soc1@50.781C VDD_IN 5802mW/6055mW VDD_CPU_GPU_CV 1428mW/1590mW VDD_SOC 1510mW/1544mW
09-13-2026 14:03:39 RAM 5553/7620MB (lfb 1x2MB) SWAP 688/8192MB (cached 60MB) CPU [0%@1728,0%@1728,0%@1728,100%@1728,0%@729,0%@729] GR3D_FREQ 0% cpu@51.718C soc2@49.656C soc0@50.281C gpu@50.781C tj@51.718C soc1@50.843C VDD_IN 5882mW/6053mW VDD_CPU_GPU_CV 1507mW/1589mW VDD_SOC 1510mW/1544mW
09-13-2026 14:03:39 RAM 5555/7620MB (lfb 1x2MB) SWAP 688/8192MB (cached 60MB) CPU [0%@1728,0%@1728,0%@1728,100%@1728,0%@729,0%@729] GR3D_FREQ 0% cpu@51.906C soc2@49.656C soc0@50.187C gpu@50.656C tj@51.906C soc1@50.718C VDD_IN 5882mW/6051mW VDD_CPU_GPU_CV 1547mW/1588mW VDD_SOC 1510mW/1543mW
09-13-2026 14:03:40 RAM 5556/7620MB (lfb 1x2MB) SWAP 688/8192MB (cached 60MB) CPU [0%@1728,0%@1728,0%@1728,100%@1728,0%@729,0%@729] GR3D_FREQ 0% cpu@51.812C soc2@49.687C soc0@50.156C gpu@50.875C tj@51.812C soc1@50.968C VDD_IN 5882mW/6049mW VDD_CPU_GPU_CV 1547mW/1588mW VDD_SOC 1510mW/1543mW
09-13-2026 14:03:40 RAM 5558/7620MB (lfb 1x2MB) SWAP 688/8192MB (cached 60MB) CPU [1%@1728,0%@1728,0%@1728,100%@1728,0%@729,0%@729] GR3D_FREQ 0% cpu@51.687C soc2@49.718C soc0@50.093C gpu@50.687C tj@51.843C soc1@50.906C VDD_IN 5882mW/6046mW VDD_CPU_GPU_CV 1547mW/1587mW VDD_SOC 1510mW/1542mW
09-13-2026 14:03:41 RAM 5559/7620MB (lfb 1x2MB) SWAP 688/8192MB (cached 60MB) CPU [0%@1728,0%@1728,1%@1728,100%@1728,0%@729,0%@729] GR3D_FREQ 0% cpu@51.75C soc2@49.687C soc0@50.25C gpu@50.593C tj@51.75C soc1@50.718C VDD_IN 5882mW/6044mW VDD_CPU_GPU_CV 1507mW/1586mW VDD_SOC 1510mW/1542mW
09-13-2026 14:03:41 RAM 5561/7620MB (lfb 1x2MB) SWAP 688/8192MB (cached 60MB) CPU [1%@1728,0%@1728,0%@1728,100%@1728,0%@729,0%@729] GR3D_FREQ 0% cpu@51.843C soc2@49.718C soc0@50.25C gpu@50.562C tj@51.843C soc1@50.75C VDD_IN 5882mW/6042mW VDD_CPU_GPU_CV 1507mW/1585mW VDD_SOC 1510mW/1542mW
09-13-2026 14:03:42 RAM 5599/7620MB (lfb 1x2MB) SWAP 688/8192MB (cached 60MB) CPU [0%@1728,0%@1728,0%@1728,100%@1728,0%@729,0%@729] GR3D_FREQ 0% cpu@51.781C soc2@49.687C soc0@50.218C gpu@50.593C tj@51.781C soc1@50.937C VDD_IN 5842mW/6040mW VDD_CPU_GPU_CV 1507mW/1584mW VDD_SOC 1470mW/1541mW
09-13-2026 14:03:42 RAM 5598/7620MB (lfb 69x512kB) SWAP 688/8192MB (cached 60MB) CPU [6%@1420,0%@1420,44%@1420,26%@1420,0%@729,11%@729] GR3D_FREQ 0% cpu@51.812C soc2@49.687C soc0@50.187C gpu@50.562C tj@51.812C soc1@50.968C VDD_IN 5603mW/6035mW VDD_CPU_GPU_CV 1349mW/1582mW VDD_SOC 1470mW/1540mW
09-13-2026 14:03:43 RAM 5600/7620MB (lfb 69x512kB) SWAP 688/8192MB (cached 60MB) CPU [7%@1728,0%@1728,2%@1728,84%@1728,0%@729,2%@729] GR3D_FREQ 0% cpu@51.781C soc2@49.718C soc0@50.093C gpu@50.781C tj@51.781C soc1@50.875C VDD_IN 5683mW/6031mW VDD_CPU_GPU_CV 1388mW/1579mW VDD_SOC 1470mW/1539mW
09-13-2026 14:03:43 RAM 5605/7620MB (lfb 4x1MB) SWAP 688/8192MB (cached 60MB) CPU [1%@1728,0%@1728,0%@1728,100%@1728,7%@729,0%@729] GR3D_FREQ 0% cpu@51.906C soc2@49.781C soc0@50.375C gpu@50.656C tj@51.906C soc1@50.812C VDD_IN 5762mW/6027mW VDD_CPU_GPU_CV 1507mW/1578mW VDD_SOC 1470mW/1538mW
09-13-2026 14:03:44 RAM 5605/7620MB (lfb 4x1MB) SWAP 688/8192MB (cached 60MB) CPU [1%@1728,0%@1728,0%@1728,100%@1728,0%@729,0%@729] GR3D_FREQ 0% cpu@52.125C soc2@49.718C soc0@50.312C gpu@50.812C tj@52.125C soc1@50.812C VDD_IN 5842mW/6025mW VDD_CPU_GPU_CV 1547mW/1578mW VDD_SOC 1470mW/1537mW
09-13-2026 14:03:44 RAM 5605/7620MB (lfb 4x1MB) SWAP 688/8192MB (cached 60MB) CPU [1%@1728,0%@1728,0%@1728,100%@1728,0%@729,0%@729] GR3D_FREQ 0% cpu@51.937C soc2@49.718C soc0@50.25C gpu@50.718C tj@51.937C soc1@51.093C VDD_IN 5882mW/6024mW VDD_CPU_GPU_CV 1547mW/1578mW VDD_SOC 1470mW/1537mW
09-13-2026 14:03:45 RAM 5605/7620MB (lfb 4x1MB) SWAP 688/8192MB (cached 60MB) CPU [0%@1728,0%@1728,0%@1728,100%@1728,0%@729,0%@729] GR3D_FREQ 0% cpu@51.843C soc2@49.625C soc0@50.156C gpu@50.656C tj@51.843C soc1@51.062C VDD_IN 5882mW/6022mW VDD_CPU_GPU_CV 1547mW/1577mW VDD_SOC 1470mW/1536mW
09-13-2026 14:03:45 RAM 5605/7620MB (lfb 4x1MB) SWAP 688/8192MB (cached 60MB) CPU [0%@1728,1%@1728,0%@1728,100%@1728,0%@729,0%@729] GR3D_FREQ 0% cpu@52.156C soc2@49.75C soc0@50.218C gpu@50.625C tj@52.156C soc1@50.906C VDD_IN 5882mW/6020mW VDD_CPU_GPU_CV 1547mW/1577mW VDD_SOC 1470mW/1535mW
09-13-2026 14:03:46 RAM 5605/7620MB (lfb 4x1MB) SWAP 688/8192MB (cached 60MB) CPU [1%@1728,0%@1728,0%@1728,100%@1728,0%@729,0%@729] GR3D_FREQ 0% cpu@51.843C soc2@49.781C soc0@50.375C gpu@50.656C tj@51.843C soc1@50.875C VDD_IN 5882mW/6019mW VDD_CPU_GPU_CV 1587mW/1577mW VDD_SOC 1470mW/1534mW
09-13-2026 14:03:46 RAM 5605/7620MB (lfb 4x1MB) SWAP 688/8192MB (cached 60MB) CPU [0%@1728,0%@1728,0%@1728,100%@1728,0%@729,0%@729] GR3D_FREQ 0% cpu@51.968C soc2@49.687C soc0@50.25C gpu@50.625C tj@51.968C soc1@50.843C VDD_IN 5882mW/6017mW VDD_CPU_GPU_CV 1587mW/1577mW VDD_SOC 1470mW/1534mW
09-13-2026 14:03:47 RAM 5605/7620MB (lfb 4x1MB) SWAP 688/8192MB (cached 60MB) CPU [0%@1728,0%@1728,0%@1728,100%@1728,0%@729,0%@729] GR3D_FREQ 0% cpu@51.937C soc2@49.75C soc0@50.281C gpu@50.812C tj@51.937C soc1@51.031C VDD_IN 5882mW/6016mW VDD_CPU_GPU_CV 1587mW/1577mW VDD_SOC 1470mW/1533mW
09-13-2026 14:03:47 RAM 5606/7620MB (lfb 4x1MB) SWAP 688/8192MB (cached 60MB) CPU [0%@1728,1%@1728,0%@1728,100%@1728,0%@729,5%@729] GR3D_FREQ 0% cpu@52.187C soc2@49.781C soc0@50.25C gpu@50.75C tj@51.937C soc1@50.968C VDD_IN 5882mW/6014mW VDD_CPU_GPU_CV 1587mW/1577mW VDD_SOC 1470mW/1532mW
09-13-2026 14:03:48 RAM 5606/7620MB (lfb 4x1MB) SWAP 688/8192MB (cached 60MB) CPU [3%@1728,1%@1728,0%@1728,100%@1728,0%@729,1%@729] GR3D_FREQ 0% cpu@51.906C soc2@49.812C soc0@50.312C gpu@50.625C tj@51.906C soc1@50.906C VDD_IN 5882mW/6013mW VDD_CPU_GPU_CV 1587mW/1578mW VDD_SOC 1470mW/1532mW
09-13-2026 14:03:48 RAM 5605/7620MB (lfb 4x1MB) SWAP 688/8192MB (cached 61MB) CPU [0%@1728,0%@1728,0%@1728,100%@1728,0%@729,0%@729] GR3D_FREQ 0% cpu@52.062C soc2@49.656C soc0@50.343C gpu@50.718C tj@52.062C soc1@50.906C VDD_IN 5882mW/6012mW VDD_CPU_GPU_CV 1587mW/1578mW VDD_SOC 1470mW/1531mW
09-13-2026 14:03:49 RAM 5605/7620MB (lfb 4x1MB) SWAP 688/8192MB (cached 61MB) CPU [0%@1728,1%@1728,0%@1728,100%@1728,0%@729,4%@729] GR3D_FREQ 0% cpu@51.906C soc2@49.812C soc0@50.281C gpu@50.687C tj@51.906C soc1@51.031C VDD_IN 5882mW/6010mW VDD_CPU_GPU_CV 1587mW/1578mW VDD_SOC 1470mW/1530mW
09-13-2026 14:03:49 RAM 5606/7620MB (lfb 4x1MB) SWAP 688/8192MB (cached 61MB) CPU [0%@1728,0%@1728,0%@1728,98%@1728,0%@729,0%@729] GR3D_FREQ 0% cpu@51.937C soc2@49.875C soc0@50.218C gpu@50.625C tj@51.937C soc1@51.031C VDD_IN 5842mW/6009mW VDD_CPU_GPU_CV 1547mW/1577mW VDD_SOC 1470mW/1530mW
09-13-2026 14:03:50 RAM 5606/7620MB (lfb 4x1MB) SWAP 688/8192MB (cached 61MB) CPU [0%@1728,0%@1728,0%@1728,100%@1728,0%@729,0%@729] GR3D_FREQ 0% cpu@51.937C soc2@49.812C soc0@50.468C gpu@50.875C tj@51.937C soc1@51C VDD_IN 5842mW/6007mW VDD_CPU_GPU_CV 1547mW/1577mW VDD_SOC 1470mW/1529mW
09-13-2026 14:03:50 RAM 5606/7620MB (lfb 4x1MB) SWAP 688/8192MB (cached 61MB) CPU [0%@1728,0%@1728,3%@1728,100%@1728,0%@729,0%@729] GR3D_FREQ 0% cpu@52.062C soc2@49.718C soc0@50.437C gpu@50.75C tj@52.062C soc1@51C VDD_IN 5842mW/6005mW VDD_CPU_GPU_CV 1547mW/1577mW VDD_SOC 1470mW/1529mW
09-13-2026 14:03:51 RAM 5607/7620MB (lfb 4x1MB) SWAP 688/8192MB (cached 61MB) CPU [1%@1728,0%@1728,0%@1728,100%@1728,0%@729,0%@729] GR3D_FREQ 0% cpu@51.906C soc2@49.812C soc0@50.312C gpu@50.812C tj@51.906C soc1@51.25C VDD_IN 5802mW/6003mW VDD_CPU_GPU_CV 1547mW/1577mW VDD_SOC 1470mW/1528mW
09-13-2026 14:03:51 RAM 5608/7620MB (lfb 4x1MB) SWAP 688/8192MB (cached 61MB) CPU [0%@1728,0%@1728,0%@1728,100%@1728,0%@729,0%@729] GR3D_FREQ 0% cpu@52.031C soc2@49.812C soc0@50.343C gpu@50.781C tj@52.031C soc1@50.968C VDD_IN 5802mW/6001mW VDD_CPU_GPU_CV 1547mW/1576mW VDD_SOC 1470mW/1527mW
09-13-2026 14:03:52 RAM 5608/7620MB (lfb 4x1MB) SWAP 688/8192MB (cached 61MB) CPU [0%@1728,1%@1728,0%@1728,100%@1728,0%@729,0%@729] GR3D_FREQ 0% cpu@51.843C soc2@49.812C soc0@50.312C gpu@50.75C tj@51.843C soc1@51C VDD_IN 5802mW/5999mW VDD_CPU_GPU_CV 1547mW/1576mW VDD_SOC 1470mW/1527mW
09-13-2026 14:03:52 RAM 5610/7620MB (lfb 4x1MB) SWAP 688/8192MB (cached 61MB) CPU [2%@1728,0%@1728,1%@1728,100%@1728,3%@729,2%@729] GR3D_FREQ 0% cpu@52.093C soc2@49.812C soc0@50.375C gpu@50.656C tj@52.093C soc1@50.968C VDD_IN 5842mW/5998mW VDD_CPU_GPU_CV 1587mW/1576mW VDD_SOC 1470mW/1526mW
09-13-2026 14:03:53 RAM 5640/7620MB (lfb 3x1MB) SWAP 688/8192MB (cached 60MB) CPU [3%@1728,0%@1728,26%@1728,68%@1728,4%@729,8%@729] GR3D_FREQ 99% cpu@52.156C soc2@49.843C soc0@50.343C gpu@50.937C tj@52.406C soc1@51.031C VDD_IN 6279mW/6000mW VDD_CPU_GPU_CV 1706mW/1577mW VDD_SOC 1587mW/1527mW
09-13-2026 14:03:53 RAM 5676/7620MB (lfb 51x512kB) SWAP 688/8192MB (cached 60MB) CPU [4%@1728,0%@1728,89%@1728,0%@1728,0%@729,11%@729] GR3D_FREQ 75% cpu@52.437C soc2@50.093C soc0@50.468C gpu@51.437C tj@52.437C soc1@51.312C VDD_IN 8557mW/6025mW VDD_CPU_GPU_CV 3040mW/1591mW VDD_SOC 1938mW/1531mW
09-13-2026 14:03:54 RAM 5705/7620MB (lfb 47x512kB) SWAP 688/8192MB (cached 60MB) CPU [2%@1728,0%@1728,96%@1728,0%@1728,2%@729,12%@729] GR3D_FREQ 99% cpu@52.531C soc2@50.312C soc0@50.437C gpu@51.875C tj@52.531C soc1@51.187C VDD_IN 9571mW/6058mW VDD_CPU_GPU_CV 3705mW/1611mW VDD_SOC 2053mW/1536mW
09-13-2026 14:03:54 RAM 5742/7620MB (lfb 45x512kB) SWAP 688/8192MB (cached 60MB) CPU [5%@1728,0%@1728,98%@1728,0%@1728,0%@729,7%@729] GR3D_FREQ 3% cpu@52.906C soc2@50.375C soc0@50.531C gpu@52.156C tj@52.906C soc1@51.156C VDD_IN 9753mW/6093mW VDD_CPU_GPU_CV 3824mW/1632mW VDD_SOC 2092mW/1541mW
09-13-2026 14:03:55 RAM 5875/7620MB (lfb 43x512kB) SWAP 688/8192MB (cached 60MB) CPU [4%@1728,0%@1728,90%@1728,0%@1728,1%@1190,32%@1190] GR3D_FREQ 11% cpu@52.406C soc2@50.343C soc0@50.75C gpu@51.562C tj@52.406C soc1@51.187C VDD_IN 9057mW/6120mW VDD_CPU_GPU_CV 3395mW/1648mW VDD_SOC 1977mW/1545mW
09-13-2026 14:03:55 RAM 5877/7620MB (lfb 43x512kB) SWAP 688/8192MB (cached 60MB) CPU [4%@1728,0%@1728,100%@1728,1%@1728,0%@729,0%@729] GR3D_FREQ 0% cpu@52.406C soc2@50.218C soc0@50.75C gpu@51.156C tj@52.406C soc1@51.187C VDD_IN 6864mW/6127mW VDD_CPU_GPU_CV 1941mW/1651mW VDD_SOC 1706mW/1546mW
09-13-2026 14:03:56 RAM 6017/7620MB (lfb 13963x32kB) SWAP 688/8192MB (cached 60MB) CPU [10%@1728,13%@1728,100%@1728,5%@1728,2%@729,12%@729] GR3D_FREQ 9% cpu@52.312C soc2@50.125C soc0@50.593C gpu@51C tj@52.312C soc1@51.343C VDD_IN 6200mW/6128mW VDD_CPU_GPU_CV 1547mW/1650mW VDD_SOC 1587mW/1547mW
09-13-2026 14:03:56 RAM 6414/7620MB (lfb 2x512kB) SWAP 688/8192MB (cached 60MB) CPU [0%@1728,0%@1728,100%@1728,0%@1728,0%@729,0%@729] GR3D_FREQ 0% cpu@52.5C soc2@50.187C soc0@50.562C gpu@50.968C tj@52.281C soc1@51.281C VDD_IN 6001mW/6127mW VDD_CPU_GPU_CV 1349mW/1647mW VDD_SOC 1589mW/1547mW
09-13-2026 14:03:57 RAM 6414/7620MB (lfb 2x512kB) SWAP 688/8192MB (cached 60MB) CPU [1%@1728,0%@1728,100%@1728,0%@1728,0%@729,0%@729] GR3D_FREQ 0% cpu@51.968C soc2@50.156C soc0@50.75C gpu@50.875C tj@51.968C soc1@51.312C VDD_IN 5762mW/6123mW VDD_CPU_GPU_CV 1230mW/1643mW VDD_SOC 1550mW/1547mW
09-13-2026 14:03:57 RAM 6461/7620MB (lfb 14x512kB) SWAP 688/8192MB (cached 60MB) CPU [1%@1728,0%@1728,95%@1728,0%@1728,0%@729,8%@729] GR3D_FREQ 0% cpu@52.406C soc2@50.187C soc0@50.593C gpu@51.312C tj@52.406C soc1@51.218C VDD_IN 6359mW/6125mW VDD_CPU_GPU_CV 1626mW/1643mW VDD_SOC 1626mW/1548mW
09-13-2026 14:03:58 RAM 6462/7620MB (lfb 10x512kB) SWAP 688/8192MB (cached 60MB) CPU [0%@1728,1%@1728,100%@1728,0%@1728,1%@729,0%@729] GR3D_FREQ 0% cpu@52.281C soc2@50.093C soc0@50.593C gpu@51.062C tj@52.281C soc1@51.156C VDD_IN 6001mW/6124mW VDD_CPU_GPU_CV 1349mW/1641mW VDD_SOC 1589mW/1548mW
09-13-2026 14:03:58 RAM 6464/7620MB (lfb 8x512kB) SWAP 688/8192MB (cached 60MB) CPU [0%@1728,0%@1728,100%@1728,0%@1728,0%@729,0%@729] GR3D_FREQ 80% cpu@52.437C soc2@50.031C soc0@50.625C gpu@51.437C tj@52.437C soc1@51.375C VDD_IN 6120mW/6124mW VDD_CPU_GPU_CV 1428mW/1639mW VDD_SOC 1626mW/1549mW
09-13-2026 14:03:59 RAM 6464/7620MB (lfb 8x512kB) SWAP 688/8192MB (cached 60MB) CPU [0%@1728,0%@1728,100%@1728,0%@1728,0%@729,0%@729] GR3D_FREQ 0% cpu@52.25C soc2@50.187C soc0@50.593C gpu@51.062C tj@52.25C soc1@51.343C VDD_IN 5961mW/6123mW VDD_CPU_GPU_CV 1309mW/1636mW VDD_SOC 1589mW/1549mW
09-13-2026 14:03:59 RAM 6466/7620MB (lfb 8x512kB) SWAP 688/8192MB (cached 60MB) CPU [0%@1728,0%@1728,98%@1728,0%@1728,0%@729,0%@729] GR3D_FREQ 0% cpu@52.375C soc2@50.062C soc0@50.781C gpu@51C tj@52.375C soc1@51.25C VDD_IN 5683mW/6119mW VDD_CPU_GPU_CV 1230mW/1633mW VDD_SOC 1550mW/1549mW
09-13-2026 14:04:00 RAM 6621/7620MB (lfb 7x1MB) SWAP 688/8192MB (cached 60MB) CPU [88%@1728,12%@1728,28%@1728,24%@1728,20%@729,44%@729] GR3D_FREQ 0% cpu@52.437C soc2@50.281C soc0@50.687C gpu@51.093C tj@52.437C soc1@51.187C VDD_IN 6239mW/6120mW VDD_CPU_GPU_CV 1745mW/1634mW VDD_SOC 1547mW/1549mW
09-13-2026 14:04:00 RAM 6687/7620MB (lfb 53x512kB) SWAP 688/8192MB (cached 60MB) CPU [92%@1728,11%@1728,1%@1728,3%@1728,0%@729,47%@729] GR3D_FREQ 0% cpu@52.031C soc2@50.156C soc0@50.718C gpu@51.031C tj@52.031C soc1@51.437C VDD_IN 6359mW/6122mW VDD_CPU_GPU_CV 1745mW/1634mW VDD_SOC 1587mW/1550mW
09-13-2026 14:04:01 RAM 7197/7620MB (lfb 5x512kB) SWAP 690/8192MB (cached 60MB) CPU [3%@1728,84%@1728,11%@1728,0%@1728,10%@1728,26%@1728] GR3D_FREQ 0% cpu@52.625C soc2@50.218C soc0@50.625C gpu@51.156C tj@52.625C soc1@51.343C VDD_IN 7685mW/6135mW VDD_CPU_GPU_CV 2729mW/1644mW VDD_SOC 1703mW/1551mW
09-13-2026 14:04:01 RAM 7351/7620MB (lfb 61x64kB) SWAP 738/8192MB (cached 58MB) CPU [4%@1728,64%@1728,39%@1728,0%@1728,44%@1728,50%@1728] GR3D_FREQ 0% cpu@52.468C soc2@50.312C soc0@50.718C gpu@51.125C tj@52.468C soc1@51.281C VDD_IN 7261mW/6144mW VDD_CPU_GPU_CV 2452mW/1650mW VDD_SOC 1624mW/1551mW
09-13-2026 14:04:02 RAM 7310/7620MB (lfb 2x2MB) SWAP 817/8192MB (cached 93MB) CPU [7%@1728,23%@1728,1%@1728,0%@1728,0%@729,21%@729] GR3D_FREQ 99% cpu@52.125C soc2@50.625C soc0@50.718C gpu@53.593C tj@53.593C soc1@51.531C VDD_IN 11669mW/6190mW VDD_CPU_GPU_CV 5767mW/1684mW VDD_SOC 2086mW/1556mW
09-13-2026 14:04:02 RAM 7315/7620MB (lfb 12x2MB) SWAP 817/8192MB (cached 93MB) CPU [0%@729,1%@729,1%@729,1%@729,46%@729,0%@729] GR3D_FREQ 99% cpu@52.812C soc2@51.187C soc0@51C gpu@54.812C tj@54.812C soc1@51.531C VDD_IN 17528mW/6282mW VDD_CPU_GPU_CV 10277mW/1754mW VDD_SOC 2576mW/1564mW
09-13-2026 14:04:03 RAM 7315/7620MB (lfb 12x2MB) SWAP 817/8192MB (cached 93MB) CPU [3%@729,0%@729,0%@729,0%@729,0%@729,0%@729] GR3D_FREQ 99% cpu@53.25C soc2@51.906C soc0@51.312C gpu@55.375C tj@55.375C soc1@51.75C VDD_IN 20667mW/6398mW VDD_CPU_GPU_CV 11731mW/1834mW VDD_SOC 3768mW/1582mW
09-13-2026 14:04:03 RAM 7315/7620MB (lfb 12x2MB) SWAP 817/8192MB (cached 93MB) CPU [0%@729,0%@729,0%@729,0%@1728,0%@729,0%@729] GR3D_FREQ 99% cpu@53.75C soc2@52.187C soc0@51.843C gpu@55.812C tj@55.812C soc1@51.906C VDD_IN 21405mW/6518mW VDD_CPU_GPU_CV 12136mW/1917mW VDD_SOC 4072mW/1602mW
09-13-2026 14:04:04 RAM 7315/7620MB (lfb 12x2MB) SWAP 817/8192MB (cached 93MB) CPU [0%@729,0%@729,0%@729,1%@729,0%@729,0%@729] GR3D_FREQ 99% cpu@54.218C soc2@52.406C soc0@51.937C gpu@56.218C tj@56.218C soc1@52.062C VDD_IN 21599mW/6638mW VDD_CPU_GPU_CV 12136mW/1998mW VDD_SOC 4143mW/1622mW
09-13-2026 14:04:04 RAM 7313/7620MB (lfb 12x2MB) SWAP 817/8192MB (cached 93MB) CPU [1%@1728,0%@1728,0%@1728,0%@1728,2%@729,14%@729] GR3D_FREQ 99% cpu@54.343C soc2@52.718C soc0@52C gpu@56.281C tj@56.281C soc1@52.437C VDD_IN 21835mW/6757mW VDD_CPU_GPU_CV 11808mW/2075mW VDD_SOC 4491mW/1645mW
09-13-2026 14:04:05 RAM 7313/7620MB (lfb 12x2MB) SWAP 817/8192MB (cached 93MB) CPU [0%@1728,0%@1728,0%@1728,0%@1728,5%@1420,12%@1420] GR3D_FREQ 99% cpu@54.281C soc2@52.781C soc0@52.343C gpu@56.187C tj@56.187C soc1@52.562C VDD_IN 21444mW/6872mW VDD_CPU_GPU_CV 11442mW/2148mW VDD_SOC 4491mW/1667mW
09-13-2026 14:04:05 RAM 7313/7620MB (lfb 12x2MB) SWAP 817/8192MB (cached 93MB) CPU [3%@729,0%@729,0%@729,0%@729,0%@1728,100%@1728] GR3D_FREQ 99% cpu@54.781C soc2@53.156C soc0@52.468C gpu@56.562C tj@56.562C soc1@52.656C VDD_IN 22068mW/6990mW VDD_CPU_GPU_CV 12193mW/2226mW VDD_SOC 4414mW/1688mW
09-13-2026 14:04:06 RAM 7313/7620MB (lfb 12x2MB) SWAP 817/8192MB (cached 93MB) CPU [0%@1728,0%@1728,0%@1728,0%@1728,0%@1728,100%@1728] GR3D_FREQ 99% cpu@55.187C soc2@53.375C soc0@52.875C gpu@57C tj@57C soc1@52.781C VDD_IN 21874mW/7104mW VDD_CPU_GPU_CV 12000mW/2301mW VDD_SOC 4414mW/1709mW
09-13-2026 14:04:06 RAM 7317/7620MB (lfb 12x2MB) SWAP 817/8192MB (cached 93MB) CPU [1%@1728,0%@1728,0%@1728,5%@1728,0%@1728,94%@1728] GR3D_FREQ 99% cpu@55C soc2@53.5C soc0@52.906C gpu@56.125C tj@56.125C soc1@52.937C VDD_IN 21172mW/7212mW VDD_CPU_GPU_CV 11250mW/2370mW VDD_SOC 4460mW/1730mW
09-13-2026 14:04:07 RAM 7317/7620MB (lfb 12x2MB) SWAP 817/8192MB (cached 93MB) CPU [0%@1728,0%@1728,0%@1728,0%@1728,0%@1728,100%@1728] GR3D_FREQ 99% cpu@55.312C soc2@53.5C soc0@52.937C gpu@56.312C tj@56.312C soc1@53.031C VDD_IN 20434mW/7312mW VDD_CPU_GPU_CV 9122mW/2421mW VDD_SOC 5158mW/1756mW
09-13-2026 14:04:08 RAM 7318/7620MB (lfb 12x2MB) SWAP 817/8192MB (cached 93MB) CPU [0%@1728,1%@1728,0%@1728,0%@1728,2%@1728,100%@1728] GR3D_FREQ 97% cpu@55.375C soc2@53.625C soc0@52.937C gpu@56.062C tj@56.062C soc1@53.437C VDD_IN 20273mW/7409mW VDD_CPU_GPU_CV 8504mW/2467mW VDD_SOC 5352mW/1783mW
09-13-2026 14:04:08 RAM 7318/7620MB (lfb 12x2MB) SWAP 817/8192MB (cached 93MB) CPU [0%@1728,0%@1728,1%@1728,0%@1728,0%@1728,100%@1728] GR3D_FREQ 88% cpu@55.625C soc2@53.812C soc0@53.062C gpu@56.5C tj@56.5C soc1@53.468C VDD_IN 20200mW/7505mW VDD_CPU_GPU_CV 8311mW/2510mW VDD_SOC 5429mW/1810mW
09-13-2026 14:04:09 RAM 7386/7620MB (lfb 20x1MB) SWAP 817/8192MB (cached 59MB) CPU [19%@729,18%@729,19%@729,19%@729,30%@1728,88%@1728] GR3D_FREQ 0% cpu@54.843C soc2@53.312C soc0@53.062C gpu@54.25C tj@54.843C soc1@53.5C VDD_IN 12731mW/7544mW VDD_CPU_GPU_CV 4700mW/2526mW VDD_SOC 3615mW/1824mW
09-13-2026 14:04:09 RAM 7193/7620MB (lfb 27x1MB) SWAP 1116/8192MB (cached 97MB) CPU [20%@1728,10%@1728,51%@1267,1%@1267,13%@1574,87%@1574] GR3D_FREQ 0% cpu@54.937C soc2@52.937C soc0@53.093C gpu@54.031C tj@54.937C soc1@53.531C VDD_IN 9215mW/7556mW VDD_CPU_GPU_CV 2799mW/2528mW VDD_SOC 2843mW/1831mW
09-13-2026 14:04:10 RAM 7049/7620MB (lfb 10x2MB) SWAP 1115/8192MB (cached 98MB) CPU [20%@1267,0%@1267,0%@1267,0%@1267,0%@1728,90%@1728] GR3D_FREQ 99% cpu@55.25C soc2@53.343C soc0@52.968C gpu@56.625C tj@56.625C soc1@53.5C VDD_IN 15393mW/7613mW VDD_CPU_GPU_CV 7639mW/2566mW VDD_SOC 3441mW/1843mW
09-13-2026 14:04:10 RAM 7052/7620MB (lfb 19x2MB) SWAP 1115/8192MB (cached 98MB) CPU [41%@729,0%@729,0%@729,0%@729,0%@1728,100%@1728] GR3D_FREQ 99% cpu@55.375C soc2@53.75C soc0@53.218C gpu@57.468C tj@57.468C soc1@53.718C VDD_IN 20472mW/7706mW VDD_CPU_GPU_CV 11461mW/2630mW VDD_SOC 3955mW/1858mW
09-13-2026 14:04:11 RAM 7056/7620MB (lfb 19x2MB) SWAP 1115/8192MB (cached 98MB) CPU [1%@729,0%@729,0%@729,4%@729,0%@1728,100%@1728] GR3D_FREQ 99% cpu@55.625C soc2@54.187C soc0@53.468C gpu@57.593C tj@57.593C soc1@53.937C VDD_IN 21874mW/7808mW VDD_CPU_GPU_CV 12385mW/2700mW VDD_SOC 4143mW/1875mW
09-13-2026 14:04:11 RAM 7056/7620MB (lfb 19x2MB) SWAP 1115/8192MB (cached 98MB) CPU [0%@1728,0%@1728,0%@1728,0%@1728,0%@1728,100%@1728] GR3D_FREQ 99% cpu@55.968C soc2@54.437C soc0@53.656C gpu@57.906C tj@57.906C soc1@54C VDD_IN 22068mW/7910mW VDD_CPU_GPU_CV 12346mW/2769mW VDD_SOC 4297mW/1892mW
09-13-2026 14:04:12 RAM 7056/7620MB (lfb 19x2MB) SWAP 1115/8192MB (cached 98MB) CPU [0%@729,0%@729,1%@729,1%@729,0%@1728,100%@1728] GR3D_FREQ 99% cpu@56.218C soc2@54.687C soc0@53.843C gpu@58.093C tj@58.093C soc1@54.093C VDD_IN 21912mW/8009mW VDD_CPU_GPU_CV 12116mW/2835mW VDD_SOC 4375mW/1910mW
09-13-2026 14:04:12 RAM 7056/7620MB (lfb 19x2MB) SWAP 1115/8192MB (cached 98MB) CPU [0%@1728,0%@1728,0%@1728,1%@1728,1%@1728,100%@1728] GR3D_FREQ 99% cpu@56.312C soc2@54.843C soc0@54.031C gpu@58.156C tj@58.156C soc1@54.125C VDD_IN 21835mW/8107mW VDD_CPU_GPU_CV 12039mW/2900mW VDD_SOC 4375mW/1927mW
09-13-2026 14:04:13 RAM 7056/7620MB (lfb 19x2MB) SWAP 1115/8192MB (cached 98MB) CPU [1%@1728,0%@1728,0%@1728,0%@1728,0%@1728,100%@1728] GR3D_FREQ 88% cpu@56.656C soc2@54.937C soc0@54.218C gpu@57.531C tj@57.531C soc1@54.375C VDD_IN 20939mW/8196mW VDD_CPU_GPU_CV 10342mW/2952mW VDD_SOC 4770mW/1947mW
09-13-2026 14:04:13 RAM 7056/7620MB (lfb 19x2MB) SWAP 1115/8192MB (cached 98MB) CPU [0%@729,0%@729,0%@729,0%@729,0%@1728,100%@1728] GR3D_FREQ 99% cpu@56.718C soc2@54.937C soc0@54.281C gpu@57.375C tj@57.375C soc1@54.593C VDD_IN 20278mW/8280mW VDD_CPU_GPU_CV 8736mW/2993mW VDD_SOC 5197mW/1969mW
09-13-2026 14:04:14 RAM 7144/7620MB (lfb 85x1MB) SWAP 1115/8192MB (cached 98MB) CPU [54%@1728,18%@1728,18%@1728,16%@1728,19%@729,58%@729] GR3D_FREQ 0% cpu@56.437C soc2@54.781C soc0@54.312C gpu@55.75C tj@56.562C soc1@54.75C VDD_IN 14358mW/8322mW VDD_CPU_GPU_CV 5621mW/3011mW VDD_SOC 3916mW/1983mW
09-13-2026 14:04:14 RAM 7103/7620MB (lfb 10x2MB) SWAP 1115/8192MB (cached 98MB) CPU [0%@1728,0%@1728,1%@1728,0%@1728,100%@1728,0%@1728] GR3D_FREQ 99% cpu@56.5C soc2@55.031C soc0@54.281C gpu@58.437C tj@58.437C soc1@54.625C VDD_IN 19059mW/8396mW VDD_CPU_GPU_CV 10067mW/3059mW VDD_SOC 3969mW/1996mW
09-13-2026 14:04:15 RAM 7103/7620MB (lfb 10x2MB) SWAP 1115/8192MB (cached 98MB) CPU [1%@1728,0%@1728,0%@1728,0%@1728,100%@1728,0%@1728] GR3D_FREQ 99% cpu@56.906C soc2@55.375C soc0@54.718C gpu@58.531C tj@58.531C soc1@54.812C VDD_IN 21094mW/8482mW VDD_CPU_GPU_CV 11673mW/3118mW VDD_SOC 4149mW/2011mW
09-13-2026 14:04:15 RAM 7103/7620MB (lfb 10x2MB) SWAP 1115/8192MB (cached 98MB) CPU [0%@1728,0%@1728,0%@1728,0%@1728,100%@1728,0%@1728] GR3D_FREQ 99% cpu@57.218C soc2@55.593C soc0@54.812C gpu@59.062C tj@59.062C soc1@54.937C VDD_IN 21408mW/8569mW VDD_CPU_GPU_CV 11789mW/3176mW VDD_SOC 4336mW/2027mW
09-13-2026 14:04:16 RAM 7103/7620MB (lfb 10x2MB) SWAP 1115/8192MB (cached 98MB) CPU [0%@1728,0%@1728,0%@1728,0%@1728,100%@1728,0%@1728] GR3D_FREQ 99% cpu@57.218C soc2@55.656C soc0@54.843C gpu@58.468C tj@58.468C soc1@55.25C VDD_IN 20317mW/8648mW VDD_CPU_GPU_CV 9354mW/3218mW VDD_SOC 4964mW/2046mW
09-13-2026 14:04:16 RAM 7103/7620MB (lfb 10x2MB) SWAP 1115/8192MB (cached 98MB) CPU [0%@729,0%@729,1%@729,1%@729,96%@1728,0%@1728] GR3D_FREQ 87% cpu@57.25C soc2@55.593C soc0@54.968C gpu@58.218C tj@58.218C soc1@55.375C VDD_IN 19845mW/8723mW VDD_CPU_GPU_CV 8272mW/3251mW VDD_SOC 5244mW/2068mW
09-13-2026 14:04:17 RAM 7121/7620MB (lfb 85x1MB) SWAP 1115/8192MB (cached 98MB) CPU [19%@1728,21%@1728,41%@1728,22%@1728,64%@729,18%@729] GR3D_FREQ 0% cpu@57.468C soc2@55.5C soc0@55.031C gpu@56.593C tj@57.468C soc1@55.5C VDD_IN 14476mW/8761mW VDD_CPU_GPU_CV 5621mW/3267mW VDD_SOC 3995mW/2081mW
09-13-2026 14:04:17 RAM 7426/7620MB (lfb 15x512kB) SWAP 1211/8192MB (cached 97MB) CPU [6%@1728,8%@1728,95%@1728,0%@1728,17%@1728,0%@1728] GR3D_FREQ 0% cpu@57.156C soc2@55.062C soc0@54.937C gpu@55.968C tj@57.156C soc1@55.312C VDD_IN 9714mW/8767mW VDD_CPU_GPU_CV 3035mW/3265mW VDD_SOC 2961mW/2086mW
09-13-2026 14:04:18 RAM 7077/7620MB (lfb 88x1MB) SWAP 1253/8192MB (cached 96MB) CPU [1%@1728,70%@1728,31%@1728,1%@1728,12%@729,0%@729] GR3D_FREQ 99% cpu@57C soc2@55.5C soc0@54.875C gpu@58.593C tj@58.593C soc1@55.281C VDD_IN 16032mW/8815mW VDD_CPU_GPU_CV 7976mW/3296mW VDD_SOC 3597mW/2096mW
09-13-2026 14:04:18 RAM 7085/7620MB (lfb 2x4MB) SWAP 1253/8192MB (cached 96MB) CPU [0%@1728,19%@1728,0%@1728,16%@1728,82%@1728,1%@1728] GR3D_FREQ 99% cpu@57.25C soc2@55.937C soc0@55.125C gpu@59.125C tj@59.125C soc1@55.656C VDD_IN 20705mW/8892mW VDD_CPU_GPU_CV 11539mW/3350mW VDD_SOC 4033mW/2109mW
09-13-2026 14:04:19 RAM 7078/7620MB (lfb 2x4MB) SWAP 1253/8192MB (cached 96MB) CPU [0%@729,0%@729,0%@729,4%@729,100%@1728,0%@1728] GR3D_FREQ 99% cpu@57.625C soc2@56.187C soc0@55.406C gpu@59.593C tj@59.593C soc1@55.75C VDD_IN 22068mW/8977mW VDD_CPU_GPU_CV 12616mW/3410mW VDD_SOC 4143mW/2122mW
09-13-2026 14:04:19 RAM 7078/7620MB (lfb 2x4MB) SWAP 1253/8192MB (cached 96MB) CPU [0%@1728,0%@1728,0%@1728,0%@1728,100%@1728,0%@1728] GR3D_FREQ 99% cpu@57.843C soc2@56.5C soc0@55.593C gpu@59.656C tj@59.656C soc1@55.781C VDD_IN 22262mW/9062mW VDD_CPU_GPU_CV 12748mW/3469mW VDD_SOC 4174mW/2135mW
09-13-2026 14:04:20 RAM 7079/7620MB (lfb 2x4MB) SWAP 1253/8192MB (cached 96MB) CPU [0%@1728,0%@1728,0%@1728,0%@1728,100%@1728,0%@1728] GR3D_FREQ 99% cpu@58.062C soc2@56.687C soc0@55.75C gpu@59.937C tj@59.937C soc1@55.968C VDD_IN 22145mW/9145mW VDD_CPU_GPU_CV 12693mW/3528mW VDD_SOC 4143mW/2148mW
09-13-2026 14:04:20 RAM 7079/7620MB (lfb 2x4MB) SWAP 1253/8192MB (cached 97MB) CPU [3%@729,0%@729,0%@729,0%@729,100%@1728,0%@1728] GR3D_FREQ 99% cpu@58.468C soc2@56.812C soc0@56.062C gpu@60C tj@60C soc1@56.031C VDD_IN 21912mW/9226mW VDD_CPU_GPU_CV 12154mW/3583mW VDD_SOC 4336mW/2162mW
09-13-2026 14:04:21 RAM 7079/7620MB (lfb 2x4MB) SWAP 1253/8192MB (cached 97MB) CPU [0%@1728,0%@1728,0%@1728,0%@1728,100%@1728,0%@1728] GR3D_FREQ 99% cpu@58.437C soc2@56.906C soc0@56.125C gpu@60.531C tj@60.531C soc1@56.125C VDD_IN 21602mW/9304mW VDD_CPU_GPU_CV 11769mW/3634mW VDD_SOC 4414mW/2176mW
09-13-2026 14:04:21 RAM 7079/7620MB (lfb 2x4MB) SWAP 1253/8192MB (cached 97MB) CPU [0%@729,0%@729,0%@729,0%@729,100%@1728,0%@1728] GR3D_FREQ 99% cpu@58.437C soc2@57.125C soc0@56.187C gpu@60.343C tj@60.343C soc1@56.531C VDD_IN 21680mW/9381mW VDD_CPU_GPU_CV 11923mW/3686mW VDD_SOC 4336mW/2189mW
09-13-2026 14:04:22 RAM 7079/7620MB (lfb 2x4MB) SWAP 1253/8192MB (cached 97MB) CPU [1%@1728,0%@1728,0%@1728,1%@1728,100%@1728,0%@1728] GR3D_FREQ 99% cpu@58.562C soc2@57.281C soc0@56.312C gpu@60.781C tj@60.781C soc1@56.531C VDD_IN 21602mW/9457mW VDD_CPU_GPU_CV 11808mW/3737mW VDD_SOC 4375mW/2203mW
09-13-2026 14:04:22 RAM 7080/7620MB (lfb 2x4MB) SWAP 1253/8192MB (cached 97MB) CPU [1%@1728,2%@1728,0%@1728,0%@1728,100%@1728,0%@1728] GR3D_FREQ 84% cpu@59.062C soc2@57.5C soc0@56.5C gpu@60.375C tj@60.187C soc1@56.656C VDD_IN 21602mW/9532mW VDD_CPU_GPU_CV 11577mW/3785mW VDD_SOC 4491mW/2217mW
09-13-2026 14:04:23 RAM 7081/7620MB (lfb 2x4MB) SWAP 1253/8192MB (cached 97MB) CPU [1%@729,0%@729,0%@729,0%@729,100%@1728,0%@1728] GR3D_FREQ 88% cpu@59.093C soc2@57.5C soc0@56.687C gpu@60.031C tj@60.031C soc1@56.843C VDD_IN 20628mW/9600mW VDD_CPU_GPU_CV 9223mW/3818mW VDD_SOC 5158mW/2235mW
09-13-2026 14:04:23 RAM 7081/7620MB (lfb 2x4MB) SWAP 1253/8192MB (cached 97MB) CPU [1%@1728,0%@1728,1%@1728,0%@1728,100%@1728,0%@1728] GR3D_FREQ 88% cpu@58.968C soc2@57.468C soc0@56.781C gpu@59.937C tj@59.937C soc1@56.812C VDD_IN 20356mW/9666mW VDD_CPU_GPU_CV 8542mW/3847mW VDD_SOC 5390mW/2254mW
09-13-2026 14:04:24 RAM 7081/7620MB (lfb 2x4MB) SWAP 1253/8192MB (cached 97MB) CPU [0%@1728,0%@1728,0%@1728,3%@1728,100%@1728,0%@1728] GR3D_FREQ 88% cpu@59.125C soc2@57.687C soc0@56.687C gpu@60.156C tj@60.156C soc1@56.968C VDD_IN 20162mW/9730mW VDD_CPU_GPU_CV 8233mW/3874mW VDD_SOC 5390mW/2273mW
09-13-2026 14:04:24 RAM 7102/7620MB (lfb 2x4MB) SWAP 1253/8192MB (cached 97MB) CPU [24%@729,17%@729,20%@729,14%@729,45%@1728,71%@1728] GR3D_FREQ 0% cpu@58.531C soc2@57.156C soc0@56.781C gpu@58.218C tj@58.531C soc1@57.062C VDD_IN 13046mW/9750mW VDD_CPU_GPU_CV 4778mW/3879mW VDD_SOC 3687mW/2282mW
09-13-2026 14:04:25 RAM 6956/7620MB (lfb 2x4MB) SWAP 1253/8192MB (cached 97MB) CPU [0%@729,0%@729,1%@729,0%@729,0%@1728,100%@1728] GR3D_FREQ 99% cpu@58.718C soc2@57.437C soc0@56.687C gpu@60.531C tj@60.531C soc1@57.156C VDD_IN 16189mW/9788mW VDD_CPU_GPU_CV 7899mW/3903mW VDD_SOC 3708mW/2290mW
09-13-2026 14:04:25 RAM 6956/7620MB (lfb 2x4MB) SWAP 1253/8192MB (cached 97MB) CPU [0%@1728,0%@1728,0%@1728,0%@1728,0%@1728,100%@1728] GR3D_FREQ 99% cpu@58.906C soc2@57.781C soc0@56.875C gpu@61.375C tj@61.375C soc1@57.218C VDD_IN 20511mW/9852mW VDD_CPU_GPU_CV 11481mW/3948mW VDD_SOC 3994mW/2301mW
09-13-2026 14:04:26 RAM 6956/7620MB (lfb 2x4MB) SWAP 1253/8192MB (cached 97MB) CPU [1%@1728,0%@1728,0%@1728,0%@1728,0%@1728,100%@1728] GR3D_FREQ 99% cpu@59.312C soc2@58.031C soc0@57.156C gpu@61.531C tj@61.531C soc1@57.25C VDD_IN 21874mW/9923mW VDD_CPU_GPU_CV 12500mW/3999mW VDD_SOC 4143mW/2311mW
09-13-2026 14:04:26 RAM 6956/7620MB (lfb 2x4MB) SWAP 1253/8192MB (cached 97MB) CPU [0%@1728,0%@1728,0%@1728,3%@1728,0%@1728,100%@1728] GR3D_FREQ 99% cpu@59.75C soc2@58.281C soc0@57.343C gpu@61.593C tj@61.593C soc1@57.375C VDD_IN 22029mW/9994mW VDD_CPU_GPU_CV 12308mW/4048mW VDD_SOC 4259mW/2323mW
09-13-2026 14:04:27 RAM 6956/7620MB (lfb 2x4MB) SWAP 1253/8192MB (cached 97MB) CPU [0%@729,1%@729,0%@729,0%@729,0%@1728,100%@1728] GR3D_FREQ 99% cpu@59.75C soc2@58.406C soc0@57.5C gpu@61.687C tj@61.687C soc1@57.812C VDD_IN 21757mW/10063mW VDD_CPU_GPU_CV 11923mW/4094mW VDD_SOC 4375mW/2335mW
09-13-2026 14:04:27 RAM 6956/7620MB (lfb 2x4MB) SWAP 1253/8192MB (cached 97MB) CPU [0%@729,0%@729,0%@729,0%@729,0%@1728,100%@1728] GR3D_FREQ 99% cpu@59.687C soc2@58.406C soc0@57.562C gpu@61.875C tj@61.875C soc1@57.843C VDD_IN 21641mW/10130mW VDD_CPU_GPU_CV 11846mW/4139mW VDD_SOC 4375mW/2347mW
09-13-2026 14:04:28 RAM 6956/7620MB (lfb 2x4MB) SWAP 1253/8192MB (cached 97MB) CPU [1%@1728,0%@1728,1%@1728,1%@1728,0%@1728,100%@1728] GR3D_FREQ 93% cpu@59.937C soc2@58.718C soc0@57.687C gpu@61.25C tj@61.25C soc1@57.968C VDD_IN 21059mW/10194mW VDD_CPU_GPU_CV 10633mW/4176mW VDD_SOC 4723mW/2361mW
09-13-2026 14:04:28 RAM 6958/7620MB (lfb 2x4MB) SWAP 1253/8192MB (cached 97MB) CPU [0%@729,0%@729,0%@729,0%@729,0%@1728,100%@1728] GR3D_FREQ 99% cpu@60.406C soc2@58.718C soc0@57.75C gpu@60.937C tj@60.937C soc1@57.968C VDD_IN 20317mW/10252mW VDD_CPU_GPU_CV 8852mW/4203mW VDD_SOC 5197mW/2377mW
09-13-2026 14:04:29 RAM 6982/7620MB (lfb 86x1MB) SWAP 1253/8192MB (cached 97MB) CPU [23%@1728,19%@1728,20%@1728,40%@1728,18%@729,72%@729] GR3D_FREQ 0% cpu@60.25C soc2@58.468C soc0@57.875C gpu@59.5C tj@60.25C soc1@58.062C VDD_IN 15158mW/10280mW VDD_CPU_GPU_CV 6080mW/4214mW VDD_SOC 4066mW/2386mW
09-13-2026 14:04:29 RAM 6929/7620MB (lfb 2x4MB) SWAP 1253/8192MB (cached 97MB) CPU [0%@1728,0%@1728,0%@1728,100%@1728,0%@729,0%@729] GR3D_FREQ 99% cpu@60.218C soc2@58.593C soc0@57.875C gpu@62.187C tj@62.187C soc1@58.031C VDD_IN 18435mW/10326mW VDD_CPU_GPU_CV 9563mW/4244mW VDD_SOC 3930mW/2395mW
09-13-2026 14:04:30 RAM 6929/7620MB (lfb 2x4MB) SWAP 1253/8192MB (cached 97MB) CPU [0%@1728,1%@1728,1%@1728,100%@1728,0%@729,0%@729] GR3D_FREQ 99% cpu@60.5C soc2@58.968C soc0@58C gpu@62.343C tj@62.343C soc1@58.312C VDD_IN 20939mW/10386mW VDD_CPU_GPU_CV 11596mW/4286mW VDD_SOC 4111mW/2405mW
09-13-2026 14:04:30 RAM 6929/7620MB (lfb 2x4MB) SWAP 1253/8192MB (cached 97MB) CPU [0%@1728,0%@1728,0%@1728,100%@1728,0%@729,0%@729] GR3D_FREQ 99% cpu@60.5C soc2@59.093C soc0@58.125C gpu@62.437C tj@62.437C soc1@58.343C VDD_IN 21292mW/10447mW VDD_CPU_GPU_CV 11635mW/4327mW VDD_SOC 4336mW/2416mW
09-13-2026 14:04:31 RAM 6929/7620MB (lfb 2x4MB) SWAP 1253/8192MB (cached 97MB) CPU [1%@1728,0%@1728,0%@1728,100%@1728,0%@729,0%@729] GR3D_FREQ 91% cpu@60.812C soc2@59.343C soc0@58.375C gpu@61.593C tj@61.593C soc1@58.437C VDD_IN 20395mW/10503mW VDD_CPU_GPU_CV 9570mW/4357mW VDD_SOC 4925mW/2430mW
09-13-2026 14:04:31 RAM 6929/7620MB (lfb 2x4MB) SWAP 1253/8192MB (cached 97MB) CPU [0%@1728,0%@1728,0%@1728,100%@1728,0%@729,0%@729] GR3D_FREQ 87% cpu@61C soc2@59.187C soc0@58.406C gpu@61.593C tj@61.593C soc1@58.531C VDD_IN 19890mW/10555mW VDD_CPU_GPU_CV 8388mW/4379mW VDD_SOC 5235mW/2445mW
09-13-2026 14:04:32 RAM 6953/7620MB (lfb 2x4MB) SWAP 1253/8192MB (cached 97MB) CPU [18%@1728,16%@1728,28%@1728,80%@1728,18%@729,15%@729] GR3D_FREQ 0% cpu@61.125C soc2@59.062C soc0@58.531C gpu@60.187C tj@61.125C soc1@58.812C VDD_IN 15798mW/10584mW VDD_CPU_GPU_CV 6303mW/4390mW VDD_SOC 4255mW/2455mW
09-13-2026 14:04:32 RAM 6958/7620MB (lfb 2x4MB) SWAP 1253/8192MB (cached 97MB) CPU [0%@1728,0%@1728,100%@1728,0%@1728,0%@729,0%@729] GR3D_FREQ 99% cpu@60.5C soc2@58.937C soc0@58.25C gpu@61.875C tj@61.875C soc1@58.812C VDD_IN 13085mW/10598mW VDD_CPU_GPU_CV 5435mW/4395mW VDD_SOC 3413mW/2461mW
09-13-2026 14:04:33 RAM 6958/7620MB (lfb 2x4MB) SWAP 1253/8192MB (cached 97MB) CPU [0%@1728,1%@1728,100%@1728,0%@1728,0%@729,0%@729] GR3D_FREQ 99% cpu@61C soc2@59.437C soc0@58.593C gpu@62.812C tj@62.812C soc1@58.812C VDD_IN 19728mW/10648mW VDD_CPU_GPU_CV 10689mW/4430mW VDD_SOC 4001mW/2469mW
09-13-2026 14:04:33 RAM 6958/7620MB (lfb 2x4MB) SWAP 1253/8192MB (cached 97MB) CPU [0%@1728,0%@1728,100%@1728,0%@1728,0%@729,0%@729] GR3D_FREQ 99% cpu@61.187C soc2@59.625C soc0@58.781C gpu@63.062C tj@63.062C soc1@58.875C VDD_IN 21757mW/10708mW VDD_CPU_GPU_CV 12308mW/4473mW VDD_SOC 4143mW/2478mW
09-13-2026 14:04:34 RAM 6958/7620MB (lfb 2x4MB) SWAP 1253/8192MB (cached 97MB) CPU [7%@1728,3%@1728,100%@1728,2%@1728,0%@729,0%@729] GR3D_FREQ 99% cpu@61.5C soc2@60C soc0@58.937C gpu@63.25C tj@63.25C soc1@59.031C VDD_IN 22070mW/10769mW VDD_CPU_GPU_CV 12633mW/4517mW VDD_SOC 4136mW/2487mW
09-13-2026 14:04:34 RAM 6960/7620MB (lfb 2x4MB) SWAP 1253/8192MB (cached 97MB) CPU [37%@729,35%@1728,57%@1728,27%@1728,58%@1728,4%@1728] GR3D_FREQ 99% cpu@61.25C soc2@60.125C soc0@59.093C gpu@63.281C tj@63.281C soc1@59.187C VDD_IN 21719mW/10828mW VDD_CPU_GPU_CV 11962mW/4557mW VDD_SOC 4297mW/2497mW
09-13-2026 14:04:35 RAM 6959/7620MB (lfb 2x4MB) SWAP 1253/8192MB (cached 97MB) CPU [0%@729,14%@729,0%@729,0%@729,100%@1728,0%@1728] GR3D_FREQ 99% cpu@61.218C soc2@60.218C soc0@59.125C gpu@63.406C tj@63.406C soc1@59.25C VDD_IN 21563mW/10886mW VDD_CPU_GPU_CV 11731mW/4595mW VDD_SOC 4375mW/2507mW
09-13-2026 14:04:35 RAM 6959/7620MB (lfb 2x4MB) SWAP 1253/8192MB (cached 97MB) CPU [0%@729,0%@729,0%@729,1%@729,100%@1728,0%@1728] GR3D_FREQ 99% cpu@61.812C soc2@60.312C soc0@59.5C gpu@63.593C tj@63.593C soc1@59.406C VDD_IN 21641mW/10943mW VDD_CPU_GPU_CV 11885mW/4634mW VDD_SOC 4375mW/2517mW
09-13-2026 14:04:36 RAM 6959/7620MB (lfb 2x4MB) SWAP 1253/8192MB (cached 97MB) CPU [1%@1728,0%@1728,0%@1728,1%@1728,100%@1728,0%@1728] GR3D_FREQ 99% cpu@61.968C soc2@60.312C soc0@59.468C gpu@62.781C tj@62.781C soc1@59.406C VDD_IN 20628mW/10994mW VDD_CPU_GPU_CV 9416mW/4659mW VDD_SOC 5080mW/2530mW
09-13-2026 14:04:36 RAM 6959/7620MB (lfb 2x4MB) SWAP 1253/8192MB (cached 97MB) CPU [4%@1728,3%@1728,1%@1728,4%@1728,98%@1728,2%@1728] GR3D_FREQ 0% cpu@61.875C soc2@60.25C soc0@59.531C gpu@61.968C tj@61.968C soc1@59.531C VDD_IN 19378mW/11038mW VDD_CPU_GPU_CV 8079mW/4677mW VDD_SOC 5089mW/2544mW
09-13-2026 14:04:37 RAM 6971/7620MB (lfb 2x4MB) SWAP 1253/8192MB (cached 97MB) CPU [16%@729,14%@729,18%@729,14%@729,98%@1728,14%@1728] GR3D_FREQ 99% cpu@61.312C soc2@60.062C soc0@59.406C gpu@63.187C tj@63.187C soc1@59.906C VDD_IN 16904mW/11069mW VDD_CPU_GPU_CV 8119mW/4695mW VDD_SOC 3936mW/2551mW
09-13-2026 14:04:37 RAM 6971/7620MB (lfb 2x4MB) SWAP 1253/8192MB (cached 97MB) CPU [3%@729,0%@729,0%@729,0%@729,100%@1728,0%@1728] GR3D_FREQ 99% cpu@61.75C soc2@60.531C soc0@59.468C gpu@63.968C tj@63.968C soc1@59.875C VDD_IN 20628mW/11119mW VDD_CPU_GPU_CV 11404mW/4730mW VDD_SOC 4033mW/2559mW
09-13-2026 14:04:38 RAM 6971/7620MB (lfb 2x4MB) SWAP 1253/8192MB (cached 97MB) CPU [1%@729,0%@729,0%@729,3%@729,100%@1728,0%@1728] GR3D_FREQ 99% cpu@61.875C soc2@60.75C soc0@59.718C gpu@63.812C tj@63.812C soc1@59.906C VDD_IN 21292mW/11172mW VDD_CPU_GPU_CV 11654mW/4766mW VDD_SOC 4297mW/2568mW
09-13-2026 14:04:38 RAM 6971/7620MB (lfb 2x4MB) SWAP 1253/8192MB (cached 97MB) CPU [0%@729,1%@729,0%@729,0%@729,100%@1728,1%@1728] GR3D_FREQ 99% cpu@62.218C soc2@60.875C soc0@60.062C gpu@63.375C tj@63.375C soc1@59.968C VDD_IN 20827mW/11221mW VDD_CPU_GPU_CV 10441mW/4795mW VDD_SOC 4646mW/2579mW
09-13-2026 14:04:39 RAM 6970/7620MB (lfb 2x4MB) SWAP 1253/8192MB (cached 97MB) CPU [0%@1113,0%@1113,0%@1113,3%@1113,100%@1728,0%@1728] GR3D_FREQ 88% cpu@62.468C soc2@60.875C soc0@59.937C gpu@63.125C tj@63.125C soc1@60.125C VDD_IN 20084mW/11267mW VDD_CPU_GPU_CV 8721mW/4815mW VDD_SOC 5158mW/2592mW
09-13-2026 14:04:39 RAM 6970/7620MB (lfb 2x4MB) SWAP 1253/8192MB (cached 97MB) CPU [0%@1728,3%@1728,0%@1728,0%@1728,100%@1728,0%@1728] GR3D_FREQ 36% cpu@62.125C soc2@60.843C soc0@60.125C gpu@62.937C tj@62.937C soc1@60.218C VDD_IN 19378mW/11308mW VDD_CPU_GPU_CV 7937mW/4831mW VDD_SOC 5166mW/2605mW
09-13-2026 14:04:40 RAM 7264/7620MB (lfb 19x1MB) SWAP 1253/8192MB (cached 97MB) CPU [20%@1728,19%@1728,96%@1728,17%@1728,16%@729,16%@729] GR3D_FREQ 0% cpu@62.25C soc2@60.281C soc0@59.937C gpu@61.25C tj@62.25C soc1@60.343C VDD_IN 11532mW/11309mW VDD_CPU_GPU_CV 4040mW/4827mW VDD_SOC 3340mW/2609mW
09-13-2026 14:04:40 RAM 7076/7620MB (lfb 83x1MB) SWAP 1255/8192MB (cached 97MB) CPU [0%@1728,0%@1728,100%@1728,0%@1728,0%@729,2%@729] GR3D_FREQ 99% cpu@62C soc2@60.406C soc0@59.781C gpu@63.531C tj@63.531C soc1@60.281C VDD_IN 13124mW/11318mW VDD_CPU_GPU_CV 5787mW/4832mW VDD_SOC 3256mW/2612mW
09-13-2026 14:04:41 RAM 7080/7620MB (lfb 84x1MB) SWAP 1255/8192MB (cached 97MB) CPU [0%@729,0%@729,42%@729,9%@729,58%@1728,0%@1728] GR3D_FREQ 99% cpu@62.375C soc2@60.937C soc0@60.25C gpu@64.406C tj@64.406C soc1@60.25C VDD_IN 19890mW/11362mW VDD_CPU_GPU_CV 10882mW/4862mW VDD_SOC 3962mW/2619mW
09-13-2026 14:04:41 RAM 7080/7620MB (lfb 84x1MB) SWAP 1255/8192MB (cached 97MB) CPU [1%@1728,1%@1728,0%@1728,0%@1728,100%@1728,0%@1728] GR3D_FREQ 99% cpu@62.468C soc2@61.218C soc0@60.312C gpu@64.968C tj@64.968C soc1@60.375C VDD_IN 21757mW/11414mW VDD_CPU_GPU_CV 12462mW/4900mW VDD_SOC 4065mW/2626mW
09-13-2026 14:04:42 RAM 7081/7620MB (lfb 84x1MB) SWAP 1255/8192MB (cached 97MB) CPU [1%@729,1%@729,0%@729,0%@729,100%@1728,0%@1728] GR3D_FREQ 99% cpu@62.656C soc2@61.406C soc0@60.531C gpu@65.156C tj@65.156C soc1@60.781C VDD_IN 22418mW/11468mW VDD_CPU_GPU_CV 12902mW/4940mW VDD_SOC 4213mW/2634mW
09-13-2026 14:04:42 RAM 7081/7620MB (lfb 84x1MB) SWAP 1255/8192MB (cached 97MB) CPU [18%@729,16%@729,12%@729,9%@729,100%@1728,41%@1728] GR3D_FREQ 99% cpu@62.906C soc2@61.593C soc0@60.687C gpu@64.968C tj@64.968C soc1@60.875C VDD_IN 22689mW/11524mW VDD_CPU_GPU_CV 12995mW/4980mW VDD_SOC 4213mW/2642mW
09-13-2026 14:04:43 RAM 7079/7620MB (lfb 84x1MB) SWAP 1255/8192MB (cached 97MB) CPU [1%@1728,50%@1728,2%@1728,48%@1728,100%@1728,6%@1728] GR3D_FREQ 99% cpu@63C soc2@61.781C soc0@60.718C gpu@65.125C tj@65.125C soc1@60.906C VDD_IN 22264mW/11577mW VDD_CPU_GPU_CV 12480mW/5017mW VDD_SOC 4329mW/2650mW
09-13-2026 14:04:43 RAM 7079/7620MB (lfb 84x1MB) SWAP 1255/8192MB (cached 97MB) CPU [2%@1728,3%@1728,1%@1728,24%@1728,100%@1728,0%@1728] GR3D_FREQ 99% cpu@63.156C soc2@61.937C soc0@60.968C gpu@65.156C tj@65.156C soc1@61C VDD_IN 21680mW/11626mW VDD_CPU_GPU_CV 11846mW/5051mW VDD_SOC 4375mW/2658mW
09-13-2026 14:04:44 RAM 7080/7620MB (lfb 84x1MB) SWAP 1255/8192MB (cached 97MB) CPU [0%@729,0%@729,0%@729,0%@729,100%@1728,0%@1728] GR3D_FREQ 99% cpu@63.25C soc2@62.031C soc0@61.156C gpu@65.343C tj@65.343C soc1@61.093C VDD_IN 21602mW/11675mW VDD_CPU_GPU_CV 11769mW/5083mW VDD_SOC 4375mW/2667mW
09-13-2026 14:04:44 RAM 7080/7620MB (lfb 84x1MB) SWAP 1255/8192MB (cached 97MB) CPU [0%@1728,0%@1728,0%@1728,0%@1728,100%@1728,0%@1728] GR3D_FREQ 99% cpu@63.5C soc2@62.125C soc0@61.25C gpu@65.343C tj@65.343C soc1@61.218C VDD_IN 21486mW/11723mW VDD_CPU_GPU_CV 11731mW/5116mW VDD_SOC 4336mW/2675mW
09-13-2026 14:04:45 RAM 7080/7620MB (lfb 84x1MB) SWAP 1255/8192MB (cached 97MB) CPU [0%@729,0%@729,0%@729,0%@729,100%@1728,0%@1728] GR3D_FREQ 99% cpu@63.437C soc2@62.312C soc0@61.281C gpu@65.937C tj@65.937C soc1@61.437C VDD_IN 21602mW/11770mW VDD_CPU_GPU_CV 11693mW/5147mW VDD_SOC 4414mW/2683mW
09-13-2026 14:04:45 RAM 7080/7620MB (lfb 84x1MB) SWAP 1255/8192MB (cached 97MB) CPU [1%@729,0%@729,0%@729,1%@729,100%@1728,0%@1728] GR3D_FREQ 87% cpu@63.531C soc2@62.281C soc0@61.437C gpu@64.812C tj@64.812C soc1@61.375C VDD_IN 20982mW/11815mW VDD_CPU_GPU_CV 9940mW/5170mW VDD_SOC 4994mW/2694mW
09-13-2026 14:04:46 RAM 7080/7620MB (lfb 84x1MB) SWAP 1255/8192MB (cached 97MB) CPU [0%@729,0%@729,0%@729,0%@729,100%@1728,0%@1728] GR3D_FREQ 88% cpu@63.718C soc2@62.312C soc0@61.375C gpu@65C tj@65C soc1@61.5C VDD_IN 20589mW/11857mW VDD_CPU_GPU_CV 8760mW/5188mW VDD_SOC 5352mW/2707mW
09-13-2026 14:04:46 RAM 7080/7620MB (lfb 84x1MB) SWAP 1255/8192MB (cached 97MB) CPU [1%@1728,0%@1728,0%@1728,0%@1728,100%@1728,0%@1728] GR3D_FREQ 99% cpu@63.843C soc2@62.375C soc0@61.5C gpu@64.75C tj@64.75C soc1@61.687C VDD_IN 20434mW/11897mW VDD_CPU_GPU_CV 8413mW/5203mW VDD_SOC 5468mW/2720mW
09-13-2026 14:04:47 RAM 6963/7620MB (lfb 1x4MB) SWAP 1255/8192MB (cached 97MB) CPU [17%@729,16%@729,19%@729,17%@729,84%@1728,30%@1728] GR3D_FREQ 0% cpu@63.656C soc2@62.25C soc0@61.656C gpu@63.687C tj@63.687C soc1@61.781C VDD_IN 16826mW/11921mW VDD_CPU_GPU_CV 6759mW/5210mW VDD_SOC 4521mW/2729mW
09-13-2026 14:04:47 RAM 6927/7620MB (lfb 1x4MB) SWAP 1255/8192MB (cached 97MB) CPU [0%@1728,0%@1728,0%@1728,0%@1728,0%@1728,100%@1728] GR3D_FREQ 99% cpu@63.562C soc2@62.156C soc0@61.593C gpu@65.625C tj@65.625C soc1@61.718C VDD_IN 18084mW/11950mW VDD_CPU_GPU_CV 9060mW/5229mW VDD_SOC 4007mW/2735mW
09-13-2026 14:04:48 RAM 6927/7620MB (lfb 1x4MB) SWAP 1255/8192MB (cached 97MB) CPU [0%@1728,0%@1728,0%@1728,0%@1728,0%@1728,100%@1728] GR3D_FREQ 99% cpu@63.687C soc2@62.5C soc0@61.812C gpu@66.343C tj@66.343C soc1@61.968C VDD_IN 20982mW/11992mW VDD_CPU_GPU_CV 11712mW/5259mW VDD_SOC 4065mW/2741mW
09-13-2026 14:04:48 RAM 6927/7620MB (lfb 1x4MB) SWAP 1255/8192MB (cached 97MB) CPU [0%@729,0%@729,2%@729,0%@729,0%@1728,100%@1728] GR3D_FREQ 99% cpu@63.843C soc2@62.687C soc0@61.781C gpu@66.156C tj@66.156C soc1@62.031C VDD_IN 21369mW/12036mW VDD_CPU_GPU_CV 11616mW/5289mW VDD_SOC 4336mW/2749mW
09-13-2026 14:04:49 RAM 6927/7620MB (lfb 1x4MB) SWAP 1255/8192MB (cached 97MB) CPU [0%@1728,0%@1728,1%@1728,1%@1728,5%@1728,100%@1728] GR3D_FREQ 87% cpu@64.125C soc2@62.875C soc0@62.031C gpu@65.656C tj@65.656C soc1@62.093C VDD_IN 20667mW/12076mW VDD_CPU_GPU_CV 9901mW/5310mW VDD_SOC 4840mW/2758mW
09-13-2026 14:04:49 RAM 6927/7620MB (lfb 1x4MB) SWAP 1255/8192MB (cached 97MB) CPU [1%@1728,1%@1728,0%@1728,1%@1728,0%@1728,100%@1728] GR3D_FREQ 88% cpu@64.25C soc2@62.875C soc0@62.156C gpu@65.437C tj@65.437C soc1@62.093C VDD_IN 20123mW/12113mW VDD_CPU_GPU_CV 8567mW/5325mW VDD_SOC 5235mW/2770mW
09-13-2026 14:04:50 RAM 6930/7620MB (lfb 1x4MB) SWAP 1254/8192MB (cached 98MB) CPU [14%@1651,16%@1651,14%@1651,18%@1651,19%@1728,94%@1728] GR3D_FREQ 0% cpu@65C soc2@62.843C soc0@62.187C gpu@64.187C tj@65C soc1@62.156C VDD_IN 17461mW/12138mW VDD_CPU_GPU_CV 7136mW/5334mW VDD_SOC 4669mW/2778mW
09-13-2026 14:04:51 RAM 7271/7620MB (lfb 58x1MB) SWAP 1254/8192MB (cached 98MB) CPU [0%@1728,98%@1728,0%@1728,3%@1728,4%@729,0%@729] GR3D_FREQ 0% cpu@63.718C soc2@62.375C soc0@62.031C gpu@63.312C tj@63.718C soc1@62.343C VDD_IN 10723mW/12132mW VDD_CPU_GPU_CV 3536mW/5325mW VDD_SOC 3188mW/2780mW
09-13-2026 14:04:51 RAM 7109/7620MB (lfb 19x1MB) SWAP 1353/8192MB (cached 104MB) CPU [3%@1728,27%@1728,1%@1728,66%@1728,1%@729,40%@729] GR3D_FREQ 99% cpu@63.593C soc2@62.343C soc0@61.843C gpu@64.968C tj@64.968C soc1@62.281C VDD_IN 12201mW/12132mW VDD_CPU_GPU_CV 4935mW/5323mW VDD_SOC 3261mW/2783mW
09-13-2026 14:04:52 RAM 7118/7620MB (lfb 1x4MB) SWAP 1353/8192MB (cached 104MB) CPU [0%@1728,1%@1728,15%@1728,100%@1728,6%@729,0%@729] GR3D_FREQ 99% cpu@64.125C soc2@62.968C soc0@62C gpu@66.187C tj@66.187C soc1@62.25C VDD_IN 19767mW/12167mW VDD_CPU_GPU_CV 10689mW/5348mW VDD_SOC 4001mW/2788mW
09-13-2026 14:04:52 RAM 7121/7620MB (lfb 1x4MB) SWAP 1353/8192MB (cached 104MB) CPU [0%@1728,0%@1728,0%@1728,100%@1728,2%@729,0%@729] GR3D_FREQ 99% cpu@64.5C soc2@63.187C soc0@62.468C gpu@66.812C tj@66.812C soc1@62.375C VDD_IN 21838mW/12210mW VDD_CPU_GPU_CV 12364mW/5380mW VDD_SOC 4174mW/2794mW
09-13-2026 14:04:53 RAM 7123/7620MB (lfb 1x4MB) SWAP 1353/8192MB (cached 104MB) CPU [3%@1728,1%@1728,0%@1728,100%@1728,0%@729,3%@729] GR3D_FREQ 99% cpu@64.812C soc2@63.437C soc0@62.5C gpu@66.781C tj@66.781C soc1@62.406C VDD_IN 22496mW/12257mW VDD_CPU_GPU_CV 12902mW/5414mW VDD_SOC 4213mW/2801mW
09-13-2026 14:04:53 RAM 7123/7620MB (lfb 1x4MB) SWAP 1353/8192MB (cached 104MB) CPU [1%@1728,0%@1728,0%@1728,100%@1728,1%@729,0%@729] GR3D_FREQ 99% cpu@64.968C soc2@63.531C soc0@62.625C gpu@67.437C tj@67.437C soc1@62.687C VDD_IN 22418mW/12302mW VDD_CPU_GPU_CV 12825mW/5447mW VDD_SOC 4213mW/2807mW
09-13-2026 14:04:54 RAM 7123/7620MB (lfb 1x4MB) SWAP 1353/8192MB (cached 104MB) CPU [0%@1728,0%@1728,0%@1728,100%@1728,0%@729,1%@729] GR3D_FREQ 99% cpu@65.031C soc2@63.687C soc0@62.656C gpu@67.218C tj@67.218C soc1@62.843C VDD_IN 22264mW/12347mW VDD_CPU_GPU_CV 12364mW/5478mW VDD_SOC 4368mW/2814mW
09-13-2026 14:04:54 RAM 7123/7620MB (lfb 1x4MB) SWAP 1353/8192MB (cached 104MB) CPU [0%@1728,1%@1728,0%@1728,100%@1728,0%@729,0%@729] GR3D_FREQ 99% cpu@65.156C soc2@63.812C soc0@63C gpu@67.156C tj@67.156C soc1@62.906C VDD_IN 21757mW/12389mW VDD_CPU_GPU_CV 11846mW/5506mW VDD_SOC 4406mW/2821mW
09-13-2026 14:04:55 RAM 7123/7620MB (lfb 1x4MB) SWAP 1353/8192MB (cached 104MB) CPU [0%@1728,0%@1728,0%@1728,100%@1728,0%@729,0%@729] GR3D_FREQ 99% cpu@65.437C soc2@64C soc0@63C gpu@67.312C tj@67.312C soc1@63C VDD_IN 21602mW/12429mW VDD_CPU_GPU_CV 11769mW/5534mW VDD_SOC 4406mW/2828mW
09-13-2026 14:04:55 RAM 7123/7620MB (lfb 1x4MB) SWAP 1353/8192MB (cached 104MB) CPU [1%@1728,0%@1728,0%@1728,100%@1728,0%@729,0%@729] GR3D_FREQ 99% cpu@65.468C soc2@64C soc0@63.093C gpu@67.687C tj@67.687C soc1@63.125C VDD_IN 21525mW/12469mW VDD_CPU_GPU_CV 11808mW/5561mW VDD_SOC 4336mW/2835mW
09-13-2026 14:04:56 RAM 7123/7620MB (lfb 1x4MB) SWAP 1353/8192MB (cached 104MB) CPU [0%@1728,0%@1728,0%@1728,100%@1728,0%@729,0%@729] GR3D_FREQ 99% cpu@65.562C soc2@64.125C soc0@63.25C gpu@67.437C tj@67.437C soc1@63.25C VDD_IN 21525mW/12509mW VDD_CPU_GPU_CV 11731mW/5588mW VDD_SOC 4414mW/2842mW
09-13-2026 14:04:56 RAM 7123/7620MB (lfb 1x4MB) SWAP 1353/8192MB (cached 104MB) CPU [0%@1728,0%@1728,0%@1728,100%@1728,0%@729,0%@729] GR3D_FREQ 87% cpu@65.718C soc2@64.25C soc0@63.437C gpu@67.062C tj@67.062C soc1@63.281C VDD_IN 20982mW/12546mW VDD_CPU_GPU_CV 10055mW/5608mW VDD_SOC 4956mW/2851mW
09-13-2026 14:04:57 RAM 7123/7620MB (lfb 1x4MB) SWAP 1353/8192MB (cached 104MB) CPU [0%@1728,0%@1728,0%@1728,100%@1728,0%@729,0%@729] GR3D_FREQ 93% cpu@65.843C soc2@64.187C soc0@63.437C gpu@66.968C tj@66.968C soc1@63.468C VDD_IN 20633mW/12581mW VDD_CPU_GPU_CV 8876mW/5622mW VDD_SOC 5382mW/2862mW
09-13-2026 14:04:57 RAM 7123/7620MB (lfb 1x4MB) SWAP 1353/8192MB (cached 104MB) CPU [0%@1728,0%@1728,0%@1728,100%@1728,0%@729,0%@729] GR3D_FREQ 87% cpu@65.875C soc2@64.25C soc0@63.437C gpu@66.843C tj@66.843C soc1@63.687C VDD_IN 20516mW/12616mW VDD_CPU_GPU_CV 8490mW/5634mW VDD_SOC 5498mW/2873mW
09-13-2026 14:04:58 RAM 7123/7620MB (lfb 1x4MB) SWAP 1353/8192MB (cached 104MB) CPU [15%@1728,13%@1728,12%@1728,94%@1728,15%@960,18%@960] GR3D_FREQ 0% cpu@66.093C soc2@64.093C soc0@63.531C gpu@65.656C tj@66.093C soc1@63.656C VDD_IN 17500mW/12637mW VDD_CPU_GPU_CV 7019mW/5640mW VDD_SOC 4747mW/2881mW
09-13-2026 14:04:58 RAM 7111/7620MB (lfb 1x4MB) SWAP 1444/8192MB (cached 110MB) CPU [6%@1728,4%@1728,90%@1728,6%@1728,16%@1651,22%@1651] GR3D_FREQ 0% cpu@65.593C soc2@63.687C soc0@63.156C gpu@64.656C tj@65.593C soc1@63.531C VDD_IN 10902mW/12629mW VDD_CPU_GPU_CV 3654mW/5632mW VDD_SOC 3227mW/2883mW
09-13-2026 14:04:59 RAM 7010/7620MB (lfb 3x2MB) SWAP 1444/8192MB (cached 110MB) CPU [0%@1728,0%@1728,100%@1728,0%@1728,0%@729,3%@729] GR3D_FREQ 99% cpu@65.75C soc2@64.062C soc0@63.531C gpu@67.25C tj@67.25C soc1@63.593C VDD_IN 17489mW/12650mW VDD_CPU_GPU_CV 9075mW/5647mW VDD_SOC 3741mW/2887mW
09-13-2026 14:04:59 RAM 7014/7620MB (lfb 10x2MB) SWAP 1444/8192MB (cached 110MB) CPU [3%@1728,0%@1728,100%@1728,0%@1728,0%@729,23%@729] GR3D_FREQ 99% cpu@65.968C soc2@64.375C soc0@63.625C gpu@68.187C tj@68.187C soc1@63.625C VDD_IN 21331mW/12687mW VDD_CPU_GPU_CV 11962mW/5674mW VDD_SOC 4143mW/2892mW
09-13-2026 14:05:00 RAM 7010/7620MB (lfb 12x2MB) SWAP 1444/8192MB (cached 110MB) CPU [0%@1728,0%@1728,100%@1728,0%@1728,0%@729,4%@729] GR3D_FREQ 99% cpu@66.343C soc2@64.531C soc0@63.812C gpu@68.25C tj@68.25C soc1@63.781C VDD_IN 22225mW/12727mW VDD_CPU_GPU_CV 12595mW/5703mW VDD_SOC 4213mW/2898mW
09-13-2026 14:05:00 RAM 7010/7620MB (lfb 12x2MB) SWAP 1443/8192MB (cached 110MB) CPU [1%@1728,0%@1728,100%@1728,2%@1728,0%@729,0%@729] GR3D_FREQ 99% cpu@66.375C soc2@64.875C soc0@63.906C gpu@68.5C tj@68.5C soc1@63.968C VDD_IN 21992mW/12766mW VDD_CPU_GPU_CV 12172mW/5730mW VDD_SOC 4368mW/2904mW
09-13-2026 14:05:01 RAM 7010/7620MB (lfb 12x2MB) SWAP 1443/8192MB (cached 110MB) CPU [0%@1728,0%@1728,100%@1728,0%@1728,0%@729,0%@729] GR3D_FREQ 99% cpu@66.937C soc2@64.843C soc0@64.218C gpu@68.406C tj@68.406C soc1@63.937C VDD_IN 21602mW/12804mW VDD_CPU_GPU_CV 11731mW/5755mW VDD_SOC 4406mW/2910mW
09-13-2026 14:05:01 RAM 7011/7620MB (lfb 12x2MB) SWAP 1443/8192MB (cached 111MB) CPU [0%@729,2%@729,84%@729,0%@729,17%@1728,0%@1728] GR3D_FREQ 99% cpu@66.25C soc2@65.031C soc0@64.25C gpu@68.437C tj@68.437C soc1@64C VDD_IN 21447mW/12840mW VDD_CPU_GPU_CV 11616mW/5780mW VDD_SOC 4375mW/2916mW
09-13-2026 14:05:02 RAM 7011/7620MB (lfb 12x2MB) SWAP 1443/8192MB (cached 111MB) CPU [1%@1728,1%@1728,0%@1728,0%@1728,100%@1728,0%@1728] GR3D_FREQ 87% cpu@66.562C soc2@65.093C soc0@64.375C gpu@67.843C tj@67.843C soc1@64.031C VDD_IN 20865mW/12873mW VDD_CPU_GPU_CV 10171mW/5798mW VDD_SOC 4801mW/2924mW
09-13-2026 14:05:02 RAM 7011/7620MB (lfb 12x2MB) SWAP 1443/8192MB (cached 111MB) CPU [0%@1728,0%@1728,0%@1728,0%@1728,100%@1728,0%@1728] GR3D_FREQ 87% cpu@66.406C soc2@65.031C soc0@64.375C gpu@67.593C tj@67.593C soc1@64.25C VDD_IN 20477mW/12905mW VDD_CPU_GPU_CV 8798mW/5811mW VDD_SOC 5274mW/2934mW
09-13-2026 14:05:03 RAM 6917/7620MB (lfb 46x2MB) SWAP 1437/8192MB (cached 115MB) CPU [7%@1728,1%@1728,1%@1728,1%@1728,46%@1113,21%@1113] GR3D_FREQ 0% cpu@65.812C soc2@64.593C soc0@64.25C gpu@66.312C tj@66C soc1@64.343C VDD_IN 13731mW/12908mW VDD_CPU_GPU_CV 5114mW/5808mW VDD_SOC 3916mW/2938mW
09-13-2026 14:05:03 RAM 6935/7620MB (lfb 47x2MB) SWAP 1420/8192MB (cached 117MB) CPU [12%@1728,1%@1728,0%@1728,0%@1728,7%@1728,32%@1728] GR3D_FREQ 0% cpu@65.5C soc2@64.281C soc0@64.062C gpu@65.125C tj@65.5C soc1@64.281C VDD_IN 8687mW/12891mW VDD_CPU_GPU_CV 2365mW/5794mW VDD_SOC 2882mW/2938mW
09-13-2026 14:05:04 RAM 6964/7620MB (lfb 47x2MB) SWAP 1398/8192MB (cached 122MB) CPU [19%@1728,1%@1728,1%@1728,3%@1728,2%@1728,30%@1728] GR3D_FREQ 0% cpu@64.968C soc2@63.906C soc0@63.843C gpu@65.062C tj@65.062C soc1@64.156C VDD_IN 6932mW/12866mW VDD_CPU_GPU_CV 1423mW/5776mW VDD_SOC 2456mW/2936mW
09-13-2026 14:05:04 RAM 6986/7620MB (lfb 47x2MB) SWAP 1377/8192MB (cached 123MB) CPU [20%@1267,2%@1267,8%@1728,6%@1728,6%@1113,25%@1113] GR3D_FREQ 0% cpu@65.062C soc2@63.625C soc0@63.906C gpu@64.5C tj@65.062C soc1@64.093C VDD_IN 5872mW/12838mW VDD_CPU_GPU_CV 1228mW/5757mW VDD_SOC 1785mW/2931mW
09-13-2026 14:05:05 RAM 7009/7620MB (lfb 47x2MB) SWAP 1355/8192MB (cached 123MB) CPU [17%@1728,3%@1728,2%@1728,2%@1728,3%@1728,34%@1728] GR3D_FREQ 0% cpu@64.812C soc2@63.468C soc0@63.718C gpu@64.593C tj@64.968C soc1@64.062C VDD_IN 5475mW/12808mW VDD_CPU_GPU_CV 1111mW/5738mW VDD_SOC 1587mW/2925mW
09-13-2026 14:05:05 RAM 7039/7620MB (lfb 47x2MB) SWAP 1325/8192MB (cached 124MB) CPU [11%@1728,1%@1728,0%@1728,0%@1728,4%@1113,35%@1113] GR3D_FREQ 0% cpu@64.656C soc2@63.437C soc0@63.562C gpu@64.125C tj@64.656C soc1@64.156C VDD_IN 5325mW/12778mW VDD_CPU_GPU_CV 1031mW/5719mW VDD_SOC 1507mW/2920mW
09-13-2026 14:05:06 RAM 7065/7620MB (lfb 47x2MB) SWAP 1300/8192MB (cached 125MB) CPU [12%@729,0%@729,0%@1728,0%@1728,4%@1728,32%@1728] GR3D_FREQ 0% cpu@64.406C soc2@63.281C soc0@63.437C gpu@64.031C tj@64.406C soc1@64.062C VDD_IN 5246mW/12747mW VDD_CPU_GPU_CV 1031mW/5700mW VDD_SOC 1507mW/2914mW
09-13-2026 14:05:06 RAM 7091/7620MB (lfb 47x2MB) SWAP 1285/8192MB (cached 136MB) CPU [9%@1728,1%@1728,0%@1728,1%@1728,7%@1728,44%@1728] GR3D_FREQ 0% cpu@64.343C soc2@63.218C soc0@63.468C gpu@63.906C tj@64.343C soc1@63.937C VDD_IN 5246mW/12717mW VDD_CPU_GPU_CV 992mW/5681mW VDD_SOC 1507mW/2908mW
09-13-2026 14:05:07 RAM 7119/7620MB (lfb 47x2MB) SWAP 1260/8192MB (cached 138MB) CPU [14%@729,1%@729,0%@729,0%@729,2%@1113,35%@1113] GR3D_FREQ 0% cpu@64.437C soc2@63.187C soc0@63.375C gpu@63.875C tj@64.375C soc1@63.781C VDD_IN 5246mW/12687mW VDD_CPU_GPU_CV 1031mW/5663mW VDD_SOC 1507mW/2903mW
09-13-2026 14:05:07 RAM 7145/7620MB (lfb 37x2MB) SWAP 1235/8192MB (cached 139MB) CPU [15%@1113,0%@1113,3%@1113,0%@1113,0%@1728,29%@1728] GR3D_FREQ 0% cpu@64.218C soc2@63.062C soc0@63.5C gpu@63.781C tj@64.218C soc1@63.781C VDD_IN 5246mW/12658mW VDD_CPU_GPU_CV 992mW/5644mW VDD_SOC 1468mW/2897mW
09-13-2026 14:05:08 RAM 7166/7620MB (lfb 28x2MB) SWAP 1215/8192MB (cached 142MB) CPU [11%@729,0%@729,2%@729,3%@729,7%@1113,27%@1113] GR3D_FREQ 0% cpu@64.218C soc2@63C soc0@63.281C gpu@63.781C tj@64.218C soc1@63.75C VDD_IN 5206mW/12628mW VDD_CPU_GPU_CV 992mW/5626mW VDD_SOC 1468mW/2891mW
09-13-2026 14:05:08 RAM 7174/7620MB (lfb 28x2MB) SWAP 1198/8192MB (cached 144MB) CPU [8%@1728,1%@1728,0%@1728,0%@1728,5%@1113,31%@1113] GR3D_FREQ 0% cpu@64.218C soc2@63C soc0@63.218C gpu@63.625C tj@64.218C soc1@63.593C VDD_IN 5206mW/12599mW VDD_CPU_GPU_CV 952mW/5607mW VDD_SOC 1507mW/2886mW
09-13-2026 14:05:09 RAM 7203/7620MB (lfb 28x2MB) SWAP 1171/8192MB (cached 145MB) CPU [9%@729,0%@729,0%@729,0%@729,4%@1728,44%@1728] GR3D_FREQ 0% cpu@64.031C soc2@62.812C soc0@63.218C gpu@63.531C tj@64.031C soc1@63.593C VDD_IN 5246mW/12570mW VDD_CPU_GPU_CV 992mW/5589mW VDD_SOC 1507mW/2881mW
09-13-2026 14:05:09 RAM 7220/7620MB (lfb 9x2MB) SWAP 1156/8192MB (cached 148MB) CPU [8%@1728,1%@1728,0%@1728,0%@1728,4%@1113,52%@1113] GR3D_FREQ 0% cpu@63.968C soc2@62.75C soc0@63C gpu@63.5C tj@64C soc1@63.718C VDD_IN 5325mW/12541mW VDD_CPU_GPU_CV 1031mW/5571mW VDD_SOC 1507mW/2875mW
09-13-2026 14:05:10 RAM 7054/7620MB (lfb 8x2MB) SWAP 1098/8192MB (cached 121MB) CPU [17%@806,0%@883,0%@883,1%@883,22%@729,34%@729] GR3D_FREQ 0% cpu@63.843C soc2@62.875C soc0@62.906C gpu@63.5C tj@63.843C soc1@63.593C VDD_IN 5325mW/12513mW VDD_CPU_GPU_CV 1031mW/5553mW VDD_SOC 1507mW/2870mW
09-13-2026 14:05:10 RAM 2585/7620MB (lfb 3x4MB) SWAP 716/8192MB (cached 54MB) CPU [100%@1728,0%@1728,0%@1728,0%@1728,24%@1728,13%@1728] GR3D_FREQ 0% cpu@64.625C soc2@63C soc0@62.968C gpu@63.468C tj@64.625C soc1@63.625C VDD_IN 6031mW/12488mW VDD_CPU_GPU_CV 1505mW/5538mW VDD_SOC 1587mW/2865mW
09-13-2026 14:05:11 RAM 2387/7620MB (lfb 12x4MB) SWAP 707/8192MB (cached 51MB) CPU [18%@1728,5%@1728,5%@1728,5%@1728,28%@1267,58%@1267] GR3D_FREQ 0% cpu@64C soc2@62.812C soc0@63.093C gpu@63.406C tj@64C soc1@63.5C VDD_IN 5713mW/12462mW VDD_CPU_GPU_CV 1267mW/5521mW VDD_SOC 1547mW/2860mW
09-13-2026 14:05:11 RAM 2387/7620MB (lfb 12x4MB) SWAP 707/8192MB (cached 51MB) CPU [0%@1728,0%@1728,1%@1728,0%@1728,0%@729,0%@729] GR3D_FREQ 0% cpu@63.781C soc2@62.656C soc0@62.937C gpu@63.687C tj@63.781C soc1@63.437C VDD_IN 4920mW/12432mW VDD_CPU_GPU_CV 793mW/5503mW VDD_SOC 1468mW/2854mW
09-13-2026 14:05:12 RAM 2387/7620MB (lfb 12x4MB) SWAP 707/8192MB (cached 51MB) CPU [0%@729,0%@729,0%@729,0%@729,0%@1728,0%@1728] GR3D_FREQ 0% cpu@63.656C soc2@62.656C soc0@62.812C gpu@63.468C tj@63.656C soc1@63.375C VDD_IN 4809mW/12403mW VDD_CPU_GPU_CV 714mW/5484mW VDD_SOC 1468mW/2849mW
09-13-2026 14:05:12 RAM 2386/7620MB (lfb 12x4MB) SWAP 707/8192MB (cached 51MB) CPU [1%@1728,0%@1728,0%@1728,38%@1728,1%@729,0%@729] GR3D_FREQ 0% cpu@63.687C soc2@62.562C soc0@62.812C gpu@63.562C tj@63.687C soc1@63.468C VDD_IN 4848mW/12374mW VDD_CPU_GPU_CV 793mW/5466mW VDD_SOC 1468mW/2844mW
09-13-2026 14:05:13 RAM 2386/7620MB (lfb 12x4MB) SWAP 707/8192MB (cached 51MB) CPU [0%@729,0%@729,0%@729,0%@729,0%@729,0%@729] GR3D_FREQ 0% cpu@63.406C soc2@62.531C soc0@62.718C gpu@63.312C tj@63.375C soc1@63.312C VDD_IN 4689mW/12345mW VDD_CPU_GPU_CV 634mW/5448mW VDD_SOC 1468mW/2838mW
09-13-2026 14:05:13 RAM 2385/7620MB (lfb 12x4MB) SWAP 707/8192MB (cached 51MB) CPU [0%@1728,0%@1728,0%@1728,0%@1728,0%@729,0%@729] GR3D_FREQ 0% cpu@63.437C soc2@62.5C soc0@62.593C gpu@63.375C tj@63.437C soc1@63.156C VDD_IN 4610mW/12315mW VDD_CPU_GPU_CV 595mW/5430mW VDD_SOC 1468mW/2833mW
09-13-2026 14:05:14 RAM 2385/7620MB (lfb 12x4MB) SWAP 707/8192MB (cached 51MB) CPU [1%@1728,0%@1728,1%@1728,0%@1728,0%@729,0%@729] GR3D_FREQ 0% cpu@63.5C soc2@62.375C soc0@62.718C gpu@63.093C tj@63.5C soc1@63.218C VDD_IN 4610mW/12286mW VDD_CPU_GPU_CV 555mW/5411mW VDD_SOC 1468mW/2828mW
09-13-2026 14:05:14 RAM 2385/7620MB (lfb 12x4MB) SWAP 707/8192MB (cached 51MB) CPU [0%@1728,1%@1728,0%@1728,0%@1728,0%@729,0%@729] GR3D_FREQ 0% cpu@63.5C soc2@62.281C soc0@62.562C gpu@63.218C tj@63.5C soc1@63.156C VDD_IN 4570mW/12257mW VDD_CPU_GPU_CV 555mW/5393mW VDD_SOC 1468mW/2823mW
09-13-2026 14:05:15 RAM 2385/7620MB (lfb 12x4MB) SWAP 707/8192MB (cached 51MB) CPU [0%@1728,0%@1728,0%@1728,0%@1728,0%@729,0%@729] GR3D_FREQ 0% cpu@63.343C soc2@62.25C soc0@62.593C gpu@62.968C tj@63.343C soc1@63.062C VDD_IN 4610mW/12228mW VDD_CPU_GPU_CV 555mW/5375mW VDD_SOC 1468mW/2818mW
09-13-2026 14:05:15 RAM 2385/7620MB (lfb 12x4MB) SWAP 707/8192MB (cached 51MB) CPU [0%@1728,0%@1728,0%@1728,0%@1728,0%@729,0%@729] GR3D_FREQ 0% cpu@63.125C soc2@62.187C soc0@62.468C gpu@62.843C tj@63.125C soc1@63.125C VDD_IN 4610mW/12200mW VDD_CPU_GPU_CV 555mW/5357mW VDD_SOC 1428mW/2813mW
09-13-2026 14:05:16 RAM 2385/7620MB (lfb 12x4MB) SWAP 707/8192MB (cached 51MB) CPU [0%@729,0%@729,0%@729,1%@729,0%@729,0%@729] GR3D_FREQ 0% cpu@63.312C soc2@62.218C soc0@62.406C gpu@62.906C tj@63.093C soc1@63.031C VDD_IN 4610mW/12172mW VDD_CPU_GPU_CV 555mW/5339mW VDD_SOC 1428mW/2807mW
09-13-2026 14:05:16 RAM 2385/7620MB (lfb 12x4MB) SWAP 707/8192MB (cached 51MB) CPU [1%@1728,1%@1728,0%@1728,0%@1728,0%@729,0%@729] GR3D_FREQ 0% cpu@63.031C soc2@62.093C soc0@62.281C gpu@62.781C tj@63.031C soc1@63C VDD_IN 4610mW/12143mW VDD_CPU_GPU_CV 555mW/5321mW VDD_SOC 1428mW/2802mW
09-13-2026 14:05:17 RAM 2385/7620MB (lfb 12x4MB) SWAP 707/8192MB (cached 51MB) CPU [0%@729,0%@729,1%@729,0%@729,0%@729,0%@729] GR3D_FREQ 0% cpu@63.125C soc2@62.093C soc0@62.468C gpu@62.718C tj@63.125C soc1@62.875C VDD_IN 4610mW/12116mW VDD_CPU_GPU_CV 555mW/5303mW VDD_SOC 1468mW/2797mW
09-13-2026 14:05:17 RAM 2385/7620MB (lfb 12x4MB) SWAP 707/8192MB (cached 51MB) CPU [0%@1728,1%@1728,0%@1728,0%@1728,0%@729,0%@729] GR3D_FREQ 0% cpu@63.156C soc2@62.062C soc0@62.343C gpu@62.656C tj@63.156C soc1@62.937C VDD_IN 4610mW/12088mW VDD_CPU_GPU_CV 555mW/5286mW VDD_SOC 1428mW/2792mW
09-13-2026 14:05:18 RAM 2385/7620MB (lfb 12x4MB) SWAP 707/8192MB (cached 51MB) CPU [1%@729,1%@729,0%@729,0%@729,0%@729,0%@729] GR3D_FREQ 0% cpu@62.875C soc2@61.906C soc0@62.218C gpu@62.531C tj@62.968C soc1@62.968C VDD_IN 4570mW/12060mW VDD_CPU_GPU_CV 555mW/5268mW VDD_SOC 1428mW/2787mW
09-13-2026 14:05:18 RAM 2385/7620MB (lfb 12x4MB) SWAP 707/8192MB (cached 51MB) CPU [0%@1728,0%@1728,0%@1728,0%@1728,0%@729,0%@729] GR3D_FREQ 0% cpu@62.937C soc2@62.031C soc0@62.156C gpu@62.625C tj@62.937C soc1@62.843C VDD_IN 4570mW/12033mW VDD_CPU_GPU_CV 555mW/5251mW VDD_SOC 1428mW/2782mW
09-13-2026 14:05:19 RAM 2385/7620MB (lfb 12x4MB) SWAP 707/8192MB (cached 51MB) CPU [0%@1728,0%@1728,1%@1728,0%@1728,0%@729,0%@729] GR3D_FREQ 0% cpu@62.968C soc2@61.906C soc0@62C gpu@62.437C tj@62.812C soc1@62.812C VDD_IN 4610mW/12006mW VDD_CPU_GPU_CV 555mW/5234mW VDD_SOC 1430mW/2777mW
09-13-2026 14:05:19 RAM 2385/7620MB (lfb 12x4MB) SWAP 707/8192MB (cached 51MB) CPU [0%@729,0%@729,0%@729,0%@729,0%@729,0%@729] GR3D_FREQ 0% cpu@63C soc2@61.812C soc0@62.187C gpu@62.437C tj@63C soc1@62.812C VDD_IN 4570mW/11979mW VDD_CPU_GPU_CV 555mW/5217mW VDD_SOC 1430mW/2772mW
09-13-2026 14:05:20 RAM 2385/7620MB (lfb 12x4MB) SWAP 707/8192MB (cached 51MB) CPU [0%@1728,0%@1728,0%@1728,0%@1728,0%@729,0%@729] GR3D_FREQ 0% cpu@62.968C soc2@61.75C soc0@62.093C gpu@62.343C tj@62.968C soc1@62.656C VDD_IN 4570mW/11952mW VDD_CPU_GPU_CV 555mW/5200mW VDD_SOC 1430mW/2768mW
09-13-2026 14:05:20 RAM 2385/7620MB (lfb 12x4MB) SWAP 707/8192MB (cached 51MB) CPU [0%@1728,0%@1728,0%@1728,1%@1728,0%@729,0%@729] GR3D_FREQ 0% cpu@62.75C soc2@61.718C soc0@61.937C gpu@62.312C tj@62.75C soc1@62.656C VDD_IN 4570mW/11925mW VDD_CPU_GPU_CV 555mW/5183mW VDD_SOC 1430mW/2763mW
09-13-2026 14:05:21 RAM 2385/7620MB (lfb 12x4MB) SWAP 707/8192MB (cached 51MB) CPU [0%@729,0%@729,0%@729,0%@729,0%@729,0%@729] GR3D_FREQ 0% cpu@62.593C soc2@61.625C soc0@61.937C gpu@62.281C tj@62.812C soc1@62.812C VDD_IN 4570mW/11899mW VDD_CPU_GPU_CV 555mW/5167mW VDD_SOC 1430mW/2758mW
09-13-2026 14:05:21 RAM 2385/7620MB (lfb 12x4MB) SWAP 707/8192MB (cached 51MB) CPU [1%@1728,0%@1728,0%@1728,0%@1728,0%@729,0%@729] GR3D_FREQ 0% cpu@62.593C soc2@61.625C soc0@61.875C gpu@62.437C tj@62.593C soc1@62.562C VDD_IN 4570mW/11872mW VDD_CPU_GPU_CV 555mW/5150mW VDD_SOC 1430mW/2753mW
09-13-2026 14:05:22 RAM 2385/7620MB (lfb 12x4MB) SWAP 707/8192MB (cached 51MB) CPU [0%@1728,0%@1728,0%@1728,0%@1728,0%@729,0%@729] GR3D_FREQ 0% cpu@62.468C soc2@61.593C soc0@61.781C gpu@62.062C tj@62.5C soc1@62.5C VDD_IN 4570mW/11846mW VDD_CPU_GPU_CV 555mW/5134mW VDD_SOC 1430mW/2749mW
09-13-2026 14:05:22 RAM 2385/7620MB (lfb 12x4MB) SWAP 707/8192MB (cached 51MB) CPU [2%@729,0%@729,0%@729,1%@729,0%@729,0%@729] GR3D_FREQ 0% cpu@62.562C soc2@61.593C soc0@61.906C gpu@62.343C tj@62.5C soc1@62.406C VDD_IN 4610mW/11821mW VDD_CPU_GPU_CV 555mW/5117mW VDD_SOC 1430mW/2744mW
09-13-2026 14:05:23 RAM 2385/7620MB (lfb 12x4MB) SWAP 707/8192MB (cached 51MB) CPU [1%@1728,1%@1728,0%@1728,0%@1728,0%@729,0%@729] GR3D_FREQ 0% cpu@62.656C soc2@61.562C soc0@61.75C gpu@62.406C tj@62.656C soc1@62.343C VDD_IN 4570mW/11795mW VDD_CPU_GPU_CV 555mW/5101mW VDD_SOC 1430mW/2739mW
09-13-2026 14:05:23 RAM 2385/7620MB (lfb 12x4MB) SWAP 707/8192MB (cached 51MB) CPU [0%@1728,0%@1728,0%@1728,0%@1728,0%@729,0%@729] GR3D_FREQ 0% cpu@62.343C soc2@61.437C soc0@61.656C gpu@62.187C tj@62.593C soc1@62.312C VDD_IN 4610mW/11770mW VDD_CPU_GPU_CV 555mW/5085mW VDD_SOC 1470mW/2735mW
09-13-2026 14:05:24 RAM 2385/7620MB (lfb 12x4MB) SWAP 707/8192MB (cached 51MB) CPU [1%@729,0%@729,0%@729,0%@729,0%@729,0%@729] GR3D_FREQ 0% cpu@62.5C soc2@61.406C soc0@61.593C gpu@62.312C tj@62.5C soc1@62.437C VDD_IN 4570mW/11744mW VDD_CPU_GPU_CV 555mW/5069mW VDD_SOC 1430mW/2730mW
09-13-2026 14:05:24 RAM 2385/7620MB (lfb 12x4MB) SWAP 707/8192MB (cached 51MB) CPU [0%@1728,0%@1728,0%@1728,0%@1728,0%@729,0%@729] GR3D_FREQ 0% cpu@62.281C soc2@61.281C soc0@61.562C gpu@62.156C tj@62.343C soc1@62.343C VDD_IN 4570mW/11719mW VDD_CPU_GPU_CV 555mW/5053mW VDD_SOC 1430mW/2726mW
09-13-2026 14:05:25 RAM 2385/7620MB (lfb 12x4MB) SWAP 707/8192MB (cached 51MB) CPU [0%@729,0%@1728,0%@1728,1%@1728,0%@729,0%@729] GR3D_FREQ 0% cpu@62.468C soc2@61.343C soc0@61.5C gpu@62.312C tj@62.312C soc1@62.218C VDD_IN 4570mW/11694mW VDD_CPU_GPU_CV 555mW/5038mW VDD_SOC 1430mW/2721mW
09-13-2026 14:05:25 RAM 2385/7620MB (lfb 12x4MB) SWAP 707/8192MB (cached 51MB) CPU [0%@1728,1%@1728,0%@1728,0%@1728,0%@729,0%@729] GR3D_FREQ 0% cpu@62.5C soc2@61.281C soc0@61.406C gpu@61.968C tj@62.5C soc1@62.156C VDD_IN 4570mW/11669mW VDD_CPU_GPU_CV 555mW/5022mW VDD_SOC 1430mW/2717mW
09-13-2026 14:05:26 RAM 2385/7620MB (lfb 12x4MB) SWAP 707/8192MB (cached 51MB) CPU [0%@1728,0%@1728,0%@1728,0%@1728,0%@729,0%@729] GR3D_FREQ 0% cpu@62.187C soc2@61.25C soc0@61.468C gpu@62.062C tj@62.187C soc1@62.125C VDD_IN 4570mW/11645mW VDD_CPU_GPU_CV 555mW/5006mW VDD_SOC 1430mW/2712mW
09-13-2026 14:05:26 RAM 2385/7620MB (lfb 12x4MB) SWAP 707/8192MB (cached 51MB) CPU [0%@729,0%@729,0%@729,0%@729,0%@729,0%@729] GR3D_FREQ 0% cpu@62.281C soc2@61.187C soc0@61.437C gpu@61.781C tj@62.281C soc1@62.062C VDD_IN 4570mW/11620mW VDD_CPU_GPU_CV 555mW/4991mW VDD_SOC 1430mW/2708mW
09-13-2026 14:05:27 RAM 2385/7620MB (lfb 12x4MB) SWAP 707/8192MB (cached 51MB) CPU [0%@1728,0%@1728,0%@1728,0%@1728,0%@729,0%@729] GR3D_FREQ 0% cpu@62.093C soc2@61.125C soc0@61.406C gpu@61.687C tj@62.093C soc1@62.062C VDD_IN 4570mW/11596mW VDD_CPU_GPU_CV 555mW/4976mW VDD_SOC 1430mW/2703mW
09-13-2026 14:05:27 RAM 2385/7620MB (lfb 12x4MB) SWAP 707/8192MB (cached 51MB) CPU [0%@1728,0%@1728,0%@1728,0%@1728,0%@729,0%@729] GR3D_FREQ 0% cpu@62C soc2@61.25C soc0@61.25C gpu@61.843C tj@62.093C soc1@62.093C VDD_IN 4570mW/11572mW VDD_CPU_GPU_CV 555mW/4961mW VDD_SOC 1430mW/2699mW
09-13-2026 14:05:28 RAM 2385/7620MB (lfb 12x4MB) SWAP 707/8192MB (cached 51MB) CPU [0%@729,0%@729,0%@729,0%@729,0%@729,0%@729] GR3D_FREQ 0% cpu@61.937C soc2@61.125C soc0@61.187C gpu@61.625C tj@62.062C soc1@62.062C VDD_IN 4570mW/11548mW VDD_CPU_GPU_CV 555mW/4945mW VDD_SOC 1430mW/2694mW
09-13-2026 14:05:28 RAM 2385/7620MB (lfb 12x4MB) SWAP 707/8192MB (cached 51MB) CPU [0%@729,0%@729,0%@729,0%@729,0%@729,0%@729] GR3D_FREQ 0% cpu@62.093C soc2@61.093C soc0@61.156C gpu@61.593C tj@62.031C soc1@62.031C VDD_IN 4570mW/11524mW VDD_CPU_GPU_CV 555mW/4930mW VDD_SOC 1430mW/2690mW
09-13-2026 14:05:29 RAM 2385/7620MB (lfb 12x4MB) SWAP 707/8192MB (cached 51MB) CPU [0%@1728,0%@1728,1%@1728,0%@1728,0%@729,0%@729] GR3D_FREQ 0% cpu@62.093C soc2@60.906C soc0@61.218C gpu@61.468C tj@62.093C soc1@61.843C VDD_IN 4570mW/11500mW VDD_CPU_GPU_CV 555mW/4916mW VDD_SOC 1430mW/2686mW
09-13-2026 14:05:29 RAM 2385/7620MB (lfb 12x4MB) SWAP 707/8192MB (cached 51MB) CPU [0%@1728,0%@1728,0%@1728,0%@1728,0%@729,0%@729] GR3D_FREQ 0% cpu@61.875C soc2@60.937C soc0@61.187C gpu@61.562C tj@61.875C soc1@61.781C VDD_IN 4570mW/11477mW VDD_CPU_GPU_CV 555mW/4901mW VDD_SOC 1430mW/2682mW
09-13-2026 14:05:30 RAM 2385/7620MB (lfb 12x4MB) SWAP 707/8192MB (cached 51MB) CPU [1%@729,0%@729,0%@729,0%@729,0%@729,0%@729] GR3D_FREQ 0% cpu@61.843C soc2@60.781C soc0@61.093C gpu@61.375C tj@62.062C soc1@62.062C VDD_IN 4610mW/11453mW VDD_CPU_GPU_CV 555mW/4886mW VDD_SOC 1470mW/2678mW
