09-12-2026 21:38:03 RAM 3149/7620MB (lfb 12x4MB) SWAP 840/12002MB (cached 12MB) CPU [0%@1728,1%@1728,100%@1728,0%@1728,0%@729,0%@729] GR3D_FREQ 0% cpu@51.75C soc2@49.343C soc0@49.906C gpu@50.562C tj@51.75C soc1@50.687C VDD_IN 5683mW/5683mW VDD_CPU_GPU_CV 1428mW/1428mW VDD_SOC 1470mW/1470mW
09-12-2026 21:38:04 RAM 3158/7620MB (lfb 12x4MB) SWAP 840/12002MB (cached 12MB) CPU [25%@1728,13%@1728,42%@1728,6%@1728,12%@729,13%@729] GR3D_FREQ 0% cpu@50.937C soc2@49.218C soc0@49.906C gpu@50.125C tj@50.875C soc1@50.562C VDD_IN 5365mW/5524mW VDD_CPU_GPU_CV 1152mW/1290mW VDD_SOC 1470mW/1470mW
09-12-2026 21:38:04 RAM 3162/7620MB (lfb 12x4MB) SWAP 840/12002MB (cached 12MB) CPU [8%@1728,5%@1728,6%@1728,12%@1728,12%@1344,68%@1344] GR3D_FREQ 0% cpu@50.906C soc2@49.406C soc0@49.875C gpu@50.375C tj@50.906C soc1@50.468C VDD_IN 5206mW/5418mW VDD_CPU_GPU_CV 993mW/1191mW VDD_SOC 1470mW/1470mW
09-12-2026 21:38:05 RAM 3174/7620MB (lfb 12x4MB) SWAP 840/12002MB (cached 12MB) CPU [9%@1728,72%@1728,6%@1728,2%@1728,1%@729,17%@729] GR3D_FREQ 0% cpu@51.375C soc2@49.437C soc0@49.875C gpu@50.093C tj@51.375C soc1@50.531C VDD_IN 5444mW/5425mW VDD_CPU_GPU_CV 1152mW/1181mW VDD_SOC 1470mW/1470mW
09-12-2026 21:38:05 RAM 3211/7620MB (lfb 12x4MB) SWAP 840/12002MB (cached 12MB) CPU [2%@1728,100%@1728,0%@1728,0%@1728,0%@729,0%@729] GR3D_FREQ 0% cpu@51.343C soc2@49.5C soc0@49.937C gpu@50.406C tj@51.218C soc1@50.468C VDD_IN 5723mW/5484mW VDD_CPU_GPU_CV 1388mW/1223mW VDD_SOC 1510mW/1478mW
09-12-2026 21:38:06 RAM 3230/7620MB (lfb 12x4MB) SWAP 840/12002MB (cached 12MB) CPU [2%@1728,100%@1728,1%@1728,0%@1728,0%@729,0%@729] GR3D_FREQ 0% cpu@51.375C soc2@49.468C soc0@49.906C gpu@50.343C tj@51.375C soc1@50.718C VDD_IN 5802mW/5537mW VDD_CPU_GPU_CV 1388mW/1250mW VDD_SOC 1510mW/1483mW
09-12-2026 21:38:06 RAM 3255/7620MB (lfb 12x4MB) SWAP 840/12002MB (cached 12MB) CPU [3%@729,68%@729,0%@729,0%@729,33%@1728,0%@1728] GR3D_FREQ 0% cpu@51.5C soc2@49.312C soc0@49.906C gpu@50.406C tj@51.5C soc1@50.656C VDD_IN 5842mW/5581mW VDD_CPU_GPU_CV 1428mW/1276mW VDD_SOC 1510mW/1487mW
09-12-2026 21:38:07 RAM 3306/7620MB (lfb 12x4MB) SWAP 840/12002MB (cached 12MB) CPU [17%@1728,31%@1728,12%@1728,13%@1728,82%@1728,13%@1728] GR3D_FREQ 0% cpu@51.593C soc2@49.5C soc0@49.937C gpu@50.312C tj@51.593C soc1@50.562C VDD_IN 5961mW/5628mW VDD_CPU_GPU_CV 1547mW/1310mW VDD_SOC 1510mW/1490mW
09-12-2026 21:38:07 RAM 3326/7620MB (lfb 12x4MB) SWAP 840/12002MB (cached 12MB) CPU [2%@1728,100%@1728,3%@1728,0%@1728,0%@729,0%@729] GR3D_FREQ 0% cpu@51.312C soc2@49.406C soc0@49.875C gpu@50.25C tj@51.218C soc1@50.625C VDD_IN 5842mW/5652mW VDD_CPU_GPU_CV 1388mW/1318mW VDD_SOC 1510mW/1492mW
09-12-2026 21:38:08 RAM 3347/7620MB (lfb 12x4MB) SWAP 840/12002MB (cached 12MB) CPU [3%@1728,100%@1728,0%@1728,1%@1728,0%@729,0%@729] GR3D_FREQ 0% cpu@51.437C soc2@49.5C soc0@49.968C gpu@50.125C tj@51.437C soc1@50.656C VDD_IN 5802mW/5667mW VDD_CPU_GPU_CV 1468mW/1333mW VDD_SOC 1510mW/1494mW
09-12-2026 21:38:08 RAM 3357/7620MB (lfb 12x4MB) SWAP 840/12002MB (cached 12MB) CPU [3%@1728,100%@1728,0%@1728,0%@1728,0%@729,0%@729] GR3D_FREQ 0% cpu@51.312C soc2@49.437C soc0@49.937C gpu@50.5C tj@51.312C soc1@50.531C VDD_IN 5802mW/5679mW VDD_CPU_GPU_CV 1349mW/1335mW VDD_SOC 1510mW/1495mW
09-12-2026 21:38:09 RAM 3621/7620MB (lfb 180x1MB) SWAP 840/12002MB (cached 12MB) CPU [16%@1728,78%@1728,29%@1728,14%@1728,2%@960,3%@960] GR3D_FREQ 0% cpu@52.125C soc2@49.625C soc0@49.968C gpu@50.218C tj@52.062C soc1@50.687C VDD_IN 6279mW/5729mW VDD_CPU_GPU_CV 1706mW/1366mW VDD_SOC 1547mW/1500mW
09-12-2026 21:38:09 RAM 3636/7620MB (lfb 180x1MB) SWAP 840/12002MB (cached 12MB) CPU [8%@1267,28%@1267,36%@1267,2%@1267,29%@729,13%@729] GR3D_FREQ 0% cpu@51.156C soc2@49.5C soc0@49.937C gpu@50.406C tj@51.156C soc1@50.625C VDD_IN 5723mW/5729mW VDD_CPU_GPU_CV 1269mW/1358mW VDD_SOC 1550mW/1504mW
09-12-2026 21:38:10 RAM 3642/7620MB (lfb 180x1MB) SWAP 840/12002MB (cached 12MB) CPU [10%@1728,20%@1728,58%@1728,5%@1728,17%@729,12%@729] GR3D_FREQ 0% cpu@51.343C soc2@49.437C soc0@49.937C gpu@50.187C tj@51.343C soc1@50.468C VDD_IN 5405mW/5706mW VDD_CPU_GPU_CV 1071mW/1338mW VDD_SOC 1510mW/1504mW
09-12-2026 21:38:10 RAM 3646/7620MB (lfb 180x1MB) SWAP 840/12002MB (cached 12MB) CPU [19%@729,25%@729,32%@729,26%@729,12%@1344,10%@1344] GR3D_FREQ 0% cpu@51.218C soc2@49.406C soc0@49.937C gpu@50.468C tj@51.218C soc1@50.593C VDD_IN 5325mW/5680mW VDD_CPU_GPU_CV 993mW/1315mW VDD_SOC 1510mW/1504mW
09-12-2026 21:38:11 RAM 3648/7620MB (lfb 180x1MB) SWAP 840/12002MB (cached 12MB) CPU [17%@729,10%@1728,45%@1728,39%@1728,15%@729,6%@729] GR3D_FREQ 0% cpu@51.093C soc2@49.281C soc0@49.937C gpu@50.125C tj@51.093C soc1@50.593C VDD_IN 5325mW/5658mW VDD_CPU_GPU_CV 993mW/1295mW VDD_SOC 1510mW/1505mW
09-12-2026 21:38:11 RAM 3651/7620MB (lfb 180x1MB) SWAP 840/12002MB (cached 12MB) CPU [20%@729,10%@729,20%@729,34%@729,7%@729,23%@729] GR3D_FREQ 0% cpu@51.218C soc2@49.25C soc0@49.937C gpu@50.343C tj@51.218C soc1@50.75C VDD_IN 5285mW/5636mW VDD_CPU_GPU_CV 952mW/1274mW VDD_SOC 1510mW/1505mW
09-12-2026 21:38:12 RAM 3652/7620MB (lfb 180x1MB) SWAP 840/12002MB (cached 12MB) CPU [24%@1728,12%@1728,36%@1728,33%@1728,12%@729,3%@729] GR3D_FREQ 0% cpu@51.125C soc2@49.218C soc0@49.937C gpu@50.031C tj@51.125C soc1@50.656C VDD_IN 5285mW/5617mW VDD_CPU_GPU_CV 952mW/1257mW VDD_SOC 1510mW/1505mW
09-12-2026 21:38:12 RAM 3652/7620MB (lfb 180x1MB) SWAP 840/12002MB (cached 12MB) CPU [24%@729,9%@729,28%@729,33%@729,11%@729,14%@729] GR3D_FREQ 0% cpu@50.937C soc2@49.437C soc0@49.843C gpu@50.312C tj@50.937C soc1@50.625C VDD_IN 5246mW/5597mW VDD_CPU_GPU_CV 912mW/1238mW VDD_SOC 1510mW/1506mW
09-12-2026 21:38:13 RAM 3656/7620MB (lfb 180x1MB) SWAP 840/12002MB (cached 12MB) CPU [25%@1728,34%@1728,17%@1728,28%@1728,12%@729,26%@729] GR3D_FREQ 0% cpu@51.187C soc2@49.406C soc0@49.906C gpu@50.125C tj@51.187C soc1@50.593C VDD_IN 5365mW/5586mW VDD_CPU_GPU_CV 1031mW/1228mW VDD_SOC 1510mW/1506mW
09-12-2026 21:38:13 RAM 3676/7620MB (lfb 180x1MB) SWAP 840/12002MB (cached 12MB) CPU [38%@1728,38%@1728,78%@1728,51%@1728,46%@1113,58%@1113] GR3D_FREQ 0% cpu@52.25C soc2@49.562C soc0@50.031C gpu@50.375C tj@52.25C soc1@50.562C VDD_IN 6359mW/5622mW VDD_CPU_GPU_CV 1825mW/1256mW VDD_SOC 1547mW/1508mW
09-12-2026 21:38:14 RAM 3795/7620MB (lfb 180x1MB) SWAP 840/12002MB (cached 12MB) CPU [51%@1728,46%@1728,46%@1728,54%@1728,84%@1728,48%@1728] GR3D_FREQ 0% cpu@52.875C soc2@49.687C soc0@49.906C gpu@50.406C tj@52.875C soc1@50.625C VDD_IN 7685mW/5716mW VDD_CPU_GPU_CV 2729mW/1323mW VDD_SOC 1703mW/1517mW
09-12-2026 21:38:14 RAM 3797/7620MB (lfb 180x1MB) SWAP 840/12002MB (cached 12MB) CPU [66%@1728,64%@1728,62%@1728,65%@1728,79%@1728,68%@1728] GR3D_FREQ 0% cpu@52.843C soc2@49.718C soc0@50C gpu@50.656C tj@52.843C soc1@50.781C VDD_IN 8675mW/5845mW VDD_CPU_GPU_CV 3435mW/1415mW VDD_SOC 1779mW/1528mW
09-12-2026 21:38:15 RAM 3805/7620MB (lfb 180x1MB) SWAP 840/12002MB (cached 12MB) CPU [71%@1113,64%@1113,63%@1113,73%@1113,74%@1728,77%@1728] GR3D_FREQ 0% cpu@52.781C soc2@49.968C soc0@50.093C gpu@50.625C tj@52.781C soc1@50.812C VDD_IN 9017mW/5977mW VDD_CPU_GPU_CV 3672mW/1509mW VDD_SOC 1819mW/1540mW
09-12-2026 21:38:15 RAM 3667/7620MB (lfb 1x2MB) SWAP 840/12002MB (cached 12MB) CPU [27%@1728,27%@1728,76%@1728,45%@1728,34%@1651,55%@1651] GR3D_FREQ 0% cpu@52.125C soc2@49.875C soc0@50.062C gpu@50.656C tj@52.125C soc1@50.875C VDD_IN 7539mW/6039mW VDD_CPU_GPU_CV 2689mW/1556mW VDD_SOC 1663mW/1545mW
09-12-2026 21:38:16 RAM 3667/7620MB (lfb 1x2MB) SWAP 840/12002MB (cached 12MB) CPU [14%@1728,19%@1728,52%@1728,44%@1728,25%@729,27%@729] GR3D_FREQ 0% cpu@51.562C soc2@49.593C soc0@50.031C gpu@50.531C tj@51.562C soc1@50.875C VDD_IN 6239mW/6047mW VDD_CPU_GPU_CV 1706mW/1562mW VDD_SOC 1547mW/1545mW
09-12-2026 21:38:16 RAM 3668/7620MB (lfb 1x2MB) SWAP 840/12002MB (cached 12MB) CPU [5%@1728,25%@1728,8%@1728,50%@1728,5%@729,26%@729] GR3D_FREQ 0% cpu@51.375C soc2@49.562C soc0@50.281C gpu@50.562C tj@51.375C soc1@50.718C VDD_IN 5643mW/6032mW VDD_CPU_GPU_CV 1269mW/1551mW VDD_SOC 1510mW/1544mW
09-12-2026 21:38:17 RAM 3668/7620MB (lfb 1x2MB) SWAP 840/12002MB (cached 12MB) CPU [14%@729,18%@729,23%@729,23%@729,23%@960,17%@960] GR3D_FREQ 0% cpu@51.5C soc2@49.468C soc0@50.187C gpu@50.406C tj@51.5C soc1@50.687C VDD_IN 5405mW/6010mW VDD_CPU_GPU_CV 1071mW/1534mW VDD_SOC 1510mW/1543mW
09-12-2026 21:38:17 RAM 3668/7620MB (lfb 1x2MB) SWAP 840/12002MB (cached 12MB) CPU [8%@729,47%@729,15%@729,16%@729,25%@729,9%@729] GR3D_FREQ 0% cpu@51.343C soc2@49.531C soc0@50.093C gpu@50.5C tj@51.437C soc1@50.687C VDD_IN 5325mW/5986mW VDD_CPU_GPU_CV 992mW/1515mW VDD_SOC 1510mW/1542mW
09-12-2026 21:38:18 RAM 3668/7620MB (lfb 1x2MB) SWAP 840/12002MB (cached 12MB) CPU [25%@1728,24%@1728,27%@1728,29%@1728,22%@1267,6%@1267] GR3D_FREQ 0% cpu@51.218C soc2@49.406C soc0@50.093C gpu@50.312C tj@51.218C soc1@50.875C VDD_IN 5285mW/5963mW VDD_CPU_GPU_CV 992mW/1498mW VDD_SOC 1510mW/1541mW
09-12-2026 21:38:18 RAM 3668/7620MB (lfb 1x2MB) SWAP 840/12002MB (cached 12MB) CPU [10%@1728,43%@1728,26%@1728,6%@1728,30%@729,2%@729] GR3D_FREQ 0% cpu@51.187C soc2@49.406C soc0@50.093C gpu@50.406C tj@51.187C soc1@50.75C VDD_IN 5285mW/5941mW VDD_CPU_GPU_CV 992mW/1482mW VDD_SOC 1510mW/1540mW
09-12-2026 21:38:19 RAM 3668/7620MB (lfb 1x2MB) SWAP 840/12002MB (cached 12MB) CPU [24%@1728,9%@1728,17%@1728,45%@1728,14%@729,21%@729] GR3D_FREQ 0% cpu@51.281C soc2@49.531C soc0@50C gpu@50.375C tj@51.281C soc1@50.718C VDD_IN 5325mW/5922mW VDD_CPU_GPU_CV 993mW/1466mW VDD_SOC 1510mW/1539mW
09-12-2026 21:38:19 RAM 3668/7620MB (lfb 1x2MB) SWAP 840/12002MB (cached 12MB) CPU [14%@729,7%@729,31%@729,11%@729,18%@729,43%@729] GR3D_FREQ 0% cpu@51.406C soc2@49.5C soc0@50.031C gpu@50.375C tj@51.406C soc1@50.718C VDD_IN 5285mW/5902mW VDD_CPU_GPU_CV 953mW/1451mW VDD_SOC 1510mW/1538mW
09-12-2026 21:38:20 RAM 3668/7620MB (lfb 1x2MB) SWAP 840/12002MB (cached 12MB) CPU [15%@729,41%@1728,5%@1728,7%@1728,19%@729,32%@729] GR3D_FREQ 0% cpu@51.5C soc2@49.406C soc0@50.062C gpu@50.343C tj@51.5C soc1@50.625C VDD_IN 5285mW/5884mW VDD_CPU_GPU_CV 993mW/1437mW VDD_SOC 1510mW/1537mW
09-12-2026 21:38:20 RAM 3668/7620MB (lfb 1x2MB) SWAP 840/12002MB (cached 12MB) CPU [31%@1728,14%@1728,7%@1728,25%@1728,11%@1036,34%@1036] GR3D_FREQ 0% cpu@51.187C soc2@49.468C soc0@50.093C gpu@50.343C tj@51.187C soc1@50.656C VDD_IN 5285mW/5867mW VDD_CPU_GPU_CV 993mW/1425mW VDD_SOC 1510mW/1536mW
09-12-2026 21:38:21 RAM 3669/7620MB (lfb 1x2MB) SWAP 840/12002MB (cached 12MB) CPU [20%@1267,48%@1267,20%@1267,20%@1267,4%@729,4%@729] GR3D_FREQ 0% cpu@51.843C soc2@49.5C soc0@50C gpu@50.25C tj@51.843C soc1@50.687C VDD_IN 5285mW/5851mW VDD_CPU_GPU_CV 953mW/1412mW VDD_SOC 1510mW/1535mW
09-12-2026 21:38:21 RAM 3669/7620MB (lfb 1x2MB) SWAP 840/12002MB (cached 12MB) CPU [22%@1728,20%@1728,18%@1728,5%@1728,22%@960,40%@960] GR3D_FREQ 0% cpu@51.156C soc2@49.437C soc0@50.093C gpu@50.281C tj@51.156C soc1@50.718C VDD_IN 5285mW/5836mW VDD_CPU_GPU_CV 993mW/1400mW VDD_SOC 1510mW/1535mW
09-12-2026 21:38:22 RAM 3669/7620MB (lfb 1x2MB) SWAP 840/12002MB (cached 12MB) CPU [22%@1728,21%@1728,9%@1728,27%@1728,12%@1574,27%@1574] GR3D_FREQ 0% cpu@51.218C soc2@49.437C soc0@50C gpu@50.281C tj@51.218C soc1@50.812C VDD_IN 5285mW/5821mW VDD_CPU_GPU_CV 953mW/1388mW VDD_SOC 1510mW/1534mW
09-12-2026 21:38:22 RAM 3670/7620MB (lfb 1x2MB) SWAP 840/12002MB (cached 12MB) CPU [14%@729,26%@729,19%@1728,28%@1728,14%@729,13%@729] GR3D_FREQ 0% cpu@51.156C soc2@49.5C soc0@50C gpu@50.406C tj@51.156C soc1@50.687C VDD_IN 5285mW/5807mW VDD_CPU_GPU_CV 953mW/1377mW VDD_SOC 1510mW/1533mW
09-12-2026 21:38:23 RAM 3670/7620MB (lfb 1x2MB) SWAP 840/12002MB (cached 12MB) CPU [27%@1728,40%@1728,26%@1728,5%@1728,9%@729,15%@729] GR3D_FREQ 0% cpu@51.437C soc2@49.5C soc0@50.031C gpu@50.218C tj@51.437C soc1@50.687C VDD_IN 5285mW/5794mW VDD_CPU_GPU_CV 953mW/1367mW VDD_SOC 1510mW/1533mW
09-12-2026 21:38:23 RAM 3670/7620MB (lfb 1x2MB) SWAP 840/12002MB (cached 12MB) CPU [14%@1190,16%@1190,29%@1190,18%@1190,20%@729,22%@729] GR3D_FREQ 0% cpu@51.406C soc2@49.5C soc0@50.156C gpu@50.375C tj@51.406C soc1@50.656C VDD_IN 5206mW/5780mW VDD_CPU_GPU_CV 914mW/1356mW VDD_SOC 1510mW/1532mW
09-12-2026 21:38:24 RAM 3670/7620MB (lfb 1x2MB) SWAP 840/12002MB (cached 12MB) CPU [10%@1728,5%@1728,42%@1728,30%@1728,31%@729,4%@729] GR3D_FREQ 0% cpu@51.25C soc2@49.468C soc0@50.125C gpu@50.25C tj@51.25C soc1@50.687C VDD_IN 5285mW/5768mW VDD_CPU_GPU_CV 953mW/1346mW VDD_SOC 1510mW/1532mW
09-12-2026 21:38:24 RAM 3670/7620MB (lfb 1x2MB) SWAP 840/12002MB (cached 12MB) CPU [19%@1728,15%@1728,20%@1728,22%@1728,46%@729,4%@729] GR3D_FREQ 0% cpu@51.437C soc2@49.312C soc0@50.125C gpu@50.343C tj@51.437C soc1@50.593C VDD_IN 5325mW/5758mW VDD_CPU_GPU_CV 992mW/1338mW VDD_SOC 1510mW/1531mW
09-12-2026 21:38:25 RAM 3670/7620MB (lfb 1x2MB) SWAP 840/12002MB (cached 12MB) CPU [2%@1267,26%@1267,26%@1267,23%@1267,12%@729,26%@729] GR3D_FREQ 0% cpu@51.218C soc2@49.375C soc0@50.031C gpu@50.187C tj@51.218C soc1@50.812C VDD_IN 5246mW/5746mW VDD_CPU_GPU_CV 953mW/1329mW VDD_SOC 1510mW/1531mW
09-12-2026 21:38:25 RAM 3670/7620MB (lfb 1x2MB) SWAP 840/12002MB (cached 12MB) CPU [11%@1728,50%@1728,38%@1728,8%@1728,10%@729,10%@729] GR3D_FREQ 0% cpu@51.125C soc2@49.5C soc0@50C gpu@50.281C tj@51.156C soc1@50.687C VDD_IN 5285mW/5736mW VDD_CPU_GPU_CV 952mW/1321mW VDD_SOC 1510mW/1530mW
09-12-2026 21:38:26 RAM 3670/7620MB (lfb 1x2MB) SWAP 840/12002MB (cached 12MB) CPU [26%@729,11%@729,4%@729,42%@729,28%@1267,12%@1267] GR3D_FREQ 0% cpu@51.218C soc2@49.468C soc0@50C gpu@50.281C tj@51.156C soc1@50.718C VDD_IN 5325mW/5727mW VDD_CPU_GPU_CV 992mW/1314mW VDD_SOC 1510mW/1530mW
09-12-2026 21:38:26 RAM 3670/7620MB (lfb 1x2MB) SWAP 840/12002MB (cached 12MB) CPU [34%@729,27%@729,24%@729,12%@1728,4%@729,15%@729] GR3D_FREQ 0% cpu@51.312C soc2@49.5C soc0@50.125C gpu@50.312C tj@51.312C soc1@50.625C VDD_IN 5285mW/5718mW VDD_CPU_GPU_CV 952mW/1306mW VDD_SOC 1510mW/1529mW
09-12-2026 21:38:27 RAM 3670/7620MB (lfb 1x2MB) SWAP 840/12002MB (cached 12MB) CPU [44%@1267,28%@1267,10%@1728,25%@1728,5%@729,6%@729] GR3D_FREQ 0% cpu@51.593C soc2@49.5C soc0@50.156C gpu@50.218C tj@51.593C soc1@50.656C VDD_IN 5246mW/5708mW VDD_CPU_GPU_CV 912mW/1298mW VDD_SOC 1510mW/1529mW
09-12-2026 21:38:27 RAM 3670/7620MB (lfb 1x2MB) SWAP 840/12002MB (cached 12MB) CPU [24%@729,25%@729,25%@729,27%@729,12%@729,11%@729] GR3D_FREQ 0% cpu@51.437C soc2@49.437C soc0@50.062C gpu@50.281C tj@51.437C soc1@50.656C VDD_IN 5246mW/5698mW VDD_CPU_GPU_CV 914mW/1290mW VDD_SOC 1510mW/1529mW
09-12-2026 21:38:28 RAM 3671/7620MB (lfb 1x2MB) SWAP 840/12002MB (cached 12MB) CPU [8%@729,26%@729,39%@729,7%@729,33%@729,9%@729] GR3D_FREQ 0% cpu@51.187C soc2@49.468C soc0@50.093C gpu@50.25C tj@51.218C soc1@50.812C VDD_IN 5285mW/5690mW VDD_CPU_GPU_CV 953mW/1283mW VDD_SOC 1510mW/1528mW
09-12-2026 21:38:28 RAM 3671/7620MB (lfb 1x2MB) SWAP 840/12002MB (cached 12MB) CPU [6%@1728,46%@1728,38%@1728,11%@1728,21%@729,5%@729] GR3D_FREQ 0% cpu@51.093C soc2@49.468C soc0@50C gpu@50.312C tj@51.093C soc1@50.812C VDD_IN 5285mW/5682mW VDD_CPU_GPU_CV 953mW/1277mW VDD_SOC 1510mW/1528mW
09-12-2026 21:38:29 RAM 3670/7620MB (lfb 1x2MB) SWAP 840/12002MB (cached 12MB) CPU [12%@806,13%@806,26%@806,43%@806,22%@729,4%@729] GR3D_FREQ 0% cpu@51.437C soc2@49.531C soc0@50.062C gpu@50.25C tj@51.437C soc1@50.687C VDD_IN 5365mW/5676mW VDD_CPU_GPU_CV 1033mW/1272mW VDD_SOC 1510mW/1528mW
09-12-2026 21:38:29 RAM 3671/7620MB (lfb 1x2MB) SWAP 840/12002MB (cached 12MB) CPU [22%@1728,18%@1728,11%@1728,30%@1728,30%@729,23%@729] GR3D_FREQ 0% cpu@51.312C soc2@49.531C soc0@50C gpu@50.312C tj@51.312C soc1@50.687C VDD_IN 5325mW/5669mW VDD_CPU_GPU_CV 992mW/1267mW VDD_SOC 1510mW/1527mW
09-12-2026 21:38:30 RAM 3671/7620MB (lfb 1x2MB) SWAP 840/12002MB (cached 12MB) CPU [16%@729,26%@729,23%@1728,42%@1728,15%@729,4%@729] GR3D_FREQ 0% cpu@51.281C soc2@49.5C soc0@50.125C gpu@50.25C tj@51.281C soc1@50.687C VDD_IN 5246mW/5662mW VDD_CPU_GPU_CV 952mW/1261mW VDD_SOC 1510mW/1527mW
09-12-2026 21:38:30 RAM 3671/7620MB (lfb 1x2MB) SWAP 840/12002MB (cached 12MB) CPU [26%@729,9%@729,15%@729,2%@1728,26%@729,34%@729] GR3D_FREQ 0% cpu@51.343C soc2@49.406C soc0@50.156C gpu@50.281C tj@51.343C soc1@50.687C VDD_IN 5246mW/5654mW VDD_CPU_GPU_CV 953mW/1255mW VDD_SOC 1470mW/1526mW
09-12-2026 21:38:31 RAM 3672/7620MB (lfb 1x2MB) SWAP 840/12002MB (cached 12MB) CPU [37%@1728,4%@1728,34%@1728,6%@1728,35%@729,5%@729] GR3D_FREQ 0% cpu@51.625C soc2@49.5C soc0@50.062C gpu@50.25C tj@51.625C soc1@50.75C VDD_IN 5405mW/5650mW VDD_CPU_GPU_CV 1111mW/1253mW VDD_SOC 1510mW/1526mW
09-12-2026 21:38:31 RAM 3650/7620MB (lfb 5x2MB) SWAP 840/12002MB (cached 12MB) CPU [18%@1728,17%@1728,28%@1728,28%@1728,50%@1728,9%@1728] GR3D_FREQ 0% cpu@51.718C soc2@49.468C soc0@50C gpu@50.375C tj@51.718C soc1@50.718C VDD_IN 5723mW/5651mW VDD_CPU_GPU_CV 1309mW/1254mW VDD_SOC 1550mW/1526mW
09-12-2026 21:38:32 RAM 3649/7620MB (lfb 5x2MB) SWAP 840/12002MB (cached 12MB) CPU [24%@729,38%@729,20%@729,27%@729,25%@729,2%@729] GR3D_FREQ 0% cpu@51.312C soc2@49.5C soc0@50.062C gpu@50.25C tj@51.312C soc1@50.75C VDD_IN 5524mW/5649mW VDD_CPU_GPU_CV 1150mW/1252mW VDD_SOC 1510mW/1526mW
09-12-2026 21:38:33 RAM 3649/7620MB (lfb 5x2MB) SWAP 840/12002MB (cached 12MB) CPU [4%@729,24%@1728,61%@1728,6%@1728,4%@729,11%@729] GR3D_FREQ 0% cpu@51.437C soc2@49.531C soc0@50.062C gpu@50.25C tj@51.437C soc1@50.718C VDD_IN 5246mW/5642mW VDD_CPU_GPU_CV 992mW/1247mW VDD_SOC 1510mW/1526mW
09-12-2026 21:38:33 RAM 3649/7620MB (lfb 5x2MB) SWAP 840/12002MB (cached 12MB) CPU [15%@1344,34%@1344,27%@1344,19%@1344,8%@729,16%@729] GR3D_FREQ 0% cpu@51.468C soc2@49.562C soc0@50.187C gpu@50.281C tj@51.468C soc1@50.687C VDD_IN 5285mW/5636mW VDD_CPU_GPU_CV 992mW/1243mW VDD_SOC 1510mW/1525mW
09-12-2026 21:38:34 RAM 3649/7620MB (lfb 5x2MB) SWAP 840/12002MB (cached 12MB) CPU [31%@1190,36%@1190,5%@1190,26%@1190,13%@729,11%@729] GR3D_FREQ 0% cpu@51.25C soc2@49.5C soc0@50.187C gpu@50.343C tj@51.25C soc1@50.687C VDD_IN 5285mW/5630mW VDD_CPU_GPU_CV 953mW/1238mW VDD_SOC 1510mW/1525mW
09-12-2026 21:38:34 RAM 3650/7620MB (lfb 5x2MB) SWAP 840/12002MB (cached 12MB) CPU [12%@1420,42%@1728,18%@1728,35%@1728,5%@729,6%@729] GR3D_FREQ 0% cpu@51.406C soc2@49.437C soc0@50.031C gpu@50.25C tj@51.5C soc1@50.687C VDD_IN 5285mW/5625mW VDD_CPU_GPU_CV 993mW/1234mW VDD_SOC 1510mW/1525mW
09-12-2026 21:38:35 RAM 3650/7620MB (lfb 5x2MB) SWAP 840/12002MB (cached 12MB) CPU [39%@1728,10%@1728,44%@1728,15%@1728,8%@729,6%@729] GR3D_FREQ 0% cpu@51.531C soc2@49.5C soc0@50.031C gpu@50.531C tj@51.531C soc1@50.843C VDD_IN 5405mW/5621mW VDD_CPU_GPU_CV 1071mW/1232mW VDD_SOC 1510mW/1525mW
09-12-2026 21:38:35 RAM 3650/7620MB (lfb 5x2MB) SWAP 840/12002MB (cached 12MB) CPU [6%@1113,36%@1190,19%@1190,24%@1190,26%@729,3%@729] GR3D_FREQ 0% cpu@51.25C soc2@49.437C soc0@50C gpu@50.687C tj@51.25C soc1@50.812C VDD_IN 5325mW/5617mW VDD_CPU_GPU_CV 1033mW/1229mW VDD_SOC 1510mW/1524mW
09-12-2026 21:38:36 RAM 3650/7620MB (lfb 5x2MB) SWAP 840/12002MB (cached 12MB) CPU [6%@1728,60%@1728,13%@1728,20%@1728,10%@729,10%@729] GR3D_FREQ 0% cpu@51.312C soc2@49.5C soc0@50C gpu@50.5C tj@51.312C soc1@50.718C VDD_IN 5325mW/5612mW VDD_CPU_GPU_CV 992mW/1225mW VDD_SOC 1510mW/1524mW
09-12-2026 21:38:36 RAM 3650/7620MB (lfb 5x2MB) SWAP 840/12002MB (cached 12MB) CPU [19%@883,30%@883,20%@883,25%@883,11%@729,13%@729] GR3D_FREQ 0% cpu@51.406C soc2@49.5C soc0@50.187C gpu@50.593C tj@51.406C soc1@50.687C VDD_IN 5246mW/5606mW VDD_CPU_GPU_CV 953mW/1221mW VDD_SOC 1510mW/1524mW
09-12-2026 21:38:37 RAM 3650/7620MB (lfb 5x2MB) SWAP 840/12002MB (cached 12MB) CPU [16%@1728,23%@1728,52%@1728,18%@1728,4%@729,6%@729] GR3D_FREQ 0% cpu@51.468C soc2@49.531C soc0@50.25C gpu@50.5C tj@51.468C soc1@50.687C VDD_IN 5405mW/5603mW VDD_CPU_GPU_CV 1071mW/1219mW VDD_SOC 1510mW/1524mW
09-12-2026 21:38:37 RAM 3650/7620MB (lfb 5x2MB) SWAP 840/12002MB (cached 12MB) CPU [14%@1190,24%@1190,47%@1190,5%@1190,25%@729,12%@729] GR3D_FREQ 0% cpu@51.468C soc2@49.437C soc0@50.031C gpu@50.562C tj@51.468C soc1@50.625C VDD_IN 5325mW/5599mW VDD_CPU_GPU_CV 992mW/1215mW VDD_SOC 1510mW/1523mW
09-12-2026 21:38:38 RAM 3650/7620MB (lfb 5x2MB) SWAP 840/12002MB (cached 12MB) CPU [8%@1728,20%@1728,50%@1728,9%@1728,22%@729,5%@729] GR3D_FREQ 0% cpu@51.281C soc2@49.468C soc0@50.031C gpu@50.312C tj@51.312C soc1@50.687C VDD_IN 5325mW/5595mW VDD_CPU_GPU_CV 992mW/1212mW VDD_SOC 1510mW/1523mW
09-12-2026 21:38:38 RAM 3650/7620MB (lfb 5x2MB) SWAP 840/12002MB (cached 12MB) CPU [19%@729,30%@729,6%@729,26%@729,23%@1036,27%@1036] GR3D_FREQ 0% cpu@51.187C soc2@49.406C soc0@50C gpu@50.593C tj@51.187C soc1@50.843C VDD_IN 5325mW/5592mW VDD_CPU_GPU_CV 992mW/1209mW VDD_SOC 1510mW/1523mW
09-12-2026 21:38:39 RAM 3650/7620MB (lfb 5x2MB) SWAP 840/12002MB (cached 12MB) CPU [24%@1036,7%@1036,4%@1036,10%@1036,26%@1190,48%@1190] GR3D_FREQ 0% cpu@51.187C soc2@49.5C soc0@50C gpu@50.187C tj@51.187C soc1@50.812C VDD_IN 5325mW/5588mW VDD_CPU_GPU_CV 992mW/1206mW VDD_SOC 1510mW/1523mW
09-12-2026 21:38:39 RAM 3650/7620MB (lfb 5x2MB) SWAP 840/12002MB (cached 12MB) CPU [8%@729,12%@729,38%@729,8%@1728,11%@729,39%@729] GR3D_FREQ 0% cpu@51.187C soc2@49.5C soc0@50.031C gpu@50.531C tj@51.125C soc1@50.718C VDD_IN 5285mW/5584mW VDD_CPU_GPU_CV 992mW/1203mW VDD_SOC 1510mW/1523mW
09-12-2026 21:38:40 RAM 3650/7620MB (lfb 5x2MB) SWAP 840/12002MB (cached 12MB) CPU [10%@1728,18%@1728,21%@1728,9%@1728,6%@729,56%@729] GR3D_FREQ 0% cpu@51.625C soc2@49.406C soc0@50.031C gpu@50.25C tj@51.625C soc1@50.75C VDD_IN 5325mW/5580mW VDD_CPU_GPU_CV 1033mW/1201mW VDD_SOC 1510mW/1523mW
09-12-2026 21:38:40 RAM 3650/7620MB (lfb 5x2MB) SWAP 840/12002MB (cached 12MB) CPU [6%@1728,22%@1728,38%@1728,24%@1728,20%@729,17%@729] GR3D_FREQ 0% cpu@51.437C soc2@49.468C soc0@50.156C gpu@50.562C tj@51.437C soc1@50.75C VDD_IN 5285mW/5576mW VDD_CPU_GPU_CV 993mW/1198mW VDD_SOC 1510mW/1522mW
09-12-2026 21:38:41 RAM 3650/7620MB (lfb 5x2MB) SWAP 840/12002MB (cached 12MB) CPU [18%@729,18%@729,9%@729,58%@729,10%@729,9%@729] GR3D_FREQ 0% cpu@51.25C soc2@49.593C soc0@50.125C gpu@50.25C tj@51.25C soc1@50.687C VDD_IN 5285mW/5572mW VDD_CPU_GPU_CV 953mW/1195mW VDD_SOC 1510mW/1522mW
09-12-2026 21:38:41 RAM 3650/7620MB (lfb 5x2MB) SWAP 840/12002MB (cached 12MB) CPU [31%@1728,25%@1728,23%@1728,17%@1728,4%@729,15%@729] GR3D_FREQ 0% cpu@51.343C soc2@49.437C soc0@50.156C gpu@50.562C tj@51.343C soc1@50.875C VDD_IN 5246mW/5568mW VDD_CPU_GPU_CV 914mW/1191mW VDD_SOC 1510mW/1522mW
09-12-2026 21:38:42 RAM 3646/7620MB (lfb 161x1MB) SWAP 840/12002MB (cached 12MB) CPU [33%@729,54%@729,13%@729,7%@729,7%@729,6%@729] GR3D_FREQ 0% cpu@51.25C soc2@49.5C soc0@50.156C gpu@50.25C tj@51.25C soc1@50.812C VDD_IN 5246mW/5564mW VDD_CPU_GPU_CV 953mW/1188mW VDD_SOC 1510mW/1522mW
09-12-2026 21:38:42 RAM 3646/7620MB (lfb 161x1MB) SWAP 840/12002MB (cached 12MB) CPU [33%@1113,22%@1113,22%@1113,30%@1113,4%@729,6%@729] GR3D_FREQ 0% cpu@51.125C soc2@49.562C soc0@50.062C gpu@50.593C tj@51.25C soc1@50.75C VDD_IN 5246mW/5560mW VDD_CPU_GPU_CV 953mW/1185mW VDD_SOC 1510mW/1522mW
09-12-2026 21:38:43 RAM 3646/7620MB (lfb 161x1MB) SWAP 840/12002MB (cached 12MB) CPU [6%@1728,38%@1728,2%@1728,38%@1728,16%@729,15%@729] GR3D_FREQ 0% cpu@51.156C soc2@49.5C soc0@50C gpu@50.25C tj@51.156C soc1@50.687C VDD_IN 5246mW/5556mW VDD_CPU_GPU_CV 914mW/1181mW VDD_SOC 1510mW/1522mW
09-12-2026 21:38:43 RAM 3646/7620MB (lfb 161x1MB) SWAP 840/12002MB (cached 12MB) CPU [6%@1728,54%@1728,6%@1728,32%@1728,17%@729,7%@729] GR3D_FREQ 0% cpu@51.343C soc2@49.5C soc0@50C gpu@50.406C tj@51.343C soc1@50.687C VDD_IN 5246mW/5552mW VDD_CPU_GPU_CV 952mW/1179mW VDD_SOC 1510mW/1521mW
09-12-2026 21:38:44 RAM 3647/7620MB (lfb 161x1MB) SWAP 840/12002MB (cached 12MB) CPU [25%@1728,13%@1728,40%@1728,29%@1728,10%@729,12%@729] GR3D_FREQ 0% cpu@51.531C soc2@49.437C soc0@50.156C gpu@50.218C tj@51.531C soc1@50.687C VDD_IN 5285mW/5548mW VDD_CPU_GPU_CV 952mW/1176mW VDD_SOC 1510mW/1521mW
09-12-2026 21:38:44 RAM 3661/7620MB (lfb 161x1MB) SWAP 840/12002MB (cached 12MB) CPU [19%@1574,49%@1574,32%@1574,40%@1574,26%@1728,55%@1728] GR3D_FREQ 0% cpu@51.843C soc2@49.5C soc0@50.093C gpu@50.593C tj@51.843C soc1@50.656C VDD_IN 5921mW/5553mW VDD_CPU_GPU_CV 1468mW/1179mW VDD_SOC 1550mW/1522mW
09-12-2026 21:38:45 RAM 3791/7620MB (lfb 161x1MB) SWAP 840/12002MB (cached 12MB) CPU [49%@1728,56%@1728,48%@1728,32%@1728,46%@1728,93%@1728] GR3D_FREQ 0% cpu@52.406C soc2@49.718C soc0@50.062C gpu@50.781C tj@52.437C soc1@50.906C VDD_IN 7063mW/5571mW VDD_CPU_GPU_CV 2297mW/1193mW VDD_SOC 1626mW/1523mW
09-12-2026 21:38:45 RAM 3793/7620MB (lfb 161x1MB) SWAP 840/12002MB (cached 12MB) CPU [66%@1728,63%@1728,68%@1728,69%@1728,81%@1728,72%@1728] GR3D_FREQ 0% cpu@52.906C soc2@50.031C soc0@50.125C gpu@50.781C tj@52.906C soc1@50.968C VDD_IN 8557mW/5607mW VDD_CPU_GPU_CV 3277mW/1218mW VDD_SOC 1779mW/1526mW
09-12-2026 21:38:46 RAM 3793/7620MB (lfb 161x1MB) SWAP 840/12002MB (cached 12MB) CPU [58%@1728,66%@1728,30%@1728,61%@1728,82%@1728,79%@1728] GR3D_FREQ 0% cpu@52.875C soc2@50.125C soc0@50.218C gpu@51C tj@52.843C soc1@50.937C VDD_IN 8780mW/5644mW VDD_CPU_GPU_CV 3474mW/1244mW VDD_SOC 1779mW/1529mW
09-12-2026 21:38:46 RAM 3794/7620MB (lfb 161x1MB) SWAP 840/12002MB (cached 12MB) CPU [62%@1728,63%@1728,56%@1728,63%@1728,76%@1728,76%@1728] GR3D_FREQ 0% cpu@53C soc2@50.093C soc0@50.406C gpu@51C tj@53C soc1@50.968C VDD_IN 8859mW/5681mW VDD_CPU_GPU_CV 3593mW/1271mW VDD_SOC 1779mW/1532mW
09-12-2026 21:38:47 RAM 3794/7620MB (lfb 161x1MB) SWAP 840/12002MB (cached 12MB) CPU [62%@1420,58%@1420,58%@1420,60%@1420,77%@1728,85%@1728] GR3D_FREQ 0% cpu@53.156C soc2@50.25C soc0@50.343C gpu@51.125C tj@53.093C soc1@51.031C VDD_IN 8978mW/5719mW VDD_CPU_GPU_CV 3632mW/1299mW VDD_SOC 1819mW/1535mW
09-12-2026 21:38:47 RAM 3667/7620MB (lfb 161x1MB) SWAP 840/12002MB (cached 12MB) CPU [52%@1728,43%@1728,63%@1728,44%@1728,64%@729,50%@729] GR3D_FREQ 0% cpu@52.687C soc2@50.093C soc0@50.468C gpu@50.812C tj@52.687C soc1@51.093C VDD_IN 7804mW/5743mW VDD_CPU_GPU_CV 2847mW/1316mW VDD_SOC 1703mW/1537mW
09-12-2026 21:38:48 RAM 3666/7620MB (lfb 161x1MB) SWAP 840/12002MB (cached 12MB) CPU [56%@1574,47%@1574,35%@1574,29%@1574,49%@1728,62%@1728] GR3D_FREQ 0% cpu@52.625C soc2@50.031C soc0@50.281C gpu@51C tj@52.625C soc1@51C VDD_IN 7063mW/5758mW VDD_CPU_GPU_CV 2337mW/1328mW VDD_SOC 1626mW/1538mW
09-12-2026 21:38:48 RAM 3666/7620MB (lfb 161x1MB) SWAP 840/12002MB (cached 12MB) CPU [48%@1344,40%@1344,28%@1344,37%@1344,51%@1036,48%@1036] GR3D_FREQ 0% cpu@52C soc2@49.968C soc0@50.406C gpu@50.718C tj@52C soc1@51.062C VDD_IN 6547mW/5767mW VDD_CPU_GPU_CV 1941mW/1334mW VDD_SOC 1587mW/1539mW
09-12-2026 21:38:49 RAM 3665/7620MB (lfb 161x1MB) SWAP 840/12002MB (cached 12MB) CPU [36%@1036,43%@1036,20%@1036,34%@1036,14%@729,21%@729] GR3D_FREQ 0% cpu@51.843C soc2@49.906C soc0@50.406C gpu@50.718C tj@51.843C soc1@51.031C VDD_IN 6041mW/5770mW VDD_CPU_GPU_CV 1547mW/1337mW VDD_SOC 1550mW/1539mW
09-12-2026 21:38:49 RAM 3665/7620MB (lfb 161x1MB) SWAP 840/12002MB (cached 12MB) CPU [18%@1728,41%@1728,6%@1728,34%@1728,4%@729,15%@729] GR3D_FREQ 0% cpu@51.5C soc2@49.906C soc0@50.406C gpu@50.625C tj@51.5C soc1@51.218C VDD_IN 5524mW/5767mW VDD_CPU_GPU_CV 1150mW/1335mW VDD_SOC 1510mW/1538mW
09-12-2026 21:38:50 RAM 3665/7620MB (lfb 161x1MB) SWAP 840/12002MB (cached 12MB) CPU [8%@1420,18%@1420,25%@1420,50%@1420,13%@729,4%@729] GR3D_FREQ 0% cpu@51.625C soc2@49.718C soc0@50.375C gpu@50.625C tj@51.625C soc1@51.093C VDD_IN 5325mW/5762mW VDD_CPU_GPU_CV 993mW/1331mW VDD_SOC 1510mW/1538mW
09-12-2026 21:38:50 RAM 3665/7620MB (lfb 161x1MB) SWAP 840/12002MB (cached 12MB) CPU [6%@1728,42%@1728,27%@1728,18%@1728,8%@729,14%@729] GR3D_FREQ 0% cpu@51.468C soc2@49.75C soc0@50.25C gpu@50.531C tj@51.468C soc1@50.968C VDD_IN 5365mW/5758mW VDD_CPU_GPU_CV 1033mW/1328mW VDD_SOC 1510mW/1538mW
09-12-2026 21:38:51 RAM 3665/7620MB (lfb 161x1MB) SWAP 840/12002MB (cached 12MB) CPU [43%@729,11%@729,39%@729,23%@729,4%@729,5%@729] GR3D_FREQ 0% cpu@51.562C soc2@49.812C soc0@50.25C gpu@50.625C tj@51.562C soc1@51.031C VDD_IN 5405mW/5754mW VDD_CPU_GPU_CV 1073mW/1325mW VDD_SOC 1510mW/1538mW
09-12-2026 21:38:51 RAM 3665/7620MB (lfb 161x1MB) SWAP 840/12002MB (cached 12MB) CPU [4%@960,20%@960,38%@960,33%@960,8%@729,14%@729] GR3D_FREQ 0% cpu@51.843C soc2@49.718C soc0@50.437C gpu@50.687C tj@51.843C soc1@50.875C VDD_IN 5365mW/5750mW VDD_CPU_GPU_CV 1033mW/1322mW VDD_SOC 1510mW/1537mW
09-12-2026 21:38:52 RAM 3665/7620MB (lfb 161x1MB) SWAP 840/12002MB (cached 12MB) CPU [26%@1344,11%@1344,11%@1344,31%@1344,28%@729,11%@729] GR3D_FREQ 0% cpu@51.468C soc2@49.781C soc0@50.437C gpu@50.562C tj@51.468C soc1@50.843C VDD_IN 5285mW/5745mW VDD_CPU_GPU_CV 953mW/1318mW VDD_SOC 1510mW/1537mW
09-12-2026 21:38:52 RAM 3665/7620MB (lfb 161x1MB) SWAP 840/12002MB (cached 12MB) CPU [6%@806,22%@806,24%@806,41%@806,10%@729,16%@729] GR3D_FREQ 0% cpu@51.656C soc2@49.718C soc0@50.281C gpu@50.531C tj@51.656C soc1@50.843C VDD_IN 5285mW/5741mW VDD_CPU_GPU_CV 953mW/1315mW VDD_SOC 1510mW/1537mW
09-12-2026 21:38:53 RAM 3665/7620MB (lfb 161x1MB) SWAP 840/12002MB (cached 12MB) CPU [26%@729,18%@729,32%@729,15%@1728,22%@729,8%@729] GR3D_FREQ 0% cpu@51.343C soc2@49.687C soc0@50.25C gpu@50.5C tj@51.343C soc1@51.093C VDD_IN 5206mW/5735mW VDD_CPU_GPU_CV 912mW/1311mW VDD_SOC 1510mW/1536mW
09-12-2026 21:38:53 RAM 3665/7620MB (lfb 161x1MB) SWAP 840/12002MB (cached 12MB) CPU [10%@883,30%@883,23%@1728,49%@1728,6%@729,5%@729] GR3D_FREQ 0% cpu@51.562C soc2@49.593C soc0@50.187C gpu@50.531C tj@51.562C soc1@51.062C VDD_IN 5246mW/5730mW VDD_CPU_GPU_CV 912mW/1307mW VDD_SOC 1510mW/1536mW
09-12-2026 21:38:54 RAM 3665/7620MB (lfb 161x1MB) SWAP 840/12002MB (cached 12MB) CPU [14%@1344,11%@1344,34%@1344,40%@1344,11%@729,11%@729] GR3D_FREQ 0% cpu@51.281C soc2@49.718C soc0@50.25C gpu@50.5C tj@51.281C soc1@50.937C VDD_IN 5246mW/5726mW VDD_CPU_GPU_CV 912mW/1303mW VDD_SOC 1510mW/1536mW
09-12-2026 21:38:54 RAM 3665/7620MB (lfb 161x1MB) SWAP 840/12002MB (cached 12MB) CPU [6%@729,34%@729,33%@1728,32%@1728,6%@729,16%@729] GR3D_FREQ 0% cpu@51.531C soc2@49.718C soc0@50.437C gpu@50.843C tj@51.531C soc1@50.875C VDD_IN 5325mW/5722mW VDD_CPU_GPU_CV 992mW/1300mW VDD_SOC 1510mW/1536mW
09-12-2026 21:38:55 RAM 3665/7620MB (lfb 161x1MB) SWAP 840/12002MB (cached 12MB) CPU [10%@1728,40%@1728,14%@1728,24%@1728,30%@729,3%@729] GR3D_FREQ 0% cpu@51.843C soc2@49.656C soc0@50.312C gpu@50.5C tj@51.843C soc1@50.968C VDD_IN 5325mW/5718mW VDD_CPU_GPU_CV 993mW/1297mW VDD_SOC 1510mW/1535mW
09-12-2026 21:38:55 RAM 3665/7620MB (lfb 161x1MB) SWAP 840/12002MB (cached 12MB) CPU [6%@883,19%@883,44%@883,5%@883,14%@729,32%@729] GR3D_FREQ 0% cpu@51.343C soc2@49.625C soc0@50.406C gpu@50.781C tj@51.562C soc1@50.937C VDD_IN 5285mW/5714mW VDD_CPU_GPU_CV 992mW/1294mW VDD_SOC 1510mW/1535mW
09-12-2026 21:38:56 RAM 3665/7620MB (lfb 161x1MB) SWAP 840/12002MB (cached 12MB) CPU [7%@1190,56%@1267,37%@1267,6%@1267,6%@729,11%@729] GR3D_FREQ 0% cpu@51.656C soc2@49.718C soc0@50.375C gpu@50.531C tj@51.656C soc1@51.093C VDD_IN 5285mW/5710mW VDD_CPU_GPU_CV 952mW/1290mW VDD_SOC 1510mW/1535mW
09-12-2026 21:38:56 RAM 3665/7620MB (lfb 161x1MB) SWAP 840/12002MB (cached 12MB) CPU [10%@806,18%@806,30%@806,9%@806,6%@729,42%@729] GR3D_FREQ 0% cpu@51.281C soc2@49.593C soc0@50.312C gpu@50.75C tj@51.281C soc1@50.968C VDD_IN 5246mW/5705mW VDD_CPU_GPU_CV 952mW/1287mW VDD_SOC 1510mW/1535mW
09-12-2026 21:38:57 RAM 3665/7620MB (lfb 161x1MB) SWAP 840/12002MB (cached 12MB) CPU [20%@1728,31%@1728,6%@1728,22%@1728,21%@729,28%@729] GR3D_FREQ 0% cpu@51.406C soc2@49.781C soc0@50.25C gpu@50.531C tj@51.406C soc1@51.031C VDD_IN 5285mW/5701mW VDD_CPU_GPU_CV 952mW/1284mW VDD_SOC 1510mW/1534mW
09-12-2026 21:38:57 RAM 3665/7620MB (lfb 161x1MB) SWAP 840/12002MB (cached 12MB) CPU [11%@729,16%@729,9%@729,22%@729,31%@729,29%@729] GR3D_FREQ 0% cpu@51.343C soc2@49.687C soc0@50.218C gpu@50.781C tj@51.343C soc1@50.937C VDD_IN 5285mW/5697mW VDD_CPU_GPU_CV 952mW/1281mW VDD_SOC 1510mW/1534mW
09-12-2026 21:38:58 RAM 3665/7620MB (lfb 161x1MB) SWAP 840/12002MB (cached 12MB) CPU [27%@883,26%@883,26%@883,27%@883,8%@729,7%@729] GR3D_FREQ 0% cpu@51.468C soc2@49.656C soc0@50.468C gpu@50.5C tj@51.468C soc1@50.875C VDD_IN 5246mW/5693mW VDD_CPU_GPU_CV 953mW/1278mW VDD_SOC 1510mW/1534mW
09-12-2026 21:38:58 RAM 3665/7620MB (lfb 161x1MB) SWAP 840/12002MB (cached 12MB) CPU [8%@1728,47%@1728,40%@1728,12%@1728,10%@729,7%@729] GR3D_FREQ 0% cpu@51.937C soc2@49.687C soc0@50.375C gpu@50.75C tj@51.937C soc1@50.812C VDD_IN 5285mW/5690mW VDD_CPU_GPU_CV 952mW/1275mW VDD_SOC 1510mW/1534mW
09-12-2026 21:38:59 RAM 3665/7620MB (lfb 161x1MB) SWAP 840/12002MB (cached 12MB) CPU [8%@1190,13%@1190,32%@1190,39%@1190,18%@729,8%@729] GR3D_FREQ 0% cpu@51.437C soc2@49.625C soc0@50.281C gpu@50.406C tj@51.531C soc1@50.875C VDD_IN 5285mW/5686mW VDD_CPU_GPU_CV 952mW/1272mW VDD_SOC 1510mW/1534mW
09-12-2026 21:38:59 RAM 3665/7620MB (lfb 161x1MB) SWAP 840/12002MB (cached 12MB) CPU [10%@1344,23%@1344,62%@1420,10%@1420,10%@729,4%@729] GR3D_FREQ 0% cpu@51.843C soc2@49.531C soc0@50.281C gpu@50.75C tj@51.843C soc1@51C VDD_IN 5246mW/5682mW VDD_CPU_GPU_CV 952mW/1269mW VDD_SOC 1510mW/1533mW
09-12-2026 21:39:00 RAM 3665/7620MB (lfb 161x1MB) SWAP 840/12002MB (cached 12MB) CPU [14%@883,28%@883,45%@883,32%@883,7%@729,7%@729] GR3D_FREQ 0% cpu@51.531C soc2@49.656C soc0@50.406C gpu@50.468C tj@51.531C soc1@51.062C VDD_IN 5325mW/5679mW VDD_CPU_GPU_CV 992mW/1267mW VDD_SOC 1510mW/1533mW
09-12-2026 21:39:00 RAM 3665/7620MB (lfb 161x1MB) SWAP 840/12002MB (cached 12MB) CPU [24%@1344,25%@1344,8%@1344,2%@1344,22%@729,31%@729] GR3D_FREQ 0% cpu@51.593C soc2@49.781C soc0@50.187C gpu@50.718C tj@51.593C soc1@50.968C VDD_IN 5285mW/5675mW VDD_CPU_GPU_CV 952mW/1264mW VDD_SOC 1510mW/1533mW
09-12-2026 21:39:01 RAM 3665/7620MB (lfb 161x1MB) SWAP 840/12002MB (cached 12MB) CPU [23%@1728,47%@1728,13%@1728,22%@1728,11%@806,10%@806] GR3D_FREQ 0% cpu@51.531C soc2@49.781C soc0@50.218C gpu@50.468C tj@51.531C soc1@51C VDD_IN 5285mW/5672mW VDD_CPU_GPU_CV 952mW/1261mW VDD_SOC 1510mW/1533mW
09-12-2026 21:39:01 RAM 3665/7620MB (lfb 161x1MB) SWAP 840/12002MB (cached 12MB) CPU [20%@1728,8%@1728,68%@1728,13%@1728,5%@729,7%@729] GR3D_FREQ 0% cpu@51.937C soc2@49.718C soc0@50.406C gpu@50.687C tj@51.937C soc1@50.906C VDD_IN 5285mW/5669mW VDD_CPU_GPU_CV 952mW/1259mW VDD_SOC 1510mW/1533mW
09-12-2026 21:39:02 RAM 3665/7620MB (lfb 161x1MB) SWAP 840/12002MB (cached 12MB) CPU [13%@1344,7%@1344,66%@1344,8%@883,24%@806,8%@806] GR3D_FREQ 0% cpu@51.75C soc2@49.718C soc0@50.281C gpu@50.5C tj@51.75C soc1@50.843C VDD_IN 5405mW/5666mW VDD_CPU_GPU_CV 1031mW/1257mW VDD_SOC 1510mW/1532mW
09-12-2026 21:39:02 RAM 3665/7620MB (lfb 161x1MB) SWAP 840/12002MB (cached 12MB) CPU [10%@1728,9%@1728,52%@1728,40%@1728,10%@729,8%@729] GR3D_FREQ 0% cpu@51.531C soc2@49.562C soc0@50.375C gpu@50.562C tj@51.625C soc1@50.843C VDD_IN 5484mW/5665mW VDD_CPU_GPU_CV 1111mW/1256mW VDD_SOC 1510mW/1532mW
09-12-2026 21:39:03 RAM 3665/7620MB (lfb 161x1MB) SWAP 840/12002MB (cached 12MB) CPU [34%@1728,30%@1728,27%@1728,18%@1728,12%@729,7%@729] GR3D_FREQ 0% cpu@51.718C soc2@49.687C soc0@50.312C gpu@50.468C tj@51.718C soc1@51.093C VDD_IN 5365mW/5662mW VDD_CPU_GPU_CV 993mW/1253mW VDD_SOC 1510mW/1532mW
09-12-2026 21:39:03 RAM 3665/7620MB (lfb 161x1MB) SWAP 840/12002MB (cached 12MB) CPU [2%@1190,39%@1190,33%@1190,15%@1190,11%@729,27%@729] GR3D_FREQ 0% cpu@51.437C soc2@49.718C soc0@50.218C gpu@50.718C tj@51.437C soc1@51.062C VDD_IN 5405mW/5660mW VDD_CPU_GPU_CV 1033mW/1252mW VDD_SOC 1510mW/1532mW
09-12-2026 21:39:04 RAM 3665/7620MB (lfb 161x1MB) SWAP 840/12002MB (cached 12MB) CPU [24%@1728,22%@1728,10%@1728,20%@1728,18%@729,23%@729] GR3D_FREQ 0% cpu@51.531C soc2@49.718C soc0@50.218C gpu@50.843C tj@51.531C soc1@50.937C VDD_IN 5285mW/5657mW VDD_CPU_GPU_CV 953mW/1249mW VDD_SOC 1510mW/1532mW
09-12-2026 21:39:04 RAM 3664/7620MB (lfb 161x1MB) SWAP 840/12002MB (cached 12MB) CPU [29%@1267,40%@1267,11%@1267,19%@1267,10%@729,25%@729] GR3D_FREQ 0% cpu@51.781C soc2@49.656C soc0@50.125C gpu@50.687C tj@51.781C soc1@51C VDD_IN 5444mW/5655mW VDD_CPU_GPU_CV 1071mW/1248mW VDD_SOC 1510mW/1531mW
09-12-2026 21:39:05 RAM 3664/7620MB (lfb 161x1MB) SWAP 840/12002MB (cached 12MB) CPU [10%@1728,15%@1728,50%@1728,36%@1728,7%@729,6%@729] GR3D_FREQ 0% cpu@51.781C soc2@49.812C soc0@50.343C gpu@50.781C tj@51.781C soc1@50.875C VDD_IN 5444mW/5654mW VDD_CPU_GPU_CV 1071mW/1246mW VDD_SOC 1510mW/1531mW
09-12-2026 21:39:05 RAM 3664/7620MB (lfb 161x1MB) SWAP 840/12002MB (cached 12MB) CPU [13%@729,30%@729,45%@729,26%@1728,6%@729,8%@729] GR3D_FREQ 0% cpu@51.5C soc2@49.75C soc0@50.25C gpu@50.687C tj@51.5C soc1@50.906C VDD_IN 5444mW/5652mW VDD_CPU_GPU_CV 1031mW/1244mW VDD_SOC 1510mW/1531mW
09-12-2026 21:39:06 RAM 3664/7620MB (lfb 161x1MB) SWAP 840/12002MB (cached 12MB) CPU [25%@1728,26%@1728,39%@1728,11%@1728,7%@729,6%@729] GR3D_FREQ 0% cpu@51.406C soc2@49.687C soc0@50.343C gpu@50.843C tj@51.468C soc1@51.031C VDD_IN 5444mW/5650mW VDD_CPU_GPU_CV 1071mW/1243mW VDD_SOC 1510mW/1531mW
09-12-2026 21:39:06 RAM 3664/7620MB (lfb 161x1MB) SWAP 840/12002MB (cached 12MB) CPU [4%@1728,25%@1728,24%@1728,56%@1728,4%@729,5%@729] GR3D_FREQ 0% cpu@51.812C soc2@49.718C soc0@50.375C gpu@50.656C tj@51.812C soc1@51.093C VDD_IN 5405mW/5648mW VDD_CPU_GPU_CV 1033mW/1241mW VDD_SOC 1510mW/1531mW
09-12-2026 21:39:07 RAM 3664/7620MB (lfb 161x1MB) SWAP 840/12002MB (cached 12MB) CPU [9%@1420,12%@1420,22%@1420,51%@1420,24%@729,6%@729] GR3D_FREQ 0% cpu@51.625C soc2@49.687C soc0@50.312C gpu@50.781C tj@51.625C soc1@51C VDD_IN 5444mW/5647mW VDD_CPU_GPU_CV 1071mW/1240mW VDD_SOC 1510mW/1531mW
09-12-2026 21:39:07 RAM 3664/7620MB (lfb 161x1MB) SWAP 840/12002MB (cached 12MB) CPU [22%@729,25%@729,22%@729,18%@729,34%@729,6%@729] GR3D_FREQ 0% cpu@51.5C soc2@49.718C soc0@50.25C gpu@50.625C tj@51.5C soc1@50.937C VDD_IN 5405mW/5645mW VDD_CPU_GPU_CV 1031mW/1238mW VDD_SOC 1510mW/1530mW
09-12-2026 21:39:08 RAM 3664/7620MB (lfb 161x1MB) SWAP 840/12002MB (cached 12MB) CPU [32%@1728,16%@1728,8%@1728,3%@1728,28%@1190,36%@1190] GR3D_FREQ 0% cpu@51.625C soc2@49.718C soc0@50.406C gpu@50.718C tj@51.625C soc1@50.875C VDD_IN 5405mW/5643mW VDD_CPU_GPU_CV 1031mW/1237mW VDD_SOC 1510mW/1530mW
09-12-2026 21:39:08 RAM 3664/7620MB (lfb 161x1MB) SWAP 840/12002MB (cached 12MB) CPU [24%@1728,9%@1728,35%@1728,28%@1728,10%@729,10%@729] GR3D_FREQ 0% cpu@51.687C soc2@49.656C soc0@50.375C gpu@50.625C tj@51.687C soc1@50.906C VDD_IN 5325mW/5641mW VDD_CPU_GPU_CV 953mW/1235mW VDD_SOC 1510mW/1530mW
09-12-2026 21:39:09 RAM 3664/7620MB (lfb 161x1MB) SWAP 840/12002MB (cached 12MB) CPU [24%@729,13%@1728,12%@1728,55%@1728,14%@729,8%@729] GR3D_FREQ 0% cpu@51.843C soc2@49.656C soc0@50.25C gpu@50.718C tj@51.843C soc1@50.875C VDD_IN 5325mW/5638mW VDD_CPU_GPU_CV 993mW/1233mW VDD_SOC 1510mW/1530mW
