09-12-2026 20:03:36 RAM 2559/7620MB (lfb 1x1MB) SWAP 1140/12002MB (cached 10MB) CPU [20%@1728,88%@1728,15%@1728,6%@1728,19%@729,9%@729] GR3D_FREQ 0% cpu@52.656C soc2@50.843C soc0@51.156C gpu@51.75C tj@52.656C soc1@52C VDD_IN 5882mW/5882mW VDD_CPU_GPU_CV 1547mW/1547mW VDD_SOC 1507mW/1507mW
09-12-2026 20:03:36 RAM 2928/7620MB (lfb 1x1MB) SWAP 1140/12002MB (cached 10MB) CPU [28%@1728,47%@1728,58%@1728,37%@1728,16%@1574,48%@1574] GR3D_FREQ 0% cpu@52.937C soc2@50.812C soc0@51.187C gpu@51.437C tj@52.937C soc1@52C VDD_IN 6348mW/6115mW VDD_CPU_GPU_CV 1703mW/1625mW VDD_SOC 1626mW/1567mW
09-12-2026 20:03:37 RAM 3166/7620MB (lfb 1x512kB) SWAP 1140/12002MB (cached 10MB) CPU [7%@1728,20%@1728,13%@1728,36%@1728,85%@1728,16%@1728] GR3D_FREQ 0% cpu@52.906C soc2@50.718C soc0@51.406C gpu@51.718C tj@52.718C soc1@51.937C VDD_IN 6200mW/6143mW VDD_CPU_GPU_CV 1507mW/1586mW VDD_SOC 1626mW/1586mW
09-12-2026 20:03:37 RAM 3408/7620MB (lfb 1x512kB) SWAP 1140/12002MB (cached 10MB) CPU [6%@1728,20%@1728,19%@1728,32%@1728,64%@1574,41%@1574] GR3D_FREQ 12% cpu@52.906C soc2@50.75C soc0@51.25C gpu@51.531C tj@52.906C soc1@51.968C VDD_IN 6229mW/6165mW VDD_CPU_GPU_CV 1507mW/1566mW VDD_SOC 1626mW/1596mW
09-12-2026 20:03:38 RAM 3858/7620MB (lfb 12x128kB) SWAP 1140/12002MB (cached 10MB) CPU [4%@1728,27%@1728,28%@1728,26%@1728,32%@1728,75%@1728] GR3D_FREQ 0% cpu@52.656C soc2@50.75C soc0@51.375C gpu@51.75C tj@52.656C soc1@51.937C VDD_IN 6269mW/6186mW VDD_CPU_GPU_CV 1505mW/1554mW VDD_SOC 1666mW/1610mW
09-12-2026 20:03:38 RAM 4016/7620MB (lfb 9x128kB) SWAP 1140/12002MB (cached 10MB) CPU [17%@1344,15%@1344,14%@1344,20%@1344,13%@1344,84%@1344] GR3D_FREQ 5% cpu@52.75C soc2@50.812C soc0@51.281C gpu@51.875C tj@52.75C soc1@52.187C VDD_IN 6160mW/6181mW VDD_CPU_GPU_CV 1468mW/1540mW VDD_SOC 1626mW/1613mW
09-12-2026 20:03:39 RAM 4481/7620MB (lfb 47x128kB) SWAP 1140/12002MB (cached 10MB) CPU [24%@1190,47%@1190,66%@1190,27%@1190,37%@729,47%@729] GR3D_FREQ 0% cpu@52.625C soc2@50.812C soc0@51.312C gpu@51.75C tj@52.625C soc1@52.062C VDD_IN 6200mW/6184mW VDD_CPU_GPU_CV 1428mW/1524mW VDD_SOC 1666mW/1620mW
09-12-2026 20:03:39 RAM 4577/7620MB (lfb 2x256kB) SWAP 1140/12002MB (cached 10MB) CPU [4%@1728,16%@1728,92%@1728,5%@1728,14%@1574,8%@1574] GR3D_FREQ 0% cpu@52.875C soc2@50.875C soc0@51.187C gpu@51.687C tj@52.875C soc1@52.093C VDD_IN 6041mW/6166mW VDD_CPU_GPU_CV 1349mW/1502mW VDD_SOC 1626mW/1621mW
09-12-2026 20:03:40 RAM 4981/7620MB (lfb 14x128kB) SWAP 1141/12002MB (cached 10MB) CPU [30%@1728,17%@1728,56%@1728,38%@1728,26%@1497,42%@1497] GR3D_FREQ 20% cpu@53.031C soc2@50.968C soc0@51.218C gpu@51.781C tj@53.031C soc1@52.093C VDD_IN 6428mW/6195mW VDD_CPU_GPU_CV 1624mW/1515mW VDD_SOC 1666mW/1626mW
09-12-2026 20:03:40 RAM 5293/7620MB (lfb 48x128kB) SWAP 1145/12002MB (cached 10MB) CPU [26%@729,26%@729,24%@729,70%@729,2%@1728,76%@1728] GR3D_FREQ 0% cpu@52.968C soc2@50.937C soc0@51.437C gpu@52C tj@52.968C soc1@52C VDD_IN 6507mW/6226mW VDD_CPU_GPU_CV 1782mW/1542mW VDD_SOC 1626mW/1626mW
09-12-2026 20:03:41 RAM 5474/7620MB (lfb 4x256kB) SWAP 1145/12002MB (cached 10MB) CPU [22%@1036,14%@1036,16%@1036,10%@1036,0%@1420,86%@1420] GR3D_FREQ 0% cpu@52.75C soc2@50.937C soc0@51.406C gpu@51.781C tj@52.75C soc1@52.062C VDD_IN 6150mW/6219mW VDD_CPU_GPU_CV 1468mW/1535mW VDD_SOC 1626mW/1626mW
09-12-2026 20:03:41 RAM 5911/7620MB (lfb 47x64kB) SWAP 1155/12002MB (cached 10MB) CPU [51%@1728,34%@1728,35%@1728,36%@1728,18%@1497,80%@1497] GR3D_FREQ 0% cpu@53.343C soc2@51.062C soc0@51.343C gpu@51.968C tj@53.343C soc1@52.031C VDD_IN 6467mW/6240mW VDD_CPU_GPU_CV 1663mW/1546mW VDD_SOC 1666mW/1629mW
09-12-2026 20:03:42 RAM 6017/7620MB (lfb 1x1MB) SWAP 1172/12002MB (cached 10MB) CPU [2%@1728,8%@1728,10%@1728,7%@1728,52%@1728,92%@1728] GR3D_FREQ 0% cpu@52.687C soc2@50.937C soc0@51.437C gpu@51.656C tj@52.843C soc1@52.062C VDD_IN 6229mW/6239mW VDD_CPU_GPU_CV 1545mW/1546mW VDD_SOC 1626mW/1629mW
09-12-2026 20:03:42 RAM 6498/7620MB (lfb 18x512kB) SWAP 1172/12002MB (cached 10MB) CPU [22%@1728,68%@1728,31%@1728,34%@1728,7%@1420,72%@1420] GR3D_FREQ 20% cpu@53.062C soc2@51.093C soc0@51.406C gpu@52.093C tj@53.062C soc1@52.25C VDD_IN 6666mW/6270mW VDD_CPU_GPU_CV 1743mW/1560mW VDD_SOC 1706mW/1635mW
09-12-2026 20:03:43 RAM 6729/7620MB (lfb 28x256kB) SWAP 1185/12002MB (cached 10MB) CPU [19%@1728,55%@1728,8%@1728,24%@1728,39%@729,57%@729] GR3D_FREQ 0% cpu@52.843C soc2@51.062C soc0@51.343C gpu@51.875C tj@52.843C soc1@52.156C VDD_IN 6229mW/6267mW VDD_CPU_GPU_CV 1505mW/1556mW VDD_SOC 1626mW/1634mW
09-12-2026 20:03:43 RAM 6761/7620MB (lfb 22x256kB) SWAP 1190/12002MB (cached 10MB) CPU [30%@1574,78%@1574,37%@1574,28%@1574,40%@1651,36%@1651] GR3D_FREQ 20% cpu@53.437C soc2@51.062C soc0@51.437C gpu@52C tj@53.437C soc1@52.125C VDD_IN 6547mW/6285mW VDD_CPU_GPU_CV 1861mW/1575mW VDD_SOC 1626mW/1634mW
09-12-2026 20:03:44 RAM 6966/7620MB (lfb 7x256kB) SWAP 1192/12002MB (cached 10MB) CPU [47%@729,30%@1728,51%@1728,50%@1728,60%@1267,58%@1267] GR3D_FREQ 9% cpu@53.031C soc2@51.093C soc0@51.5C gpu@51.968C tj@53.031C soc1@52.25C VDD_IN 6586mW/6302mW VDD_CPU_GPU_CV 1861mW/1592mW VDD_SOC 1626mW/1633mW
09-12-2026 20:03:44 RAM 7136/7620MB (lfb 52x128kB) SWAP 1214/12002MB (cached 10MB) CPU [54%@1267,15%@1267,39%@1267,37%@1267,44%@1728,98%@1728] GR3D_FREQ 0% cpu@53.062C soc2@51.156C soc0@51.468C gpu@52.031C tj@53.062C soc1@52.156C VDD_IN 6705mW/6325mW VDD_CPU_GPU_CV 2020mW/1616mW VDD_SOC 1626mW/1633mW
09-12-2026 20:03:45 RAM 7102/7620MB (lfb 54x128kB) SWAP 1274/12002MB (cached 10MB) CPU [7%@1728,92%@1728,3%@1728,0%@1728,1%@1728,46%@1728] GR3D_FREQ 0% cpu@52.875C soc2@50.968C soc0@51.593C gpu@51.843C tj@52.812C soc1@52.218C VDD_IN 6190mW/6318mW VDD_CPU_GPU_CV 1587mW/1614mW VDD_SOC 1587mW/1630mW
09-12-2026 20:03:45 RAM 7276/7620MB (lfb 1x128kB) SWAP 1358/12002MB (cached 9MB) CPU [12%@1651,84%@1651,17%@1651,21%@1651,16%@1728,90%@1728] GR3D_FREQ 13% cpu@53.312C soc2@51.156C soc0@51.593C gpu@51.843C tj@53.312C soc1@52.156C VDD_IN 6666mW/6335mW VDD_CPU_GPU_CV 1941mW/1631mW VDD_SOC 1626mW/1630mW
09-12-2026 20:03:46 RAM 7301/7620MB (lfb 16x256kB) SWAP 1475/12002MB (cached 7MB) CPU [19%@1728,72%@1728,14%@1728,16%@1728,19%@1344,94%@1267] GR3D_FREQ 0% cpu@53.125C soc2@51.187C soc0@51.531C gpu@52.031C tj@53.125C soc1@52.25C VDD_IN 6705mW/6353mW VDD_CPU_GPU_CV 1980mW/1647mW VDD_SOC 1626mW/1630mW
09-12-2026 20:03:46 RAM 7341/7620MB (lfb 1x1MB) SWAP 1453/12002MB (cached 7MB) CPU [1%@1728,95%@1728,0%@1728,2%@1728,0%@729,1%@729] GR3D_FREQ 0% cpu@53.062C soc2@51.062C soc0@51.5C gpu@51.843C tj@53.062C soc1@52.218C VDD_IN 6080mW/6340mW VDD_CPU_GPU_CV 1468mW/1639mW VDD_SOC 1587mW/1628mW
09-12-2026 20:03:47 RAM 7366/7620MB (lfb 1x1MB) SWAP 1448/12002MB (cached 7MB) CPU [2%@1728,3%@1728,1%@1728,19%@1728,54%@1497,29%@1497] GR3D_FREQ 8% cpu@52.687C soc2@51.031C soc0@51.5C gpu@51.812C tj@52.781C soc1@52.375C VDD_IN 5802mW/6317mW VDD_CPU_GPU_CV 1269mW/1623mW VDD_SOC 1547mW/1624mW
09-12-2026 20:03:47 RAM 7344/7620MB (lfb 1x128kB) SWAP 1647/12002MB (cached 7MB) CPU [31%@1728,3%@1728,51%@1728,94%@1728,32%@1728,36%@1728] GR3D_FREQ 18% cpu@53.187C soc2@51.218C soc0@51.437C gpu@51.781C tj@53.187C soc1@52.312C VDD_IN 6348mW/6318mW VDD_CPU_GPU_CV 1861mW/1633mW VDD_SOC 1547mW/1621mW
09-12-2026 20:03:48 RAM 7373/7620MB (lfb 60x64kB) SWAP 1868/12002MB (cached 6MB) CPU [0%@1728,0%@1728,1%@1728,100%@1728,1%@1728,97%@1728] GR3D_FREQ 0% cpu@53.312C soc2@51.093C soc0@51.437C gpu@52C tj@53.312C soc1@52.218C VDD_IN 6467mW/6324mW VDD_CPU_GPU_CV 1901mW/1644mW VDD_SOC 1547mW/1618mW
09-12-2026 20:03:48 RAM 7379/7620MB (lfb 2115x32kB) SWAP 2087/12002MB (cached 6MB) CPU [4%@1728,4%@1728,56%@1728,94%@1728,0%@1728,90%@1728] GR3D_FREQ 0% cpu@53.593C soc2@51.312C soc0@51.656C gpu@51.875C tj@53.593C soc1@52.343C VDD_IN 6705mW/6339mW VDD_CPU_GPU_CV 2139mW/1663mW VDD_SOC 1587mW/1617mW
09-12-2026 20:03:49 RAM 7390/7620MB (lfb 1x64kB) SWAP 2280/12002MB (cached 6MB) CPU [3%@1728,3%@1728,81%@1728,8%@1728,0%@1728,94%@1728] GR3D_FREQ 0% cpu@53.375C soc2@51.218C soc0@51.593C gpu@51.968C tj@53.375C soc1@52.218C VDD_IN 6547mW/6346mW VDD_CPU_GPU_CV 1980mW/1675mW VDD_SOC 1547mW/1614mW
09-12-2026 20:03:49 RAM 7396/7620MB (lfb 2x64kB) SWAP 2424/12002MB (cached 6MB) CPU [0%@1728,1%@1728,64%@1728,0%@1728,61%@1728,14%@1728] GR3D_FREQ 0% cpu@53.531C soc2@51.218C soc0@51.687C gpu@52.187C tj@53.531C soc1@52.281C VDD_IN 7408mW/6384mW VDD_CPU_GPU_CV 2491mW/1704mW VDD_SOC 1703mW/1618mW
09-12-2026 20:03:50 RAM 7382/7620MB (lfb 1x64kB) SWAP 2558/12002MB (cached 5MB) CPU [1%@1728,3%@1728,88%@1728,1%@1728,67%@1728,19%@1728] GR3D_FREQ 0% cpu@53.343C soc2@51.25C soc0@51.718C gpu@52.25C tj@53.343C soc1@52.406C VDD_IN 6666mW/6394mW VDD_CPU_GPU_CV 2060mW/1716mW VDD_SOC 1587mW/1617mW
09-12-2026 20:03:50 RAM 7397/7620MB (lfb 2x64kB) SWAP 2731/12002MB (cached 5MB) CPU [0%@1728,0%@1728,94%@1728,2%@1728,1%@1728,90%@1728] GR3D_FREQ 0% cpu@53.437C soc2@51.281C soc0@51.562C gpu@52.031C tj@53.437C soc1@52.375C VDD_IN 6547mW/6399mW VDD_CPU_GPU_CV 1980mW/1725mW VDD_SOC 1587mW/1616mW
09-12-2026 20:03:51 RAM 7385/7620MB (lfb 30x64kB) SWAP 2877/12002MB (cached 4MB) CPU [2%@1728,0%@1728,78%@1728,0%@1728,0%@1574,93%@1574] GR3D_FREQ 0% cpu@53.687C soc2@51.406C soc0@51.781C gpu@52.25C tj@53.687C soc1@52.406C VDD_IN 7725mW/6442mW VDD_CPU_GPU_CV 2808mW/1760mW VDD_SOC 1703mW/1618mW
09-12-2026 20:03:51 RAM 7356/7620MB (lfb 3x128kB) SWAP 2917/12002MB (cached 4MB) CPU [3%@1728,7%@1728,47%@1728,2%@1728,0%@1728,90%@1728] GR3D_FREQ 0% cpu@53.75C soc2@51.375C soc0@51.843C gpu@52.468C tj@53.75C soc1@52.531C VDD_IN 6507mW/6444mW VDD_CPU_GPU_CV 2060mW/1769mW VDD_SOC 1547mW/1616mW
09-12-2026 20:03:52 RAM 7355/7620MB (lfb 3x128kB) SWAP 2916/12002MB (cached 4MB) CPU [0%@1728,0%@1728,1%@1728,0%@1728,0%@1728,98%@1728] GR3D_FREQ 0% cpu@53.093C soc2@51.218C soc0@51.687C gpu@51.968C tj@53.093C soc1@52.343C VDD_IN 5961mW/6429mW VDD_CPU_GPU_CV 1666mW/1766mW VDD_SOC 1507mW/1613mW
09-12-2026 20:03:52 RAM 7342/7620MB (lfb 9x64kB) SWAP 2932/12002MB (cached 4MB) CPU [7%@1728,8%@1728,41%@1728,33%@1728,2%@1728,90%@1728] GR3D_FREQ 45% cpu@53.718C soc2@51.375C soc0@51.75C gpu@52.531C tj@53.718C soc1@52.562C VDD_IN 6626mW/6435mW VDD_CPU_GPU_CV 2020mW/1773mW VDD_SOC 1587mW/1612mW
09-12-2026 20:03:53 RAM 7337/7620MB (lfb 3x256kB) SWAP 2987/12002MB (cached 4MB) CPU [1%@1728,0%@1728,47%@1728,2%@1728,0%@1728,84%@1728] GR3D_FREQ 97% cpu@53.468C soc2@51.593C soc0@51.843C gpu@52.906C tj@53.468C soc1@52.562C VDD_IN 9650mW/6527mW VDD_CPU_GPU_CV 3193mW/1814mW VDD_SOC 2211mW/1629mW
09-12-2026 20:03:53 RAM 7356/7620MB (lfb 1x1MB) SWAP 2969/12002MB (cached 5MB) CPU [18%@729,11%@729,10%@729,8%@729,1%@1728,98%@1728] GR3D_FREQ 73% cpu@53.812C soc2@51.937C soc0@51.812C gpu@53.25C tj@53.812C soc1@52.656C VDD_IN 12083mW/6681mW VDD_CPU_GPU_CV 4197mW/1880mW VDD_SOC 2991mW/1667mW
09-12-2026 20:03:54 RAM 7350/7620MB (lfb 2x128kB) SWAP 2935/12002MB (cached 5MB) CPU [0%@1728,0%@1728,8%@1728,0%@1728,0%@1728,89%@1728] GR3D_FREQ 37% cpu@53.968C soc2@51.906C soc0@52.187C gpu@53.156C tj@53.968C soc1@52.718C VDD_IN 11275mW/6805mW VDD_CPU_GPU_CV 3615mW/1927mW VDD_SOC 3306mW/1711mW
09-12-2026 20:03:55 RAM 7329/7620MB (lfb 2x128kB) SWAP 2973/12002MB (cached 5MB) CPU [2%@729,0%@729,35%@729,2%@729,0%@1728,80%@1728] GR3D_FREQ 61% cpu@54.281C soc2@52.406C soc0@52.25C gpu@54.062C tj@54.281C soc1@52.75C VDD_IN 14555mW/7009mW VDD_CPU_GPU_CV 5426mW/2019mW VDD_SOC 4073mW/1773mW
09-12-2026 20:03:55 RAM 7330/7620MB (lfb 1x1MB) SWAP 2973/12002MB (cached 5MB) CPU [1%@729,17%@729,0%@729,0%@729,0%@1728,98%@1728] GR3D_FREQ 65% cpu@54.625C soc2@52.375C soc0@52.375C gpu@53.843C tj@54.625C soc1@52.843C VDD_IN 14437mW/7200mW VDD_CPU_GPU_CV 4927mW/2094mW VDD_SOC 4230mW/1836mW
09-12-2026 20:03:56 RAM 7331/7620MB (lfb 1x1MB) SWAP 2972/12002MB (cached 5MB) CPU [0%@729,1%@729,0%@729,0%@729,0%@1344,90%@1344] GR3D_FREQ 99% cpu@54.406C soc2@52.5C soc0@52.5C gpu@54.937C tj@54.937C soc1@53.062C VDD_IN 14358mW/7379mW VDD_CPU_GPU_CV 5122mW/2169mW VDD_SOC 4151mW/1894mW
09-12-2026 20:03:56 RAM 7331/7620MB (lfb 1x1MB) SWAP 2972/12002MB (cached 5MB) CPU [0%@1728,0%@1728,0%@1728,0%@1728,0%@1728,86%@1728] GR3D_FREQ 62% cpu@54.687C soc2@52.906C soc0@52.593C gpu@54.375C tj@54.687C soc1@53.187C VDD_IN 15314mW/7572mW VDD_CPU_GPU_CV 5651mW/2254mW VDD_SOC 4340mW/1954mW
09-12-2026 20:03:57 RAM 7331/7620MB (lfb 1x1MB) SWAP 2972/12002MB (cached 5MB) CPU [1%@729,0%@729,0%@729,0%@729,0%@1728,98%@1728] GR3D_FREQ 61% cpu@54.718C soc2@52.906C soc0@52.718C gpu@54.656C tj@54.718C soc1@53.343C VDD_IN 14805mW/7745mW VDD_CPU_GPU_CV 5231mW/2325mW VDD_SOC 4308mW/2010mW
09-12-2026 20:03:57 RAM 7332/7620MB (lfb 1x1MB) SWAP 2967/12002MB (cached 5MB) CPU [0%@1728,1%@1728,1%@1728,0%@1728,0%@1728,88%@1728] GR3D_FREQ 99% cpu@55.187C soc2@53.062C soc0@52.843C gpu@55.5C tj@55.5C soc1@53.281C VDD_IN 15902mW/7934mW VDD_CPU_GPU_CV 6353mW/2419mW VDD_SOC 4301mW/2063mW
09-12-2026 20:03:58 RAM 7333/7620MB (lfb 1x1MB) SWAP 2966/12002MB (cached 5MB) CPU [0%@729,0%@729,0%@729,0%@729,0%@1728,90%@1728] GR3D_FREQ 59% cpu@55.312C soc2@53.093C soc0@52.906C gpu@55C tj@55.312C soc1@53.468C VDD_IN 15236mW/8100mW VDD_CPU_GPU_CV 5621mW/2492mW VDD_SOC 4223mW/2112mW
09-12-2026 20:03:58 RAM 7333/7620MB (lfb 1x1MB) SWAP 2966/12002MB (cached 5MB) CPU [0%@1728,0%@1728,0%@1728,3%@1728,0%@1728,100%@1728] GR3D_FREQ 62% cpu@55.25C soc2@53.156C soc0@52.968C gpu@54.812C tj@55.25C soc1@53.468C VDD_IN 14790mW/8249mW VDD_CPU_GPU_CV 5192mW/2552mW VDD_SOC 4230mW/2159mW
09-12-2026 20:03:59 RAM 7333/7620MB (lfb 1x1MB) SWAP 2963/12002MB (cached 5MB) CPU [1%@729,0%@729,1%@729,1%@1728,0%@1728,98%@1728] GR3D_FREQ 24% cpu@55.031C soc2@53.156C soc0@53.093C gpu@55.093C tj@55.156C soc1@53.687C VDD_IN 14084mW/8376mW VDD_CPU_GPU_CV 4927mW/2603mW VDD_SOC 4073mW/2201mW
09-12-2026 20:03:59 RAM 7334/7620MB (lfb 1x1MB) SWAP 2963/12002MB (cached 5MB) CPU [2%@729,0%@729,0%@729,12%@729,0%@1728,80%@1728] GR3D_FREQ 62% cpu@55.25C soc2@53.406C soc0@53.062C gpu@55.093C tj@55.25C soc1@53.687C VDD_IN 15510mW/8527mW VDD_CPU_GPU_CV 5846mW/2672mW VDD_SOC 4262mW/2245mW
09-12-2026 20:04:00 RAM 7335/7620MB (lfb 1x1MB) SWAP 2962/12002MB (cached 5MB) CPU [0%@1728,1%@1728,0%@1728,0%@1728,0%@1728,100%@1728] GR3D_FREQ 56% cpu@55.25C soc2@53.531C soc0@53.187C gpu@55.187C tj@55.25C soc1@53.812C VDD_IN 14844mW/8659mW VDD_CPU_GPU_CV 5270mW/2726mW VDD_SOC 4230mW/2286mW
09-12-2026 20:04:00 RAM 7335/7620MB (lfb 1x1MB) SWAP 2962/12002MB (cached 5MB) CPU [0%@1728,0%@1728,0%@1728,0%@1728,0%@1728,98%@1728] GR3D_FREQ 60% cpu@55.375C soc2@53.531C soc0@53.406C gpu@55.156C tj@55.375C soc1@53.812C VDD_IN 14672mW/8782mW VDD_CPU_GPU_CV 5075mW/2774mW VDD_SOC 4230mW/2326mW
09-12-2026 20:04:01 RAM 7335/7620MB (lfb 1x1MB) SWAP 2962/12002MB (cached 5MB) CPU [3%@1728,0%@1728,0%@1728,1%@1728,0%@1728,80%@1728] GR3D_FREQ 64% cpu@55.687C soc2@53.781C soc0@53.437C gpu@55.562C tj@55.687C soc1@53.937C VDD_IN 15876mW/8924mW VDD_CPU_GPU_CV 6197mW/2843mW VDD_SOC 4301mW/2365mW
09-12-2026 20:04:01 RAM 7334/7620MB (lfb 1x1MB) SWAP 2962/12002MB (cached 5MB) CPU [0%@1728,0%@1728,0%@1728,0%@1728,0%@1728,98%@1728] GR3D_FREQ 59% cpu@55.656C soc2@53.718C soc0@53.531C gpu@55.406C tj@55.656C soc1@53.937C VDD_IN 14923mW/9041mW VDD_CPU_GPU_CV 5387mW/2893mW VDD_SOC 4269mW/2403mW
09-12-2026 20:04:02 RAM 7335/7620MB (lfb 1x1MB) SWAP 2961/12002MB (cached 5MB) CPU [1%@729,0%@729,0%@729,0%@729,3%@1728,100%@1728] GR3D_FREQ 61% cpu@55.781C soc2@53.843C soc0@53.562C gpu@55.281C tj@55.781C soc1@54.156C VDD_IN 14712mW/9150mW VDD_CPU_GPU_CV 5153mW/2936mW VDD_SOC 4230mW/2438mW
09-12-2026 20:04:02 RAM 7336/7620MB (lfb 1x1MB) SWAP 2961/12002MB (cached 5MB) CPU [0%@1728,1%@1728,0%@1728,1%@1728,0%@1728,80%@1728] GR3D_FREQ 63% cpu@55.781C soc2@54.031C soc0@53.625C gpu@56C tj@56C soc1@54.281C VDD_IN 16384mW/9287mW VDD_CPU_GPU_CV 6692mW/3007mW VDD_SOC 4294mW/2473mW
09-12-2026 20:04:03 RAM 7336/7620MB (lfb 1x1MB) SWAP 2961/12002MB (cached 5MB) CPU [3%@729,1%@729,0%@729,1%@729,0%@1728,98%@1728] GR3D_FREQ 63% cpu@56.187C soc2@54.156C soc0@53.75C gpu@55.593C tj@55.906C soc1@54.312C VDD_IN 15079mW/9394mW VDD_CPU_GPU_CV 5543mW/3054mW VDD_SOC 4262mW/2506mW
09-12-2026 20:04:03 RAM 7336/7620MB (lfb 1x1MB) SWAP 2961/12002MB (cached 5MB) CPU [0%@1728,1%@1728,0%@1728,0%@1728,0%@1728,100%@1728] GR3D_FREQ 61% cpu@56.25C soc2@54.156C soc0@53.906C gpu@55.968C tj@56.25C soc1@54.375C VDD_IN 14727mW/9491mW VDD_CPU_GPU_CV 5192mW/3093mW VDD_SOC 4230mW/2537mW
09-12-2026 20:04:04 RAM 7336/7620MB (lfb 1x1MB) SWAP 2961/12002MB (cached 5MB) CPU [0%@729,0%@729,1%@729,0%@729,1%@1728,98%@1728] GR3D_FREQ 0% cpu@55.875C soc2@53.968C soc0@54C gpu@55.218C tj@55.875C soc1@54.468C VDD_IN 13927mW/9570mW VDD_CPU_GPU_CV 4809mW/3124mW VDD_SOC 4073mW/2565mW
09-12-2026 20:04:04 RAM 7336/7620MB (lfb 1x1MB) SWAP 2961/12002MB (cached 5MB) CPU [0%@729,0%@729,0%@1728,0%@1728,0%@1728,80%@1728] GR3D_FREQ 60% cpu@56.281C soc2@54.343C soc0@54.031C gpu@56.25C tj@56.281C soc1@54.531C VDD_IN 15510mW/9674mW VDD_CPU_GPU_CV 5924mW/3173mW VDD_SOC 4262mW/2595mW
09-12-2026 20:04:05 RAM 7336/7620MB (lfb 1x1MB) SWAP 2961/12002MB (cached 5MB) CPU [0%@1728,0%@1728,0%@1728,0%@1728,0%@1728,100%@1728] GR3D_FREQ 62% cpu@56.25C soc2@54.562C soc0@54.062C gpu@55.937C tj@56.25C soc1@54.75C VDD_IN 14805mW/9763mW VDD_CPU_GPU_CV 5309mW/3209mW VDD_SOC 4230mW/2623mW
09-12-2026 20:04:05 RAM 7336/7620MB (lfb 1x1MB) SWAP 2961/12002MB (cached 5MB) CPU [0%@1728,0%@1728,0%@1728,0%@1728,0%@1728,98%@1728] GR3D_FREQ 55% cpu@56.25C soc2@54.5C soc0@54.093C gpu@56.312C tj@56.312C soc1@54.781C VDD_IN 14712mW/9847mW VDD_CPU_GPU_CV 5114mW/3242mW VDD_SOC 4230mW/2650mW
09-12-2026 20:04:06 RAM 7336/7620MB (lfb 1x1MB) SWAP 2960/12002MB (cached 5MB) CPU [0%@1728,1%@1728,0%@1728,1%@1728,0%@1728,80%@1728] GR3D_FREQ 63% cpu@56.281C soc2@54.718C soc0@54.375C gpu@56.75C tj@56.75C soc1@54.812C VDD_IN 16384mW/9956mW VDD_CPU_GPU_CV 6653mW/3299mW VDD_SOC 4294mW/2677mW
09-12-2026 20:04:06 RAM 7336/7620MB (lfb 1x1MB) SWAP 2960/12002MB (cached 5MB) CPU [1%@1728,0%@1728,0%@1728,0%@1728,0%@1728,98%@1728] GR3D_FREQ 63% cpu@56.625C soc2@54.718C soc0@54.5C gpu@56.5C tj@56.625C soc1@54.875C VDD_IN 15118mW/10040mW VDD_CPU_GPU_CV 5543mW/3335mW VDD_SOC 4262mW/2703mW
09-12-2026 20:04:07 RAM 7336/7620MB (lfb 1x1MB) SWAP 2960/12002MB (cached 5MB) CPU [0%@1728,0%@1728,0%@1728,0%@1728,0%@1728,100%@1728] GR3D_FREQ 59% cpu@56.656C soc2@54.781C soc0@54.468C gpu@56.437C tj@56.781C soc1@54.906C VDD_IN 14727mW/10116mW VDD_CPU_GPU_CV 5192mW/3365mW VDD_SOC 4230mW/2728mW
09-12-2026 20:04:07 RAM 7336/7620MB (lfb 1x1MB) SWAP 2960/12002MB (cached 5MB) CPU [1%@729,0%@729,0%@1728,0%@1728,0%@1728,98%@1728] GR3D_FREQ 0% cpu@56.468C soc2@54.625C soc0@54.5C gpu@56.25C tj@56.468C soc1@55.156C VDD_IN 13927mW/10176mW VDD_CPU_GPU_CV 4809mW/3388mW VDD_SOC 4073mW/2749mW
09-12-2026 20:04:08 RAM 7336/7620MB (lfb 1x1MB) SWAP 2960/12002MB (cached 5MB) CPU [1%@729,0%@729,0%@729,0%@729,0%@1728,80%@1728] GR3D_FREQ 61% cpu@56.75C soc2@54.968C soc0@54.625C gpu@56.656C tj@56.75C soc1@55.25C VDD_IN 15510mW/10260mW VDD_CPU_GPU_CV 5924mW/3428mW VDD_SOC 4262mW/2773mW
09-12-2026 20:04:08 RAM 7337/7620MB (lfb 1x1MB) SWAP 2960/12002MB (cached 5MB) CPU [2%@1728,2%@1728,1%@1728,0%@1728,0%@1728,100%@1728] GR3D_FREQ 59% cpu@56.812C soc2@55.093C soc0@54.625C gpu@56.812C tj@56.812C soc1@55.187C VDD_IN 14844mW/10330mW VDD_CPU_GPU_CV 5309mW/3457mW VDD_SOC 4269mW/2796mW
09-12-2026 20:04:09 RAM 7338/7620MB (lfb 1x1MB) SWAP 2960/12002MB (cached 5MB) CPU [0%@729,0%@729,0%@729,0%@729,0%@1728,86%@1728] GR3D_FREQ 99% cpu@57.25C soc2@55.312C soc0@54.843C gpu@57.812C tj@57.812C soc1@55.312C VDD_IN 16189mW/10419mW VDD_CPU_GPU_CV 6615mW/3505mW VDD_SOC 4294mW/2819mW
09-12-2026 20:04:09 RAM 7337/7620MB (lfb 1x1MB) SWAP 2960/12002MB (cached 5MB) CPU [0%@729,1%@729,0%@729,0%@729,0%@1728,92%@1728] GR3D_FREQ 62% cpu@57.031C soc2@55.281C soc0@54.875C gpu@57.031C tj@57.031C soc1@55.312C VDD_IN 15236mW/10491mW VDD_CPU_GPU_CV 5612mW/3536mW VDD_SOC 4262mW/2840mW
09-12-2026 20:04:10 RAM 7338/7620MB (lfb 1x1MB) SWAP 2960/12002MB (cached 5MB) CPU [10%@729,0%@729,0%@729,0%@729,0%@1728,98%@1728] GR3D_FREQ 62% cpu@57.218C soc2@55.281C soc0@54.937C gpu@56.906C tj@57.218C soc1@55.375C VDD_IN 14805mW/10554mW VDD_CPU_GPU_CV 5231mW/3561mW VDD_SOC 4230mW/2861mW
09-12-2026 20:04:10 RAM 7338/7620MB (lfb 1x1MB) SWAP 2960/12002MB (cached 5MB) CPU [0%@729,1%@729,4%@729,0%@729,0%@1728,80%@1728] GR3D_FREQ 63% cpu@57.062C soc2@55.406C soc0@55.031C gpu@57.25C tj@57.25C soc1@55.625C VDD_IN 16032mW/10634mW VDD_CPU_GPU_CV 6381mW/3602mW VDD_SOC 4294mW/2881mW
09-12-2026 20:04:11 RAM 7338/7620MB (lfb 1x1MB) SWAP 2960/12002MB (cached 5MB) CPU [1%@729,1%@729,0%@729,0%@729,0%@1728,100%@1728] GR3D_FREQ 61% cpu@57.25C soc2@55.531C soc0@55.031C gpu@57.156C tj@57.25C soc1@55.687C VDD_IN 14962mW/10696mW VDD_CPU_GPU_CV 5417mW/3628mW VDD_SOC 4262mW/2901mW
09-12-2026 20:04:11 RAM 7338/7620MB (lfb 1x1MB) SWAP 2960/12002MB (cached 5MB) CPU [0%@1728,0%@1728,0%@1728,0%@1728,0%@1728,98%@1728] GR3D_FREQ 30% cpu@57.125C soc2@55.5C soc0@55.125C gpu@57.156C tj@57.156C soc1@55.781C VDD_IN 14241mW/10746mW VDD_CPU_GPU_CV 5083mW/3648mW VDD_SOC 4112mW/2918mW
09-12-2026 20:04:12 RAM 7338/7620MB (lfb 1x1MB) SWAP 2960/12002MB (cached 5MB) CPU [1%@1728,0%@1728,0%@1728,0%@1728,0%@1728,80%@1728] GR3D_FREQ 62% cpu@57.5C soc2@55.812C soc0@55.406C gpu@57.406C tj@57.5C soc1@55.75C VDD_IN 15549mW/10812mW VDD_CPU_GPU_CV 5963mW/3680mW VDD_SOC 4301mW/2937mW
09-12-2026 20:04:12 RAM 7338/7620MB (lfb 1x1MB) SWAP 2960/12002MB (cached 5MB) CPU [0%@1728,0%@1728,0%@1728,0%@1728,0%@1728,98%@1728] GR3D_FREQ 61% cpu@57.75C soc2@55.812C soc0@55.468C gpu@57.25C tj@57.75C soc1@55.843C VDD_IN 14883mW/10868mW VDD_CPU_GPU_CV 5309mW/3703mW VDD_SOC 4262mW/2956mW
09-12-2026 20:04:13 RAM 7338/7620MB (lfb 1x1MB) SWAP 2959/12002MB (cached 5MB) CPU [2%@729,0%@729,0%@729,1%@729,0%@1728,100%@1728] GR3D_FREQ 60% cpu@57.593C soc2@55.812C soc0@55.437C gpu@57.406C tj@57.593C soc1@55.875C VDD_IN 14688mW/10920mW VDD_CPU_GPU_CV 5114mW/3722mW VDD_SOC 4269mW/2973mW
09-12-2026 20:04:13 RAM 7338/7620MB (lfb 1x1MB) SWAP 2959/12002MB (cached 5MB) CPU [1%@729,0%@729,0%@729,0%@729,1%@1728,80%@1728] GR3D_FREQ 62% cpu@57.75C soc2@55.968C soc0@55.5C gpu@57.531C tj@57.75C soc1@55.906C VDD_IN 15798mW/10985mW VDD_CPU_GPU_CV 6080mW/3753mW VDD_SOC 4301mW/2991mW
09-12-2026 20:04:14 RAM 7339/7620MB (lfb 1x1MB) SWAP 2959/12002MB (cached 5MB) CPU [0%@1728,1%@1728,0%@1728,0%@1728,0%@1728,98%@1728] GR3D_FREQ 55% cpu@57.718C soc2@56.093C soc0@55.656C gpu@57.468C tj@57.718C soc1@56.187C VDD_IN 14962mW/11037mW VDD_CPU_GPU_CV 5348mW/3774mW VDD_SOC 4223mW/3007mW
09-12-2026 20:04:14 RAM 7339/7620MB (lfb 1x1MB) SWAP 2959/12002MB (cached 5MB) CPU [0%@729,0%@729,0%@729,0%@729,0%@1728,100%@1728] GR3D_FREQ 64% cpu@58.156C soc2@56.031C soc0@55.562C gpu@57.562C tj@58.156C soc1@56.25C VDD_IN 14727mW/11085mW VDD_CPU_GPU_CV 5153mW/3792mW VDD_SOC 4230mW/3023mW
09-12-2026 20:04:15 RAM 7339/7620MB (lfb 1x1MB) SWAP 2959/12002MB (cached 5MB) CPU [0%@1728,0%@1728,0%@1728,0%@1728,0%@1728,80%@1728] GR3D_FREQ 61% cpu@57.812C soc2@56.25C soc0@55.781C gpu@58.218C tj@58.218C soc1@56.312C VDD_IN 15993mW/11148mW VDD_CPU_GPU_CV 6264mW/3824mW VDD_SOC 4340mW/3040mW
09-12-2026 20:04:15 RAM 7339/7620MB (lfb 1x1MB) SWAP 2959/12002MB (cached 5MB) CPU [1%@729,0%@729,0%@729,0%@729,0%@1728,98%@1728] GR3D_FREQ 61% cpu@58.031C soc2@56.187C soc0@55.906C gpu@57.781C tj@58.031C soc1@56.343C VDD_IN 15040mW/11197mW VDD_CPU_GPU_CV 5426mW/3844mW VDD_SOC 4262mW/3055mW
09-12-2026 20:04:16 RAM 7339/7620MB (lfb 1x1MB) SWAP 2959/12002MB (cached 5MB) CPU [0%@729,1%@729,0%@729,0%@729,0%@1728,100%@1728] GR3D_FREQ 59% cpu@57.937C soc2@56.25C soc0@55.875C gpu@58.187C tj@58.187C soc1@56.406C VDD_IN 14790mW/11242mW VDD_CPU_GPU_CV 5153mW/3861mW VDD_SOC 4230mW/3070mW
09-12-2026 20:04:16 RAM 7339/7620MB (lfb 1x1MB) SWAP 2959/12002MB (cached 5MB) CPU [0%@1728,0%@1728,0%@1728,0%@1728,0%@1728,80%@1728] GR3D_FREQ 60% cpu@58.156C soc2@56.468C soc0@55.968C gpu@58.25C tj@58.25C soc1@56.625C VDD_IN 16189mW/11303mW VDD_CPU_GPU_CV 6459mW/3893mW VDD_SOC 4333mW/3086mW
09-12-2026 20:04:17 RAM 7339/7620MB (lfb 1x1MB) SWAP 2959/12002MB (cached 5MB) CPU [0%@729,0%@729,0%@729,0%@729,0%@1728,98%@1728] GR3D_FREQ 63% cpu@58.156C soc2@56.593C soc0@56C gpu@58.312C tj@58.312C soc1@56.656C VDD_IN 15040mW/11349mW VDD_CPU_GPU_CV 5456mW/3912mW VDD_SOC 4262mW/3100mW
09-12-2026 20:04:17 RAM 7339/7620MB (lfb 1x1MB) SWAP 2959/12002MB (cached 5MB) CPU [0%@1728,1%@1728,0%@1728,0%@1728,0%@1728,100%@1728] GR3D_FREQ 58% cpu@58.437C soc2@56.656C soc0@56C gpu@58.187C tj@58.437C soc1@56.687C VDD_IN 14766mW/11390mW VDD_CPU_GPU_CV 5153mW/3927mW VDD_SOC 4269mW/3114mW
09-12-2026 20:04:18 RAM 7339/7620MB (lfb 1x1MB) SWAP 2958/12002MB (cached 5MB) CPU [1%@729,0%@729,1%@729,1%@729,0%@1728,82%@1728] GR3D_FREQ 99% cpu@58.593C soc2@56.875C soc0@56.25C gpu@59.281C tj@59.281C soc1@56.75C VDD_IN 16540mW/11451mW VDD_CPU_GPU_CV 6720mW/3960mW VDD_SOC 4372mW/3129mW
09-12-2026 20:04:18 RAM 7340/7620MB (lfb 1x1MB) SWAP 2958/12002MB (cached 5MB) CPU [0%@1728,0%@1728,0%@1728,0%@1728,0%@1728,96%@1728] GR3D_FREQ 62% cpu@58.437C soc2@56.781C soc0@56.343C gpu@58.375C tj@58.437C soc1@56.812C VDD_IN 15314mW/11497mW VDD_CPU_GPU_CV 5651mW/3980mW VDD_SOC 4301mW/3143mW
09-12-2026 20:04:19 RAM 7340/7620MB (lfb 1x1MB) SWAP 2958/12002MB (cached 5MB) CPU [1%@729,1%@729,0%@729,0%@729,0%@1728,98%@1728] GR3D_FREQ 59% cpu@58.468C soc2@56.781C soc0@56.406C gpu@58.25C tj@58.531C soc1@56.968C VDD_IN 14883mW/11536mW VDD_CPU_GPU_CV 5231mW/3994mW VDD_SOC 4262mW/3156mW
09-12-2026 20:04:19 RAM 7340/7620MB (lfb 1x1MB) SWAP 2958/12002MB (cached 5MB) CPU [0%@729,0%@729,1%@729,0%@729,0%@1190,92%@1190] GR3D_FREQ 99% cpu@58.531C soc2@56.968C soc0@56.406C gpu@59.187C tj@59.187C soc1@57C VDD_IN 15118mW/11577mW VDD_CPU_GPU_CV 5660mW/4013mW VDD_SOC 4223mW/3168mW
09-12-2026 20:04:20 RAM 7340/7620MB (lfb 1x1MB) SWAP 2958/12002MB (cached 5MB) CPU [1%@1728,1%@1728,0%@1728,0%@1728,0%@1728,88%@1728] GR3D_FREQ 62% cpu@58.531C soc2@57.125C soc0@56.531C gpu@58.625C tj@58.625C soc1@57.062C VDD_IN 15510mW/11622mW VDD_CPU_GPU_CV 5846mW/4034mW VDD_SOC 4301mW/3181mW
09-12-2026 20:04:20 RAM 7340/7620MB (lfb 1x1MB) SWAP 2958/12002MB (cached 5MB) CPU [0%@1728,0%@1728,0%@1728,0%@1728,0%@1728,98%@1728] GR3D_FREQ 63% cpu@58.656C soc2@57.062C soc0@56.687C gpu@58.5C tj@58.656C soc1@57.093C VDD_IN 14844mW/11658mW VDD_CPU_GPU_CV 5270mW/4048mW VDD_SOC 4269mW/3193mW
09-12-2026 20:04:21 RAM 7340/7620MB (lfb 1x1MB) SWAP 2958/12002MB (cached 5MB) CPU [0%@729,0%@729,0%@729,13%@729,0%@1728,100%@1728] GR3D_FREQ 61% cpu@58.812C soc2@57.093C soc0@56.718C gpu@58.5C tj@58.812C soc1@57.187C VDD_IN 14727mW/11692mW VDD_CPU_GPU_CV 5114mW/4060mW VDD_SOC 4262mW/3205mW
09-12-2026 20:04:21 RAM 7340/7620MB (lfb 1x1MB) SWAP 2958/12002MB (cached 5MB) CPU [1%@729,0%@729,0%@729,0%@729,0%@1728,80%@1728] GR3D_FREQ 60% cpu@58.843C soc2@57.25C soc0@56.781C gpu@58.843C tj@58.843C soc1@57.125C VDD_IN 15758mW/11737mW VDD_CPU_GPU_CV 6070mW/4082mW VDD_SOC 4340mW/3218mW
09-12-2026 20:04:22 RAM 7336/7620MB (lfb 1x1MB) SWAP 2961/12002MB (cached 5MB) CPU [0%@1728,0%@1728,4%@1728,0%@1728,1%@1728,98%@1728] GR3D_FREQ 55% cpu@59.062C soc2@57.281C soc0@56.781C gpu@58.75C tj@59.062C soc1@57.437C VDD_IN 14962mW/11772mW VDD_CPU_GPU_CV 5387mW/4096mW VDD_SOC 4262mW/3229mW
09-12-2026 20:04:22 RAM 7341/7620MB (lfb 4x512kB) SWAP 2961/12002MB (cached 5MB) CPU [3%@729,3%@729,0%@729,1%@729,0%@1728,100%@1728] GR3D_FREQ 60% cpu@58.937C soc2@57.468C soc0@56.875C gpu@58.718C tj@58.937C soc1@57.468C VDD_IN 14766mW/11804mW VDD_CPU_GPU_CV 5192mW/4108mW VDD_SOC 4269mW/3240mW
09-12-2026 20:04:23 RAM 7341/7620MB (lfb 4x512kB) SWAP 2961/12002MB (cached 5MB) CPU [0%@1728,1%@1728,0%@1728,0%@1728,0%@1728,98%@1728] GR3D_FREQ 65% cpu@59.031C soc2@57.343C soc0@56.843C gpu@58.843C tj@59.031C soc1@57.468C VDD_IN 14515mW/11833mW VDD_CPU_GPU_CV 4919mW/4117mW VDD_SOC 4269mW/3251mW
09-12-2026 20:04:23 RAM 7342/7620MB (lfb 4x512kB) SWAP 2961/12002MB (cached 5MB) CPU [1%@1728,0%@1728,0%@1728,2%@1728,0%@1728,98%@1728] GR3D_FREQ 68% cpu@59.281C soc2@57.468C soc0@57.093C gpu@58.75C tj@59.281C soc1@57.562C VDD_IN 14398mW/11860mW VDD_CPU_GPU_CV 4801mW/4124mW VDD_SOC 4230mW/3261mW
09-12-2026 20:04:24 RAM 7342/7620MB (lfb 4x512kB) SWAP 2961/12002MB (cached 5MB) CPU [0%@729,0%@729,0%@729,0%@729,1%@1728,80%@1728] GR3D_FREQ 59% cpu@59.312C soc2@57.656C soc0@57.093C gpu@59.406C tj@59.406C soc1@57.562C VDD_IN 15784mW/11901mW VDD_CPU_GPU_CV 6031mW/4144mW VDD_SOC 4301mW/3272mW
09-12-2026 20:04:24 RAM 7342/7620MB (lfb 4x512kB) SWAP 2961/12002MB (cached 5MB) CPU [3%@1728,1%@1728,0%@1728,0%@1728,0%@1728,100%@1728] GR3D_FREQ 60% cpu@59.343C soc2@57.625C soc0@57.125C gpu@59.062C tj@59.343C soc1@57.656C VDD_IN 14883mW/11932mW VDD_CPU_GPU_CV 5348mW/4156mW VDD_SOC 4262mW/3282mW
09-12-2026 20:04:25 RAM 7342/7620MB (lfb 4x512kB) SWAP 2961/12002MB (cached 5MB) CPU [0%@1728,1%@1728,0%@1728,0%@1728,0%@1728,98%@1728] GR3D_FREQ 60% cpu@59.312C soc2@57.687C soc0@57.187C gpu@59.312C tj@59.312C soc1@57.875C VDD_IN 14648mW/11959mW VDD_CPU_GPU_CV 5192mW/4167mW VDD_SOC 4269mW/3293mW
09-12-2026 20:04:25 RAM 7332/7620MB (lfb 1x128kB) SWAP 2968/12002MB (cached 5MB) CPU [30%@1728,16%@1728,27%@1728,22%@1728,18%@1728,100%@1728] GR3D_FREQ 64% cpu@59.843C soc2@58C soc0@57.281C gpu@59.125C tj@59.843C soc1@57.875C VDD_IN 15040mW/11990mW VDD_CPU_GPU_CV 5465mW/4180mW VDD_SOC 4262mW/3302mW
09-12-2026 20:04:26 RAM 7307/7620MB (lfb 2x128kB) SWAP 2998/12002MB (cached 5MB) CPU [30%@1728,33%@1728,19%@1728,21%@1728,29%@1728,98%@1728] GR3D_FREQ 65% cpu@59.375C soc2@57.906C soc0@57.406C gpu@59.437C tj@59.437C soc1@57.937C VDD_IN 14805mW/12019mW VDD_CPU_GPU_CV 5309mW/4191mW VDD_SOC 4262mW/3312mW
09-12-2026 20:04:26 RAM 7308/7620MB (lfb 2x128kB) SWAP 2998/12002MB (cached 5MB) CPU [0%@729,0%@729,0%@729,0%@729,0%@1728,78%@1728] GR3D_FREQ 59% cpu@59.687C soc2@58.125C soc0@57.531C gpu@59.75C tj@59.75C soc1@57.875C VDD_IN 16032mW/12058mW VDD_CPU_GPU_CV 6420mW/4213mW VDD_SOC 4333mW/3322mW
09-12-2026 20:04:27 RAM 7315/7620MB (lfb 2x1MB) SWAP 2998/12002MB (cached 5MB) CPU [14%@1728,1%@1728,0%@1728,1%@1728,0%@1728,100%@1728] GR3D_FREQ 63% cpu@59.656C soc2@58.031C soc0@57.562C gpu@59.687C tj@59.781C soc1@58C VDD_IN 15118mW/12088mW VDD_CPU_GPU_CV 5495mW/4226mW VDD_SOC 4262mW/3331mW
09-12-2026 20:04:27 RAM 7315/7620MB (lfb 2x1MB) SWAP 2998/12002MB (cached 5MB) CPU [0%@1728,0%@1728,0%@1728,0%@1728,0%@1728,98%@1728] GR3D_FREQ 61% cpu@59.656C soc2@58.125C soc0@57.593C gpu@59.562C tj@59.656C soc1@58.187C VDD_IN 14805mW/12115mW VDD_CPU_GPU_CV 5231mW/4236mW VDD_SOC 4262mW/3340mW
09-12-2026 20:04:28 RAM 7315/7620MB (lfb 2x1MB) SWAP 2998/12002MB (cached 5MB) CPU [1%@1728,0%@1728,0%@1728,3%@1728,0%@1728,100%@1728] GR3D_FREQ 58% cpu@59.656C soc2@58.093C soc0@57.562C gpu@59.5C tj@59.656C soc1@58.218C VDD_IN 14688mW/12139mW VDD_CPU_GPU_CV 5153mW/4244mW VDD_SOC 4269mW/3349mW
09-12-2026 20:04:28 RAM 7316/7620MB (lfb 2x1MB) SWAP 2998/12002MB (cached 5MB) CPU [0%@1728,0%@1728,0%@1728,0%@1728,0%@1728,98%@1728] GR3D_FREQ 65% cpu@59.718C soc2@58.218C soc0@57.625C gpu@59.656C tj@59.718C soc1@58.25C VDD_IN 14492mW/12162mW VDD_CPU_GPU_CV 4880mW/4250mW VDD_SOC 4269mW/3358mW
09-12-2026 20:04:29 RAM 7316/7620MB (lfb 2x1MB) SWAP 2998/12002MB (cached 5MB) CPU [0%@1728,0%@1728,0%@1728,0%@1728,0%@1728,80%@1728] GR3D_FREQ 62% cpu@60.093C soc2@58.375C soc0@57.937C gpu@59.937C tj@60.093C soc1@58.281C VDD_IN 16189mW/12200mW VDD_CPU_GPU_CV 6381mW/4271mW VDD_SOC 4333mW/3367mW
09-12-2026 20:04:29 RAM 7316/7620MB (lfb 2x1MB) SWAP 2998/12002MB (cached 5MB) CPU [0%@729,0%@729,0%@729,0%@729,0%@1728,98%@1728] GR3D_FREQ 60% cpu@59.968C soc2@58.343C soc0@57.937C gpu@59.812C tj@59.968C soc1@58.312C VDD_IN 15158mW/12227mW VDD_CPU_GPU_CV 5456mW/4282mW VDD_SOC 4262mW/3376mW
09-12-2026 20:04:30 RAM 7316/7620MB (lfb 2x1MB) SWAP 2997/12002MB (cached 5MB) CPU [0%@1728,1%@1728,0%@1728,1%@1728,0%@1728,80%@1728] GR3D_FREQ 61% cpu@60.125C soc2@58.531C soc0@57.906C gpu@60.593C tj@60.593C soc1@58.437C VDD_IN 16775mW/12270mW VDD_CPU_GPU_CV 6914mW/4306mW VDD_SOC 4372mW/3385mW
09-12-2026 20:04:30 RAM 7316/7620MB (lfb 2x1MB) SWAP 2997/12002MB (cached 5MB) CPU [0%@729,1%@729,0%@729,0%@729,0%@1728,100%@1728] GR3D_FREQ 60% cpu@60.125C soc2@58.5C soc0@57.968C gpu@60.312C tj@60.312C soc1@58.656C VDD_IN 15275mW/12297mW VDD_CPU_GPU_CV 5573mW/4318mW VDD_SOC 4301mW/3393mW
09-12-2026 20:04:31 RAM 7317/7620MB (lfb 2x1MB) SWAP 2995/12002MB (cached 5MB) CPU [7%@1728,20%@1728,6%@1728,3%@1728,10%@1728,86%@1728] GR3D_FREQ 83% cpu@60.093C soc2@58.75C soc0@58.093C gpu@61.062C tj@61.062C soc1@58.656C VDD_IN 16149mW/12332mW VDD_CPU_GPU_CV 6459mW/4337mW VDD_SOC 4294mW/3401mW
09-12-2026 20:04:31 RAM 7315/7620MB (lfb 2x1MB) SWAP 2995/12002MB (cached 5MB) CPU [37%@1728,36%@1728,39%@1728,19%@1728,18%@1728,92%@1728] GR3D_FREQ 60% cpu@60.375C soc2@58.75C soc0@58.218C gpu@60.593C tj@60.593C soc1@58.687C VDD_IN 15798mW/12363mW VDD_CPU_GPU_CV 6187mW/4354mW VDD_SOC 4294mW/3409mW
