09-13-2026 13:06:23 RAM 2702/7620MB (lfb 257x1MB) SWAP 27/8192MB (cached 19MB) CPU [1%@1728,0%@1728,95%@1728,0%@1728,6%@729,1%@729] GR3D_FREQ 0% cpu@51.062C soc2@48.812C soc0@49.375C gpu@49.687C tj@51.062C soc1@50C VDD_IN 5723mW/5723mW VDD_CPU_GPU_CV 1428mW/1428mW VDD_SOC 1470mW/1470mW
09-13-2026 13:06:24 RAM 2694/7620MB (lfb 258x1MB) SWAP 27/8192MB (cached 19MB) CPU [0%@1728,0%@1728,100%@1728,0%@1728,0%@729,3%@729] GR3D_FREQ 0% cpu@50.781C soc2@48.812C soc0@49.468C gpu@49.75C tj@51.062C soc1@49.937C VDD_IN 5723mW/5723mW VDD_CPU_GPU_CV 1230mW/1329mW VDD_SOC 1550mW/1510mW
09-13-2026 13:06:25 RAM 2684/7620MB (lfb 266x1MB) SWAP 27/8192MB (cached 19MB) CPU [1%@1728,0%@1728,97%@1728,0%@1728,2%@729,0%@729] GR3D_FREQ 0% cpu@51.375C soc2@48.906C soc0@49.562C gpu@50C tj@51.375C soc1@50C VDD_IN 5723mW/5723mW VDD_CPU_GPU_CV 1468mW/1375mW VDD_SOC 1470mW/1497mW
09-13-2026 13:06:26 RAM 2695/7620MB (lfb 256x1MB) SWAP 27/8192MB (cached 19MB) CPU [3%@1728,0%@1728,86%@1728,0%@1728,5%@729,3%@729] GR3D_FREQ 0% cpu@51.125C soc2@48.906C soc0@49.406C gpu@50.062C tj@51.125C soc1@50.031C VDD_IN 5683mW/5713mW VDD_CPU_GPU_CV 1388mW/1379mW VDD_SOC 1470mW/1490mW
09-13-2026 13:06:27 RAM 2797/7620MB (lfb 230x1MB) SWAP 27/8192MB (cached 19MB) CPU [1%@1728,0%@1728,6%@1728,90%@1728,0%@729,10%@729] GR3D_FREQ 0% cpu@50.906C soc2@49C soc0@49.5C gpu@49.968C tj@50.906C soc1@50.062C VDD_IN 5683mW/5707mW VDD_CPU_GPU_CV 1309mW/1365mW VDD_SOC 1510mW/1494mW
09-13-2026 13:06:28 RAM 2813/7620MB (lfb 238x1MB) SWAP 27/8192MB (cached 19MB) CPU [1%@1728,0%@1728,0%@1728,93%@1728,0%@729,3%@729] GR3D_FREQ 0% cpu@50.875C soc2@48.875C soc0@49.468C gpu@50.125C tj@50.875C soc1@50.062C VDD_IN 5683mW/5703mW VDD_CPU_GPU_CV 1269mW/1349mW VDD_SOC 1510mW/1497mW
09-13-2026 13:06:29 RAM 2909/7620MB (lfb 224x1MB) SWAP 27/8192MB (cached 19MB) CPU [2%@1728,1%@1728,94%@1728,0%@1728,2%@729,3%@729] GR3D_FREQ 0% cpu@51.062C soc2@48.906C soc0@49.5C gpu@50.031C tj@51.062C soc1@50C VDD_IN 5802mW/5717mW VDD_CPU_GPU_CV 1349mW/1349mW VDD_SOC 1550mW/1504mW
09-13-2026 13:06:30 RAM 3006/7620MB (lfb 199x1MB) SWAP 27/8192MB (cached 19MB) CPU [0%@1728,0%@1728,100%@1728,0%@1728,8%@729,0%@729] GR3D_FREQ 0% cpu@51.187C soc2@49C soc0@49.531C gpu@50.187C tj@51.187C soc1@49.968C VDD_IN 5842mW/5733mW VDD_CPU_GPU_CV 1388mW/1354mW VDD_SOC 1510mW/1505mW
09-13-2026 13:06:31 RAM 3008/7620MB (lfb 198x1MB) SWAP 27/8192MB (cached 19MB) CPU [0%@1728,0%@1728,100%@1728,0%@1728,0%@729,1%@729] GR3D_FREQ 0% cpu@51.25C soc2@49C soc0@49.5C gpu@50.25C tj@51.25C soc1@50.062C VDD_IN 5723mW/5732mW VDD_CPU_GPU_CV 1349mW/1353mW VDD_SOC 1510mW/1506mW
09-13-2026 13:06:33 RAM 3069/7620MB (lfb 197x1MB) SWAP 27/8192MB (cached 19MB) CPU [3%@1728,2%@1728,100%@1728,4%@1728,2%@729,3%@729] GR3D_FREQ 0% cpu@51.218C soc2@49.031C soc0@49.406C gpu@50C tj@51.218C soc1@50.187C VDD_IN 5842mW/5743mW VDD_CPU_GPU_CV 1428mW/1361mW VDD_SOC 1510mW/1506mW
09-13-2026 13:06:34 RAM 3102/7620MB (lfb 197x1MB) SWAP 27/8192MB (cached 19MB) CPU [2%@1728,1%@1728,100%@1728,2%@1728,3%@729,7%@729] GR3D_FREQ 0% cpu@51.125C soc2@49C soc0@49.593C gpu@49.937C tj@51.125C soc1@50.218C VDD_IN 5802mW/5748mW VDD_CPU_GPU_CV 1349mW/1360mW VDD_SOC 1510mW/1506mW
09-13-2026 13:06:35 RAM 3141/7620MB (lfb 197x1MB) SWAP 27/8192MB (cached 19MB) CPU [0%@1728,0%@1728,100%@1728,0%@1728,4%@729,0%@729] GR3D_FREQ 0% cpu@51.281C soc2@49.093C soc0@49.593C gpu@50C tj@51.281C soc1@50.343C VDD_IN 5842mW/5756mW VDD_CPU_GPU_CV 1349mW/1359mW VDD_SOC 1550mW/1510mW
09-13-2026 13:06:36 RAM 3180/7620MB (lfb 198x1MB) SWAP 27/8192MB (cached 19MB) CPU [1%@1728,0%@1728,99%@1728,0%@1728,4%@729,0%@729] GR3D_FREQ 0% cpu@51.343C soc2@49C soc0@49.625C gpu@49.968C tj@51.343C soc1@50.187C VDD_IN 5762mW/5756mW VDD_CPU_GPU_CV 1269mW/1352mW VDD_SOC 1550mW/1513mW
09-13-2026 13:06:37 RAM 3741/7620MB (lfb 198x1MB) SWAP 27/8192MB (cached 19MB) CPU [1%@729,3%@729,67%@729,13%@729,32%@1728,0%@1728] GR3D_FREQ 8% cpu@51.031C soc2@49C soc0@49.531C gpu@50.031C tj@51.031C soc1@50.218C VDD_IN 5882mW/5765mW VDD_CPU_GPU_CV 1388mW/1354mW VDD_SOC 1550mW/1516mW
09-13-2026 13:06:38 RAM 5784/7620MB (lfb 195x1MB) SWAP 27/8192MB (cached 19MB) CPU [3%@1728,19%@1728,0%@1728,2%@1728,65%@729,6%@729] GR3D_FREQ 0% cpu@50.937C soc2@49.187C soc0@49.562C gpu@50.125C tj@50.937C soc1@50.281C VDD_IN 6080mW/5786mW VDD_CPU_GPU_CV 1507mW/1365mW VDD_SOC 1629mW/1523mW
09-13-2026 13:06:39 RAM 5799/7620MB (lfb 175x1MB) SWAP 27/8192MB (cached 19MB) CPU [55%@1728,39%@1728,0%@1728,0%@1728,29%@729,0%@729] GR3D_FREQ 16% cpu@51.312C soc2@49.25C soc0@49.593C gpu@50.25C tj@51.312C soc1@50.437C VDD_IN 6359mW/5822mW VDD_CPU_GPU_CV 1626mW/1381mW VDD_SOC 1666mW/1532mW
09-13-2026 13:06:40 RAM 5793/7620MB (lfb 1x64kB) SWAP 28/8192MB (cached 19MB) CPU [11%@1728,2%@1728,0%@1728,34%@1728,33%@1728,49%@1728] GR3D_FREQ 2% cpu@51.75C soc2@49.187C soc0@49.656C gpu@49.968C tj@51.75C soc1@50.312C VDD_IN 6438mW/5858mW VDD_CPU_GPU_CV 1785mW/1405mW VDD_SOC 1626mW/1538mW
09-13-2026 13:06:41 RAM 5779/7620MB (lfb 12x1MB) SWAP 28/8192MB (cached 19MB) CPU [45%@806,0%@806,0%@806,26%@806,36%@729,58%@729] GR3D_FREQ 65% cpu@50.968C soc2@49.187C soc0@49.812C gpu@50.156C tj@50.968C soc1@50.531C VDD_IN 6547mW/5897mW VDD_CPU_GPU_CV 1743mW/1423mW VDD_SOC 1706mW/1547mW
09-13-2026 13:06:42 RAM 5782/7620MB (lfb 3x1MB) SWAP 28/8192MB (cached 19MB) CPU [1%@729,1%@1728,0%@1728,1%@1728,0%@1728,91%@1728] GR3D_FREQ 0% cpu@51.156C soc2@49.125C soc0@49.812C gpu@50.218C tj@51.156C soc1@50.375C VDD_IN 5842mW/5894mW VDD_CPU_GPU_CV 1230mW/1413mW VDD_SOC 1589mW/1549mW
09-13-2026 13:06:43 RAM 5997/7620MB (lfb 2x256kB) SWAP 28/8192MB (cached 19MB) CPU [16%@1728,37%@1728,5%@1728,4%@1728,4%@729,53%@729] GR3D_FREQ 0% cpu@51.125C soc2@49.343C soc0@49.75C gpu@50.25C tj@51C soc1@50.375C VDD_IN 6001mW/5899mW VDD_CPU_GPU_CV 1468mW/1416mW VDD_SOC 1550mW/1549mW
09-13-2026 13:06:44 RAM 5993/7620MB (lfb 3x256kB) SWAP 28/8192MB (cached 19MB) CPU [14%@1728,90%@1728,0%@1728,0%@1728,1%@729,50%@729] GR3D_FREQ 0% cpu@51.406C soc2@49.343C soc0@49.812C gpu@50.25C tj@51.187C soc1@50.562C VDD_IN 6041mW/5906mW VDD_CPU_GPU_CV 1626mW/1426mW VDD_SOC 1550mW/1549mW
09-13-2026 13:06:45 RAM 6014/7620MB (lfb 2x256kB) SWAP 28/8192MB (cached 19MB) CPU [4%@1728,35%@1728,1%@1728,1%@1728,2%@1728,70%@1728] GR3D_FREQ 0% cpu@51.656C soc2@49.812C soc0@50.062C gpu@51.125C tj@51.656C soc1@50.625C VDD_IN 10740mW/6126mW VDD_CPU_GPU_CV 5226mW/1599mW VDD_SOC 1892mW/1565mW
09-13-2026 13:06:46 RAM 6020/7620MB (lfb 2x256kB) SWAP 28/8192MB (cached 19MB) CPU [1%@729,1%@729,0%@729,0%@729,0%@1728,99%@1728] GR3D_FREQ 0% cpu@51.625C soc2@49.531C soc0@50.093C gpu@50.406C tj@51.625C soc1@50.562C VDD_IN 6359mW/6136mW VDD_CPU_GPU_CV 1904mW/1612mW VDD_SOC 1507mW/1562mW
09-13-2026 13:06:47 RAM 6023/7620MB (lfb 2x256kB) SWAP 28/8192MB (cached 19MB) CPU [0%@729,0%@729,0%@729,0%@729,0%@1728,100%@1728] GR3D_FREQ 0% cpu@51.781C soc2@49.531C soc0@50.125C gpu@50.25C tj@51.781C soc1@50.593C VDD_IN 5921mW/6127mW VDD_CPU_GPU_CV 1587mW/1611mW VDD_SOC 1510mW/1560mW
09-13-2026 13:06:48 RAM 6026/7620MB (lfb 2x256kB) SWAP 28/8192MB (cached 19MB) CPU [0%@729,0%@729,1%@729,1%@729,0%@1728,100%@1728] GR3D_FREQ 0% cpu@51.468C soc2@49.593C soc0@50.062C gpu@50.25C tj@51.468C soc1@50.625C VDD_IN 5882mW/6117mW VDD_CPU_GPU_CV 1547mW/1608mW VDD_SOC 1510mW/1558mW
09-13-2026 13:06:49 RAM 6030/7620MB (lfb 2x256kB) SWAP 28/8192MB (cached 19MB) CPU [1%@1728,2%@1728,0%@1728,3%@1728,0%@1728,100%@1728] GR3D_FREQ 0% cpu@51.531C soc2@49.437C soc0@50C gpu@50.468C tj@51.531C soc1@50.718C VDD_IN 5921mW/6109mW VDD_CPU_GPU_CV 1587mW/1608mW VDD_SOC 1510mW/1556mW
09-13-2026 13:06:50 RAM 6032/7620MB (lfb 2x256kB) SWAP 28/8192MB (cached 19MB) CPU [1%@729,1%@729,1%@729,1%@729,0%@1728,100%@1728] GR3D_FREQ 0% cpu@51.656C soc2@49.5C soc0@50.093C gpu@50.562C tj@51.656C soc1@50.656C VDD_IN 5921mW/6102mW VDD_CPU_GPU_CV 1587mW/1607mW VDD_SOC 1510mW/1555mW
09-13-2026 13:06:51 RAM 6036/7620MB (lfb 2x256kB) SWAP 28/8192MB (cached 19MB) CPU [0%@729,0%@729,0%@729,1%@729,0%@1728,100%@1728] GR3D_FREQ 0% cpu@51.687C soc2@49.468C soc0@50.093C gpu@50.468C tj@51.687C soc1@50.687C VDD_IN 5882mW/6095mW VDD_CPU_GPU_CV 1547mW/1605mW VDD_SOC 1510mW/1553mW
09-13-2026 13:06:52 RAM 6039/7620MB (lfb 2x256kB) SWAP 28/8192MB (cached 19MB) CPU [0%@729,0%@729,0%@729,1%@729,0%@1728,100%@1728] GR3D_FREQ 0% cpu@51.718C soc2@49.531C soc0@50.062C gpu@50.5C tj@51.718C soc1@50.687C VDD_IN 5882mW/6087mW VDD_CPU_GPU_CV 1547mW/1603mW VDD_SOC 1510mW/1552mW
09-13-2026 13:06:53 RAM 6042/7620MB (lfb 2x256kB) SWAP 28/8192MB (cached 19MB) CPU [1%@729,1%@729,0%@729,1%@729,0%@1728,100%@1728] GR3D_FREQ 0% cpu@51.562C soc2@49.5C soc0@50.125C gpu@50.406C tj@51.562C soc1@50.812C VDD_IN 5921mW/6082mW VDD_CPU_GPU_CV 1547mW/1601mW VDD_SOC 1510mW/1550mW
09-13-2026 13:06:54 RAM 6047/7620MB (lfb 2x256kB) SWAP 28/8192MB (cached 19MB) CPU [0%@729,0%@729,0%@729,1%@729,0%@1728,100%@1728] GR3D_FREQ 0% cpu@51.687C soc2@49.468C soc0@50.125C gpu@50.468C tj@51.687C soc1@50.718C VDD_IN 5882mW/6075mW VDD_CPU_GPU_CV 1547mW/1599mW VDD_SOC 1510mW/1549mW
09-13-2026 13:06:55 RAM 6051/7620MB (lfb 2x256kB) SWAP 28/8192MB (cached 19MB) CPU [0%@729,0%@729,0%@729,0%@729,0%@1728,100%@1728] GR3D_FREQ 0% cpu@51.718C soc2@49.562C soc0@50.218C gpu@50.656C tj@51.718C soc1@50.687C VDD_IN 5882mW/6069mW VDD_CPU_GPU_CV 1547mW/1597mW VDD_SOC 1510mW/1548mW
09-13-2026 13:06:56 RAM 6054/7620MB (lfb 2x256kB) SWAP 28/8192MB (cached 19MB) CPU [0%@729,0%@729,0%@729,0%@729,0%@1728,100%@1728] GR3D_FREQ 0% cpu@51.843C soc2@49.656C soc0@50.093C gpu@50.625C tj@51.531C soc1@50.812C VDD_IN 5882mW/6064mW VDD_CPU_GPU_CV 1547mW/1596mW VDD_SOC 1510mW/1547mW
09-13-2026 13:06:57 RAM 6057/7620MB (lfb 2x256kB) SWAP 28/8192MB (cached 19MB) CPU [0%@729,0%@729,0%@729,0%@729,0%@1728,100%@1728] GR3D_FREQ 0% cpu@51.562C soc2@49.593C soc0@50C gpu@50.625C tj@51.562C soc1@50.843C VDD_IN 5882mW/6058mW VDD_CPU_GPU_CV 1547mW/1594mW VDD_SOC 1510mW/1545mW
09-13-2026 13:06:58 RAM 6059/7620MB (lfb 2x256kB) SWAP 28/8192MB (cached 19MB) CPU [0%@729,0%@729,1%@729,1%@729,0%@1728,100%@1728] GR3D_FREQ 0% cpu@51.5C soc2@49.562C soc0@50.281C gpu@50.593C tj@51.5C soc1@50.75C VDD_IN 5802mW/6051mW VDD_CPU_GPU_CV 1269mW/1585mW VDD_SOC 1550mW/1546mW
09-13-2026 13:06:59 RAM 6060/7620MB (lfb 5x256kB) SWAP 28/8192MB (cached 19MB) CPU [0%@729,0%@729,0%@729,0%@729,0%@1728,100%@1728] GR3D_FREQ 0% cpu@51.781C soc2@49.656C soc0@50.343C gpu@50.5C tj@51.781C soc1@50.875C VDD_IN 5842mW/6045mW VDD_CPU_GPU_CV 1507mW/1583mW VDD_SOC 1510mW/1545mW
09-13-2026 13:07:00 RAM 6064/7620MB (lfb 3x256kB) SWAP 28/8192MB (cached 19MB) CPU [1%@729,0%@729,1%@729,0%@729,0%@1728,100%@1728] GR3D_FREQ 0% cpu@51.625C soc2@49.718C soc0@50.125C gpu@50.531C tj@51.625C soc1@50.843C VDD_IN 5882mW/6041mW VDD_CPU_GPU_CV 1547mW/1582mW VDD_SOC 1510mW/1544mW
09-13-2026 13:07:01 RAM 6063/7620MB (lfb 2x256kB) SWAP 28/8192MB (cached 19MB) CPU [0%@729,0%@729,0%@729,1%@729,0%@1728,100%@1728] GR3D_FREQ 0% cpu@51.687C soc2@49.625C soc0@50.156C gpu@50.718C tj@51.687C soc1@51C VDD_IN 5921mW/6038mW VDD_CPU_GPU_CV 1547mW/1581mW VDD_SOC 1510mW/1543mW
09-13-2026 13:07:02 RAM 6106/7620MB (lfb 2x256kB) SWAP 28/8192MB (cached 19MB) CPU [0%@729,4%@729,0%@729,0%@729,0%@1728,99%@1728] GR3D_FREQ 0% cpu@51.812C soc2@49.687C soc0@50.25C gpu@50.75C tj@51.812C soc1@50.843C VDD_IN 5882mW/6034mW VDD_CPU_GPU_CV 1547mW/1580mW VDD_SOC 1510mW/1542mW
09-13-2026 13:07:03 RAM 6102/7620MB (lfb 2x256kB) SWAP 28/8192MB (cached 19MB) CPU [3%@729,3%@729,0%@729,0%@729,1%@1728,80%@1728] GR3D_FREQ 0% cpu@51.687C soc2@49.593C soc0@50.468C gpu@50.812C tj@51.593C soc1@50.937C VDD_IN 5603mW/6023mW VDD_CPU_GPU_CV 1349mW/1574mW VDD_SOC 1470mW/1540mW
09-13-2026 13:07:04 RAM 6104/7620MB (lfb 2x256kB) SWAP 28/8192MB (cached 19MB) CPU [2%@1728,0%@1728,1%@1728,0%@1728,0%@1728,100%@1728] GR3D_FREQ 0% cpu@51.843C soc2@49.781C soc0@50.25C gpu@50.625C tj@51.625C soc1@51C VDD_IN 5882mW/6019mW VDD_CPU_GPU_CV 1547mW/1574mW VDD_SOC 1470mW/1538mW
09-13-2026 13:07:05 RAM 6108/7620MB (lfb 1x512kB) SWAP 28/8192MB (cached 19MB) CPU [5%@729,7%@729,4%@729,3%@729,2%@1728,100%@1728] GR3D_FREQ 0% cpu@51.718C soc2@49.781C soc0@50.312C gpu@50.687C tj@51.718C soc1@51.062C VDD_IN 6001mW/6019mW VDD_CPU_GPU_CV 1666mW/1576mW VDD_SOC 1510mW/1538mW
09-13-2026 13:07:06 RAM 6108/7620MB (lfb 1x512kB) SWAP 28/8192MB (cached 19MB) CPU [1%@729,0%@729,0%@1728,1%@1728,0%@1728,100%@1728] GR3D_FREQ 0% cpu@51.937C soc2@49.781C soc0@50.406C gpu@50.687C tj@51.937C soc1@51C VDD_IN 5882mW/6016mW VDD_CPU_GPU_CV 1587mW/1576mW VDD_SOC 1470mW/1536mW
09-13-2026 13:07:07 RAM 6108/7620MB (lfb 1x512kB) SWAP 28/8192MB (cached 19MB) CPU [0%@729,0%@1728,0%@1728,0%@1728,0%@1728,100%@1728] GR3D_FREQ 0% cpu@51.968C soc2@49.781C soc0@50.468C gpu@50.937C tj@51.968C soc1@51C VDD_IN 5842mW/6012mW VDD_CPU_GPU_CV 1547mW/1576mW VDD_SOC 1470mW/1535mW
09-13-2026 13:07:08 RAM 6107/7620MB (lfb 1x512kB) SWAP 28/8192MB (cached 19MB) CPU [1%@729,0%@729,0%@729,1%@729,0%@1728,100%@1728] GR3D_FREQ 0% cpu@52.062C soc2@49.875C soc0@50.312C gpu@51C tj@51.75C soc1@51.062C VDD_IN 5842mW/6008mW VDD_CPU_GPU_CV 1547mW/1575mW VDD_SOC 1470mW/1533mW
09-13-2026 13:07:09 RAM 6107/7620MB (lfb 1x512kB) SWAP 28/8192MB (cached 19MB) CPU [0%@1728,0%@1728,0%@1728,0%@1728,0%@1728,100%@1728] GR3D_FREQ 0% cpu@51.75C soc2@49.781C soc0@50.281C gpu@50.625C tj@51.75C soc1@51.187C VDD_IN 5842mW/6004mW VDD_CPU_GPU_CV 1547mW/1574mW VDD_SOC 1470mW/1532mW
09-13-2026 13:07:10 RAM 6109/7620MB (lfb 2x256kB) SWAP 28/8192MB (cached 19MB) CPU [0%@729,0%@729,0%@729,0%@729,0%@1728,100%@1728] GR3D_FREQ 0% cpu@51.875C soc2@49.781C soc0@50.406C gpu@50.656C tj@51.875C soc1@51C VDD_IN 5802mW/6000mW VDD_CPU_GPU_CV 1547mW/1574mW VDD_SOC 1470mW/1531mW
09-13-2026 13:07:11 RAM 6110/7620MB (lfb 2x256kB) SWAP 28/8192MB (cached 19MB) CPU [0%@1728,0%@1728,0%@1728,0%@1728,0%@1728,100%@1728] GR3D_FREQ 0% cpu@51.968C soc2@49.812C soc0@50.562C gpu@50.718C tj@51.968C soc1@51C VDD_IN 5802mW/5996mW VDD_CPU_GPU_CV 1547mW/1573mW VDD_SOC 1470mW/1529mW
09-13-2026 13:07:12 RAM 6111/7620MB (lfb 2x256kB) SWAP 28/8192MB (cached 19MB) CPU [1%@729,1%@729,0%@729,0%@729,0%@1728,100%@1728] GR3D_FREQ 0% cpu@51.781C soc2@49.937C soc0@50.375C gpu@50.687C tj@51.781C soc1@51.093C VDD_IN 5842mW/5993mW VDD_CPU_GPU_CV 1547mW/1573mW VDD_SOC 1470mW/1528mW
09-13-2026 13:07:13 RAM 6141/7620MB (lfb 5x256kB) SWAP 28/8192MB (cached 19MB) CPU [2%@1728,9%@1728,0%@1728,0%@1728,0%@1728,96%@1728] GR3D_FREQ 0% cpu@51.781C soc2@49.968C soc0@50.343C gpu@50.656C tj@51.781C soc1@51.218C VDD_IN 5961mW/5992mW VDD_CPU_GPU_CV 1507mW/1571mW VDD_SOC 1510mW/1528mW
09-13-2026 13:07:14 RAM 6201/7620MB (lfb 2x512kB) SWAP 28/8192MB (cached 19MB) CPU [7%@1728,10%@1728,1%@1728,1%@1728,0%@1728,92%@1728] GR3D_FREQ 99% cpu@52.218C soc2@50.218C soc0@50.593C gpu@51.875C tj@52.218C soc1@51.062C VDD_IN 9413mW/6059mW VDD_CPU_GPU_CV 3627mW/1612mW VDD_SOC 2017mW/1537mW
09-13-2026 13:07:15 RAM 6266/7620MB (lfb 2x256kB) SWAP 28/8192MB (cached 19MB) CPU [19%@729,1%@729,0%@729,1%@729,54%@1344,37%@1344] GR3D_FREQ 38% cpu@51.937C soc2@50.406C soc0@50.875C gpu@51.687C tj@51.937C soc1@51.281C VDD_IN 9452mW/6125mW VDD_CPU_GPU_CV 3627mW/1650mW VDD_SOC 2013mW/1546mW
09-13-2026 13:07:16 RAM 6790/7620MB (lfb 2x256kB) SWAP 28/8192MB (cached 19MB) CPU [0%@1728,0%@1728,0%@1728,0%@1728,0%@1728,100%@1728] GR3D_FREQ 0% cpu@51.937C soc2@50.25C soc0@50.687C gpu@51.125C tj@51.937C soc1@51.375C VDD_IN 6160mW/6125mW VDD_CPU_GPU_CV 1745mW/1652mW VDD_SOC 1507mW/1546mW
09-13-2026 13:07:17 RAM 7183/7620MB (lfb 3x256kB) SWAP 153/8192MB (cached 29MB) CPU [33%@1728,0%@1728,10%@1728,1%@1728,18%@1728,99%@1728] GR3D_FREQ 0% cpu@52.437C soc2@50.218C soc0@50.625C gpu@51.031C tj@52.437C soc1@51.5C VDD_IN 6359mW/6130mW VDD_CPU_GPU_CV 1944mW/1658mW VDD_SOC 1507mW/1545mW
09-13-2026 13:07:18 RAM 7280/7620MB (lfb 2x1MB) SWAP 316/8192MB (cached 58MB) CPU [47%@1728,61%@1728,66%@1728,40%@1728,47%@1267,82%@1267] GR3D_FREQ 0% cpu@52.75C soc2@50.468C soc0@50.812C gpu@51.218C tj@52.75C soc1@51.437C VDD_IN 7380mW/6152mW VDD_CPU_GPU_CV 2610mW/1675mW VDD_SOC 1663mW/1547mW
09-13-2026 13:07:19 RAM 7261/7620MB (lfb 2x1MB) SWAP 349/8192MB (cached 66MB) CPU [93%@1728,96%@1728,94%@1728,93%@1728,93%@1728,94%@1728] GR3D_FREQ 0% cpu@53.312C soc2@50.656C soc0@50.687C gpu@51.343C tj@53.343C soc1@51.593C VDD_IN 7764mW/6181mW VDD_CPU_GPU_CV 3520mW/1708mW VDD_SOC 1465mW/1546mW
09-13-2026 13:07:20 RAM 7260/7620MB (lfb 2x1MB) SWAP 349/8192MB (cached 66MB) CPU [100%@1728,100%@1728,99%@1728,99%@1728,99%@1728,99%@1728] GR3D_FREQ 0% cpu@53.437C soc2@50.781C soc0@50.812C gpu@51.375C tj@53.437C soc1@51.5C VDD_IN 7843mW/6210mW VDD_CPU_GPU_CV 3678mW/1742mW VDD_SOC 1465mW/1544mW
09-13-2026 13:07:21 RAM 7296/7620MB (lfb 1x2MB) SWAP 672/8192MB (cached 74MB) CPU [22%@1113,20%@1113,26%@1113,12%@1113,14%@729,78%@729] GR3D_FREQ 0% cpu@52.25C soc2@50.468C soc0@50.968C gpu@51.437C tj@52.25C soc1@51.593C VDD_IN 6041mW/6207mW VDD_CPU_GPU_CV 1666mW/1741mW VDD_SOC 1507mW/1544mW
09-13-2026 13:07:22 RAM 7450/7620MB (lfb 1x1MB) SWAP 1282/8192MB (cached 92MB) CPU [74%@1651,33%@1651,31%@1651,38%@1651,34%@1728,86%@1728] GR3D_FREQ 0% cpu@52.906C soc2@50.625C soc0@50.781C gpu@51.5C tj@52.906C soc1@51.656C VDD_IN 6785mW/6217mW VDD_CPU_GPU_CV 2139mW/1748mW VDD_SOC 1626mW/1545mW
09-13-2026 13:07:23 RAM 5503/7620MB (lfb 1x4MB) SWAP 1537/8192MB (cached 103MB) CPU [33%@1728,22%@1728,17%@1728,56%@1728,68%@1728,21%@1728] GR3D_FREQ 0% cpu@52.781C soc2@50.468C soc0@51.031C gpu@51.468C tj@52.781C soc1@51.625C VDD_IN 6666mW/6225mW VDD_CPU_GPU_CV 1861mW/1750mW VDD_SOC 1666mW/1547mW
09-13-2026 13:07:24 RAM 5565/7620MB (lfb 1x4MB) SWAP 1483/8192MB (cached 115MB) CPU [24%@1113,18%@1113,1%@1113,7%@1113,22%@729,0%@729] GR3D_FREQ 0% cpu@51.906C soc2@50.406C soc0@50.781C gpu@51.375C tj@51.937C soc1@51.656C VDD_IN 5365mW/6210mW VDD_CPU_GPU_CV 1071mW/1739mW VDD_SOC 1510mW/1546mW
09-13-2026 13:07:25 RAM 5634/7620MB (lfb 1x4MB) SWAP 1427/8192MB (cached 128MB) CPU [13%@729,0%@729,0%@1728,0%@1728,8%@1728,27%@1728] GR3D_FREQ 0% cpu@51.906C soc2@50.281C soc0@50.875C gpu@51.125C tj@51.906C soc1@51.656C VDD_IN 5126mW/6193mW VDD_CPU_GPU_CV 953mW/1726mW VDD_SOC 1470mW/1545mW
09-13-2026 13:07:26 RAM 5694/7620MB (lfb 1x4MB) SWAP 1377/8192MB (cached 139MB) CPU [14%@1728,0%@1728,0%@1728,0%@1728,4%@1113,28%@1113] GR3D_FREQ 0% cpu@51.968C soc2@50.343C soc0@50.875C gpu@51C tj@51.968C soc1@51.562C VDD_IN 5047mW/6175mW VDD_CPU_GPU_CV 914mW/1713mW VDD_SOC 1470mW/1544mW
09-13-2026 13:07:27 RAM 5760/7620MB (lfb 1x4MB) SWAP 1368/8192MB (cached 195MB) CPU [14%@1728,0%@1728,1%@1728,1%@1728,4%@1728,34%@1728] GR3D_FREQ 0% cpu@52.187C soc2@50.312C soc0@50.968C gpu@51.312C tj@52.187C soc1@51.625C VDD_IN 5126mW/6158mW VDD_CPU_GPU_CV 914mW/1701mW VDD_SOC 1470mW/1543mW
09-13-2026 13:07:28 RAM 5829/7620MB (lfb 1x4MB) SWAP 1368/8192MB (cached 264MB) CPU [12%@729,0%@1728,0%@1728,0%@1728,3%@1728,34%@1728] GR3D_FREQ 0% cpu@51.875C soc2@50.156C soc0@50.781C gpu@51.281C tj@51.875C soc1@51.562C VDD_IN 5126mW/6143mW VDD_CPU_GPU_CV 914mW/1688mW VDD_SOC 1470mW/1542mW
09-13-2026 13:07:29 RAM 5931/7620MB (lfb 24x2MB) SWAP 1367/8192MB (cached 279MB) CPU [4%@729,0%@729,0%@729,0%@729,0%@1728,81%@1728] GR3D_FREQ 32% cpu@52.125C soc2@50.187C soc0@50.937C gpu@51.406C tj@52.125C soc1@51.656C VDD_IN 5524mW/6133mW VDD_CPU_GPU_CV 1111mW/1680mW VDD_SOC 1510mW/1541mW
09-13-2026 13:07:30 RAM 6491/7620MB (lfb 96x1MB) SWAP 1366/8192MB (cached 278MB) CPU [1%@729,1%@729,0%@729,0%@729,0%@1728,96%@1728] GR3D_FREQ 0% cpu@52.281C soc2@50.281C soc0@50.906C gpu@51.093C tj@52.281C soc1@51.468C VDD_IN 5683mW/6126mW VDD_CPU_GPU_CV 1150mW/1672mW VDD_SOC 1550mW/1541mW
09-13-2026 13:07:31 RAM 6566/7620MB (lfb 60x1MB) SWAP 1362/8192MB (cached 278MB) CPU [2%@729,0%@729,0%@729,1%@729,46%@1728,44%@1728] GR3D_FREQ 0% cpu@52.468C soc2@50.437C soc0@50.843C gpu@51.218C tj@52.25C soc1@51.625C VDD_IN 6001mW/6125mW VDD_CPU_GPU_CV 1388mW/1668mW VDD_SOC 1589mW/1542mW
09-13-2026 13:07:32 RAM 6607/7620MB (lfb 25x1MB) SWAP 1360/8192MB (cached 279MB) CPU [0%@729,1%@729,0%@729,0%@729,76%@1728,20%@1728] GR3D_FREQ 0% cpu@52.093C soc2@50.406C soc0@50.843C gpu@51.218C tj@52.093C soc1@51.625C VDD_IN 5802mW/6120mW VDD_CPU_GPU_CV 1230mW/1661mW VDD_SOC 1589mW/1543mW
09-13-2026 13:07:33 RAM 6636/7620MB (lfb 25x1MB) SWAP 1359/8192MB (cached 280MB) CPU [6%@1113,4%@1113,2%@1113,4%@1113,2%@729,87%@729] GR3D_FREQ 0% cpu@52.062C soc2@50.343C soc0@50.906C gpu@51.218C tj@52.062C soc1@51.718C VDD_IN 5603mW/6113mW VDD_CPU_GPU_CV 1230mW/1655mW VDD_SOC 1510mW/1542mW
09-13-2026 13:07:34 RAM 7159/7620MB (lfb 6308x32kB) SWAP 1355/8192MB (cached 282MB) CPU [17%@1728,56%@1728,19%@1728,31%@1728,21%@1113,38%@1113] GR3D_FREQ 99% cpu@52.718C soc2@50.718C soc0@50.968C gpu@53.156C tj@53.156C soc1@51.625C VDD_IN 9650mW/6162mW VDD_CPU_GPU_CV 4100mW/1690mW VDD_SOC 1934mW/1548mW
09-13-2026 13:07:35 RAM 7159/7620MB (lfb 6125x32kB) SWAP 1355/8192MB (cached 282MB) CPU [0%@1728,0%@1728,0%@1728,0%@1728,0%@1728,16%@1728] GR3D_FREQ 99% cpu@53.781C soc2@52.062C soc0@51.5C gpu@55.312C tj@55.312C soc1@51.937C VDD_IN 20506mW/6362mW VDD_CPU_GPU_CV 11075mW/1820mW VDD_SOC 3923mW/1581mW
09-13-2026 13:07:36 RAM 7205/7620MB (lfb 4629x32kB) SWAP 1355/8192MB (cached 282MB) CPU [2%@729,0%@729,0%@729,0%@729,0%@1728,99%@1728] GR3D_FREQ 88% cpu@54.312C soc2@52.562C soc0@52.031C gpu@55.062C tj@55.062C soc1@52.375C VDD_IN 19922mW/6547mW VDD_CPU_GPU_CV 9779mW/1929mW VDD_SOC 4661mW/1623mW
09-13-2026 13:07:37 RAM 7206/7620MB (lfb 4477x32kB) SWAP 1355/8192MB (cached 283MB) CPU [0%@1728,0%@1728,1%@1728,0%@1728,0%@1728,100%@1728] GR3D_FREQ 88% cpu@54.656C soc2@52.843C soc0@52.343C gpu@55.281C tj@55.281C soc1@52.843C VDD_IN 19254mW/6719mW VDD_CPU_GPU_CV 8131mW/2013mW VDD_SOC 5175mW/1671mW
09-13-2026 13:07:38 RAM 7294/7620MB (lfb 8x1MB) SWAP 1605/8192MB (cached 235MB) CPU [50%@1728,42%@1728,4%@1728,6%@1728,6%@1728,65%@1728] GR3D_FREQ 0% cpu@54.031C soc2@52.156C soc0@52.281C gpu@52.906C tj@54.031C soc1@52.75C VDD_IN 8740mW/6746mW VDD_CPU_GPU_CV 2487mW/2019mW VDD_SOC 2808mW/1686mW
09-13-2026 13:07:39 RAM 7311/7620MB (lfb 16x128kB) SWAP 1739/8192MB (cached 196MB) CPU [6%@1728,86%@1728,0%@1728,2%@1728,0%@1190,39%@1190] GR3D_FREQ 0% cpu@53.968C soc2@51.937C soc0@52.156C gpu@52.75C tj@53.968C soc1@52.625C VDD_IN 7527mW/6756mW VDD_CPU_GPU_CV 2491mW/2025mW VDD_SOC 1861mW/1688mW
09-13-2026 13:07:40 RAM 7330/7620MB (lfb 12x1MB) SWAP 1901/8192MB (cached 198MB) CPU [10%@1728,75%@1728,2%@1728,0%@1728,22%@1728,26%@1728] GR3D_FREQ 99% cpu@54.281C soc2@52.5C soc0@52.125C gpu@55.75C tj@55.75C soc1@52.75C VDD_IN 15823mW/6874mW VDD_CPU_GPU_CV 9027mW/2116mW VDD_SOC 2385mW/1697mW
09-13-2026 13:07:41 RAM 7327/7620MB (lfb 13x1MB) SWAP 1901/8192MB (cached 199MB) CPU [0%@1728,100%@1728,0%@1728,0%@1728,4%@729,0%@729] GR3D_FREQ 99% cpu@54.937C soc2@53.5C soc0@52.843C gpu@56.812C tj@56.812C soc1@53.187C VDD_IN 21951mW/7067mW VDD_CPU_GPU_CV 12500mW/2249mW VDD_SOC 4065mW/1728mW
09-13-2026 13:07:42 RAM 7327/7620MB (lfb 13x1MB) SWAP 1901/8192MB (cached 199MB) CPU [0%@1728,100%@1728,0%@1728,0%@1728,0%@729,0%@729] GR3D_FREQ 99% cpu@55.5C soc2@54.031C soc0@53.218C gpu@57.218C tj@57.218C soc1@53.656C VDD_IN 22262mW/7260mW VDD_CPU_GPU_CV 12270mW/2376mW VDD_SOC 4336mW/1761mW
09-13-2026 13:07:43 RAM 7328/7620MB (lfb 13x1MB) SWAP 1901/8192MB (cached 199MB) CPU [32%@1728,47%@1728,22%@1728,6%@1728,94%@1728,0%@1728] GR3D_FREQ 99% cpu@56.218C soc2@54.375C soc0@53.656C gpu@57.75C tj@57.75C soc1@53.718C VDD_IN 22380mW/7449mW VDD_CPU_GPU_CV 12654mW/2505mW VDD_SOC 4375mW/1794mW
09-13-2026 13:07:44 RAM 7292/7620MB (lfb 1x2MB) SWAP 1933/8192MB (cached 194MB) CPU [13%@1728,49%@1728,24%@1728,20%@1728,100%@1728,10%@1728] GR3D_FREQ 99% cpu@56.5C soc2@54.906C soc0@53.937C gpu@58.156C tj@58.156C soc1@54.093C VDD_IN 22417mW/7633mW VDD_CPU_GPU_CV 12616mW/2630mW VDD_SOC 4368mW/1825mW
09-13-2026 13:07:45 RAM 7296/7620MB (lfb 1x2MB) SWAP 1933/8192MB (cached 195MB) CPU [16%@1728,5%@1728,4%@1728,3%@1728,99%@1728,4%@1728] GR3D_FREQ 99% cpu@56.468C soc2@55.031C soc0@54.031C gpu@57.468C tj@57.468C soc1@54.562C VDD_IN 20117mW/7786mW VDD_CPU_GPU_CV 8890mW/2706mW VDD_SOC 5127mW/1866mW
09-13-2026 13:07:46 RAM 7296/7620MB (lfb 1x2MB) SWAP 1931/8192MB (cached 198MB) CPU [6%@1728,8%@1728,8%@1728,9%@1728,90%@729,10%@729] GR3D_FREQ 0% cpu@56.843C soc2@54.812C soc0@54.375C gpu@56.062C tj@56.843C soc1@54.718C VDD_IN 15510mW/7879mW VDD_CPU_GPU_CV 6236mW/2748mW VDD_SOC 4184mW/1894mW
09-13-2026 13:07:47 RAM 7115/7620MB (lfb 6x1MB) SWAP 1976/8192MB (cached 138MB) CPU [5%@1728,1%@1728,0%@1728,91%@1728,28%@729,5%@729] GR3D_FREQ 99% cpu@56.75C soc2@54.875C soc0@54.343C gpu@58.125C tj@58.125C soc1@54.625C VDD_IN 18357mW/8003mW VDD_CPU_GPU_CV 9075mW/2824mW VDD_SOC 4124mW/1920mW
09-13-2026 13:07:48 RAM 7116/7620MB (lfb 11x1MB) SWAP 1976/8192MB (cached 138MB) CPU [1%@1728,0%@1728,0%@1728,100%@1728,0%@729,16%@729] GR3D_FREQ 99% cpu@57.406C soc2@55.687C soc0@54.843C gpu@59.312C tj@59.312C soc1@55C VDD_IN 22651mW/8176mW VDD_CPU_GPU_CV 12441mW/2937mW VDD_SOC 4561mW/1951mW
09-13-2026 13:07:49 RAM 7121/7620MB (lfb 11x1MB) SWAP 1974/8192MB (cached 142MB) CPU [4%@1728,0%@1728,1%@1728,100%@1728,0%@729,0%@729] GR3D_FREQ 88% cpu@57.468C soc2@55.843C soc0@54.937C gpu@58.406C tj@58.406C soc1@55.312C VDD_IN 20078mW/8314mW VDD_CPU_GPU_CV 9122mW/3009mW VDD_SOC 5003mW/1987mW
09-13-2026 13:07:50 RAM 7202/7620MB (lfb 6x1MB) SWAP 1974/8192MB (cached 142MB) CPU [7%@1728,28%@1728,6%@1728,73%@1728,6%@729,5%@729] GR3D_FREQ 0% cpu@57.031C soc2@55.656C soc0@55.125C gpu@56.812C tj@57.031C soc1@55.562C VDD_IN 13203mW/8370mW VDD_CPU_GPU_CV 5083mW/3033mW VDD_SOC 3687mW/2006mW
09-13-2026 13:07:51 RAM 6993/7620MB (lfb 3x2MB) SWAP 2133/8192MB (cached 78MB) CPU [5%@1728,77%@1728,12%@1728,0%@1728,41%@729,2%@729] GR3D_FREQ 99% cpu@57C soc2@55.187C soc0@54.937C gpu@57.781C tj@57.781C soc1@55.656C VDD_IN 11393mW/8405mW VDD_CPU_GPU_CV 4440mW/3049mW VDD_SOC 3109mW/2019mW
09-13-2026 13:07:52 RAM 6996/7620MB (lfb 8x2MB) SWAP 2133/8192MB (cached 78MB) CPU [0%@1728,0%@1728,100%@1728,0%@1728,1%@729,21%@729] GR3D_FREQ 99% cpu@57.937C soc2@56.218C soc0@55.468C gpu@59.5C tj@59.5C soc1@55.687C VDD_IN 21641mW/8553mW VDD_CPU_GPU_CV 12154mW/3151mW VDD_SOC 4143mW/2043mW
09-13-2026 13:07:53 RAM 6997/7620MB (lfb 8x2MB) SWAP 2133/8192MB (cached 78MB) CPU [0%@1728,0%@1728,100%@1728,1%@1728,0%@729,0%@729] GR3D_FREQ 99% cpu@58.562C soc2@56.718C soc0@55.937C gpu@60.375C tj@60.375C soc1@55.968C VDD_IN 22300mW/8706mW VDD_CPU_GPU_CV 12595mW/3256mW VDD_SOC 4174mW/2066mW
09-13-2026 13:07:54 RAM 6997/7620MB (lfb 8x2MB) SWAP 2133/8192MB (cached 78MB) CPU [0%@1728,0%@1728,100%@1728,0%@1728,1%@729,0%@729] GR3D_FREQ 99% cpu@59.187C soc2@57.281C soc0@56.281C gpu@60.812C tj@60.812C soc1@56.343C VDD_IN 22922mW/8862mW VDD_CPU_GPU_CV 12902mW/3362mW VDD_SOC 4484mW/2093mW
09-13-2026 13:07:55 RAM 6997/7620MB (lfb 8x2MB) SWAP 2133/8192MB (cached 78MB) CPU [0%@1728,0%@1728,100%@1728,0%@1728,0%@729,0%@729] GR3D_FREQ 99% cpu@59.281C soc2@57.687C soc0@56.5C gpu@61.031C tj@61.031C soc1@56.625C VDD_IN 22651mW/9012mW VDD_CPU_GPU_CV 12787mW/3464mW VDD_SOC 4445mW/2118mW
09-13-2026 13:07:56 RAM 6997/7620MB (lfb 8x2MB) SWAP 2133/8192MB (cached 78MB) CPU [0%@1728,0%@1728,100%@1728,0%@1728,0%@729,0%@729] GR3D_FREQ 96% cpu@59.531C soc2@57.812C soc0@56.781C gpu@60.281C tj@60.281C soc1@57.031C VDD_IN 20744mW/9138mW VDD_CPU_GPU_CV 9725mW/3532mW VDD_SOC 5041mW/2150mW
09-13-2026 13:07:57 RAM 6997/7620MB (lfb 8x2MB) SWAP 2133/8192MB (cached 78MB) CPU [0%@1728,0%@1728,100%@1728,0%@1728,1%@729,0%@729] GR3D_FREQ 99% cpu@59.468C soc2@57.781C soc0@56.906C gpu@60.218C tj@60.218C soc1@57.218C VDD_IN 20006mW/9254mW VDD_CPU_GPU_CV 8504mW/3585mW VDD_SOC 5274mW/2183mW
09-13-2026 13:07:58 RAM 6951/7620MB (lfb 8x2MB) SWAP 2125/8192MB (cached 80MB) CPU [12%@1728,11%@1728,18%@1728,69%@1728,9%@729,7%@729] GR3D_FREQ 99% cpu@59.062C soc2@57.437C soc0@56.906C gpu@60.437C tj@60.437C soc1@57.156C VDD_IN 16267mW/9328mW VDD_CPU_GPU_CV 7587mW/3627mW VDD_SOC 3904mW/2201mW
09-13-2026 13:07:59 RAM 6952/7620MB (lfb 8x2MB) SWAP 2124/8192MB (cached 80MB) CPU [0%@1728,0%@1728,0%@1728,100%@1728,0%@729,0%@729] GR3D_FREQ 99% cpu@59.968C soc2@58.218C soc0@57.312C gpu@61.656C tj@61.656C soc1@57.406C VDD_IN 22341mW/9463mW VDD_CPU_GPU_CV 12057mW/3714mW VDD_SOC 4561mW/2226mW
09-13-2026 13:08:00 RAM 6952/7620MB (lfb 8x2MB) SWAP 2124/8192MB (cached 80MB) CPU [0%@1728,0%@1728,0%@1728,100%@1728,0%@729,0%@729] GR3D_FREQ 88% cpu@60.156C soc2@58.531C soc0@57.718C gpu@60.937C tj@60.937C soc1@57.75C VDD_IN 20550mW/9578mW VDD_CPU_GPU_CV 9725mW/3776mW VDD_SOC 4925mW/2254mW
09-13-2026 13:08:01 RAM 7011/7620MB (lfb 25x1MB) SWAP 2124/8192MB (cached 80MB) CPU [7%@1728,24%@1728,5%@1728,77%@1728,6%@729,6%@729] GR3D_FREQ 0% cpu@59.625C soc2@58.25C soc0@57.75C gpu@59.281C tj@59.625C soc1@57.968C VDD_IN 13848mW/9621mW VDD_CPU_GPU_CV 5474mW/3794mW VDD_SOC 3760mW/2269mW
09-13-2026 13:08:02 RAM 6935/7620MB (lfb 9x2MB) SWAP 2170/8192MB (cached 55MB) CPU [3%@1728,96%@1728,0%@1728,0%@1728,10%@729,6%@729] GR3D_FREQ 99% cpu@59.468C soc2@58.312C soc0@57.5C gpu@61.218C tj@61.218C soc1@58.031C VDD_IN 15823mW/9684mW VDD_CPU_GPU_CV 7743mW/3834mW VDD_SOC 3558mW/2282mW
09-13-2026 13:08:03 RAM 6943/7620MB (lfb 10x2MB) SWAP 2170/8192MB (cached 55MB) CPU [0%@1728,100%@1728,0%@1728,0%@1728,17%@729,0%@729] GR3D_FREQ 99% cpu@60.218C soc2@59.093C soc0@58.093C gpu@62.531C tj@62.531C soc1@58.375C VDD_IN 22106mW/9808mW VDD_CPU_GPU_CV 12441mW/3920mW VDD_SOC 4213mW/2301mW
09-13-2026 13:08:04 RAM 6942/7620MB (lfb 10x2MB) SWAP 2170/8192MB (cached 56MB) CPU [1%@1728,100%@1728,0%@1728,1%@1728,1%@729,0%@729] GR3D_FREQ 99% cpu@60.593C soc2@59.468C soc0@58.5C gpu@62.843C tj@62.843C soc1@58.468C VDD_IN 22302mW/9932mW VDD_CPU_GPU_CV 12595mW/4006mW VDD_SOC 4213mW/2320mW
09-13-2026 13:08:05 RAM 6942/7620MB (lfb 10x2MB) SWAP 2170/8192MB (cached 56MB) CPU [0%@1728,100%@1728,0%@1728,0%@1728,0%@729,0%@729] GR3D_FREQ 99% cpu@61.125C soc2@59.875C soc0@58.75C gpu@63.343C tj@63.343C soc1@58.781C VDD_IN 22689mW/10057mW VDD_CPU_GPU_CV 12710mW/4091mW VDD_SOC 4484mW/2341mW
09-13-2026 13:08:06 RAM 6941/7620MB (lfb 10x2MB) SWAP 2170/8192MB (cached 56MB) CPU [0%@1728,100%@1728,0%@1728,0%@1728,0%@729,0%@729] GR3D_FREQ 99% cpu@61.281C soc2@60.156C soc0@59.218C gpu@63.593C tj@63.593C soc1@59.093C VDD_IN 22612mW/10179mW VDD_CPU_GPU_CV 12633mW/4174mW VDD_SOC 4484mW/2362mW
09-13-2026 13:08:07 RAM 6943/7620MB (lfb 10x2MB) SWAP 2169/8192MB (cached 56MB) CPU [1%@1728,100%@1728,0%@1728,0%@1728,0%@729,0%@729] GR3D_FREQ 88% cpu@61.468C soc2@60.25C soc0@59.125C gpu@62.781C tj@62.781C soc1@59.343C VDD_IN 20516mW/10278mW VDD_CPU_GPU_CV 9339mW/4224mW VDD_SOC 5158mW/2389mW
09-13-2026 13:08:08 RAM 6942/7620MB (lfb 10x2MB) SWAP 2169/8192MB (cached 57MB) CPU [13%@1728,93%@1728,14%@1728,13%@1728,18%@1344,14%@1344] GR3D_FREQ 0% cpu@61.375C soc2@60C soc0@59.25C gpu@61.062C tj@61.406C soc1@59.625C VDD_IN 15680mW/10330mW VDD_CPU_GPU_CV 6459mW/4245mW VDD_SOC 4177mW/2406mW
09-13-2026 13:08:09 RAM 6884/7620MB (lfb 10x2MB) SWAP 2168/8192MB (cached 57MB) CPU [1%@1728,0%@1728,0%@1728,0%@1728,22%@1728,76%@1728] GR3D_FREQ 99% cpu@61.531C soc2@60.281C soc0@59.468C gpu@63.531C tj@63.531C soc1@59.593C VDD_IN 20943mW/10430mW VDD_CPU_GPU_CV 10787mW/4307mW VDD_SOC 4452mW/2425mW
09-13-2026 13:08:10 RAM 6884/7620MB (lfb 10x2MB) SWAP 2168/8192MB (cached 57MB) CPU [0%@1728,0%@1728,0%@1728,0%@1728,0%@1728,100%@1728] GR3D_FREQ 98% cpu@62.031C soc2@60.781C soc0@59.937C gpu@63.906C tj@63.906C soc1@59.906C VDD_IN 22612mW/10544mW VDD_CPU_GPU_CV 12518mW/4383mW VDD_SOC 4561mW/2445mW
09-13-2026 13:08:11 RAM 6954/7620MB (lfb 31x1MB) SWAP 2168/8192MB (cached 57MB) CPU [9%@1728,12%@1728,35%@1728,10%@1728,10%@729,70%@729] GR3D_FREQ 0% cpu@62.187C soc2@60.375C soc0@59.906C gpu@61.468C tj@62.187C soc1@60.093C VDD_IN 12967mW/10566mW VDD_CPU_GPU_CV 5357mW/4392mW VDD_SOC 3452mW/2455mW
09-13-2026 13:08:12 RAM 6948/7620MB (lfb 8x2MB) SWAP 2169/8192MB (cached 56MB) CPU [0%@1728,0%@1728,100%@1728,0%@1728,1%@729,10%@729] GR3D_FREQ 99% cpu@62.062C soc2@60.656C soc0@59.812C gpu@64C tj@64C soc1@60.125C VDD_IN 17928mW/10634mW VDD_CPU_GPU_CV 9486mW/4439mW VDD_SOC 3735mW/2466mW
09-13-2026 13:08:13 RAM 6950/7620MB (lfb 8x2MB) SWAP 2169/8192MB (cached 56MB) CPU [0%@1728,0%@1728,100%@1728,0%@1728,11%@729,0%@729] GR3D_FREQ 99% cpu@62.75C soc2@61.156C soc0@60.25C gpu@64.812C tj@64.812C soc1@60.437C VDD_IN 22457mW/10741mW VDD_CPU_GPU_CV 12595mW/4513mW VDD_SOC 4329mW/2483mW
09-13-2026 13:08:14 RAM 6950/7620MB (lfb 8x2MB) SWAP 2169/8192MB (cached 56MB) CPU [0%@1728,0%@1728,100%@1728,1%@1728,0%@729,0%@729] GR3D_FREQ 99% cpu@63.031C soc2@61.562C soc0@60.5C gpu@65.25C tj@65.25C soc1@60.531C VDD_IN 22418mW/10846mW VDD_CPU_GPU_CV 12710mW/4587mW VDD_SOC 4213mW/2499mW
09-13-2026 13:08:15 RAM 6950/7620MB (lfb 8x2MB) SWAP 2169/8192MB (cached 56MB) CPU [0%@1728,0%@1728,100%@1728,0%@1728,0%@729,0%@729] GR3D_FREQ 99% cpu@63.562C soc2@61.875C soc0@60.937C gpu@65.75C tj@65.75C soc1@60.875C VDD_IN 22691mW/10952mW VDD_CPU_GPU_CV 12765mW/4660mW VDD_SOC 4476mW/2517mW
09-13-2026 13:08:16 RAM 6950/7620MB (lfb 8x2MB) SWAP 2169/8192MB (cached 56MB) CPU [0%@1728,0%@1728,100%@1728,0%@1728,0%@729,0%@729] GR3D_FREQ 99% cpu@63.625C soc2@62.218C soc0@61.281C gpu@66.031C tj@66.031C soc1@61.125C VDD_IN 22689mW/11056mW VDD_CPU_GPU_CV 12650mW/4731mW VDD_SOC 4515mW/2534mW
09-13-2026 13:08:17 RAM 6952/7620MB (lfb 8x2MB) SWAP 2169/8192MB (cached 56MB) CPU [5%@1113,0%@1113,60%@1113,5%@1113,40%@1728,1%@1728] GR3D_FREQ 85% cpu@63.718C soc2@62.25C soc0@61.375C gpu@64.968C tj@64.968C soc1@61.343C VDD_IN 20472mW/11139mW VDD_CPU_GPU_CV 9107mW/4769mW VDD_SOC 5197mW/2558mW
09-13-2026 13:08:18 RAM 6952/7620MB (lfb 8x2MB) SWAP 2168/8192MB (cached 56MB) CPU [10%@1728,15%@1728,19%@1728,13%@1728,100%@1728,0%@1728] GR3D_FREQ 89% cpu@63.656C soc2@62.281C soc0@61.5C gpu@65.187C tj@65.187C soc1@61.656C VDD_IN 20278mW/11218mW VDD_CPU_GPU_CV 8644mW/4803mW VDD_SOC 5352mW/2582mW
09-13-2026 13:08:19 RAM 6876/7620MB (lfb 1x2MB) SWAP 2168/8192MB (cached 56MB) CPU [12%@729,8%@729,10%@729,12%@729,97%@1728,9%@1728] GR3D_FREQ 99% cpu@63.343C soc2@62.093C soc0@61.437C gpu@65.125C tj@65.125C soc1@61.593C VDD_IN 16267mW/11262mW VDD_CPU_GPU_CV 7471mW/4826mW VDD_SOC 3943mW/2594mW
09-13-2026 13:08:20 RAM 6876/7620MB (lfb 1x2MB) SWAP 2168/8192MB (cached 57MB) CPU [1%@729,0%@729,0%@729,0%@729,100%@1728,0%@1728] GR3D_FREQ 99% cpu@64.031C soc2@62.718C soc0@61.843C gpu@66.25C tj@66.25C soc1@61.875C VDD_IN 22341mW/11356mW VDD_CPU_GPU_CV 11942mW/4887mW VDD_SOC 4600mW/2611mW
09-13-2026 13:08:21 RAM 6876/7620MB (lfb 1x2MB) SWAP 2168/8192MB (cached 57MB) CPU [0%@1728,0%@1728,0%@1728,0%@1728,100%@1728,0%@1728] GR3D_FREQ 91% cpu@64.312C soc2@62.968C soc0@61.968C gpu@65.562C tj@65.562C soc1@62.125C VDD_IN 20788mW/11436mW VDD_CPU_GPU_CV 10055mW/4930mW VDD_SOC 4917mW/2630mW
09-13-2026 13:08:22 RAM 7009/7620MB (lfb 32x1MB) SWAP 2173/8192MB (cached 49MB) CPU [10%@729,9%@729,7%@1728,8%@1728,97%@1728,12%@1728] GR3D_FREQ 0% cpu@63.687C soc2@62.093C soc0@61.75C gpu@62.843C tj@63.687C soc1@62.218C VDD_IN 9674mW/11421mW VDD_CPU_GPU_CV 3109mW/4915mW VDD_SOC 2917mW/2633mW
09-13-2026 13:08:23 RAM 6945/7620MB (lfb 1x2MB) SWAP 2173/8192MB (cached 48MB) CPU [50%@1728,0%@1728,0%@1728,0%@1728,50%@729,13%@729] GR3D_FREQ 99% cpu@64.218C soc2@63C soc0@62.218C gpu@66.281C tj@66.281C soc1@62.218C VDD_IN 20822mW/11500mW VDD_CPU_GPU_CV 11442mW/4970mW VDD_SOC 4143mW/2645mW
09-13-2026 13:08:24 RAM 6945/7620MB (lfb 1x2MB) SWAP 2173/8192MB (cached 48MB) CPU [100%@1728,0%@1728,0%@1728,0%@1728,0%@729,0%@729] GR3D_FREQ 99% cpu@64.812C soc2@63.437C soc0@62.625C gpu@66.875C tj@66.875C soc1@62.437C VDD_IN 22457mW/11590mW VDD_CPU_GPU_CV 12787mW/5034mW VDD_SOC 4252mW/2659mW
09-13-2026 13:08:25 RAM 6945/7620MB (lfb 1x2MB) SWAP 2173/8192MB (cached 48MB) CPU [100%@1728,0%@1728,0%@1728,0%@1728,0%@729,0%@729] GR3D_FREQ 99% cpu@65.187C soc2@63.875C soc0@62.937C gpu@67.25C tj@67.25C soc1@62.718C VDD_IN 22691mW/11681mW VDD_CPU_GPU_CV 12612mW/5096mW VDD_SOC 4476mW/2674mW
09-13-2026 13:08:26 RAM 6945/7620MB (lfb 1x2MB) SWAP 2173/8192MB (cached 48MB) CPU [100%@1728,1%@1728,0%@1728,0%@1728,0%@729,0%@729] GR3D_FREQ 99% cpu@65.468C soc2@64.125C soc0@63.062C gpu@67.593C tj@67.593C soc1@62.968C VDD_IN 22691mW/11771mW VDD_CPU_GPU_CV 12765mW/5159mW VDD_SOC 4476mW/2688mW
09-13-2026 13:08:27 RAM 6945/7620MB (lfb 1x2MB) SWAP 2173/8192MB (cached 49MB) CPU [100%@1728,0%@1728,0%@1728,0%@1728,0%@729,0%@729] GR3D_FREQ 87% cpu@65.593C soc2@64.281C soc0@63.281C gpu@67.031C tj@67.031C soc1@63.25C VDD_IN 21876mW/11852mW VDD_CPU_GPU_CV 11346mW/5209mW VDD_SOC 4793mW/2705mW
09-13-2026 13:08:28 RAM 6945/7620MB (lfb 1x2MB) SWAP 2173/8192MB (cached 49MB) CPU [100%@1728,0%@1728,0%@1728,0%@1728,0%@729,0%@729] GR3D_FREQ 87% cpu@65.656C soc2@64.343C soc0@63.468C gpu@66.75C tj@66.75C soc1@63.343C VDD_IN 20200mW/11919mW VDD_CPU_GPU_CV 8683mW/5236mW VDD_SOC 5313mW/2726mW
09-13-2026 13:08:29 RAM 6946/7620MB (lfb 1x2MB) SWAP 2173/8192MB (cached 49MB) CPU [95%@1728,9%@1728,10%@1728,10%@1728,13%@1420,11%@1420] GR3D_FREQ 0% cpu@66.437C soc2@64.187C soc0@63.5C gpu@65.625C tj@66.437C soc1@63.468C VDD_IN 16709mW/11957mW VDD_CPU_GPU_CV 6953mW/5250mW VDD_SOC 4443mW/2740mW
09-13-2026 13:08:30 RAM 6890/7620MB (lfb 1x2MB) SWAP 2173/8192MB (cached 49MB) CPU [5%@1728,2%@1728,98%@1728,6%@1728,5%@729,4%@729] GR3D_FREQ 99% cpu@66C soc2@64.406C soc0@63.656C gpu@67.812C tj@67.812C soc1@63.593C VDD_IN 20550mW/12025mW VDD_CPU_GPU_CV 10402mW/5290mW VDD_SOC 4460mW/2753mW
09-13-2026 13:08:31 RAM 6890/7620MB (lfb 1x2MB) SWAP 2173/8192MB (cached 49MB) CPU [0%@1728,0%@1728,100%@1728,0%@1728,0%@729,0%@729] GR3D_FREQ 99% cpu@66.437C soc2@64.812C soc0@63.843C gpu@68.656C tj@68.656C soc1@63.812C VDD_IN 22768mW/12109mW VDD_CPU_GPU_CV 12574mW/5347mW VDD_SOC 4592mW/2768mW
09-13-2026 13:08:32 RAM 6888/7620MB (lfb 1x2MB) SWAP 2173/8192MB (cached 49MB) CPU [1%@1728,0%@1728,99%@1728,0%@1728,0%@729,0%@729] GR3D_FREQ 86% cpu@66.812C soc2@64.875C soc0@64.062C gpu@67.593C tj@67.593C soc1@64.031C VDD_IN 19929mW/12169mW VDD_CPU_GPU_CV 8914mW/5375mW VDD_SOC 5119mW/2786mW
09-13-2026 13:08:33 RAM 6888/7620MB (lfb 1x2MB) SWAP 2173/8192MB (cached 49MB) CPU [0%@1728,0%@1728,100%@1728,1%@1728,0%@729,0%@729] GR3D_FREQ 56% cpu@66.75C soc2@64.875C soc0@64.187C gpu@67.125C tj@67.125C soc1@64.343C VDD_IN 19027mW/12222mW VDD_CPU_GPU_CV 7976mW/5395mW VDD_SOC 5050mW/2803mW
09-13-2026 13:08:34 RAM 6977/7620MB (lfb 30x1MB) SWAP 2173/8192MB (cached 49MB) CPU [96%@1728,13%@1728,12%@1728,12%@1728,13%@729,16%@729] GR3D_FREQ 99% cpu@66.031C soc2@64.218C soc0@64.062C gpu@66.531C tj@66.531C soc1@64.156C VDD_IN 10210mW/12207mW VDD_CPU_GPU_CV 3497mW/5381mW VDD_SOC 2996mW/2805mW
09-13-2026 13:08:35 RAM 6980/7620MB (lfb 30x1MB) SWAP 2173/8192MB (cached 49MB) CPU [100%@1728,1%@1728,0%@1728,0%@1728,11%@729,0%@729] GR3D_FREQ 99% cpu@66.5C soc2@65.218C soc0@64.437C gpu@68.843C tj@68.843C soc1@64.25C VDD_IN 21760mW/12279mW VDD_CPU_GPU_CV 12057mW/5431mW VDD_SOC 4252mW/2816mW
09-13-2026 13:08:36 RAM 6980/7620MB (lfb 30x1MB) SWAP 2173/8192MB (cached 49MB) CPU [100%@1728,0%@1728,0%@1728,0%@1728,0%@729,0%@729] GR3D_FREQ 99% cpu@67C soc2@65.531C soc0@64.718C gpu@69.375C tj@69.375C soc1@64.593C VDD_IN 22573mW/12356mW VDD_CPU_GPU_CV 12689mW/5486mW VDD_SOC 4283mW/2827mW
09-13-2026 13:08:37 RAM 6980/7620MB (lfb 30x1MB) SWAP 2173/8192MB (cached 49MB) CPU [100%@1728,1%@1728,0%@1728,0%@1728,0%@729,0%@729] GR3D_FREQ 99% cpu@67.187C soc2@65.937C soc0@64.968C gpu@69.687C tj@69.687C soc1@64.875C VDD_IN 22845mW/12435mW VDD_CPU_GPU_CV 12727mW/5540mW VDD_SOC 4553mW/2840mW
09-13-2026 13:08:38 RAM 6980/7620MB (lfb 30x1MB) SWAP 2173/8192MB (cached 49MB) CPU [100%@1728,0%@1728,0%@1728,0%@1728,0%@729,0%@729] GR3D_FREQ 99% cpu@67.5C soc2@66.125C soc0@65.25C gpu@69.937C tj@69.937C soc1@65.093C VDD_IN 22768mW/12511mW VDD_CPU_GPU_CV 12842mW/5594mW VDD_SOC 4476mW/2852mW
09-13-2026 13:08:39 RAM 6978/7620MB (lfb 30x1MB) SWAP 2173/8192MB (cached 49MB) CPU [76%@1420,0%@1420,18%@1420,6%@1420,40%@1728,0%@1728] GR3D_FREQ 88% cpu@67.937C soc2@66.187C soc0@65.468C gpu@69.031C tj@69.031C soc1@65.437C VDD_IN 21528mW/12578mW VDD_CPU_GPU_CV 10539mW/5630mW VDD_SOC 5025mW/2868mW
09-13-2026 13:08:40 RAM 7011/7620MB (lfb 30x1MB) SWAP 2147/8192MB (cached 58MB) CPU [11%@1728,0%@1728,0%@1728,0%@1728,15%@1113,27%@1113] GR3D_FREQ 0% cpu@66.437C soc2@65.062C soc0@65.281C gpu@66.218C tj@66.437C soc1@65.187C VDD_IN 8345mW/12547mW VDD_CPU_GPU_CV 2286mW/5606mW VDD_SOC 2764mW/2867mW
09-13-2026 13:08:41 RAM 7062/7620MB (lfb 30x1MB) SWAP 2101/8192MB (cached 64MB) CPU [14%@1728,0%@1728,0%@1728,0%@1728,3%@1728,33%@1728] GR3D_FREQ 0% cpu@65.937C soc2@64.687C soc0@64.75C gpu@65.625C tj@65.937C soc1@65.031C VDD_IN 5634mW/12497mW VDD_CPU_GPU_CV 1148mW/5573mW VDD_SOC 1706mW/2859mW
09-13-2026 13:08:42 RAM 7110/7620MB (lfb 22x1MB) SWAP 2055/8192MB (cached 66MB) CPU [13%@1728,0%@1728,1%@1728,0%@1728,4%@1728,27%@1728] GR3D_FREQ 0% cpu@65.468C soc2@64.343C soc0@64.562C gpu@65.531C tj@65.531C soc1@64.968C VDD_IN 5277mW/12445mW VDD_CPU_GPU_CV 1031mW/5541mW VDD_SOC 1507mW/2849mW
09-13-2026 13:08:43 RAM 7159/7620MB (lfb 1x512kB) SWAP 2008/8192MB (cached 67MB) CPU [14%@1728,0%@1728,0%@1728,0%@1728,6%@1113,31%@1113] GR3D_FREQ 0% cpu@65.281C soc2@64.125C soc0@64.468C gpu@64.875C tj@65.281C soc1@64.687C VDD_IN 5285mW/12393mW VDD_CPU_GPU_CV 1031mW/5509mW VDD_SOC 1507mW/2839mW
09-13-2026 13:08:44 RAM 7214/7620MB (lfb 1x512kB) SWAP 1975/8192MB (cached 85MB) CPU [12%@729,0%@1728,0%@1728,0%@1728,17%@1728,33%@1728] GR3D_FREQ 0% cpu@65.343C soc2@64.031C soc0@64.343C gpu@64.75C tj@65.343C soc1@64.656C VDD_IN 5277mW/12343mW VDD_CPU_GPU_CV 1031mW/5477mW VDD_SOC 1507mW/2830mW
09-13-2026 13:08:45 RAM 7261/7620MB (lfb 1x512kB) SWAP 1928/8192MB (cached 86MB) CPU [13%@729,0%@729,0%@729,0%@729,3%@1728,32%@1728] GR3D_FREQ 0% cpu@64.968C soc2@63.875C soc0@64.125C gpu@64.656C tj@64.968C soc1@64.531C VDD_IN 5285mW/12293mW VDD_CPU_GPU_CV 1031mW/5446mW VDD_SOC 1507mW/2820mW
09-13-2026 13:08:46 RAM 7293/7620MB (lfb 1x512kB) SWAP 1886/8192MB (cached 89MB) CPU [12%@1728,0%@1728,0%@1728,1%@1728,4%@1728,33%@1728] GR3D_FREQ 0% cpu@64.906C soc2@63.781C soc0@64.093C gpu@64.687C tj@64.906C soc1@64.593C VDD_IN 5246mW/12244mW VDD_CPU_GPU_CV 992mW/5414mW VDD_SOC 1507mW/2811mW
09-13-2026 13:08:47 RAM 7327/7620MB (lfb 6x256kB) SWAP 1847/8192MB (cached 89MB) CPU [15%@960,0%@960,0%@960,0%@1728,48%@1267,41%@1267] GR3D_FREQ 0% cpu@65.218C soc2@63.843C soc0@64.031C gpu@64.437C tj@65.218C soc1@64.312C VDD_IN 5912mW/12200mW VDD_CPU_GPU_CV 1465mW/5387mW VDD_SOC 1547mW/2802mW
09-13-2026 13:08:48 RAM 7330/7620MB (lfb 3x256kB) SWAP 1869/8192MB (cached 117MB) CPU [10%@729,0%@729,1%@729,45%@729,3%@1113,36%@1113] GR3D_FREQ 0% cpu@64.968C soc2@63.593C soc0@64C gpu@64.312C tj@64.968C soc1@64.281C VDD_IN 5444mW/12153mW VDD_CPU_GPU_CV 1111mW/5357mW VDD_SOC 1507mW/2794mW
09-13-2026 13:08:49 RAM 2322/7620MB (lfb 5x4MB) SWAP 754/8192MB (cached 41MB) CPU [31%@1728,20%@1728,9%@1728,10%@1728,63%@1728,33%@1728] GR3D_FREQ 0% cpu@65.25C soc2@63.75C soc0@63.718C gpu@64.312C tj@65.25C soc1@64.25C VDD_IN 6507mW/12115mW VDD_CPU_GPU_CV 1782mW/5333mW VDD_SOC 1624mW/2786mW
09-13-2026 13:08:50 RAM 2322/7620MB (lfb 6x4MB) SWAP 752/8192MB (cached 42MB) CPU [2%@1728,5%@1728,2%@1728,2%@1728,0%@729,4%@729] GR3D_FREQ 0% cpu@64.406C soc2@63.468C soc0@63.625C gpu@64.156C tj@64.531C soc1@64.218C VDD_IN 4840mW/12065mW VDD_CPU_GPU_CV 714mW/5302mW VDD_SOC 1468mW/2777mW
09-13-2026 13:08:51 RAM 2322/7620MB (lfb 6x4MB) SWAP 752/8192MB (cached 42MB) CPU [0%@1728,0%@1728,0%@1728,0%@1728,0%@729,0%@729] GR3D_FREQ 0% cpu@64.406C soc2@63.25C soc0@63.531C gpu@64.062C tj@64.468C soc1@64.062C VDD_IN 4610mW/12015mW VDD_CPU_GPU_CV 595mW/5270mW VDD_SOC 1468mW/2768mW
09-13-2026 13:08:52 RAM 2322/7620MB (lfb 6x4MB) SWAP 752/8192MB (cached 42MB) CPU [0%@729,0%@1728,0%@1728,0%@1728,0%@729,0%@729] GR3D_FREQ 0% cpu@64.25C soc2@63.093C soc0@63.531C gpu@63.937C tj@64.25C soc1@63.968C VDD_IN 4610mW/11965mW VDD_CPU_GPU_CV 555mW/5238mW VDD_SOC 1468mW/2759mW
09-13-2026 13:08:53 RAM 2323/7620MB (lfb 6x4MB) SWAP 752/8192MB (cached 42MB) CPU [0%@1728,0%@1728,0%@1728,0%@1728,0%@729,0%@729] GR3D_FREQ 0% cpu@64.312C soc2@63.062C soc0@63.281C gpu@63.718C tj@64C soc1@63.937C VDD_IN 4610mW/11916mW VDD_CPU_GPU_CV 555mW/5207mW VDD_SOC 1468mW/2750mW
09-13-2026 13:08:54 RAM 2323/7620MB (lfb 6x4MB) SWAP 752/8192MB (cached 42MB) CPU [0%@729,0%@729,0%@729,0%@729,0%@729,0%@729] GR3D_FREQ 0% cpu@63.906C soc2@62.937C soc0@63.156C gpu@63.625C tj@63.937C soc1@63.937C VDD_IN 4610mW/11868mW VDD_CPU_GPU_CV 555mW/5176mW VDD_SOC 1468mW/2742mW
09-13-2026 13:08:55 RAM 2325/7620MB (lfb 6x4MB) SWAP 752/8192MB (cached 42MB) CPU [0%@1728,0%@1728,0%@1728,3%@1728,0%@729,0%@729] GR3D_FREQ 0% cpu@63.875C soc2@62.875C soc0@63.125C gpu@63.437C tj@63.875C soc1@63.656C VDD_IN 4650mW/11820mW VDD_CPU_GPU_CV 595mW/5146mW VDD_SOC 1468mW/2734mW
09-13-2026 13:08:56 RAM 2330/7620MB (lfb 6x4MB) SWAP 752/8192MB (cached 42MB) CPU [5%@729,3%@729,9%@729,4%@729,1%@729,0%@729] GR3D_FREQ 0% cpu@64C soc2@62.718C soc0@63.156C gpu@63.5C tj@64C soc1@63.625C VDD_IN 4689mW/11774mW VDD_CPU_GPU_CV 634mW/5116mW VDD_SOC 1468mW/2725mW
09-13-2026 13:08:57 RAM 2330/7620MB (lfb 6x4MB) SWAP 751/8192MB (cached 42MB) CPU [0%@729,0%@729,0%@729,0%@729,0%@729,0%@729] GR3D_FREQ 0% cpu@63.687C soc2@62.687C soc0@62.875C gpu@63.468C tj@63.656C soc1@63.656C VDD_IN 4570mW/11727mW VDD_CPU_GPU_CV 555mW/5087mW VDD_SOC 1468mW/2717mW
09-13-2026 13:08:58 RAM 2330/7620MB (lfb 6x4MB) SWAP 751/8192MB (cached 42MB) CPU [0%@729,0%@729,0%@729,0%@729,0%@729,0%@729] GR3D_FREQ 0% cpu@63.562C soc2@62.562C soc0@62.843C gpu@63.343C tj@63.593C soc1@63.593C VDD_IN 4610mW/11681mW VDD_CPU_GPU_CV 555mW/5058mW VDD_SOC 1468mW/2709mW
09-13-2026 13:08:59 RAM 2330/7620MB (lfb 6x4MB) SWAP 751/8192MB (cached 42MB) CPU [0%@729,0%@1728,0%@1728,0%@1728,0%@729,0%@729] GR3D_FREQ 0% cpu@63.562C soc2@62.437C soc0@62.781C gpu@63.156C tj@63.562C soc1@63.375C VDD_IN 4570mW/11635mW VDD_CPU_GPU_CV 555mW/5029mW VDD_SOC 1468mW/2701mW
09-13-2026 13:09:00 RAM 2330/7620MB (lfb 6x4MB) SWAP 751/8192MB (cached 42MB) CPU [0%@729,0%@729,0%@729,0%@729,0%@729,0%@729] GR3D_FREQ 0% cpu@63.375C soc2@62.312C soc0@62.593C gpu@63C tj@63.375C soc1@63.25C VDD_IN 4610mW/11591mW VDD_CPU_GPU_CV 555mW/5000mW VDD_SOC 1468mW/2693mW
09-13-2026 13:09:01 RAM 2330/7620MB (lfb 6x4MB) SWAP 751/8192MB (cached 42MB) CPU [0%@1728,0%@1728,0%@1728,0%@1728,0%@729,0%@729] GR3D_FREQ 0% cpu@63.437C soc2@62.312C soc0@62.468C gpu@62.906C tj@63.437C soc1@63.281C VDD_IN 4570mW/11546mW VDD_CPU_GPU_CV 555mW/4972mW VDD_SOC 1468mW/2685mW
09-13-2026 13:09:02 RAM 2330/7620MB (lfb 6x4MB) SWAP 751/8192MB (cached 42MB) CPU [0%@729,0%@1728,0%@1728,2%@1728,0%@729,0%@729] GR3D_FREQ 0% cpu@63.156C soc2@62.218C soc0@62.437C gpu@62.937C tj@63.156C soc1@63.156C VDD_IN 4570mW/11502mW VDD_CPU_GPU_CV 555mW/4944mW VDD_SOC 1468mW/2678mW
09-13-2026 13:09:03 RAM 2330/7620MB (lfb 6x4MB) SWAP 751/8192MB (cached 42MB) CPU [0%@1728,0%@1728,0%@1728,0%@1728,0%@729,0%@729] GR3D_FREQ 0% cpu@63.062C soc2@62.093C soc0@62.343C gpu@62.968C tj@63.062C soc1@63C VDD_IN 4650mW/11460mW VDD_CPU_GPU_CV 555mW/4917mW VDD_SOC 1468mW/2670mW
09-13-2026 13:09:04 RAM 2330/7620MB (lfb 6x4MB) SWAP 751/8192MB (cached 42MB) CPU [1%@1728,0%@1728,1%@1728,0%@1728,0%@729,0%@729] GR3D_FREQ 0% cpu@63.093C soc2@62.031C soc0@62.281C gpu@62.812C tj@63.093C soc1@62.937C VDD_IN 4610mW/11417mW VDD_CPU_GPU_CV 555mW/4890mW VDD_SOC 1468mW/2663mW
09-13-2026 13:09:05 RAM 2330/7620MB (lfb 6x4MB) SWAP 751/8192MB (cached 42MB) CPU [0%@729,0%@1728,0%@1728,0%@1728,0%@729,0%@729] GR3D_FREQ 0% cpu@63.156C soc2@62C soc0@62.125C gpu@62.781C tj@63.156C soc1@62.906C VDD_IN 4570mW/11375mW VDD_CPU_GPU_CV 555mW/4863mW VDD_SOC 1428mW/2655mW
09-13-2026 13:09:07 RAM 2330/7620MB (lfb 6x4MB) SWAP 751/8192MB (cached 42MB) CPU [0%@729,0%@729,0%@729,0%@729,0%@729,0%@729] GR3D_FREQ 0% cpu@62.812C soc2@61.875C soc0@62.093C gpu@62.375C tj@62.875C soc1@62.875C VDD_IN 4570mW/11333mW VDD_CPU_GPU_CV 555mW/4837mW VDD_SOC 1428mW/2648mW
09-13-2026 13:09:08 RAM 2330/7620MB (lfb 6x4MB) SWAP 751/8192MB (cached 42MB) CPU [0%@1728,0%@1728,0%@1728,0%@1728,0%@729,0%@729] GR3D_FREQ 0% cpu@62.781C soc2@61.687C soc0@62.031C gpu@62.375C tj@62.781C soc1@62.593C VDD_IN 4570mW/11292mW VDD_CPU_GPU_CV 555mW/4811mW VDD_SOC 1428mW/2640mW
09-13-2026 13:09:09 RAM 2330/7620MB (lfb 6x4MB) SWAP 751/8192MB (cached 42MB) CPU [0%@1728,0%@1728,0%@1728,0%@1728,0%@729,0%@729] GR3D_FREQ 0% cpu@62.875C soc2@61.687C soc0@62C gpu@62.281C tj@62.875C soc1@62.562C VDD_IN 4570mW/11251mW VDD_CPU_GPU_CV 555mW/4785mW VDD_SOC 1428mW/2633mW
09-13-2026 13:09:10 RAM 2330/7620MB (lfb 6x4MB) SWAP 751/8192MB (cached 42MB) CPU [0%@1728,0%@1728,0%@1728,0%@1728,0%@729,0%@729] GR3D_FREQ 0% cpu@62.625C soc2@61.625C soc0@62C gpu@62.406C tj@62.625C soc1@62.468C VDD_IN 4570mW/11211mW VDD_CPU_GPU_CV 555mW/4759mW VDD_SOC 1428mW/2626mW
09-13-2026 13:09:11 RAM 2330/7620MB (lfb 6x4MB) SWAP 751/8192MB (cached 42MB) CPU [0%@729,0%@729,0%@729,0%@729,0%@729,0%@729] GR3D_FREQ 0% cpu@62.406C soc2@61.531C soc0@61.656C gpu@62.375C tj@62.406C soc1@62.406C VDD_IN 4650mW/11171mW VDD_CPU_GPU_CV 555mW/4734mW VDD_SOC 1468mW/2619mW
09-13-2026 13:09:12 RAM 2330/7620MB (lfb 6x4MB) SWAP 751/8192MB (cached 42MB) CPU [0%@1728,0%@1728,0%@1728,1%@1728,0%@729,0%@729] GR3D_FREQ 0% cpu@62.562C soc2@61.375C soc0@61.593C gpu@62.343C tj@62.562C soc1@62.468C VDD_IN 4570mW/11132mW VDD_CPU_GPU_CV 555mW/4709mW VDD_SOC 1428mW/2612mW
09-13-2026 13:09:13 RAM 2438/7620MB (lfb 6x4MB) SWAP 734/8192MB (cached 142MB) CPU [39%@1728,15%@1728,16%@1728,14%@1728,11%@1113,21%@1113] GR3D_FREQ 0% cpu@62.968C soc2@61.468C soc0@61.625C gpu@61.875C tj@62.968C soc1@62.25C VDD_IN 5713mW/11100mW VDD_CPU_GPU_CV 1388mW/4690mW VDD_SOC 1507mW/2605mW
09-13-2026 13:09:14 RAM 2602/7620MB (lfb 6x4MB) SWAP 722/8192MB (cached 294MB) CPU [39%@1113,21%@1113,26%@1113,21%@1113,28%@1113,35%@1113] GR3D_FREQ 0% cpu@63.031C soc2@61.531C soc0@61.781C gpu@62C tj@63.031C soc1@62.25C VDD_IN 6071mW/11071mW VDD_CPU_GPU_CV 1624mW/4672mW VDD_SOC 1507mW/2599mW
09-13-2026 13:09:15 RAM 2607/7620MB (lfb 6x4MB) SWAP 608/8192MB (cached 200MB) CPU [3%@729,9%@1728,11%@1728,10%@1728,8%@729,9%@729] GR3D_FREQ 0% cpu@62.187C soc2@61.312C soc0@61.406C gpu@61.875C tj@62.343C soc1@62.343C VDD_IN 4809mW/11034mW VDD_CPU_GPU_CV 714mW/4648mW VDD_SOC 1468mW/2592mW
09-13-2026 13:09:16 RAM 2607/7620MB (lfb 6x4MB) SWAP 608/8192MB (cached 200MB) CPU [0%@729,0%@729,0%@729,0%@729,0%@729,0%@729] GR3D_FREQ 0% cpu@62.093C soc2@61.125C soc0@61.312C gpu@61.625C tj@62.281C soc1@62.281C VDD_IN 4570mW/10996mW VDD_CPU_GPU_CV 555mW/4625mW VDD_SOC 1428mW/2585mW
09-13-2026 13:09:17 RAM 2607/7620MB (lfb 6x4MB) SWAP 608/8192MB (cached 200MB) CPU [0%@729,0%@729,0%@729,0%@729,0%@729,0%@729] GR3D_FREQ 0% cpu@62.187C soc2@61.062C soc0@61.343C gpu@61.593C tj@62.187C soc1@61.937C VDD_IN 4570mW/10959mW VDD_CPU_GPU_CV 555mW/4601mW VDD_SOC 1428mW/2579mW
09-13-2026 13:09:18 RAM 2607/7620MB (lfb 6x4MB) SWAP 608/8192MB (cached 200MB) CPU [0%@729,0%@729,0%@729,0%@729,0%@729,0%@729] GR3D_FREQ 0% cpu@61.906C soc2@61.031C soc0@61.343C gpu@61.406C tj@61.968C soc1@61.968C VDD_IN 4570mW/10922mW VDD_CPU_GPU_CV 555mW/4578mW VDD_SOC 1428mW/2572mW
09-13-2026 13:09:19 RAM 2608/7620MB (lfb 6x4MB) SWAP 608/8192MB (cached 200MB) CPU [0%@1728,0%@1728,0%@1728,0%@1728,0%@729,0%@729] GR3D_FREQ 0% cpu@61.781C soc2@60.812C soc0@60.937C gpu@61.531C tj@61.968C soc1@61.968C VDD_IN 4570mW/10886mW VDD_CPU_GPU_CV 555mW/4555mW VDD_SOC 1428mW/2565mW
09-13-2026 13:09:20 RAM 2608/7620MB (lfb 6x4MB) SWAP 608/8192MB (cached 201MB) CPU [0%@1728,0%@1728,1%@1728,0%@1728,0%@729,0%@729] GR3D_FREQ 0% cpu@61.875C soc2@60.812C soc0@61.062C gpu@61.406C tj@61.968C soc1@61.968C VDD_IN 4570mW/10850mW VDD_CPU_GPU_CV 555mW/4532mW VDD_SOC 1428mW/2559mW
09-13-2026 13:09:21 RAM 2608/7620MB (lfb 6x4MB) SWAP 608/8192MB (cached 201MB) CPU [0%@729,0%@729,0%@729,0%@729,0%@729,0%@729] GR3D_FREQ 0% cpu@61.906C soc2@60.812C soc0@60.937C gpu@61.375C tj@61.906C soc1@61.656C VDD_IN 4570mW/10815mW VDD_CPU_GPU_CV 555mW/4510mW VDD_SOC 1428mW/2553mW
09-13-2026 13:09:22 RAM 2608/7620MB (lfb 6x4MB) SWAP 608/8192MB (cached 201MB) CPU [0%@729,0%@729,0%@729,0%@729,0%@729,0%@729] GR3D_FREQ 0% cpu@61.75C soc2@60.531C soc0@60.781C gpu@61.125C tj@61.75C soc1@61.562C VDD_IN 4689mW/10780mW VDD_CPU_GPU_CV 555mW/4487mW VDD_SOC 1468mW/2546mW
09-13-2026 13:09:23 RAM 2611/7620MB (lfb 6x4MB) SWAP 608/8192MB (cached 201MB) CPU [0%@1728,4%@1728,0%@1728,0%@1728,0%@729,0%@729] GR3D_FREQ 0% cpu@61.437C soc2@60.656C soc0@60.75C gpu@61.125C tj@61.625C soc1@61.625C VDD_IN 4769mW/10747mW VDD_CPU_GPU_CV 595mW/4466mW VDD_SOC 1468mW/2540mW
09-13-2026 13:09:24 RAM 2611/7620MB (lfb 6x4MB) SWAP 608/8192MB (cached 201MB) CPU [0%@1728,0%@1728,0%@1728,0%@1728,0%@729,0%@729] GR3D_FREQ 0% cpu@61.375C soc2@60.5C soc0@60.687C gpu@60.937C tj@61.625C soc1@61.593C VDD_IN 4650mW/10713mW VDD_CPU_GPU_CV 555mW/4444mW VDD_SOC 1468mW/2534mW
09-13-2026 13:09:25 RAM 2611/7620MB (lfb 6x4MB) SWAP 608/8192MB (cached 201MB) CPU [0%@729,0%@729,0%@729,0%@729,0%@729,0%@729] GR3D_FREQ 0% cpu@61.406C soc2@60.406C soc0@60.625C gpu@61.031C tj@61.406C soc1@61.343C VDD_IN 4570mW/10679mW VDD_CPU_GPU_CV 555mW/4422mW VDD_SOC 1428mW/2528mW
09-13-2026 13:09:26 RAM 2611/7620MB (lfb 6x4MB) SWAP 608/8192MB (cached 201MB) CPU [0%@729,0%@729,0%@729,0%@729,0%@729,0%@729] GR3D_FREQ 0% cpu@61.468C soc2@60.343C soc0@60.468C gpu@61.031C tj@61.468C soc1@61.25C VDD_IN 4530mW/10645mW VDD_CPU_GPU_CV 555mW/4401mW VDD_SOC 1428mW/2522mW
09-13-2026 13:09:27 RAM 2611/7620MB (lfb 6x4MB) SWAP 608/8192MB (cached 201MB) CPU [0%@729,0%@729,0%@729,0%@729,0%@729,0%@729] GR3D_FREQ 0% cpu@61.156C soc2@60.343C soc0@60.406C gpu@60.937C tj@61.187C soc1@61.187C VDD_IN 4530mW/10612mW VDD_CPU_GPU_CV 555mW/4380mW VDD_SOC 1428mW/2516mW
09-13-2026 13:09:28 RAM 2611/7620MB (lfb 6x4MB) SWAP 608/8192MB (cached 201MB) CPU [0%@1728,1%@1728,0%@1728,0%@1728,0%@729,0%@729] GR3D_FREQ 0% cpu@61.156C soc2@60.156C soc0@60.343C gpu@60.625C tj@61.25C soc1@61.25C VDD_IN 4530mW/10579mW VDD_CPU_GPU_CV 555mW/4359mW VDD_SOC 1428mW/2510mW
09-13-2026 13:09:29 RAM 2611/7620MB (lfb 6x4MB) SWAP 608/8192MB (cached 201MB) CPU [1%@1728,0%@1728,0%@1728,0%@1728,0%@729,0%@729] GR3D_FREQ 0% cpu@61.218C soc2@60.156C soc0@60.406C gpu@60.562C tj@61.218C soc1@61.093C VDD_IN 4570mW/10546mW VDD_CPU_GPU_CV 555mW/4339mW VDD_SOC 1428mW/2505mW
09-13-2026 13:09:30 RAM 2611/7620MB (lfb 6x4MB) SWAP 608/8192MB (cached 201MB) CPU [0%@1728,0%@1728,0%@1728,0%@1728,0%@729,0%@729] GR3D_FREQ 0% cpu@61.031C soc2@60.062C soc0@60.343C gpu@60.531C tj@60.937C soc1@60.937C VDD_IN 4570mW/10514mW VDD_CPU_GPU_CV 555mW/4318mW VDD_SOC 1428mW/2499mW
09-13-2026 13:09:31 RAM 2611/7620MB (lfb 6x4MB) SWAP 608/8192MB (cached 201MB) CPU [0%@1728,0%@1728,0%@1728,0%@1728,0%@729,0%@729] GR3D_FREQ 0% cpu@61.093C soc2@59.968C soc0@60.156C gpu@60.437C tj@61.062C soc1@61.062C VDD_IN 4650mW/10483mW VDD_CPU_GPU_CV 555mW/4298mW VDD_SOC 1470mW/2493mW
09-13-2026 13:09:32 RAM 2611/7620MB (lfb 6x4MB) SWAP 608/8192MB (cached 201MB) CPU [0%@729,0%@729,0%@729,0%@729,0%@729,0%@729] GR3D_FREQ 0% cpu@60.968C soc2@59.875C soc0@60.125C gpu@60.562C tj@60.968C soc1@60.906C VDD_IN 4610mW/10452mW VDD_CPU_GPU_CV 555mW/4278mW VDD_SOC 1428mW/2488mW
09-13-2026 13:09:33 RAM 2611/7620MB (lfb 6x4MB) SWAP 608/8192MB (cached 201MB) CPU [0%@1728,0%@1728,0%@1728,0%@1728,0%@729,0%@729] GR3D_FREQ 0% cpu@60.75C soc2@59.812C soc0@60.062C gpu@60.562C tj@60.781C soc1@60.781C VDD_IN 4530mW/10420mW VDD_CPU_GPU_CV 555mW/4259mW VDD_SOC 1428mW/2482mW
09-13-2026 13:09:34 RAM 2611/7620MB (lfb 6x4MB) SWAP 608/8192MB (cached 201MB) CPU [0%@1728,0%@1728,0%@1728,1%@1728,0%@729,0%@729] GR3D_FREQ 0% cpu@60.875C soc2@59.718C soc0@60.093C gpu@60.437C tj@60.875C soc1@60.718C VDD_IN 4570mW/10389mW VDD_CPU_GPU_CV 555mW/4239mW VDD_SOC 1428mW/2476mW
09-13-2026 13:09:35 RAM 2611/7620MB (lfb 6x4MB) SWAP 608/8192MB (cached 201MB) CPU [0%@1728,0%@1728,0%@1728,0%@1728,0%@729,0%@729] GR3D_FREQ 0% cpu@60.562C soc2@59.75C soc0@59.875C gpu@60.156C tj@60.687C soc1@60.687C VDD_IN 4530mW/10359mW VDD_CPU_GPU_CV 555mW/4220mW VDD_SOC 1428mW/2471mW
09-13-2026 13:09:36 RAM 2611/7620MB (lfb 6x4MB) SWAP 608/8192MB (cached 201MB) CPU [1%@729,0%@1728,0%@1728,0%@1728,0%@729,0%@729] GR3D_FREQ 0% cpu@60.562C soc2@59.687C soc0@59.75C gpu@60.062C tj@60.75C soc1@60.75C VDD_IN 4530mW/10328mW VDD_CPU_GPU_CV 555mW/4201mW VDD_SOC 1428mW/2465mW
09-13-2026 13:09:37 RAM 2611/7620MB (lfb 6x4MB) SWAP 608/8192MB (cached 201MB) CPU [0%@1728,0%@1728,0%@1728,0%@1728,0%@729,0%@729] GR3D_FREQ 0% cpu@60.593C soc2@59.531C soc0@59.687C gpu@60C tj@60.593C soc1@60.375C VDD_IN 4530mW/10298mW VDD_CPU_GPU_CV 555mW/4182mW VDD_SOC 1428mW/2460mW
09-13-2026 13:09:38 RAM 2611/7620MB (lfb 6x4MB) SWAP 608/8192MB (cached 201MB) CPU [0%@1728,0%@1728,0%@1728,0%@1728,0%@729,0%@729] GR3D_FREQ 0% cpu@60.656C soc2@59.437C soc0@59.843C gpu@60.343C tj@60.656C soc1@60.406C VDD_IN 4530mW/10269mW VDD_CPU_GPU_CV 555mW/4163mW VDD_SOC 1430mW/2455mW
09-13-2026 13:09:39 RAM 2611/7620MB (lfb 6x4MB) SWAP 608/8192MB (cached 201MB) CPU [0%@1728,0%@1728,0%@1728,0%@1728,0%@729,0%@729] GR3D_FREQ 0% cpu@60.468C soc2@59.375C soc0@59.593C gpu@60.156C tj@60.468C soc1@60.281C VDD_IN 4650mW/10240mW VDD_CPU_GPU_CV 555mW/4145mW VDD_SOC 1470mW/2450mW
09-13-2026 13:09:40 RAM 2615/7620MB (lfb 6x4MB) SWAP 607/8192MB (cached 201MB) CPU [14%@1728,7%@1728,10%@1728,25%@1728,12%@729,8%@729] GR3D_FREQ 0% cpu@60.437C soc2@59.281C soc0@59.656C gpu@60.281C tj@60.437C soc1@60.437C VDD_IN 5087mW/10213mW VDD_CPU_GPU_CV 992mW/4129mW VDD_SOC 1428mW/2445mW
09-13-2026 13:09:41 RAM 2639/7620MB (lfb 6x4MB) SWAP 606/8192MB (cached 205MB) CPU [5%@1728,13%@1728,5%@1728,6%@1728,0%@729,4%@729] GR3D_FREQ 0% cpu@60.375C soc2@59.281C soc0@59.531C gpu@60.125C tj@60.437C soc1@60.437C VDD_IN 4689mW/10185mW VDD_CPU_GPU_CV 634mW/4111mW VDD_SOC 1428mW/2439mW
09-13-2026 13:09:42 RAM 2639/7620MB (lfb 6x4MB) SWAP 606/8192MB (cached 205MB) CPU [0%@1728,0%@1728,0%@1728,0%@1728,0%@729,0%@729] GR3D_FREQ 0% cpu@60.281C soc2@59.187C soc0@59.406C gpu@59.75C tj@60.281C soc1@60.125C VDD_IN 4570mW/10157mW VDD_CPU_GPU_CV 555mW/4093mW VDD_SOC 1428mW/2434mW
09-13-2026 13:09:43 RAM 2639/7620MB (lfb 6x4MB) SWAP 606/8192MB (cached 205MB) CPU [0%@1728,0%@1728,0%@1728,0%@1728,0%@729,0%@729] GR3D_FREQ 0% cpu@60.343C soc2@59.187C soc0@59.25C gpu@59.656C tj@60.343C soc1@60.093C VDD_IN 4530mW/10129mW VDD_CPU_GPU_CV 555mW/4075mW VDD_SOC 1428mW/2429mW
09-13-2026 13:09:44 RAM 2639/7620MB (lfb 6x4MB) SWAP 606/8192MB (cached 205MB) CPU [0%@729,0%@729,0%@729,0%@729,0%@729,0%@729] GR3D_FREQ 0% cpu@60.031C soc2@59.187C soc0@59.218C gpu@59.562C tj@60.093C soc1@60.093C VDD_IN 4530mW/10101mW VDD_CPU_GPU_CV 515mW/4057mW VDD_SOC 1428mW/2424mW
09-13-2026 13:09:45 RAM 2639/7620MB (lfb 6x4MB) SWAP 606/8192MB (cached 205MB) CPU [0%@729,0%@729,0%@729,0%@729,0%@729,0%@729] GR3D_FREQ 0% cpu@60.062C soc2@59.031C soc0@59.156C gpu@59.437C tj@60.156C soc1@60.156C VDD_IN 4530mW/10073mW VDD_CPU_GPU_CV 555mW/4040mW VDD_SOC 1428mW/2419mW
09-13-2026 13:09:46 RAM 2639/7620MB (lfb 6x4MB) SWAP 606/8192MB (cached 205MB) CPU [0%@1728,0%@1728,0%@1728,0%@1728,0%@729,0%@729] GR3D_FREQ 0% cpu@60.125C soc2@59C soc0@59.187C gpu@59.343C tj@60.125C soc1@59.937C VDD_IN 4530mW/10046mW VDD_CPU_GPU_CV 515mW/4023mW VDD_SOC 1428mW/2414mW
09-13-2026 13:09:47 RAM 2639/7620MB (lfb 6x4MB) SWAP 606/8192MB (cached 205MB) CPU [0%@1728,0%@1728,0%@1728,0%@1728,0%@729,0%@729] GR3D_FREQ 0% cpu@59.906C soc2@58.875C soc0@58.937C gpu@59.25C tj@59.906C soc1@59.875C VDD_IN 4570mW/10019mW VDD_CPU_GPU_CV 555mW/4005mW VDD_SOC 1428mW/2409mW
09-13-2026 13:09:48 RAM 2639/7620MB (lfb 6x4MB) SWAP 606/8192MB (cached 205MB) CPU [0%@729,0%@1728,0%@1728,0%@1728,0%@729,0%@729] GR3D_FREQ 0% cpu@59.75C soc2@58.812C soc0@59C gpu@59.375C tj@59.875C soc1@59.875C VDD_IN 4530mW/9992mW VDD_CPU_GPU_CV 555mW/3989mW VDD_SOC 1428mW/2405mW
09-13-2026 13:09:49 RAM 2639/7620MB (lfb 6x4MB) SWAP 606/8192MB (cached 205MB) CPU [3%@729,0%@729,0%@729,0%@729,0%@729,0%@729] GR3D_FREQ 0% cpu@59.843C soc2@58.781C soc0@59C gpu@59.25C tj@59.843C soc1@59.656C VDD_IN 4570mW/9965mW VDD_CPU_GPU_CV 595mW/3972mW VDD_SOC 1428mW/2400mW
09-13-2026 13:09:50 RAM 2639/7620MB (lfb 6x4MB) SWAP 606/8192MB (cached 205MB) CPU [0%@729,0%@729,0%@1728,0%@1728,0%@729,0%@729] GR3D_FREQ 0% cpu@59.937C soc2@58.718C soc0@58.906C gpu@59.343C tj@59.937C soc1@59.656C VDD_IN 4530mW/9939mW VDD_CPU_GPU_CV 555mW/3955mW VDD_SOC 1428mW/2395mW
09-13-2026 13:09:51 RAM 2626/7620MB (lfb 4x4MB) SWAP 598/8192MB (cached 205MB) CPU [14%@1728,14%@1728,14%@1728,17%@1728,11%@729,7%@729] GR3D_FREQ 0% cpu@59.937C soc2@58.593C soc0@58.718C gpu@59.093C tj@59.937C soc1@59.625C VDD_IN 4928mW/9915mW VDD_CPU_GPU_CV 793mW/3940mW VDD_SOC 1468mW/2391mW
09-13-2026 13:09:52 RAM 2626/7620MB (lfb 4x4MB) SWAP 598/8192MB (cached 205MB) CPU [7%@729,2%@729,3%@729,7%@729,2%@729,0%@729] GR3D_FREQ 0% cpu@59.531C soc2@58.656C soc0@58.718C gpu@59.093C tj@59.687C soc1@59.687C VDD_IN 4650mW/9889mW VDD_CPU_GPU_CV 595mW/3924mW VDD_SOC 1428mW/2386mW
09-13-2026 13:09:53 RAM 2626/7620MB (lfb 4x4MB) SWAP 598/8192MB (cached 205MB) CPU [0%@729,0%@729,0%@729,0%@729,0%@729,0%@729] GR3D_FREQ 0% cpu@59.5C soc2@58.437C soc0@58.718C gpu@58.937C tj@59.625C soc1@59.625C VDD_IN 4530mW/9864mW VDD_CPU_GPU_CV 555mW/3908mW VDD_SOC 1428mW/2382mW
09-13-2026 13:09:54 RAM 2626/7620MB (lfb 4x4MB) SWAP 598/8192MB (cached 205MB) CPU [0%@1728,0%@1728,0%@1728,0%@1728,0%@729,0%@729] GR3D_FREQ 0% cpu@59.562C soc2@58.312C soc0@58.75C gpu@58.906C tj@59.562C soc1@59.406C VDD_IN 4610mW/9839mW VDD_CPU_GPU_CV 555mW/3892mW VDD_SOC 1428mW/2377mW
09-13-2026 13:09:55 RAM 2626/7620MB (lfb 4x4MB) SWAP 598/8192MB (cached 205MB) CPU [0%@729,0%@729,0%@729,1%@729,0%@729,0%@729] GR3D_FREQ 0% cpu@59.593C soc2@58.343C soc0@58.656C gpu@59.031C tj@59.593C soc1@59.406C VDD_IN 4610mW/9814mW VDD_CPU_GPU_CV 555mW/3876mW VDD_SOC 1430mW/2372mW
09-13-2026 13:09:56 RAM 2627/7620MB (lfb 4x4MB) SWAP 598/8192MB (cached 205MB) CPU [0%@1728,1%@1728,0%@1728,0%@1728,0%@729,0%@729] GR3D_FREQ 0% cpu@59.531C soc2@58.375C soc0@58.468C gpu@59C tj@59.406C soc1@59.406C VDD_IN 4570mW/9789mW VDD_CPU_GPU_CV 555mW/3860mW VDD_SOC 1428mW/2368mW
09-13-2026 13:09:57 RAM 2627/7620MB (lfb 4x4MB) SWAP 598/8192MB (cached 205MB) CPU [0%@1728,0%@1728,0%@1728,0%@1728,0%@729,0%@729] GR3D_FREQ 0% cpu@59.312C soc2@58.25C soc0@58.468C gpu@58.937C tj@59.375C soc1@59.375C VDD_IN 4530mW/9765mW VDD_CPU_GPU_CV 555mW/3845mW VDD_SOC 1428mW/2364mW
09-13-2026 13:09:58 RAM 2627/7620MB (lfb 4x4MB) SWAP 598/8192MB (cached 205MB) CPU [0%@1728,0%@1728,0%@1728,0%@1728,0%@729,0%@729] GR3D_FREQ 0% cpu@59.312C soc2@58.187C soc0@58.468C gpu@58.593C tj@59.406C soc1@59.187C VDD_IN 4530mW/9740mW VDD_CPU_GPU_CV 555mW/3830mW VDD_SOC 1428mW/2359mW
09-13-2026 13:09:59 RAM 2627/7620MB (lfb 4x4MB) SWAP 598/8192MB (cached 205MB) CPU [0%@729,0%@729,0%@729,0%@729,0%@729,0%@729] GR3D_FREQ 0% cpu@59.25C soc2@58.062C soc0@58.437C gpu@58.593C tj@59.25C soc1@59.187C VDD_IN 4530mW/9716mW VDD_CPU_GPU_CV 555mW/3814mW VDD_SOC 1428mW/2355mW
09-13-2026 13:10:00 RAM 2627/7620MB (lfb 4x4MB) SWAP 598/8192MB (cached 205MB) CPU [1%@729,0%@1728,0%@1728,0%@1728,0%@729,0%@729] GR3D_FREQ 0% cpu@59.312C soc2@58.062C soc0@58.281C gpu@58.5C tj@59.312C soc1@59.125C VDD_IN 4530mW/9692mW VDD_CPU_GPU_CV 555mW/3799mW VDD_SOC 1430mW/2351mW
09-13-2026 13:10:01 RAM 2627/7620MB (lfb 4x4MB) SWAP 598/8192MB (cached 205MB) CPU [0%@1728,0%@1728,0%@1728,0%@1728,0%@729,0%@729] GR3D_FREQ 0% cpu@59C soc2@58.062C soc0@58.156C gpu@58.5C tj@59.093C soc1@59.093C VDD_IN 4530mW/9668mW VDD_CPU_GPU_CV 555mW/3784mW VDD_SOC 1430mW/2346mW
09-13-2026 13:10:02 RAM 2627/7620MB (lfb 4x4MB) SWAP 598/8192MB (cached 205MB) CPU [0%@729,0%@729,0%@729,0%@729,0%@729,0%@729] GR3D_FREQ 0% cpu@59.093C soc2@57.937C soc0@58.25C gpu@58.656C tj@59.093C soc1@59C VDD_IN 4610mW/9645mW VDD_CPU_GPU_CV 555mW/3769mW VDD_SOC 1430mW/2342mW
09-13-2026 13:10:03 RAM 2627/7620MB (lfb 4x4MB) SWAP 598/8192MB (cached 205MB) CPU [0%@729,0%@729,0%@729,0%@729,0%@729,0%@729] GR3D_FREQ 0% cpu@59.125C soc2@57.875C soc0@58.218C gpu@58.656C tj@59.125C soc1@58.906C VDD_IN 4530mW/9622mW VDD_CPU_GPU_CV 555mW/3755mW VDD_SOC 1428mW/2338mW
09-13-2026 13:10:04 RAM 2627/7620MB (lfb 4x4MB) SWAP 598/8192MB (cached 205MB) CPU [0%@1728,0%@1728,0%@1728,0%@1728,0%@729,0%@729] GR3D_FREQ 0% cpu@59C soc2@57.906C soc0@58C gpu@58.531C tj@59C soc1@58.937C VDD_IN 4530mW/9598mW VDD_CPU_GPU_CV 555mW/3740mW VDD_SOC 1428mW/2334mW
09-13-2026 13:10:05 RAM 2627/7620MB (lfb 4x4MB) SWAP 598/8192MB (cached 205MB) CPU [0%@729,0%@1728,0%@1728,0%@1728,0%@729,0%@729] GR3D_FREQ 0% cpu@58.812C soc2@57.843C soc0@58.031C gpu@58.375C tj@58.968C soc1@58.968C VDD_IN 4530mW/9575mW VDD_CPU_GPU_CV 555mW/3726mW VDD_SOC 1428mW/2330mW
09-13-2026 13:10:06 RAM 2627/7620MB (lfb 4x4MB) SWAP 598/8192MB (cached 205MB) CPU [0%@729,0%@729,0%@729,0%@729,0%@729,0%@729] GR3D_FREQ 0% cpu@58.906C soc2@57.687C soc0@57.968C gpu@58.156C tj@58.906C soc1@58.75C VDD_IN 4530mW/9553mW VDD_CPU_GPU_CV 555mW/3712mW VDD_SOC 1428mW/2326mW
09-13-2026 13:10:07 RAM 2627/7620MB (lfb 4x4MB) SWAP 598/8192MB (cached 205MB) CPU [0%@1728,0%@1728,1%@1728,0%@1728,0%@729,0%@729] GR3D_FREQ 0% cpu@58.781C soc2@57.656C soc0@57.875C gpu@58.156C tj@58.781C soc1@58.687C VDD_IN 4530mW/9530mW VDD_CPU_GPU_CV 555mW/3697mW VDD_SOC 1428mW/2322mW
09-13-2026 13:10:08 RAM 2627/7620MB (lfb 4x4MB) SWAP 598/8192MB (cached 205MB) CPU [0%@729,0%@729,0%@729,0%@729,0%@729,0%@729] GR3D_FREQ 0% cpu@58.875C soc2@57.656C soc0@57.843C gpu@58.406C tj@58.875C soc1@58.781C VDD_IN 4530mW/9508mW VDD_CPU_GPU_CV 555mW/3683mW VDD_SOC 1428mW/2318mW
09-13-2026 13:10:09 RAM 2627/7620MB (lfb 4x4MB) SWAP 598/8192MB (cached 205MB) CPU [0%@1728,0%@1728,0%@1728,0%@1728,0%@729,0%@729] GR3D_FREQ 0% cpu@58.531C soc2@57.562C soc0@57.812C gpu@58.375C tj@58.812C soc1@58.812C VDD_IN 4530mW/9486mW VDD_CPU_GPU_CV 555mW/3669mW VDD_SOC 1428mW/2314mW
09-13-2026 13:10:10 RAM 2627/7620MB (lfb 4x4MB) SWAP 598/8192MB (cached 205MB) CPU [0%@729,0%@729,0%@729,0%@729,0%@729,0%@729] GR3D_FREQ 0% cpu@58.656C soc2@57.593C soc0@57.75C gpu@57.968C tj@58.656C soc1@58.468C VDD_IN 4530mW/9464mW VDD_CPU_GPU_CV 555mW/3656mW VDD_SOC 1428mW/2310mW
09-13-2026 13:10:11 RAM 2627/7620MB (lfb 4x4MB) SWAP 598/8192MB (cached 205MB) CPU [0%@729,0%@729,0%@729,0%@729,0%@729,0%@729] GR3D_FREQ 0% cpu@58.656C soc2@57.406C soc0@57.687C gpu@58C tj@58.656C soc1@58.406C VDD_IN 4530mW/9442mW VDD_CPU_GPU_CV 555mW/3642mW VDD_SOC 1430mW/2306mW
09-13-2026 13:10:12 RAM 2627/7620MB (lfb 4x4MB) SWAP 598/8192MB (cached 205MB) CPU [0%@729,0%@729,0%@729,0%@729,0%@729,0%@729] GR3D_FREQ 0% cpu@58.437C soc2@57.437C soc0@57.656C gpu@57.968C tj@58.531C soc1@58.531C VDD_IN 4530mW/9421mW VDD_CPU_GPU_CV 555mW/3629mW VDD_SOC 1430mW/2302mW
09-13-2026 13:10:13 RAM 2625/7620MB (lfb 4x4MB) SWAP 598/8192MB (cached 205MB) CPU [2%@1728,9%@1728,0%@1728,0%@1728,0%@729,0%@729] GR3D_FREQ 0% cpu@58.437C soc2@57.281C soc0@57.5C gpu@57.937C tj@58.437C soc1@58.437C VDD_IN 4530mW/9399mW VDD_CPU_GPU_CV 555mW/3615mW VDD_SOC 1428mW/2298mW
09-13-2026 13:10:14 RAM 2625/7620MB (lfb 4x4MB) SWAP 598/8192MB (cached 205MB) CPU [0%@1728,0%@1728,0%@1728,0%@1728,0%@729,0%@729] GR3D_FREQ 0% cpu@58.406C soc2@57.343C soc0@57.531C gpu@57.75C tj@58.531C soc1@58.531C VDD_IN 4491mW/9378mW VDD_CPU_GPU_CV 555mW/3602mW VDD_SOC 1428mW/2295mW
09-13-2026 13:10:15 RAM 2625/7620MB (lfb 4x4MB) SWAP 598/8192MB (cached 205MB) CPU [0%@1728,0%@1728,0%@1728,0%@1728,0%@729,0%@729] GR3D_FREQ 0% cpu@58.562C soc2@57.218C soc0@57.593C gpu@57.625C tj@58.562C soc1@58.281C VDD_IN 4491mW/9357mW VDD_CPU_GPU_CV 555mW/3589mW VDD_SOC 1430mW/2291mW
09-13-2026 13:10:16 RAM 2625/7620MB (lfb 4x4MB) SWAP 598/8192MB (cached 205MB) CPU [1%@729,0%@729,0%@729,0%@729,0%@729,0%@729] GR3D_FREQ 0% cpu@58.406C soc2@57.187C soc0@57.5C gpu@57.562C tj@58.406C soc1@58.25C VDD_IN 4491mW/9336mW VDD_CPU_GPU_CV 515mW/3575mW VDD_SOC 1430mW/2287mW
09-13-2026 13:10:17 RAM 2625/7620MB (lfb 4x4MB) SWAP 598/8192MB (cached 205MB) CPU [0%@1728,0%@1728,0%@1728,0%@1728,0%@729,0%@729] GR3D_FREQ 0% cpu@58.25C soc2@57.25C soc0@57.375C gpu@57.75C tj@58.25C soc1@58.25C VDD_IN 4491mW/9315mW VDD_CPU_GPU_CV 555mW/3562mW VDD_SOC 1430mW/2283mW
09-13-2026 13:10:18 RAM 2625/7620MB (lfb 4x4MB) SWAP 598/8192MB (cached 205MB) CPU [0%@729,0%@729,0%@729,0%@729,0%@729,0%@729] GR3D_FREQ 0% cpu@58.156C soc2@57C soc0@57.281C gpu@57.656C tj@58.281C soc1@58.281C VDD_IN 4491mW/9294mW VDD_CPU_GPU_CV 555mW/3550mW VDD_SOC 1428mW/2280mW
09-13-2026 13:10:19 RAM 2625/7620MB (lfb 4x4MB) SWAP 598/8192MB (cached 205MB) CPU [1%@1728,0%@1728,1%@1728,1%@1728,0%@729,0%@729] GR3D_FREQ 0% cpu@58.187C soc2@56.968C soc0@57.312C gpu@57.625C tj@58.187C soc1@58.031C VDD_IN 4491mW/9274mW VDD_CPU_GPU_CV 515mW/3537mW VDD_SOC 1430mW/2276mW
09-13-2026 13:10:20 RAM 2625/7620MB (lfb 4x4MB) SWAP 598/8192MB (cached 205MB) CPU [0%@1728,0%@1728,0%@1728,0%@1728,0%@729,0%@729] GR3D_FREQ 0% cpu@58.343C soc2@56.937C soc0@57.406C gpu@57.593C tj@58.343C soc1@57.968C VDD_IN 4491mW/9254mW VDD_CPU_GPU_CV 515mW/3524mW VDD_SOC 1428mW/2273mW
09-13-2026 13:10:21 RAM 2625/7620MB (lfb 4x4MB) SWAP 598/8192MB (cached 205MB) CPU [0%@1728,0%@1728,0%@1728,0%@1728,0%@729,0%@729] GR3D_FREQ 0% cpu@58.156C soc2@56.968C soc0@57.187C gpu@57.406C tj@58.031C soc1@58C VDD_IN 4491mW/9233mW VDD_CPU_GPU_CV 555mW/3511mW VDD_SOC 1428mW/2269mW
09-13-2026 13:10:22 RAM 2625/7620MB (lfb 4x4MB) SWAP 598/8192MB (cached 205MB) CPU [0%@1728,0%@1728,0%@1728,0%@1728,0%@729,0%@729] GR3D_FREQ 0% cpu@57.937C soc2@56.906C soc0@57.125C gpu@57.375C tj@57.968C soc1@58.062C VDD_IN 4491mW/9214mW VDD_CPU_GPU_CV 515mW/3499mW VDD_SOC 1428mW/2265mW
09-13-2026 13:10:23 RAM 2625/7620MB (lfb 4x4MB) SWAP 598/8192MB (cached 205MB) CPU [0%@729,0%@729,0%@729,0%@729,0%@729,0%@729] GR3D_FREQ 0% cpu@58.093C soc2@56.75C soc0@57.187C gpu@57.312C tj@58.093C soc1@57.875C VDD_IN 4491mW/9194mW VDD_CPU_GPU_CV 515mW/3486mW VDD_SOC 1428mW/2262mW
09-13-2026 13:10:24 RAM 2625/7620MB (lfb 4x4MB) SWAP 598/8192MB (cached 205MB) CPU [0%@729,0%@729,0%@729,0%@729,0%@729,0%@729] GR3D_FREQ 0% cpu@57.875C soc2@56.812C soc0@57.156C gpu@57.312C tj@57.875C soc1@57.875C VDD_IN 4491mW/9174mW VDD_CPU_GPU_CV 515mW/3474mW VDD_SOC 1428mW/2258mW
09-13-2026 13:10:25 RAM 2625/7620MB (lfb 4x4MB) SWAP 598/8192MB (cached 205MB) CPU [0%@1728,0%@1728,0%@1728,0%@1728,0%@729,0%@729] GR3D_FREQ 0% cpu@58.031C soc2@56.718C soc0@56.906C gpu@57.5C tj@58.031C soc1@57.781C VDD_IN 4491mW/9155mW VDD_CPU_GPU_CV 515mW/3462mW VDD_SOC 1430mW/2255mW
09-13-2026 13:10:26 RAM 2625/7620MB (lfb 4x4MB) SWAP 598/8192MB (cached 205MB) CPU [0%@1728,0%@1728,0%@1728,0%@1728,0%@729,0%@729] GR3D_FREQ 0% cpu@57.718C soc2@56.687C soc0@56.937C gpu@57.312C tj@57.906C soc1@57.906C VDD_IN 4491mW/9136mW VDD_CPU_GPU_CV 515mW/3449mW VDD_SOC 1428mW/2252mW
09-13-2026 13:10:27 RAM 2625/7620MB (lfb 4x4MB) SWAP 598/8192MB (cached 205MB) CPU [0%@1728,0%@1728,0%@1728,0%@1728,0%@729,0%@729] GR3D_FREQ 0% cpu@57.75C soc2@56.656C soc0@56.875C gpu@57.375C tj@57.75C soc1@57.718C VDD_IN 4491mW/9116mW VDD_CPU_GPU_CV 515mW/3437mW VDD_SOC 1430mW/2248mW
09-13-2026 13:10:28 RAM 2624/7620MB (lfb 4x4MB) SWAP 594/8192MB (cached 205MB) CPU [3%@729,3%@729,2%@729,1%@729,1%@729,1%@729] GR3D_FREQ 0% cpu@57.875C soc2@56.656C soc0@56.906C gpu@57.062C tj@57.875C soc1@57.687C VDD_IN 4610mW/9098mW VDD_CPU_GPU_CV 595mW/3426mW VDD_SOC 1430mW/2245mW
09-13-2026 13:10:29 RAM 2625/7620MB (lfb 4x4MB) SWAP 593/8192MB (cached 205MB) CPU [1%@729,0%@1728,2%@1728,0%@1728,0%@729,0%@729] GR3D_FREQ 0% cpu@57.593C soc2@56.625C soc0@56.781C gpu@57.062C tj@57.718C soc1@57.718C VDD_IN 4530mW/9079mW VDD_CPU_GPU_CV 555mW/3414mW VDD_SOC 1430mW/2242mW
09-13-2026 13:10:30 RAM 2625/7620MB (lfb 4x4MB) SWAP 593/8192MB (cached 205MB) CPU [0%@1728,0%@1728,0%@1728,0%@1728,0%@729,0%@729] GR3D_FREQ 0% cpu@57.593C soc2@56.468C soc0@56.781C gpu@57.031C tj@57.781C soc1@57.781C VDD_IN 4491mW/9061mW VDD_CPU_GPU_CV 515mW/3402mW VDD_SOC 1430mW/2238mW
09-13-2026 13:10:31 RAM 2625/7620MB (lfb 4x4MB) SWAP 593/8192MB (cached 205MB) CPU [0%@729,0%@1728,0%@1728,0%@1728,0%@729,0%@729] GR3D_FREQ 0% cpu@57.625C soc2@56.468C soc0@56.781C gpu@57.187C tj@57.718C soc1@57.718C VDD_IN 4491mW/9042mW VDD_CPU_GPU_CV 555mW/3391mW VDD_SOC 1430mW/2235mW
09-13-2026 13:10:32 RAM 2625/7620MB (lfb 4x4MB) SWAP 593/8192MB (cached 205MB) CPU [0%@1728,0%@1728,0%@1728,0%@1728,0%@729,0%@729] GR3D_FREQ 0% cpu@57.718C soc2@56.5C soc0@56.75C gpu@57.156C tj@57.718C soc1@57.468C VDD_IN 4491mW/9024mW VDD_CPU_GPU_CV 515mW/3379mW VDD_SOC 1428mW/2232mW
09-13-2026 13:10:33 RAM 2625/7620MB (lfb 4x4MB) SWAP 593/8192MB (cached 205MB) CPU [0%@729,0%@729,0%@729,0%@729,0%@729,0%@729] GR3D_FREQ 0% cpu@57.562C soc2@56.437C soc0@56.625C gpu@57.125C tj@57.5C soc1@57.468C VDD_IN 4491mW/9006mW VDD_CPU_GPU_CV 555mW/3368mW VDD_SOC 1428mW/2228mW
09-13-2026 13:10:34 RAM 2625/7620MB (lfb 4x4MB) SWAP 592/8192MB (cached 205MB) CPU [0%@1728,0%@1728,1%@1728,0%@1728,0%@729,1%@729] GR3D_FREQ 0% cpu@57.406C soc2@56.343C soc0@56.5C gpu@56.906C tj@57.531C soc1@57.531C VDD_IN 4530mW/8988mW VDD_CPU_GPU_CV 555mW/3356mW VDD_SOC 1430mW/2225mW
09-13-2026 13:10:35 RAM 2625/7620MB (lfb 4x4MB) SWAP 592/8192MB (cached 205MB) CPU [0%@1728,0%@1728,0%@1728,0%@1728,0%@729,0%@729] GR3D_FREQ 0% cpu@57.468C soc2@56.25C soc0@56.531C gpu@56.812C tj@57.468C soc1@57.468C VDD_IN 4491mW/8970mW VDD_CPU_GPU_CV 555mW/3345mW VDD_SOC 1430mW/2222mW
09-13-2026 13:10:36 RAM 2625/7620MB (lfb 4x4MB) SWAP 592/8192MB (cached 205MB) CPU [0%@1728,0%@1728,0%@1728,0%@1728,0%@729,0%@729] GR3D_FREQ 0% cpu@57.406C soc2@56.187C soc0@56.593C gpu@56.75C tj@57.406C soc1@57.25C VDD_IN 4491mW/8952mW VDD_CPU_GPU_CV 515mW/3334mW VDD_SOC 1428mW/2219mW
09-13-2026 13:10:37 RAM 2625/7620MB (lfb 4x4MB) SWAP 592/8192MB (cached 205MB) CPU [0%@729,0%@729,0%@729,0%@729,0%@729,0%@729] GR3D_FREQ 0% cpu@57.562C soc2@56.156C soc0@56.312C gpu@56.75C tj@57.562C soc1@57.156C VDD_IN 4491mW/8934mW VDD_CPU_GPU_CV 515mW/3323mW VDD_SOC 1430mW/2216mW
09-13-2026 13:10:38 RAM 2625/7620MB (lfb 4x4MB) SWAP 592/8192MB (cached 205MB) CPU [0%@1728,0%@1728,0%@1728,0%@1728,0%@729,0%@729] GR3D_FREQ 0% cpu@57.25C soc2@56.156C soc0@56.406C gpu@57.031C tj@57.281C soc1@57.281C VDD_IN 4491mW/8917mW VDD_CPU_GPU_CV 555mW/3312mW VDD_SOC 1430mW/2213mW
09-13-2026 13:10:39 RAM 2625/7620MB (lfb 4x4MB) SWAP 592/8192MB (cached 205MB) CPU [0%@1728,0%@1728,0%@1728,0%@1728,0%@729,0%@729] GR3D_FREQ 0% cpu@57.25C soc2@56.125C soc0@56.375C gpu@56.562C tj@57.375C soc1@57.375C VDD_IN 4491mW/8900mW VDD_CPU_GPU_CV 555mW/3301mW VDD_SOC 1430mW/2210mW
09-13-2026 13:10:40 RAM 2625/7620MB (lfb 4x4MB) SWAP 592/8192MB (cached 205MB) CPU [0%@1728,0%@1728,0%@1728,0%@1728,0%@729,0%@729] GR3D_FREQ 0% cpu@57.343C soc2@56.062C soc0@56.312C gpu@56.468C tj@57.343C soc1@57.125C VDD_IN 4491mW/8882mW VDD_CPU_GPU_CV 555mW/3290mW VDD_SOC 1430mW/2207mW
09-13-2026 13:10:41 RAM 2625/7620MB (lfb 4x4MB) SWAP 592/8192MB (cached 205MB) CPU [0%@1728,0%@1728,0%@1728,1%@1728,0%@729,0%@729] GR3D_FREQ 0% cpu@57.156C soc2@55.937C soc0@56.25C gpu@56.531C tj@57.125C soc1@57.093C VDD_IN 4491mW/8865mW VDD_CPU_GPU_CV 515mW/3280mW VDD_SOC 1428mW/2204mW
09-13-2026 13:10:42 RAM 2625/7620MB (lfb 4x4MB) SWAP 592/8192MB (cached 205MB) CPU [0%@729,0%@729,0%@729,0%@729,0%@729,0%@729] GR3D_FREQ 0% cpu@57.062C soc2@55.812C soc0@56.218C gpu@56.562C tj@57.093C soc1@57.093C VDD_IN 4491mW/8848mW VDD_CPU_GPU_CV 515mW/3269mW VDD_SOC 1428mW/2201mW
09-13-2026 13:10:43 RAM 2625/7620MB (lfb 4x4MB) SWAP 592/8192MB (cached 205MB) CPU [1%@729,0%@729,0%@729,0%@729,0%@729,0%@729] GR3D_FREQ 0% cpu@57C soc2@55.937C soc0@56.218C gpu@56.5C tj@57.156C soc1@57.125C VDD_IN 4491mW/8831mW VDD_CPU_GPU_CV 515mW/3258mW VDD_SOC 1428mW/2198mW
09-13-2026 13:10:44 RAM 2625/7620MB (lfb 4x4MB) SWAP 592/8192MB (cached 205MB) CPU [0%@1728,0%@1728,0%@1728,0%@1728,0%@729,0%@729] GR3D_FREQ 0% cpu@57.093C soc2@55.843C soc0@56.25C gpu@56.375C tj@57.281C soc1@57C VDD_IN 4491mW/8815mW VDD_CPU_GPU_CV 515mW/3248mW VDD_SOC 1388mW/2194mW
09-13-2026 13:10:45 RAM 2624/7620MB (lfb 4x4MB) SWAP 592/8192MB (cached 205MB) CPU [0%@1728,0%@1728,0%@1728,0%@1728,0%@729,0%@729] GR3D_FREQ 0% cpu@57.156C soc2@55.812C soc0@56.281C gpu@56.281C tj@57.156C soc1@56.968C VDD_IN 4491mW/8798mW VDD_CPU_GPU_CV 515mW/3237mW VDD_SOC 1430mW/2192mW
09-13-2026 13:10:46 RAM 2624/7620MB (lfb 4x4MB) SWAP 592/8192MB (cached 205MB) CPU [0%@1728,0%@1728,0%@1728,0%@1728,0%@729,0%@729] GR3D_FREQ 0% cpu@56.875C soc2@55.781C soc0@56.093C gpu@56.312C tj@56.937C soc1@56.937C VDD_IN 4451mW/8782mW VDD_CPU_GPU_CV 515mW/3227mW VDD_SOC 1428mW/2189mW
09-13-2026 13:10:47 RAM 2624/7620MB (lfb 4x4MB) SWAP 592/8192MB (cached 205MB) CPU [0%@1728,0%@1728,0%@1728,0%@1728,0%@729,0%@729] GR3D_FREQ 0% cpu@56.906C soc2@55.75C soc0@56C gpu@56.25C tj@57C soc1@57C VDD_IN 4491mW/8765mW VDD_CPU_GPU_CV 515mW/3217mW VDD_SOC 1428mW/2186mW
09-13-2026 13:10:48 RAM 2624/7620MB (lfb 4x4MB) SWAP 592/8192MB (cached 205MB) CPU [0%@1728,0%@1728,0%@1728,0%@1728,0%@729,0%@729] GR3D_FREQ 0% cpu@57C soc2@55.593C soc0@56.093C gpu@56.375C tj@57C soc1@56.843C VDD_IN 4491mW/8749mW VDD_CPU_GPU_CV 515mW/3206mW VDD_SOC 1430mW/2183mW
09-13-2026 13:10:49 RAM 2624/7620MB (lfb 4x4MB) SWAP 592/8192MB (cached 205MB) CPU [3%@729,0%@729,0%@729,1%@729,0%@729,0%@729] GR3D_FREQ 0% cpu@57.125C soc2@55.656C soc0@56.093C gpu@56.343C tj@57.125C soc1@56.781C VDD_IN 4491mW/8733mW VDD_CPU_GPU_CV 555mW/3196mW VDD_SOC 1428mW/2180mW
09-13-2026 13:10:50 RAM 2624/7620MB (lfb 4x4MB) SWAP 592/8192MB (cached 205MB) CPU [2%@729,0%@729,0%@729,0%@1728,0%@729,0%@729] GR3D_FREQ 0% cpu@56.875C soc2@55.625C soc0@55.937C gpu@56.281C tj@56.875C soc1@56.843C VDD_IN 4491mW/8717mW VDD_CPU_GPU_CV 515mW/3186mW VDD_SOC 1430mW/2177mW
09-13-2026 13:10:51 RAM 2624/7620MB (lfb 4x4MB) SWAP 592/8192MB (cached 205MB) CPU [0%@1728,0%@1728,0%@1728,0%@1728,0%@729,0%@729] GR3D_FREQ 0% cpu@56.781C soc2@55.531C soc0@55.843C gpu@56.062C tj@56.812C soc1@56.812C VDD_IN 4491mW/8701mW VDD_CPU_GPU_CV 515mW/3176mW VDD_SOC 1430mW/2174mW
09-13-2026 13:10:52 RAM 2624/7620MB (lfb 4x4MB) SWAP 592/8192MB (cached 205MB) CPU [0%@1728,0%@1728,0%@1728,0%@1728,0%@729,0%@729] GR3D_FREQ 0% cpu@56.875C soc2@55.531C soc0@55.781C gpu@56C tj@56.875C soc1@56.656C VDD_IN 4491mW/8686mW VDD_CPU_GPU_CV 515mW/3166mW VDD_SOC 1428mW/2172mW
09-13-2026 13:10:53 RAM 2624/7620MB (lfb 4x4MB) SWAP 592/8192MB (cached 204MB) CPU [0%@729,0%@1728,0%@1728,0%@1728,1%@729,0%@729] GR3D_FREQ 0% cpu@56.75C soc2@55.5C soc0@55.906C gpu@56C tj@56.718C soc1@56.687C VDD_IN 4491mW/8670mW VDD_CPU_GPU_CV 515mW/3156mW VDD_SOC 1430mW/2169mW
09-13-2026 13:10:54 RAM 2624/7620MB (lfb 4x4MB) SWAP 592/8192MB (cached 204MB) CPU [0%@1728,0%@1728,0%@1728,0%@1728,0%@729,0%@729] GR3D_FREQ 0% cpu@56.906C soc2@55.531C soc0@55.781C gpu@56.187C tj@56.906C soc1@56.687C VDD_IN 4491mW/8654mW VDD_CPU_GPU_CV 515mW/3147mW VDD_SOC 1391mW/2166mW
09-13-2026 13:10:55 RAM 2624/7620MB (lfb 4x4MB) SWAP 592/8192MB (cached 204MB) CPU [0%@729,0%@729,0%@729,0%@729,0%@729,0%@729] GR3D_FREQ 0% cpu@56.531C soc2@55.406C soc0@55.718C gpu@56.093C tj@56.718C soc1@56.718C VDD_IN 4491mW/8639mW VDD_CPU_GPU_CV 515mW/3137mW VDD_SOC 1430mW/2163mW
09-13-2026 13:10:56 RAM 2624/7620MB (lfb 4x4MB) SWAP 592/8192MB (cached 204MB) CPU [0%@729,0%@729,0%@729,0%@729,0%@729,0%@729] GR3D_FREQ 0% cpu@56.593C soc2@55.218C soc0@55.718C gpu@56.156C tj@56.593C soc1@56.468C VDD_IN 4491mW/8624mW VDD_CPU_GPU_CV 515mW/3127mW VDD_SOC 1430mW/2161mW
09-13-2026 13:10:57 RAM 2624/7620MB (lfb 4x4MB) SWAP 592/8192MB (cached 204MB) CPU [0%@1728,0%@1728,0%@1728,0%@1728,0%@729,0%@729] GR3D_FREQ 0% cpu@56.718C soc2@55.312C soc0@55.75C gpu@55.906C tj@56.718C soc1@56.5C VDD_IN 4491mW/8609mW VDD_CPU_GPU_CV 515mW/3118mW VDD_SOC 1430mW/2158mW
09-13-2026 13:10:58 RAM 2624/7620MB (lfb 4x4MB) SWAP 592/8192MB (cached 204MB) CPU [0%@1728,0%@1728,0%@1728,0%@1728,0%@729,0%@729] GR3D_FREQ 0% cpu@56.5C soc2@55.312C soc0@55.562C gpu@55.843C tj@56.5C soc1@56.468C VDD_IN 4491mW/8594mW VDD_CPU_GPU_CV 515mW/3108mW VDD_SOC 1391mW/2155mW
09-13-2026 13:10:59 RAM 2624/7620MB (lfb 4x4MB) SWAP 592/8192MB (cached 204MB) CPU [0%@729,0%@729,0%@729,0%@729,0%@729,0%@729] GR3D_FREQ 0% cpu@56.437C soc2@55.156C soc0@55.593C gpu@55.875C tj@56.5C soc1@56.5C VDD_IN 4491mW/8579mW VDD_CPU_GPU_CV 515mW/3099mW VDD_SOC 1430mW/2152mW
09-13-2026 13:11:00 RAM 2624/7620MB (lfb 4x4MB) SWAP 592/8192MB (cached 204MB) CPU [0%@1728,0%@1728,0%@1728,0%@1728,0%@729,0%@729] GR3D_FREQ 0% cpu@56.562C soc2@55.187C soc0@55.562C gpu@56.031C tj@56.562C soc1@56.375C VDD_IN 4491mW/8564mW VDD_CPU_GPU_CV 515mW/3089mW VDD_SOC 1391mW/2150mW
09-13-2026 13:11:01 RAM 2624/7620MB (lfb 4x4MB) SWAP 592/8192MB (cached 204MB) CPU [0%@1728,0%@1728,0%@1728,0%@1728,0%@729,0%@729] GR3D_FREQ 0% cpu@56.75C soc2@55.187C soc0@55.593C gpu@56.062C tj@56.75C soc1@56.312C VDD_IN 4491mW/8549mW VDD_CPU_GPU_CV 515mW/3080mW VDD_SOC 1430mW/2147mW
09-13-2026 13:11:02 RAM 2624/7620MB (lfb 4x4MB) SWAP 592/8192MB (cached 204MB) CPU [0%@1728,0%@1728,0%@1728,1%@1728,0%@729,0%@729] GR3D_FREQ 0% cpu@56.468C soc2@55.125C soc0@55.406C gpu@56C tj@56.468C soc1@56.312C VDD_IN 4491mW/8535mW VDD_CPU_GPU_CV 515mW/3071mW VDD_SOC 1430mW/2145mW
09-13-2026 13:11:03 RAM 2624/7620MB (lfb 4x4MB) SWAP 592/8192MB (cached 204MB) CPU [0%@1728,0%@1728,0%@1728,0%@1728,0%@729,0%@729] GR3D_FREQ 0% cpu@56.25C soc2@55.156C soc0@55.343C gpu@56C tj@56.312C soc1@56.312C VDD_IN 4491mW/8520mW VDD_CPU_GPU_CV 515mW/3062mW VDD_SOC 1391mW/2142mW
09-13-2026 13:11:04 RAM 2624/7620MB (lfb 4x4MB) SWAP 592/8192MB (cached 204MB) CPU [0%@1728,0%@1728,1%@1728,1%@1728,0%@729,0%@729] GR3D_FREQ 0% cpu@56.281C soc2@54.968C soc0@55.406C gpu@55.656C tj@56.343C soc1@56.343C VDD_IN 4491mW/8506mW VDD_CPU_GPU_CV 515mW/3053mW VDD_SOC 1391mW/2139mW
09-13-2026 13:11:05 RAM 2624/7620MB (lfb 4x4MB) SWAP 592/8192MB (cached 204MB) CPU [0%@729,0%@729,0%@729,0%@729,0%@729,0%@729] GR3D_FREQ 0% cpu@56.343C soc2@55.093C soc0@55.468C gpu@55.718C tj@56.343C soc1@56.156C VDD_IN 4491mW/8491mW VDD_CPU_GPU_CV 515mW/3044mW VDD_SOC 1391mW/2136mW
09-13-2026 13:11:06 RAM 2624/7620MB (lfb 4x4MB) SWAP 592/8192MB (cached 204MB) CPU [0%@729,0%@1728,0%@1728,0%@1728,0%@729,0%@729] GR3D_FREQ 0% cpu@56.5C soc2@55C soc0@55.5C gpu@55.593C tj@56.5C soc1@56.156C VDD_IN 4491mW/8477mW VDD_CPU_GPU_CV 515mW/3035mW VDD_SOC 1391mW/2134mW
09-13-2026 13:11:07 RAM 2624/7620MB (lfb 4x4MB) SWAP 592/8192MB (cached 204MB) CPU [0%@729,0%@729,0%@729,0%@729,0%@729,0%@729] GR3D_FREQ 0% cpu@56.281C soc2@54.968C soc0@55.281C gpu@55.562C tj@56.187C soc1@56.187C VDD_IN 4451mW/8463mW VDD_CPU_GPU_CV 515mW/3026mW VDD_SOC 1391mW/2131mW
09-13-2026 13:11:08 RAM 2624/7620MB (lfb 4x4MB) SWAP 592/8192MB (cached 204MB) CPU [0%@729,0%@729,0%@729,1%@729,0%@729,0%@729] GR3D_FREQ 0% cpu@56.187C soc2@54.843C soc0@55.281C gpu@55.375C tj@56.187C soc1@56.187C VDD_IN 4451mW/8449mW VDD_CPU_GPU_CV 515mW/3017mW VDD_SOC 1388mW/2129mW
09-13-2026 13:11:09 RAM 2624/7620MB (lfb 4x4MB) SWAP 592/8192MB (cached 204MB) CPU [0%@729,0%@729,0%@729,0%@729,0%@729,0%@729] GR3D_FREQ 0% cpu@56.281C soc2@54.75C soc0@55.312C gpu@55.343C tj@56.281C soc1@56.031C VDD_IN 4491mW/8435mW VDD_CPU_GPU_CV 515mW/3008mW VDD_SOC 1388mW/2126mW
09-13-2026 13:11:10 RAM 2624/7620MB (lfb 4x4MB) SWAP 592/8192MB (cached 204MB) CPU [0%@729,0%@1728,0%@1728,0%@1728,0%@729,0%@729] GR3D_FREQ 0% cpu@56.156C soc2@54.843C soc0@55.312C gpu@55.343C tj@56.156C soc1@56C VDD_IN 4451mW/8421mW VDD_CPU_GPU_CV 515mW/2999mW VDD_SOC 1428mW/2124mW
09-13-2026 13:11:11 RAM 2624/7620MB (lfb 4x4MB) SWAP 592/8192MB (cached 204MB) CPU [0%@1728,0%@1728,0%@1728,0%@1728,0%@729,0%@729] GR3D_FREQ 0% cpu@56.281C soc2@54.906C soc0@55.156C gpu@55.437C tj@56.281C soc1@56.031C VDD_IN 4451mW/8407mW VDD_CPU_GPU_CV 515mW/2991mW VDD_SOC 1388mW/2121mW
09-13-2026 13:11:12 RAM 2624/7620MB (lfb 4x4MB) SWAP 592/8192MB (cached 204MB) CPU [0%@1728,0%@1728,0%@1728,0%@1728,0%@729,0%@729] GR3D_FREQ 0% cpu@55.937C soc2@54.718C soc0@55.125C gpu@55.406C tj@56.031C soc1@56.031C VDD_IN 4451mW/8394mW VDD_CPU_GPU_CV 515mW/2982mW VDD_SOC 1388mW/2118mW
09-13-2026 13:11:13 RAM 2624/7620MB (lfb 4x4MB) SWAP 592/8192MB (cached 204MB) CPU [0%@729,0%@729,0%@729,0%@729,0%@729,0%@729] GR3D_FREQ 0% cpu@56.031C soc2@54.687C soc0@55C gpu@55.375C tj@56.031C soc1@56C VDD_IN 4451mW/8380mW VDD_CPU_GPU_CV 515mW/2974mW VDD_SOC 1388mW/2116mW
09-13-2026 13:11:14 RAM 2624/7620MB (lfb 4x4MB) SWAP 592/8192MB (cached 204MB) CPU [0%@1728,0%@1728,0%@1728,0%@1728,0%@729,0%@729] GR3D_FREQ 0% cpu@56.156C soc2@54.593C soc0@55.125C gpu@55.343C tj@56.156C soc1@55.875C VDD_IN 4451mW/8366mW VDD_CPU_GPU_CV 515mW/2965mW VDD_SOC 1388mW/2113mW
09-13-2026 13:11:15 RAM 2624/7620MB (lfb 4x4MB) SWAP 592/8192MB (cached 204MB) CPU [0%@1728,0%@1728,0%@1728,0%@1728,0%@729,0%@729] GR3D_FREQ 0% cpu@55.937C soc2@54.656C soc0@54.937C gpu@55.156C tj@55.937C soc1@55.812C VDD_IN 4451mW/8353mW VDD_CPU_GPU_CV 515mW/2957mW VDD_SOC 1391mW/2111mW
09-13-2026 13:11:16 RAM 2624/7620MB (lfb 4x4MB) SWAP 592/8192MB (cached 204MB) CPU [0%@1728,0%@1728,0%@1728,0%@1728,0%@729,0%@729] GR3D_FREQ 0% cpu@55.875C soc2@54.593C soc0@54.937C gpu@55.093C tj@56.031C soc1@56.031C VDD_IN 4451mW/8340mW VDD_CPU_GPU_CV 515mW/2948mW VDD_SOC 1391mW/2108mW
09-13-2026 13:11:17 RAM 2624/7620MB (lfb 4x4MB) SWAP 592/8192MB (cached 204MB) CPU [2%@1728,0%@1728,7%@1728,0%@1728,0%@729,0%@729] GR3D_FREQ 0% cpu@55.781C soc2@54.562C soc0@54.968C gpu@55.062C tj@56.031C soc1@56.031C VDD_IN 4491mW/8326mW VDD_CPU_GPU_CV 555mW/2940mW VDD_SOC 1391mW/2106mW
09-13-2026 13:11:18 RAM 2624/7620MB (lfb 4x4MB) SWAP 592/8192MB (cached 204MB) CPU [0%@1728,0%@1728,0%@1728,0%@1728,0%@729,0%@729] GR3D_FREQ 0% cpu@55.843C soc2@54.531C soc0@55.031C gpu@55.25C tj@55.843C soc1@55.687C VDD_IN 4451mW/8313mW VDD_CPU_GPU_CV 515mW/2932mW VDD_SOC 1391mW/2104mW
09-13-2026 13:11:19 RAM 2625/7620MB (lfb 4x4MB) SWAP 592/8192MB (cached 204MB) CPU [0%@729,0%@729,1%@729,1%@729,0%@729,0%@729] GR3D_FREQ 0% cpu@56C soc2@54.531C soc0@55.062C gpu@55.218C tj@56C soc1@55.812C VDD_IN 4451mW/8300mW VDD_CPU_GPU_CV 515mW/2924mW VDD_SOC 1388mW/2101mW
09-13-2026 13:11:20 RAM 2625/7620MB (lfb 4x4MB) SWAP 592/8192MB (cached 204MB) CPU [0%@729,0%@729,0%@729,0%@729,0%@729,0%@729] GR3D_FREQ 0% cpu@55.718C soc2@54.531C soc0@54.75C gpu@55.187C tj@55.843C soc1@55.843C VDD_IN 4451mW/8287mW VDD_CPU_GPU_CV 515mW/2916mW VDD_SOC 1388mW/2099mW
09-13-2026 13:11:21 RAM 2628/7620MB (lfb 4x4MB) SWAP 592/8192MB (cached 204MB) CPU [6%@729,0%@729,0%@729,2%@729,0%@729,0%@729] GR3D_FREQ 0% cpu@55.75C soc2@54.437C soc0@54.843C gpu@55.218C tj@55.906C soc1@55.906C VDD_IN 4530mW/8274mW VDD_CPU_GPU_CV 555mW/2908mW VDD_SOC 1391mW/2096mW
