09-12-2026 21:59:16 RAM 3206/7620MB (lfb 6x4MB) SWAP 808/12002MB (cached 12MB) CPU [1%@1728,1%@1728,100%@1728,0%@1728,0%@729,0%@729] GR3D_FREQ 0% cpu@54.125C soc2@51.812C soc0@52.156C gpu@52.656C tj@54.187C soc1@53.031C VDD_IN 5762mW/5762mW VDD_CPU_GPU_CV 1468mW/1468mW VDD_SOC 1470mW/1470mW
09-12-2026 21:59:17 RAM 3208/7620MB (lfb 6x4MB) SWAP 808/12002MB (cached 12MB) CPU [17%@1728,28%@1728,34%@1728,18%@1728,7%@729,21%@729] GR3D_FREQ 0% cpu@53.375C soc2@51.875C soc0@52.156C gpu@52.406C tj@53.375C soc1@53.031C VDD_IN 5524mW/5643mW VDD_CPU_GPU_CV 1190mW/1329mW VDD_SOC 1510mW/1490mW
09-12-2026 21:59:17 RAM 3211/7620MB (lfb 6x4MB) SWAP 808/12002MB (cached 12MB) CPU [9%@729,11%@729,7%@729,12%@729,3%@1344,65%@1344] GR3D_FREQ 0% cpu@53.5C soc2@51.75C soc0@52.343C gpu@52.406C tj@53.5C soc1@52.968C VDD_IN 5285mW/5524mW VDD_CPU_GPU_CV 1031mW/1230mW VDD_SOC 1470mW/1483mW
09-12-2026 21:59:18 RAM 3224/7620MB (lfb 6x4MB) SWAP 808/12002MB (cached 12MB) CPU [5%@1728,79%@1728,2%@1728,4%@1728,0%@729,15%@729] GR3D_FREQ 0% cpu@53.656C soc2@51.906C soc0@52.218C gpu@52.468C tj@53.656C soc1@52.906C VDD_IN 5484mW/5514mW VDD_CPU_GPU_CV 1190mW/1220mW VDD_SOC 1510mW/1490mW
09-12-2026 21:59:18 RAM 3263/7620MB (lfb 6x4MB) SWAP 808/12002MB (cached 12MB) CPU [3%@1728,100%@1728,1%@1728,0%@1728,0%@729,0%@729] GR3D_FREQ 0% cpu@53.625C soc2@51.906C soc0@52.187C gpu@52.812C tj@53.625C soc1@53.187C VDD_IN 5802mW/5571mW VDD_CPU_GPU_CV 1388mW/1253mW VDD_SOC 1510mW/1494mW
09-12-2026 21:59:19 RAM 3281/7620MB (lfb 6x4MB) SWAP 808/12002MB (cached 12MB) CPU [0%@1728,100%@1728,0%@1728,0%@1728,0%@729,0%@729] GR3D_FREQ 0% cpu@53.562C soc2@51.875C soc0@52.25C gpu@52.468C tj@53.562C soc1@53.062C VDD_IN 5882mW/5623mW VDD_CPU_GPU_CV 1428mW/1283mW VDD_SOC 1550mW/1503mW
09-12-2026 21:59:19 RAM 3305/7620MB (lfb 6x4MB) SWAP 808/12002MB (cached 12MB) CPU [3%@1728,100%@1728,0%@1728,0%@1728,0%@729,0%@729] GR3D_FREQ 0% cpu@53.812C soc2@51.937C soc0@52.218C gpu@52.75C tj@53.687C soc1@53.125C VDD_IN 5882mW/5660mW VDD_CPU_GPU_CV 1428mW/1303mW VDD_SOC 1550mW/1510mW
09-12-2026 21:59:20 RAM 3358/7620MB (lfb 6x4MB) SWAP 808/12002MB (cached 12MB) CPU [15%@1728,100%@1728,13%@1728,13%@1728,13%@1113,12%@1113] GR3D_FREQ 0% cpu@54.031C soc2@51.937C soc0@52.343C gpu@52.656C tj@54.031C soc1@52.968C VDD_IN 6001mW/5703mW VDD_CPU_GPU_CV 1587mW/1339mW VDD_SOC 1510mW/1510mW
09-12-2026 21:59:20 RAM 3380/7620MB (lfb 6x4MB) SWAP 808/12002MB (cached 12MB) CPU [3%@1728,100%@1728,0%@1728,0%@1728,0%@729,0%@729] GR3D_FREQ 0% cpu@53.687C soc2@51.875C soc0@52.312C gpu@52.593C tj@53.687C soc1@53.062C VDD_IN 5882mW/5723mW VDD_CPU_GPU_CV 1428mW/1349mW VDD_SOC 1550mW/1514mW
09-12-2026 21:59:21 RAM 3400/7620MB (lfb 6x4MB) SWAP 808/12002MB (cached 12MB) CPU [3%@1728,100%@1728,0%@1728,0%@1728,0%@729,0%@729] GR3D_FREQ 0% cpu@53.562C soc2@51.906C soc0@52.25C gpu@52.625C tj@53.562C soc1@53.125C VDD_IN 5842mW/5735mW VDD_CPU_GPU_CV 1468mW/1361mW VDD_SOC 1510mW/1514mW
09-12-2026 21:59:21 RAM 3411/7620MB (lfb 6x4MB) SWAP 808/12002MB (cached 12MB) CPU [2%@1728,100%@1728,0%@1728,0%@1728,0%@729,0%@729] GR3D_FREQ 0% cpu@53.625C soc2@51.906C soc0@52.187C gpu@52.468C tj@53.625C soc1@53.031C VDD_IN 5842mW/5744mW VDD_CPU_GPU_CV 1388mW/1363mW VDD_SOC 1550mW/1517mW
09-12-2026 21:59:22 RAM 3439/7620MB (lfb 6x4MB) SWAP 808/12002MB (cached 12MB) CPU [3%@1728,100%@1728,0%@1728,1%@1728,0%@729,0%@729] GR3D_FREQ 0% cpu@53.593C soc2@51.937C soc0@52.218C gpu@52.593C tj@53.593C soc1@53C VDD_IN 5762mW/5746mW VDD_CPU_GPU_CV 1388mW/1365mW VDD_SOC 1510mW/1517mW
09-12-2026 21:59:22 RAM 3505/7620MB (lfb 6x4MB) SWAP 808/12002MB (cached 12MB) CPU [2%@1728,100%@1728,0%@1728,0%@1728,0%@729,0%@729] GR3D_FREQ 0% cpu@53.687C soc2@51.875C soc0@52.343C gpu@52.531C tj@53.687C soc1@53.031C VDD_IN 5762mW/5747mW VDD_CPU_GPU_CV 1428mW/1370mW VDD_SOC 1510mW/1516mW
09-12-2026 21:59:23 RAM 3522/7620MB (lfb 6x4MB) SWAP 808/12002MB (cached 12MB) CPU [3%@1728,100%@1728,0%@1728,0%@1728,0%@729,0%@729] GR3D_FREQ 0% cpu@53.718C soc2@51.812C soc0@52.218C gpu@52.531C tj@53.718C soc1@52.968C VDD_IN 5842mW/5754mW VDD_CPU_GPU_CV 1388mW/1371mW VDD_SOC 1550mW/1519mW
09-12-2026 21:59:23 RAM 3529/7620MB (lfb 6x4MB) SWAP 808/12002MB (cached 12MB) CPU [0%@1728,100%@1728,0%@1728,1%@1728,0%@729,0%@729] GR3D_FREQ 0% cpu@53.531C soc2@51.75C soc0@52.218C gpu@52.781C tj@53.531C soc1@53.125C VDD_IN 5762mW/5754mW VDD_CPU_GPU_CV 1428mW/1375mW VDD_SOC 1510mW/1518mW
09-12-2026 21:59:24 RAM 3540/7620MB (lfb 6x4MB) SWAP 808/12002MB (cached 12MB) CPU [0%@1728,100%@1728,1%@1728,0%@1728,0%@729,0%@729] GR3D_FREQ 0% cpu@53.531C soc2@51.937C soc0@52.312C gpu@52.625C tj@53.531C soc1@53.062C VDD_IN 5762mW/5755mW VDD_CPU_GPU_CV 1468mW/1381mW VDD_SOC 1470mW/1515mW
09-12-2026 21:59:24 RAM 3563/7620MB (lfb 6x4MB) SWAP 808/12002MB (cached 12MB) CPU [0%@1728,100%@1728,1%@1728,1%@1728,0%@729,0%@729] GR3D_FREQ 0% cpu@53.718C soc2@51.843C soc0@52.25C gpu@52.656C tj@53.718C soc1@53.031C VDD_IN 5762mW/5755mW VDD_CPU_GPU_CV 1468mW/1386mW VDD_SOC 1470mW/1512mW
09-12-2026 21:59:25 RAM 3586/7620MB (lfb 6x4MB) SWAP 808/12002MB (cached 12MB) CPU [0%@1728,100%@1728,0%@1728,0%@1728,0%@729,0%@729] GR3D_FREQ 0% cpu@53.843C soc2@51.843C soc0@52.281C gpu@52.625C tj@53.843C soc1@53C VDD_IN 5842mW/5760mW VDD_CPU_GPU_CV 1388mW/1386mW VDD_SOC 1510mW/1512mW
09-12-2026 21:59:25 RAM 3595/7620MB (lfb 6x4MB) SWAP 808/12002MB (cached 12MB) CPU [0%@1728,100%@1728,0%@1728,0%@1728,2%@729,1%@729] GR3D_FREQ 0% cpu@53.593C soc2@51.843C soc0@52.187C gpu@52.593C tj@53.593C soc1@53.125C VDD_IN 5802mW/5762mW VDD_CPU_GPU_CV 1388mW/1386mW VDD_SOC 1510mW/1512mW
09-12-2026 21:59:26 RAM 3735/7620MB (lfb 169x1MB) SWAP 808/12002MB (cached 12MB) CPU [12%@1728,76%@1728,6%@1728,7%@1728,1%@729,0%@729] GR3D_FREQ 0% cpu@53.437C soc2@51.843C soc0@52.156C gpu@52.468C tj@53.437C soc1@53.062C VDD_IN 5802mW/5764mW VDD_CPU_GPU_CV 1388mW/1386mW VDD_SOC 1510mW/1512mW
09-12-2026 21:59:26 RAM 4023/7620MB (lfb 169x1MB) SWAP 808/12002MB (cached 12MB) CPU [7%@1113,78%@1113,8%@1113,2%@1728,5%@729,4%@729] GR3D_FREQ 0% cpu@53.593C soc2@51.937C soc0@52.125C gpu@52.468C tj@53.593C soc1@53.062C VDD_IN 6080mW/5779mW VDD_CPU_GPU_CV 1468mW/1390mW VDD_SOC 1587mW/1516mW
09-12-2026 21:59:27 RAM 4024/7620MB (lfb 169x1MB) SWAP 808/12002MB (cached 12MB) CPU [30%@729,30%@729,14%@729,23%@729,12%@729,13%@729] GR3D_FREQ 0% cpu@53.687C soc2@51.781C soc0@52.437C gpu@52.375C tj@53.687C soc1@52.968C VDD_IN 5921mW/5786mW VDD_CPU_GPU_CV 1269mW/1385mW VDD_SOC 1626mW/1521mW
09-12-2026 21:59:27 RAM 4027/7620MB (lfb 169x1MB) SWAP 808/12002MB (cached 12MB) CPU [29%@1728,7%@1728,39%@1728,25%@1728,11%@729,9%@729] GR3D_FREQ 90% cpu@53.625C soc2@51.781C soc0@52.218C gpu@52.5C tj@53.625C soc1@52.875C VDD_IN 5802mW/5786mW VDD_CPU_GPU_CV 1190mW/1376mW VDD_SOC 1626mW/1525mW
09-12-2026 21:59:28 RAM 4027/7620MB (lfb 169x1MB) SWAP 808/12002MB (cached 12MB) CPU [14%@1728,11%@1728,64%@1728,6%@1728,13%@729,12%@729] GR3D_FREQ 60% cpu@53.531C soc2@51.843C soc0@52.281C gpu@52.625C tj@53.531C soc1@52.906C VDD_IN 6041mW/5797mW VDD_CPU_GPU_CV 1388mW/1377mW VDD_SOC 1626mW/1529mW
09-12-2026 21:59:28 RAM 4046/7620MB (lfb 169x1MB) SWAP 808/12002MB (cached 12MB) CPU [2%@1728,60%@1728,3%@1728,1%@1728,36%@729,1%@729] GR3D_FREQ 0% cpu@53.5C soc2@51.781C soc0@52.187C gpu@52.468C tj@53.5C soc1@52.906C VDD_IN 5643mW/5791mW VDD_CPU_GPU_CV 1150mW/1368mW VDD_SOC 1589mW/1532mW
09-12-2026 21:59:29 RAM 4049/7620MB (lfb 169x1MB) SWAP 808/12002MB (cached 12MB) CPU [6%@729,33%@729,16%@729,8%@729,22%@729,32%@729] GR3D_FREQ 21% cpu@53.375C soc2@51.625C soc0@52.156C gpu@52.531C tj@53.375C soc1@52.875C VDD_IN 5603mW/5784mW VDD_CPU_GPU_CV 1111mW/1358mW VDD_SOC 1589mW/1534mW
09-12-2026 21:59:29 RAM 4049/7620MB (lfb 169x1MB) SWAP 808/12002MB (cached 12MB) CPU [9%@1728,16%@1728,31%@1728,6%@1728,34%@729,17%@729] GR3D_FREQ 0% cpu@53.375C soc2@51.656C soc0@52.187C gpu@52.343C tj@53.375C soc1@52.937C VDD_IN 5524mW/5774mW VDD_CPU_GPU_CV 1071mW/1347mW VDD_SOC 1550mW/1535mW
09-12-2026 21:59:30 RAM 4049/7620MB (lfb 169x1MB) SWAP 808/12002MB (cached 12MB) CPU [7%@1728,38%@1728,7%@1728,26%@1728,27%@729,8%@729] GR3D_FREQ 0% cpu@53.343C soc2@51.718C soc0@52.125C gpu@52.468C tj@53.343C soc1@52.906C VDD_IN 5603mW/5768mW VDD_CPU_GPU_CV 1150mW/1340mW VDD_SOC 1550mW/1535mW
09-12-2026 21:59:30 RAM 4049/7620MB (lfb 169x1MB) SWAP 808/12002MB (cached 12MB) CPU [18%@729,19%@729,19%@729,6%@729,18%@729,35%@729] GR3D_FREQ 22% cpu@53.343C soc2@51.75C soc0@52.125C gpu@52.375C tj@53.375C soc1@52.906C VDD_IN 5564mW/5761mW VDD_CPU_GPU_CV 1071mW/1331mW VDD_SOC 1589mW/1537mW
09-12-2026 21:59:31 RAM 4050/7620MB (lfb 169x1MB) SWAP 808/12002MB (cached 12MB) CPU [27%@1728,21%@1728,44%@1728,4%@1728,14%@729,5%@729] GR3D_FREQ 0% cpu@53.531C soc2@51.718C soc0@52.156C gpu@52.437C tj@53.531C soc1@52.937C VDD_IN 5524mW/5753mW VDD_CPU_GPU_CV 1071mW/1322mW VDD_SOC 1550mW/1537mW
09-12-2026 21:59:31 RAM 4050/7620MB (lfb 169x1MB) SWAP 808/12002MB (cached 12MB) CPU [26%@1728,10%@1728,20%@1728,16%@1728,30%@729,25%@729] GR3D_FREQ 0% cpu@53.312C soc2@51.656C soc0@52.187C gpu@52.468C tj@53.312C soc1@52.843C VDD_IN 5723mW/5752mW VDD_CPU_GPU_CV 1150mW/1317mW VDD_SOC 1587mW/1539mW
09-12-2026 21:59:32 RAM 4050/7620MB (lfb 169x1MB) SWAP 808/12002MB (cached 12MB) CPU [10%@729,29%@729,22%@729,32%@729,10%@806,21%@806] GR3D_FREQ 0% cpu@53.375C soc2@51.625C soc0@52.062C gpu@52.375C tj@53.375C soc1@52.875C VDD_IN 5762mW/5752mW VDD_CPU_GPU_CV 1150mW/1311mW VDD_SOC 1626mW/1542mW
09-12-2026 21:59:32 RAM 4050/7620MB (lfb 169x1MB) SWAP 808/12002MB (cached 12MB) CPU [6%@1728,25%@1728,30%@1728,8%@1728,34%@729,16%@729] GR3D_FREQ 0% cpu@53.218C soc2@51.687C soc0@52.093C gpu@52.5C tj@53.343C soc1@53.062C VDD_IN 5842mW/5755mW VDD_CPU_GPU_CV 1190mW/1308mW VDD_SOC 1626mW/1544mW
09-12-2026 21:59:33 RAM 4050/7620MB (lfb 169x1MB) SWAP 808/12002MB (cached 12MB) CPU [6%@1190,42%@1190,8%@1190,12%@1190,26%@729,24%@729] GR3D_FREQ 2% cpu@53.281C soc2@51.656C soc0@52.093C gpu@52.375C tj@53.281C soc1@52.937C VDD_IN 5802mW/5756mW VDD_CPU_GPU_CV 1150mW/1303mW VDD_SOC 1626mW/1547mW
09-12-2026 21:59:33 RAM 4051/7620MB (lfb 169x1MB) SWAP 808/12002MB (cached 12MB) CPU [6%@1728,28%@1728,20%@1728,33%@1728,15%@729,13%@729] GR3D_FREQ 0% cpu@53.281C soc2@51.718C soc0@52.062C gpu@52.312C tj@53.281C soc1@52.937C VDD_IN 5723mW/5756mW VDD_CPU_GPU_CV 1150mW/1299mW VDD_SOC 1587mW/1548mW
09-12-2026 21:59:34 RAM 4051/7620MB (lfb 169x1MB) SWAP 808/12002MB (cached 12MB) CPU [34%@1420,9%@1420,20%@1420,33%@1420,17%@729,5%@729] GR3D_FREQ 1% cpu@53.531C soc2@51.687C soc0@52C gpu@52.343C tj@53.531C soc1@52.875C VDD_IN 5723mW/5755mW VDD_CPU_GPU_CV 1190mW/1296mW VDD_SOC 1587mW/1549mW
09-12-2026 21:59:34 RAM 4051/7620MB (lfb 169x1MB) SWAP 808/12002MB (cached 12MB) CPU [19%@1728,40%@1728,3%@1728,3%@1728,20%@1574,29%@1574] GR3D_FREQ 0% cpu@53.468C soc2@51.75C soc0@52.218C gpu@52.312C tj@53.468C soc1@52.875C VDD_IN 5603mW/5751mW VDD_CPU_GPU_CV 1111mW/1291mW VDD_SOC 1550mW/1549mW
09-12-2026 21:59:35 RAM 4051/7620MB (lfb 169x1MB) SWAP 808/12002MB (cached 12MB) CPU [28%@1728,4%@1728,28%@1728,12%@1728,27%@729,14%@729] GR3D_FREQ 0% cpu@53.343C soc2@51.625C soc0@52.125C gpu@52.343C tj@53.343C soc1@52.843C VDD_IN 5643mW/5748mW VDD_CPU_GPU_CV 1150mW/1287mW VDD_SOC 1589mW/1550mW
09-12-2026 21:59:35 RAM 4051/7620MB (lfb 169x1MB) SWAP 808/12002MB (cached 12MB) CPU [20%@1728,19%@1728,27%@1728,25%@1728,2%@729,19%@729] GR3D_FREQ 0% cpu@54.125C soc2@51.562C soc0@52.093C gpu@52.281C tj@54.125C soc1@52.812C VDD_IN 5564mW/5743mW VDD_CPU_GPU_CV 1111mW/1282mW VDD_SOC 1550mW/1550mW
09-12-2026 21:59:36 RAM 4051/7620MB (lfb 169x1MB) SWAP 808/12002MB (cached 12MB) CPU [12%@729,32%@729,42%@729,4%@729,7%@729,13%@729] GR3D_FREQ 0% cpu@53.281C soc2@51.625C soc0@52.125C gpu@52.343C tj@53.312C soc1@52.968C VDD_IN 5683mW/5741mW VDD_CPU_GPU_CV 1190mW/1280mW VDD_SOC 1587mW/1551mW
09-12-2026 21:59:36 RAM 4051/7620MB (lfb 169x1MB) SWAP 808/12002MB (cached 12MB) CPU [20%@729,18%@729,2%@729,39%@729,16%@729,12%@729] GR3D_FREQ 64% cpu@53.25C soc2@51.625C soc0@52.031C gpu@52.406C tj@53.25C soc1@52.906C VDD_IN 5723mW/5741mW VDD_CPU_GPU_CV 1190mW/1278mW VDD_SOC 1587mW/1552mW
09-12-2026 21:59:37 RAM 4051/7620MB (lfb 169x1MB) SWAP 808/12002MB (cached 12MB) CPU [34%@1574,27%@1574,6%@1574,12%@1574,8%@729,28%@729] GR3D_FREQ 0% cpu@53.25C soc2@51.687C soc0@52C gpu@52.406C tj@53.25C soc1@52.843C VDD_IN 5643mW/5739mW VDD_CPU_GPU_CV 1150mW/1275mW VDD_SOC 1589mW/1553mW
09-12-2026 21:59:37 RAM 4052/7620MB (lfb 169x1MB) SWAP 808/12002MB (cached 12MB) CPU [15%@1728,20%@1728,3%@1728,21%@1728,18%@729,32%@729] GR3D_FREQ 0% cpu@53.281C soc2@51.656C soc0@52.187C gpu@52.718C tj@53.281C soc1@52.968C VDD_IN 5564mW/5735mW VDD_CPU_GPU_CV 1111mW/1271mW VDD_SOC 1550mW/1553mW
09-12-2026 21:59:38 RAM 4052/7620MB (lfb 169x1MB) SWAP 808/12002MB (cached 12MB) CPU [25%@1728,9%@1728,25%@1728,26%@1728,22%@729,24%@729] GR3D_FREQ 0% cpu@53.375C soc2@51.687C soc0@52.125C gpu@52.375C tj@53.375C soc1@52.781C VDD_IN 5643mW/5733mW VDD_CPU_GPU_CV 1111mW/1267mW VDD_SOC 1587mW/1553mW
09-12-2026 21:59:38 RAM 4052/7620MB (lfb 169x1MB) SWAP 808/12002MB (cached 12MB) CPU [18%@729,36%@729,20%@729,5%@729,23%@729,16%@729] GR3D_FREQ 0% cpu@53.281C soc2@51.625C soc0@52.125C gpu@52.562C tj@53.375C soc1@52.781C VDD_IN 5762mW/5733mW VDD_CPU_GPU_CV 1150mW/1265mW VDD_SOC 1587mW/1554mW
09-12-2026 21:59:39 RAM 4052/7620MB (lfb 169x1MB) SWAP 808/12002MB (cached 12MB) CPU [15%@729,40%@729,15%@729,9%@1728,14%@1267,35%@1267] GR3D_FREQ 0% cpu@53.312C soc2@51.5C soc0@52.093C gpu@52.343C tj@53.312C soc1@52.906C VDD_IN 5802mW/5735mW VDD_CPU_GPU_CV 1150mW/1262mW VDD_SOC 1626mW/1556mW
09-12-2026 21:59:39 RAM 4052/7620MB (lfb 169x1MB) SWAP 808/12002MB (cached 12MB) CPU [14%@1728,8%@1728,10%@1728,22%@1728,10%@1574,55%@1574] GR3D_FREQ 0% cpu@53.25C soc2@51.5C soc0@52C gpu@52.687C tj@53.25C soc1@52.875C VDD_IN 5802mW/5736mW VDD_CPU_GPU_CV 1190mW/1261mW VDD_SOC 1587mW/1556mW
09-12-2026 21:59:40 RAM 4052/7620MB (lfb 169x1MB) SWAP 808/12002MB (cached 12MB) CPU [6%@1728,24%@1728,30%@1728,28%@1728,7%@729,18%@729] GR3D_FREQ 0% cpu@53.281C soc2@51.687C soc0@52.062C gpu@52.343C tj@53.281C soc1@52.812C VDD_IN 5723mW/5736mW VDD_CPU_GPU_CV 1190mW/1259mW VDD_SOC 1587mW/1557mW
09-12-2026 21:59:40 RAM 4052/7620MB (lfb 169x1MB) SWAP 808/12002MB (cached 12MB) CPU [14%@729,16%@729,52%@729,5%@729,21%@729,6%@729] GR3D_FREQ 23% cpu@53.281C soc2@51.718C soc0@52.031C gpu@52.656C tj@53.281C soc1@52.781C VDD_IN 5802mW/5737mW VDD_CPU_GPU_CV 1230mW/1259mW VDD_SOC 1587mW/1558mW
09-12-2026 21:59:41 RAM 4052/7620MB (lfb 169x1MB) SWAP 808/12002MB (cached 12MB) CPU [16%@729,5%@729,26%@729,30%@729,18%@729,17%@729] GR3D_FREQ 0% cpu@53.312C soc2@51.593C soc0@52.156C gpu@52.281C tj@53.218C soc1@52.843C VDD_IN 5603mW/5735mW VDD_CPU_GPU_CV 1111mW/1256mW VDD_SOC 1589mW/1558mW
09-12-2026 21:59:41 RAM 4052/7620MB (lfb 169x1MB) SWAP 808/12002MB (cached 12MB) CPU [22%@1728,26%@1728,2%@1728,34%@1728,5%@729,19%@729] GR3D_FREQ 0% cpu@53.5C soc2@51.656C soc0@52.093C gpu@52.593C tj@53.5C soc1@52.812C VDD_IN 5603mW/5732mW VDD_CPU_GPU_CV 1111mW/1253mW VDD_SOC 1550mW/1558mW
09-12-2026 21:59:42 RAM 4052/7620MB (lfb 169x1MB) SWAP 808/12002MB (cached 12MB) CPU [8%@729,46%@729,13%@729,7%@729,20%@729,20%@729] GR3D_FREQ 23% cpu@53.25C soc2@51.562C soc0@52.093C gpu@52.312C tj@53.343C soc1@52.718C VDD_IN 5603mW/5729mW VDD_CPU_GPU_CV 1111mW/1250mW VDD_SOC 1589mW/1559mW
09-12-2026 21:59:42 RAM 4052/7620MB (lfb 169x1MB) SWAP 808/12002MB (cached 12MB) CPU [21%@1728,23%@1728,33%@1728,29%@1728,2%@729,5%@729] GR3D_FREQ 0% cpu@53.281C soc2@51.562C soc0@52.031C gpu@52.5C tj@53.281C soc1@52.906C VDD_IN 5524mW/5726mW VDD_CPU_GPU_CV 1071mW/1247mW VDD_SOC 1550mW/1559mW
09-12-2026 21:59:43 RAM 4052/7620MB (lfb 169x1MB) SWAP 808/12002MB (cached 12MB) CPU [14%@729,33%@1728,36%@1728,4%@1728,21%@729,6%@729] GR3D_FREQ 7% cpu@53.218C soc2@51.593C soc0@51.968C gpu@52.312C tj@53.218C soc1@52.875C VDD_IN 5723mW/5726mW VDD_CPU_GPU_CV 1190mW/1246mW VDD_SOC 1589mW/1559mW
09-12-2026 21:59:43 RAM 4052/7620MB (lfb 169x1MB) SWAP 808/12002MB (cached 12MB) CPU [9%@729,25%@729,10%@729,45%@729,24%@729,8%@729] GR3D_FREQ 54% cpu@53.25C soc2@51.625C soc0@52.031C gpu@52.625C tj@53.25C soc1@52.906C VDD_IN 5802mW/5727mW VDD_CPU_GPU_CV 1190mW/1245mW VDD_SOC 1587mW/1560mW
09-12-2026 21:59:44 RAM 4052/7620MB (lfb 169x1MB) SWAP 808/12002MB (cached 12MB) CPU [12%@729,38%@729,20%@729,22%@729,13%@729,13%@729] GR3D_FREQ 35% cpu@53.406C soc2@51.656C soc0@51.968C gpu@52.281C tj@53.406C soc1@52.718C VDD_IN 5802mW/5728mW VDD_CPU_GPU_CV 1190mW/1244mW VDD_SOC 1626mW/1561mW
09-12-2026 21:59:44 RAM 4052/7620MB (lfb 169x1MB) SWAP 808/12002MB (cached 12MB) CPU [34%@1728,21%@1728,5%@1728,27%@1728,17%@729,6%@729] GR3D_FREQ 23% cpu@53.25C soc2@51.562C soc0@52.187C gpu@52.593C tj@53.312C soc1@52.781C VDD_IN 5762mW/5729mW VDD_CPU_GPU_CV 1150mW/1242mW VDD_SOC 1587mW/1561mW
09-12-2026 21:59:45 RAM 4054/7620MB (lfb 169x1MB) SWAP 808/12002MB (cached 12MB) CPU [18%@1190,25%@1190,22%@1190,39%@1190,16%@729,13%@729] GR3D_FREQ 46% cpu@53.375C soc2@51.593C soc0@52.062C gpu@52.312C tj@53.375C soc1@52.75C VDD_IN 5882mW/5732mW VDD_CPU_GPU_CV 1230mW/1242mW VDD_SOC 1626mW/1562mW
09-12-2026 21:59:45 RAM 4075/7620MB (lfb 169x1MB) SWAP 808/12002MB (cached 12MB) CPU [39%@1728,65%@1728,47%@1728,48%@1728,54%@1190,52%@1190] GR3D_FREQ 59% cpu@54C soc2@51.718C soc0@52.031C gpu@52.687C tj@54C soc1@52.718C VDD_IN 6864mW/5751mW VDD_CPU_GPU_CV 2060mW/1256mW VDD_SOC 1666mW/1564mW
09-12-2026 21:59:46 RAM 4196/7620MB (lfb 169x1MB) SWAP 808/12002MB (cached 12MB) CPU [38%@1497,78%@1497,48%@1497,35%@1497,56%@1728,59%@1728] GR3D_FREQ 0% cpu@54.781C soc2@51.968C soc0@52.062C gpu@52.531C tj@54.781C soc1@53.062C VDD_IN 8319mW/5794mW VDD_CPU_GPU_CV 3040mW/1286mW VDD_SOC 1819mW/1568mW
09-12-2026 21:59:46 RAM 4197/7620MB (lfb 169x1MB) SWAP 808/12002MB (cached 12MB) CPU [64%@1728,64%@1728,68%@1728,62%@1728,65%@1497,78%@1497] GR3D_FREQ 0% cpu@54.812C soc2@52.125C soc0@52.062C gpu@52.687C tj@54.812C soc1@52.968C VDD_IN 9255mW/5850mW VDD_CPU_GPU_CV 3705mW/1325mW VDD_SOC 1898mW/1574mW
09-12-2026 21:59:47 RAM 4198/7620MB (lfb 169x1MB) SWAP 808/12002MB (cached 12MB) CPU [63%@1728,59%@1728,71%@1728,65%@1728,68%@1728,71%@1728] GR3D_FREQ 0% cpu@54.718C soc2@52.25C soc0@52.062C gpu@53.218C tj@54.812C soc1@52.906C VDD_IN 9492mW/5909mW VDD_CPU_GPU_CV 3902mW/1367mW VDD_SOC 1895mW/1579mW
09-12-2026 21:59:48 RAM 4203/7620MB (lfb 169x1MB) SWAP 808/12002MB (cached 12MB) CPU [70%@1728,57%@1728,69%@1728,64%@1728,68%@1728,77%@1728] GR3D_FREQ 27% cpu@55.031C soc2@52.312C soc0@52.093C gpu@52.843C tj@55.031C soc1@53.093C VDD_IN 9571mW/5967mW VDD_CPU_GPU_CV 3981mW/1408mW VDD_SOC 1895mW/1584mW
09-12-2026 21:59:48 RAM 4203/7620MB (lfb 169x1MB) SWAP 808/12002MB (cached 12MB) CPU [72%@1497,63%@1497,58%@1497,60%@1728,78%@1728,65%@1728] GR3D_FREQ 0% cpu@55.093C soc2@52.406C soc0@52.406C gpu@53.218C tj@55.093C soc1@53.125C VDD_IN 9532mW/6023mW VDD_CPU_GPU_CV 3981mW/1448mW VDD_SOC 1895mW/1589mW
09-12-2026 21:59:49 RAM 4206/7620MB (lfb 169x1MB) SWAP 808/12002MB (cached 12MB) CPU [44%@1728,50%@1728,77%@1728,40%@1728,82%@1497,86%@1497] GR3D_FREQ 0% cpu@54.75C soc2@52.375C soc0@52.375C gpu@53C tj@54.75C soc1@53.156C VDD_IN 9294mW/6073mW VDD_CPU_GPU_CV 3784mW/1484mW VDD_SOC 1895mW/1594mW
09-12-2026 21:59:49 RAM 4203/7620MB (lfb 169x1MB) SWAP 808/12002MB (cached 12MB) CPU [60%@1728,72%@1728,65%@1728,62%@1728,77%@1190,75%@1190] GR3D_FREQ 57% cpu@55.406C soc2@52.468C soc0@52.375C gpu@53.093C tj@55.406C soc1@53.093C VDD_IN 9532mW/6126mW VDD_CPU_GPU_CV 3942mW/1522mW VDD_SOC 1895mW/1598mW
09-12-2026 21:59:50 RAM 4068/7620MB (lfb 152x1MB) SWAP 808/12002MB (cached 12MB) CPU [56%@1728,31%@1728,72%@1728,60%@1728,54%@883,64%@883] GR3D_FREQ 10% cpu@54.625C soc2@52.281C soc0@52.343C gpu@52.968C tj@54.625C soc1@53.406C VDD_IN 8503mW/6161mW VDD_CPU_GPU_CV 3198mW/1547mW VDD_SOC 1819mW/1601mW
09-12-2026 21:59:50 RAM 4072/7620MB (lfb 152x1MB) SWAP 808/12002MB (cached 12MB) CPU [32%@883,49%@883,47%@883,52%@883,24%@1113,57%@1113] GR3D_FREQ 84% cpu@54.031C soc2@52.093C soc0@52.343C gpu@53.187C tj@54.031C soc1@53.375C VDD_IN 7261mW/6177mW VDD_CPU_GPU_CV 2333mW/1558mW VDD_SOC 1703mW/1603mW
09-12-2026 21:59:51 RAM 4076/7620MB (lfb 152x1MB) SWAP 808/12002MB (cached 12MB) CPU [38%@1728,50%@1728,45%@1728,40%@1728,68%@806,40%@806] GR3D_FREQ 90% cpu@54.125C soc2@52.187C soc0@52.437C gpu@52.781C tj@54.125C soc1@53.156C VDD_IN 7102mW/6191mW VDD_CPU_GPU_CV 2258mW/1568mW VDD_SOC 1703mW/1604mW
09-12-2026 21:59:51 RAM 4076/7620MB (lfb 152x1MB) SWAP 808/12002MB (cached 12MB) CPU [21%@1728,29%@1728,33%@1728,43%@1728,26%@1036,8%@1036] GR3D_FREQ 0% cpu@53.843C soc2@52.031C soc0@52.312C gpu@52.75C tj@53.593C soc1@53.156C VDD_IN 6269mW/6192mW VDD_CPU_GPU_CV 1624mW/1569mW VDD_SOC 1626mW/1605mW
09-12-2026 21:59:52 RAM 4076/7620MB (lfb 152x1MB) SWAP 808/12002MB (cached 12MB) CPU [4%@1728,27%@1728,50%@1728,5%@1728,26%@729,5%@729] GR3D_FREQ 0% cpu@53.75C soc2@52.062C soc0@52.25C gpu@52.687C tj@53.75C soc1@53.125C VDD_IN 5921mW/6188mW VDD_CPU_GPU_CV 1428mW/1567mW VDD_SOC 1587mW/1604mW
09-12-2026 21:59:52 RAM 4076/7620MB (lfb 152x1MB) SWAP 808/12002MB (cached 12MB) CPU [13%@729,11%@729,18%@1728,33%@1728,12%@729,26%@729] GR3D_FREQ 0% cpu@53.562C soc2@51.968C soc0@52.343C gpu@52.625C tj@53.562C soc1@53.125C VDD_IN 5643mW/6180mW VDD_CPU_GPU_CV 1190mW/1562mW VDD_SOC 1550mW/1604mW
09-12-2026 21:59:53 RAM 4076/7620MB (lfb 152x1MB) SWAP 808/12002MB (cached 12MB) CPU [24%@729,25%@729,35%@729,2%@729,2%@729,22%@729] GR3D_FREQ 0% cpu@53.843C soc2@51.937C soc0@52.437C gpu@52.562C tj@53.843C soc1@53.031C VDD_IN 5524mW/6171mW VDD_CPU_GPU_CV 1071mW/1555mW VDD_SOC 1550mW/1603mW
09-12-2026 21:59:53 RAM 4076/7620MB (lfb 152x1MB) SWAP 808/12002MB (cached 12MB) CPU [46%@1728,26%@1728,16%@1728,6%@1728,3%@729,18%@729] GR3D_FREQ 0% cpu@53.562C soc2@51.812C soc0@52.343C gpu@52.562C tj@53.562C soc1@53C VDD_IN 5524mW/6163mW VDD_CPU_GPU_CV 1071mW/1549mW VDD_SOC 1550mW/1602mW
09-12-2026 21:59:54 RAM 4076/7620MB (lfb 152x1MB) SWAP 808/12002MB (cached 12MB) CPU [43%@1190,37%@1190,4%@1190,4%@1190,4%@729,18%@729] GR3D_FREQ 0% cpu@53.375C soc2@51.875C soc0@52.343C gpu@52.531C tj@53.5C soc1@53.218C VDD_IN 5484mW/6154mW VDD_CPU_GPU_CV 1031mW/1542mW VDD_SOC 1550mW/1602mW
09-12-2026 21:59:54 RAM 4076/7620MB (lfb 152x1MB) SWAP 808/12002MB (cached 12MB) CPU [9%@1728,22%@1728,9%@1728,35%@1728,31%@1728,13%@1728] GR3D_FREQ 0% cpu@53.593C soc2@51.937C soc0@52.312C gpu@52.656C tj@53.593C soc1@53.031C VDD_IN 5603mW/6146mW VDD_CPU_GPU_CV 1111mW/1536mW VDD_SOC 1589mW/1601mW
09-12-2026 21:59:55 RAM 4076/7620MB (lfb 152x1MB) SWAP 808/12002MB (cached 12MB) CPU [32%@1728,26%@1728,34%@1728,6%@1728,9%@729,15%@729] GR3D_FREQ 0% cpu@53.812C soc2@51.906C soc0@52.218C gpu@52.5C tj@53.812C soc1@53.031C VDD_IN 5762mW/6141mW VDD_CPU_GPU_CV 1190mW/1532mW VDD_SOC 1587mW/1601mW
09-12-2026 21:59:55 RAM 4076/7620MB (lfb 152x1MB) SWAP 808/12002MB (cached 12MB) CPU [29%@729,11%@729,23%@729,36%@729,13%@729,6%@729] GR3D_FREQ 23% cpu@53.656C soc2@51.75C soc0@52.375C gpu@52.562C tj@53.656C soc1@53C VDD_IN 5683mW/6135mW VDD_CPU_GPU_CV 1111mW/1526mW VDD_SOC 1587mW/1601mW
09-12-2026 21:59:56 RAM 4076/7620MB (lfb 152x1MB) SWAP 808/12002MB (cached 12MB) CPU [19%@1728,18%@1728,30%@1728,40%@1728,4%@729,7%@729] GR3D_FREQ 0% cpu@53.656C soc2@51.781C soc0@52.25C gpu@52.531C tj@53.656C soc1@52.968C VDD_IN 5564mW/6128mW VDD_CPU_GPU_CV 1071mW/1520mW VDD_SOC 1589mW/1601mW
09-12-2026 21:59:56 RAM 4076/7620MB (lfb 152x1MB) SWAP 808/12002MB (cached 12MB) CPU [8%@960,25%@960,14%@960,14%@960,22%@729,29%@729] GR3D_FREQ 0% cpu@53.5C soc2@51.75C soc0@52.25C gpu@52.687C tj@53.5C soc1@52.937C VDD_IN 5524mW/6121mW VDD_CPU_GPU_CV 1071mW/1515mW VDD_SOC 1550mW/1600mW
09-12-2026 21:59:57 RAM 4076/7620MB (lfb 152x1MB) SWAP 808/12002MB (cached 12MB) CPU [16%@1344,31%@1344,28%@1344,30%@1728,5%@729,8%@729] GR3D_FREQ 0% cpu@53.343C soc2@51.718C soc0@52.218C gpu@52.843C tj@53.343C soc1@53.125C VDD_IN 5643mW/6115mW VDD_CPU_GPU_CV 1150mW/1510mW VDD_SOC 1589mW/1600mW
09-12-2026 21:59:57 RAM 4076/7620MB (lfb 152x1MB) SWAP 808/12002MB (cached 12MB) CPU [4%@1344,12%@1344,26%@1344,46%@1344,6%@729,12%@729] GR3D_FREQ 0% cpu@53.562C soc2@51.781C soc0@52.25C gpu@52.656C tj@53.562C soc1@53.062C VDD_IN 5762mW/6110mW VDD_CPU_GPU_CV 1190mW/1506mW VDD_SOC 1587mW/1600mW
09-12-2026 21:59:58 RAM 4076/7620MB (lfb 152x1MB) SWAP 808/12002MB (cached 12MB) CPU [6%@1728,24%@1728,5%@1728,29%@1728,15%@729,33%@729] GR3D_FREQ 28% cpu@53.312C soc2@51.75C soc0@52.25C gpu@52.875C tj@53.312C soc1@53.031C VDD_IN 5683mW/6105mW VDD_CPU_GPU_CV 1150mW/1502mW VDD_SOC 1589mW/1600mW
09-12-2026 21:59:58 RAM 4076/7620MB (lfb 152x1MB) SWAP 808/12002MB (cached 12MB) CPU [11%@1728,37%@1728,6%@1728,22%@1728,35%@729,9%@729] GR3D_FREQ 2% cpu@53.531C soc2@51.812C soc0@52.218C gpu@52.687C tj@53.531C soc1@52.906C VDD_IN 5603mW/6099mW VDD_CPU_GPU_CV 1111mW/1497mW VDD_SOC 1589mW/1600mW
09-12-2026 21:59:59 RAM 4076/7620MB (lfb 152x1MB) SWAP 808/12002MB (cached 12MB) CPU [8%@1728,11%@1728,30%@1728,25%@1728,35%@729,12%@729] GR3D_FREQ 86% cpu@53.687C soc2@51.75C soc0@52.312C gpu@52.906C tj@53.687C soc1@52.906C VDD_IN 5802mW/6096mW VDD_CPU_GPU_CV 1150mW/1493mW VDD_SOC 1626mW/1600mW
09-12-2026 21:59:59 RAM 4076/7620MB (lfb 152x1MB) SWAP 808/12002MB (cached 12MB) CPU [16%@1728,20%@1728,8%@1728,30%@1728,34%@729,8%@729] GR3D_FREQ 0% cpu@53.531C soc2@51.812C soc0@52.281C gpu@52.5C tj@53.531C soc1@52.937C VDD_IN 5802mW/6092mW VDD_CPU_GPU_CV 1190mW/1490mW VDD_SOC 1587mW/1600mW
09-12-2026 22:00:00 RAM 4076/7620MB (lfb 152x1MB) SWAP 808/12002MB (cached 12MB) CPU [22%@729,12%@1728,27%@1728,34%@1728,2%@729,9%@729] GR3D_FREQ 50% cpu@53.656C soc2@51.781C soc0@52.187C gpu@52.875C tj@53.656C soc1@53.125C VDD_IN 5802mW/6089mW VDD_CPU_GPU_CV 1269mW/1487mW VDD_SOC 1587mW/1600mW
09-12-2026 22:00:00 RAM 4076/7620MB (lfb 152x1MB) SWAP 808/12002MB (cached 12MB) CPU [18%@1728,46%@1728,6%@1728,4%@1728,32%@729,9%@729] GR3D_FREQ 0% cpu@53.593C soc2@51.781C soc0@52.156C gpu@52.687C tj@53.593C soc1@52.968C VDD_IN 5723mW/6085mW VDD_CPU_GPU_CV 1230mW/1484mW VDD_SOC 1589mW/1600mW
09-12-2026 22:00:01 RAM 4076/7620MB (lfb 152x1MB) SWAP 808/12002MB (cached 12MB) CPU [12%@1728,21%@1728,20%@1728,15%@1728,22%@729,20%@729] GR3D_FREQ 0% cpu@53.375C soc2@51.875C soc0@52.187C gpu@52.687C tj@53.375C soc1@53.031C VDD_IN 5683mW/6080mW VDD_CPU_GPU_CV 1150mW/1481mW VDD_SOC 1589mW/1599mW
09-12-2026 22:00:01 RAM 4076/7620MB (lfb 152x1MB) SWAP 808/12002MB (cached 12MB) CPU [8%@1728,14%@1728,22%@1728,41%@1728,13%@729,21%@729] GR3D_FREQ 23% cpu@53.437C soc2@51.781C soc0@52.156C gpu@52.687C tj@53.437C soc1@52.937C VDD_IN 5723mW/6076mW VDD_CPU_GPU_CV 1190mW/1477mW VDD_SOC 1587mW/1599mW
09-12-2026 22:00:02 RAM 4076/7620MB (lfb 152x1MB) SWAP 808/12002MB (cached 12MB) CPU [4%@729,16%@729,35%@729,31%@729,19%@729,4%@729] GR3D_FREQ 99% cpu@53.406C soc2@51.843C soc0@52.375C gpu@52.687C tj@53.406C soc1@52.937C VDD_IN 5723mW/6073mW VDD_CPU_GPU_CV 1190mW/1474mW VDD_SOC 1587mW/1599mW
09-12-2026 22:00:02 RAM 4076/7620MB (lfb 152x1MB) SWAP 808/12002MB (cached 12MB) CPU [4%@1728,28%@1728,22%@1728,36%@1728,15%@729,12%@729] GR3D_FREQ 0% cpu@53.968C soc2@51.781C soc0@52.281C gpu@52.593C tj@53.968C soc1@52.906C VDD_IN 5683mW/6068mW VDD_CPU_GPU_CV 1150mW/1471mW VDD_SOC 1589mW/1599mW
09-12-2026 22:00:03 RAM 4076/7620MB (lfb 152x1MB) SWAP 808/12002MB (cached 12MB) CPU [8%@729,55%@729,5%@729,19%@729,15%@729,14%@729] GR3D_FREQ 22% cpu@53.468C soc2@51.75C soc0@52.156C gpu@52.687C tj@53.468C soc1@52.875C VDD_IN 5643mW/6064mW VDD_CPU_GPU_CV 1111mW/1467mW VDD_SOC 1587mW/1599mW
09-12-2026 22:00:03 RAM 4076/7620MB (lfb 152x1MB) SWAP 808/12002MB (cached 12MB) CPU [6%@1728,46%@1728,19%@1728,27%@1728,9%@729,5%@729] GR3D_FREQ 0% cpu@53.375C soc2@51.75C soc0@52.187C gpu@52.562C tj@53.406C soc1@53.093C VDD_IN 5524mW/6058mW VDD_CPU_GPU_CV 1031mW/1462mW VDD_SOC 1547mW/1598mW
09-12-2026 22:00:04 RAM 4076/7620MB (lfb 152x1MB) SWAP 808/12002MB (cached 12MB) CPU [4%@1728,26%@1728,18%@1728,30%@1728,6%@729,17%@729] GR3D_FREQ 80% cpu@53.343C soc2@51.875C soc0@52.156C gpu@52.687C tj@53.343C soc1@53C VDD_IN 5564mW/6053mW VDD_CPU_GPU_CV 1071mW/1458mW VDD_SOC 1587mW/1598mW
09-12-2026 22:00:04 RAM 4076/7620MB (lfb 152x1MB) SWAP 808/12002MB (cached 12MB) CPU [32%@1728,6%@1728,13%@1728,16%@1728,22%@729,25%@729] GR3D_FREQ 0% cpu@53.625C soc2@51.75C soc0@52.125C gpu@52.5C tj@53.625C soc1@53C VDD_IN 5564mW/6048mW VDD_CPU_GPU_CV 1071mW/1454mW VDD_SOC 1550mW/1598mW
09-12-2026 22:00:05 RAM 4076/7620MB (lfb 152x1MB) SWAP 808/12002MB (cached 12MB) CPU [24%@729,14%@729,14%@729,36%@729,15%@729,7%@729] GR3D_FREQ 95% cpu@53.375C soc2@51.781C soc0@52.406C gpu@52.656C tj@53.375C soc1@52.937C VDD_IN 5683mW/6044mW VDD_CPU_GPU_CV 1150mW/1451mW VDD_SOC 1587mW/1598mW
09-12-2026 22:00:05 RAM 4076/7620MB (lfb 152x1MB) SWAP 808/12002MB (cached 12MB) CPU [11%@1113,20%@1113,6%@1113,30%@1113,24%@729,25%@729] GR3D_FREQ 0% cpu@53.312C soc2@51.812C soc0@52.218C gpu@52.5C tj@53.312C soc1@52.812C VDD_IN 5683mW/6040mW VDD_CPU_GPU_CV 1111mW/1447mW VDD_SOC 1587mW/1597mW
09-12-2026 22:00:06 RAM 4076/7620MB (lfb 152x1MB) SWAP 808/12002MB (cached 12MB) CPU [4%@1728,49%@1728,3%@1728,24%@1728,13%@729,15%@729] GR3D_FREQ 55% cpu@53.468C soc2@51.718C soc0@52.281C gpu@52.687C tj@53.468C soc1@52.875C VDD_IN 5683mW/6037mW VDD_CPU_GPU_CV 1190mW/1445mW VDD_SOC 1587mW/1597mW
09-12-2026 22:00:06 RAM 4076/7620MB (lfb 152x1MB) SWAP 808/12002MB (cached 12MB) CPU [4%@1344,23%@1344,4%@1344,30%@1344,32%@729,19%@729] GR3D_FREQ 0% cpu@53.281C soc2@51.656C soc0@52.187C gpu@52.593C tj@53.281C soc1@53.062C VDD_IN 5643mW/6033mW VDD_CPU_GPU_CV 1150mW/1442mW VDD_SOC 1589mW/1597mW
09-12-2026 22:00:07 RAM 4076/7620MB (lfb 152x1MB) SWAP 808/12002MB (cached 12MB) CPU [14%@1728,62%@1728,5%@1728,5%@1728,15%@729,14%@729] GR3D_FREQ 0% cpu@53.281C soc2@51.656C soc0@52C gpu@52.593C tj@53.375C soc1@52.968C VDD_IN 5802mW/6030mW VDD_CPU_GPU_CV 1269mW/1440mW VDD_SOC 1587mW/1597mW
09-12-2026 22:00:07 RAM 4076/7620MB (lfb 152x1MB) SWAP 808/12002MB (cached 12MB) CPU [32%@1728,28%@1728,5%@1728,14%@1728,18%@729,23%@729] GR3D_FREQ 0% cpu@53.312C soc2@51.781C soc0@52.125C gpu@52.468C tj@53.25C soc1@53C VDD_IN 5723mW/6027mW VDD_CPU_GPU_CV 1190mW/1438mW VDD_SOC 1587mW/1597mW
09-12-2026 22:00:08 RAM 4076/7620MB (lfb 152x1MB) SWAP 808/12002MB (cached 12MB) CPU [7%@806,41%@806,36%@806,9%@806,2%@729,19%@729] GR3D_FREQ 0% cpu@53.625C soc2@51.687C soc0@52.343C gpu@52.406C tj@53.625C soc1@52.906C VDD_IN 5564mW/6023mW VDD_CPU_GPU_CV 1111mW/1435mW VDD_SOC 1550mW/1597mW
09-12-2026 22:00:08 RAM 4076/7620MB (lfb 152x1MB) SWAP 808/12002MB (cached 12MB) CPU [26%@729,30%@729,22%@729,16%@729,9%@960,2%@960] GR3D_FREQ 99% cpu@53.437C soc2@51.75C soc0@52.156C gpu@52.593C tj@53.437C soc1@52.906C VDD_IN 5564mW/6019mW VDD_CPU_GPU_CV 1071mW/1431mW VDD_SOC 1547mW/1596mW
09-12-2026 22:00:09 RAM 4076/7620MB (lfb 152x1MB) SWAP 808/12002MB (cached 12MB) CPU [8%@729,30%@729,29%@729,19%@729,12%@729,26%@729] GR3D_FREQ 0% cpu@53.437C soc2@51.625C soc0@52.093C gpu@52.343C tj@53.437C soc1@52.812C VDD_IN 5683mW/6015mW VDD_CPU_GPU_CV 1111mW/1428mW VDD_SOC 1587mW/1596mW
09-12-2026 22:00:09 RAM 4076/7620MB (lfb 152x1MB) SWAP 808/12002MB (cached 12MB) CPU [9%@729,26%@729,45%@729,23%@729,7%@729,13%@729] GR3D_FREQ 73% cpu@53.406C soc2@51.781C soc0@52.218C gpu@52.5C tj@53.406C soc1@52.812C VDD_IN 5683mW/6012mW VDD_CPU_GPU_CV 1150mW/1425mW VDD_SOC 1587mW/1596mW
09-12-2026 22:00:10 RAM 4076/7620MB (lfb 152x1MB) SWAP 808/12002MB (cached 12MB) CPU [4%@1728,50%@1728,9%@1728,21%@1728,18%@729,10%@729] GR3D_FREQ 0% cpu@53.25C soc2@51.593C soc0@52.093C gpu@52.5C tj@53.25C soc1@52.937C VDD_IN 5643mW/6009mW VDD_CPU_GPU_CV 1111mW/1422mW VDD_SOC 1587mW/1596mW
09-12-2026 22:00:10 RAM 4076/7620MB (lfb 152x1MB) SWAP 808/12002MB (cached 12MB) CPU [20%@1728,19%@1728,16%@1728,44%@1728,6%@729,10%@729] GR3D_FREQ 1% cpu@53.343C soc2@51.75C soc0@52.062C gpu@52.437C tj@53.343C soc1@52.937C VDD_IN 5603mW/6005mW VDD_CPU_GPU_CV 1111mW/1420mW VDD_SOC 1587mW/1596mW
09-12-2026 22:00:11 RAM 4076/7620MB (lfb 152x1MB) SWAP 808/12002MB (cached 12MB) CPU [6%@1190,27%@1190,38%@1728,21%@1728,18%@729,5%@729] GR3D_FREQ 0% cpu@53.5C soc2@51.687C soc0@52.156C gpu@52.531C tj@53.5C soc1@52.906C VDD_IN 5683mW/6002mW VDD_CPU_GPU_CV 1150mW/1417mW VDD_SOC 1587mW/1596mW
09-12-2026 22:00:11 RAM 4076/7620MB (lfb 152x1MB) SWAP 808/12002MB (cached 12MB) CPU [20%@729,8%@729,41%@729,11%@729,37%@806,8%@806] GR3D_FREQ 0% cpu@53.5C soc2@51.812C soc0@52.343C gpu@52.437C tj@53.5C soc1@52.812C VDD_IN 5802mW/6000mW VDD_CPU_GPU_CV 1190mW/1415mW VDD_SOC 1626mW/1596mW
09-12-2026 22:00:12 RAM 4076/7620MB (lfb 152x1MB) SWAP 808/12002MB (cached 12MB) CPU [25%@883,9%@960,44%@960,19%@960,14%@729,7%@729] GR3D_FREQ 0% cpu@53.468C soc2@51.625C soc0@52.25C gpu@52.562C tj@53.468C soc1@52.843C VDD_IN 5842mW/5999mW VDD_CPU_GPU_CV 1230mW/1413mW VDD_SOC 1587mW/1596mW
09-12-2026 22:00:12 RAM 4076/7620MB (lfb 152x1MB) SWAP 808/12002MB (cached 12MB) CPU [8%@729,22%@729,19%@1728,48%@1728,12%@729,10%@729] GR3D_FREQ 27% cpu@53.312C soc2@51.781C soc0@52.156C gpu@52.5C tj@53.312C soc1@52.875C VDD_IN 5961mW/5998mW VDD_CPU_GPU_CV 1309mW/1412mW VDD_SOC 1626mW/1596mW
09-12-2026 22:00:13 RAM 4076/7620MB (lfb 152x1MB) SWAP 808/12002MB (cached 12MB) CPU [25%@1728,27%@1728,7%@1728,25%@1728,30%@729,6%@729] GR3D_FREQ 0% cpu@53.375C soc2@51.593C soc0@52.25C gpu@52.5C tj@53.375C soc1@53.031C VDD_IN 5842mW/5997mW VDD_CPU_GPU_CV 1230mW/1411mW VDD_SOC 1626mW/1596mW
09-12-2026 22:00:13 RAM 4076/7620MB (lfb 152x1MB) SWAP 808/12002MB (cached 12MB) CPU [30%@960,24%@960,26%@960,6%@960,5%@729,20%@729] GR3D_FREQ 0% cpu@53.25C soc2@51.625C soc0@52.187C gpu@52.468C tj@53.25C soc1@52.906C VDD_IN 5762mW/5995mW VDD_CPU_GPU_CV 1150mW/1409mW VDD_SOC 1587mW/1596mW
09-12-2026 22:00:14 RAM 4076/7620MB (lfb 152x1MB) SWAP 808/12002MB (cached 12MB) CPU [11%@729,49%@729,24%@729,14%@729,16%@729,9%@729] GR3D_FREQ 59% cpu@53.312C soc2@51.781C soc0@52.062C gpu@52.531C tj@53.375C soc1@52.906C VDD_IN 5921mW/5994mW VDD_CPU_GPU_CV 1230mW/1407mW VDD_SOC 1626mW/1597mW
09-12-2026 22:00:14 RAM 4076/7620MB (lfb 152x1MB) SWAP 808/12002MB (cached 12MB) CPU [24%@1728,18%@1728,8%@1728,24%@1728,11%@729,37%@729] GR3D_FREQ 0% cpu@53.218C soc2@51.656C soc0@52.156C gpu@52.5C tj@53.218C soc1@52.906C VDD_IN 5842mW/5993mW VDD_CPU_GPU_CV 1190mW/1405mW VDD_SOC 1626mW/1597mW
09-12-2026 22:00:15 RAM 4076/7620MB (lfb 152x1MB) SWAP 808/12002MB (cached 12MB) CPU [24%@729,22%@729,13%@729,30%@729,19%@729,15%@729] GR3D_FREQ 64% cpu@53.593C soc2@51.718C soc0@52.093C gpu@52.5C tj@53.593C soc1@52.875C VDD_IN 5882mW/5992mW VDD_CPU_GPU_CV 1230mW/1404mW VDD_SOC 1626mW/1597mW
09-12-2026 22:00:15 RAM 4076/7620MB (lfb 152x1MB) SWAP 808/12002MB (cached 12MB) CPU [8%@729,24%@729,27%@729,17%@729,29%@729,19%@729] GR3D_FREQ 99% cpu@53.718C soc2@51.687C soc0@52.312C gpu@52.625C tj@53.718C soc1@52.843C VDD_IN 5921mW/5991mW VDD_CPU_GPU_CV 1269mW/1402mW VDD_SOC 1626mW/1597mW
09-12-2026 22:00:16 RAM 4076/7620MB (lfb 152x1MB) SWAP 808/12002MB (cached 12MB) CPU [8%@729,66%@729,18%@729,11%@729,11%@729,9%@729] GR3D_FREQ 67% cpu@53.5C soc2@51.781C soc0@52.125C gpu@52.468C tj@53.5C soc1@52.875C VDD_IN 6001mW/5992mW VDD_CPU_GPU_CV 1309mW/1402mW VDD_SOC 1626mW/1598mW
09-12-2026 22:00:16 RAM 4076/7620MB (lfb 152x1MB) SWAP 808/12002MB (cached 12MB) CPU [8%@729,30%@729,4%@729,46%@729,16%@729,8%@729] GR3D_FREQ 89% cpu@53.562C soc2@51.656C soc0@52.187C gpu@52.562C tj@53.562C soc1@52.875C VDD_IN 5921mW/5991mW VDD_CPU_GPU_CV 1269mW/1401mW VDD_SOC 1626mW/1598mW
09-12-2026 22:00:17 RAM 4076/7620MB (lfb 152x1MB) SWAP 808/12002MB (cached 12MB) CPU [37%@1190,34%@1190,21%@1190,7%@1190,7%@806,10%@806] GR3D_FREQ 0% cpu@53.343C soc2@51.625C soc0@52.062C gpu@52.468C tj@53.375C soc1@53C VDD_IN 5723mW/5989mW VDD_CPU_GPU_CV 1111mW/1398mW VDD_SOC 1587mW/1598mW
09-12-2026 22:00:17 RAM 4076/7620MB (lfb 152x1MB) SWAP 808/12002MB (cached 12MB) CPU [10%@1190,23%@1190,22%@1190,24%@1190,16%@729,25%@729] GR3D_FREQ 0% cpu@53.406C soc2@51.562C soc0@52.125C gpu@52.531C tj@53.406C soc1@52.937C VDD_IN 5723mW/5987mW VDD_CPU_GPU_CV 1111mW/1396mW VDD_SOC 1587mW/1598mW
09-12-2026 22:00:18 RAM 4076/7620MB (lfb 152x1MB) SWAP 808/12002MB (cached 12MB) CPU [42%@1267,8%@1267,22%@1267,11%@1267,24%@729,14%@729] GR3D_FREQ 0% cpu@53.437C soc2@51.718C soc0@52.062C gpu@52.437C tj@53.437C soc1@52.875C VDD_IN 5723mW/5984mW VDD_CPU_GPU_CV 1111mW/1394mW VDD_SOC 1587mW/1598mW
09-12-2026 22:00:18 RAM 4076/7620MB (lfb 152x1MB) SWAP 808/12002MB (cached 12MB) CPU [13%@729,38%@729,11%@729,6%@729,14%@729,41%@729] GR3D_FREQ 27% cpu@53.281C soc2@51.687C soc0@52.031C gpu@52.625C tj@53.281C soc1@52.812C VDD_IN 5842mW/5983mW VDD_CPU_GPU_CV 1190mW/1392mW VDD_SOC 1626mW/1598mW
09-12-2026 22:00:19 RAM 4076/7620MB (lfb 152x1MB) SWAP 808/12002MB (cached 12MB) CPU [28%@729,25%@1728,8%@1728,35%@1728,11%@729,14%@729] GR3D_FREQ 99% cpu@53.375C soc2@51.718C soc0@52.218C gpu@52.531C tj@53.375C soc1@52.843C VDD_IN 5842mW/5982mW VDD_CPU_GPU_CV 1190mW/1390mW VDD_SOC 1626mW/1598mW
09-12-2026 22:00:19 RAM 4076/7620MB (lfb 152x1MB) SWAP 808/12002MB (cached 12MB) CPU [8%@729,41%@729,22%@729,20%@729,14%@729,15%@729] GR3D_FREQ 91% cpu@53.468C soc2@51.656C soc0@52.187C gpu@52.562C tj@53.468C soc1@52.843C VDD_IN 5842mW/5981mW VDD_CPU_GPU_CV 1190mW/1389mW VDD_SOC 1626mW/1598mW
09-12-2026 22:00:20 RAM 4076/7620MB (lfb 152x1MB) SWAP 808/12002MB (cached 12MB) CPU [12%@1728,23%@1728,27%@1728,40%@1728,9%@729,11%@729] GR3D_FREQ 1% cpu@53.437C soc2@51.687C soc0@52.218C gpu@52.656C tj@53.437C soc1@52.906C VDD_IN 5842mW/5980mW VDD_CPU_GPU_CV 1190mW/1387mW VDD_SOC 1626mW/1599mW
09-12-2026 22:00:20 RAM 4076/7620MB (lfb 152x1MB) SWAP 808/12002MB (cached 12MB) CPU [8%@1728,20%@1728,33%@1728,24%@1728,18%@729,15%@729] GR3D_FREQ 0% cpu@53.437C soc2@51.625C soc0@52.156C gpu@52.5C tj@53.437C soc1@52.843C VDD_IN 5842mW/5979mW VDD_CPU_GPU_CV 1150mW/1385mW VDD_SOC 1626mW/1599mW
09-12-2026 22:00:21 RAM 4076/7620MB (lfb 152x1MB) SWAP 808/12002MB (cached 12MB) CPU [10%@1728,9%@1728,42%@1728,18%@1728,10%@729,20%@729] GR3D_FREQ 99% cpu@53.562C soc2@51.562C soc0@52.187C gpu@52.468C tj@53.562C soc1@52.843C VDD_IN 5802mW/5978mW VDD_CPU_GPU_CV 1190mW/1384mW VDD_SOC 1626mW/1599mW
09-12-2026 22:00:21 RAM 4076/7620MB (lfb 152x1MB) SWAP 808/12002MB (cached 12MB) CPU [12%@1728,32%@1728,33%@1728,20%@1728,6%@729,12%@729] GR3D_FREQ 23% cpu@53.375C soc2@51.593C soc0@52.062C gpu@52.625C tj@53.375C soc1@52.843C VDD_IN 5802mW/5976mW VDD_CPU_GPU_CV 1190mW/1382mW VDD_SOC 1626mW/1599mW
09-12-2026 22:00:22 RAM 4076/7620MB (lfb 152x1MB) SWAP 808/12002MB (cached 12MB) CPU [12%@1728,24%@1728,25%@1728,45%@1728,12%@729,8%@729] GR3D_FREQ 0% cpu@53.437C soc2@51.625C soc0@52.125C gpu@52.375C tj@53.437C soc1@53C VDD_IN 5762mW/5975mW VDD_CPU_GPU_CV 1150mW/1380mW VDD_SOC 1587mW/1599mW
09-12-2026 22:00:22 RAM 4076/7620MB (lfb 150x1MB) SWAP 808/12002MB (cached 12MB) CPU [11%@960,43%@960,19%@960,10%@960,12%@729,27%@729] GR3D_FREQ 0% cpu@53.375C soc2@51.718C soc0@52.031C gpu@52.312C tj@53.375C soc1@52.937C VDD_IN 5762mW/5973mW VDD_CPU_GPU_CV 1190mW/1379mW VDD_SOC 1587mW/1599mW
09-12-2026 22:00:23 RAM 4076/7620MB (lfb 150x1MB) SWAP 808/12002MB (cached 12MB) CPU [15%@1728,34%@1728,24%@1728,23%@1728,8%@729,16%@729] GR3D_FREQ 48% cpu@53.5C soc2@51.718C soc0@52C gpu@52.531C tj@53.5C soc1@52.937C VDD_IN 5842mW/5972mW VDD_CPU_GPU_CV 1190mW/1378mW VDD_SOC 1626mW/1599mW
09-12-2026 22:00:23 RAM 4076/7620MB (lfb 150x1MB) SWAP 808/12002MB (cached 12MB) CPU [24%@1728,11%@1728,29%@1728,7%@1728,34%@729,11%@729] GR3D_FREQ 89% cpu@53.562C soc2@51.656C soc0@52.218C gpu@52.468C tj@53.562C soc1@52.843C VDD_IN 5723mW/5970mW VDD_CPU_GPU_CV 1150mW/1376mW VDD_SOC 1587mW/1599mW
09-12-2026 22:00:24 RAM 4076/7620MB (lfb 150x1MB) SWAP 808/12002MB (cached 12MB) CPU [10%@1728,20%@1728,22%@1728,35%@1728,27%@729,8%@729] GR3D_FREQ 0% cpu@53.218C soc2@51.687C soc0@52.25C gpu@52.312C tj@53.218C soc1@52.812C VDD_IN 5683mW/5968mW VDD_CPU_GPU_CV 1150mW/1374mW VDD_SOC 1587mW/1599mW
09-12-2026 22:00:24 RAM 4076/7620MB (lfb 150x1MB) SWAP 808/12002MB (cached 12MB) CPU [18%@960,29%@960,9%@960,8%@1728,19%@729,37%@729] GR3D_FREQ 0% cpu@53.5C soc2@51.625C soc0@52.093C gpu@52.687C tj@53.5C soc1@52.781C VDD_IN 5762mW/5966mW VDD_CPU_GPU_CV 1190mW/1373mW VDD_SOC 1587mW/1599mW
09-12-2026 22:00:25 RAM 4077/7620MB (lfb 150x1MB) SWAP 808/12002MB (cached 12MB) CPU [28%@1728,23%@1728,41%@1728,22%@1728,34%@729,46%@729] GR3D_FREQ 0% cpu@53.468C soc2@51.625C soc0@52.093C gpu@52.375C tj@53.468C soc1@52.75C VDD_IN 6229mW/5968mW VDD_CPU_GPU_CV 1545mW/1374mW VDD_SOC 1626mW/1599mW
09-12-2026 22:00:26 RAM 4078/7620MB (lfb 150x1MB) SWAP 808/12002MB (cached 12MB) CPU [24%@729,26%@729,38%@729,44%@1728,36%@729,51%@729] GR3D_FREQ 28% cpu@53.656C soc2@51.718C soc0@52.031C gpu@52.812C tj@53.656C soc1@52.906C VDD_IN 6467mW/5972mW VDD_CPU_GPU_CV 1743mW/1377mW VDD_SOC 1626mW/1599mW
09-12-2026 22:00:26 RAM 4078/7620MB (lfb 150x1MB) SWAP 808/12002MB (cached 12MB) CPU [25%@729,12%@729,11%@729,7%@1728,46%@729,22%@729] GR3D_FREQ 0% cpu@53.281C soc2@51.656C soc0@52.062C gpu@52.375C tj@53.281C soc1@52.906C VDD_IN 5961mW/5972mW VDD_CPU_GPU_CV 1349mW/1377mW VDD_SOC 1587mW/1599mW
09-12-2026 22:00:27 RAM 4078/7620MB (lfb 150x1MB) SWAP 808/12002MB (cached 12MB) CPU [10%@1036,23%@1036,26%@1036,23%@1036,10%@729,29%@729] GR3D_FREQ 0% cpu@53.562C soc2@51.687C soc0@52.031C gpu@52.656C tj@53.562C soc1@52.906C VDD_IN 5842mW/5971mW VDD_CPU_GPU_CV 1230mW/1376mW VDD_SOC 1626mW/1599mW
09-12-2026 22:00:27 RAM 4078/7620MB (lfb 150x1MB) SWAP 808/12002MB (cached 12MB) CPU [11%@729,6%@729,16%@729,44%@729,11%@1651,30%@1651] GR3D_FREQ 0% cpu@53.562C soc2@51.593C soc0@52.25C gpu@52.312C tj@53.562C soc1@52.812C VDD_IN 5802mW/5970mW VDD_CPU_GPU_CV 1269mW/1375mW VDD_SOC 1587mW/1599mW
09-12-2026 22:00:28 RAM 4078/7620MB (lfb 150x1MB) SWAP 808/12002MB (cached 12MB) CPU [24%@729,38%@729,22%@729,7%@729,8%@729,20%@729] GR3D_FREQ 78% cpu@53.375C soc2@51.625C soc0@52.156C gpu@52.687C tj@53.375C soc1@52.812C VDD_IN 5762mW/5968mW VDD_CPU_GPU_CV 1190mW/1374mW VDD_SOC 1587mW/1599mW
09-12-2026 22:00:28 RAM 4078/7620MB (lfb 150x1MB) SWAP 808/12002MB (cached 12MB) CPU [10%@960,32%@960,18%@960,37%@960,6%@729,15%@729] GR3D_FREQ 0% cpu@53.281C soc2@51.656C soc0@52.156C gpu@52.281C tj@53.281C soc1@52.843C VDD_IN 5683mW/5966mW VDD_CPU_GPU_CV 1111mW/1372mW VDD_SOC 1587mW/1599mW
09-12-2026 22:00:29 RAM 4078/7620MB (lfb 150x1MB) SWAP 808/12002MB (cached 12MB) CPU [11%@1728,24%@1728,36%@1728,30%@1728,6%@729,9%@729] GR3D_FREQ 0% cpu@53.25C soc2@51.625C soc0@52.093C gpu@52.656C tj@53.25C soc1@53C VDD_IN 5762mW/5965mW VDD_CPU_GPU_CV 1150mW/1370mW VDD_SOC 1626mW/1599mW
09-12-2026 22:00:29 RAM 4078/7620MB (lfb 150x1MB) SWAP 808/12002MB (cached 12MB) CPU [32%@729,24%@1728,5%@1728,25%@1728,10%@729,22%@729] GR3D_FREQ 0% cpu@53.281C soc2@51.593C soc0@52C gpu@52.281C tj@53.281C soc1@52.937C VDD_IN 5683mW/5963mW VDD_CPU_GPU_CV 1111mW/1368mW VDD_SOC 1587mW/1599mW
09-12-2026 22:00:30 RAM 4078/7620MB (lfb 150x1MB) SWAP 808/12002MB (cached 12MB) CPU [26%@1036,55%@1036,7%@1036,15%@1036,9%@729,5%@729] GR3D_FREQ 0% cpu@53.187C soc2@51.625C soc0@52.031C gpu@52.562C tj@53.187C soc1@52.875C VDD_IN 5723mW/5961mW VDD_CPU_GPU_CV 1190mW/1367mW VDD_SOC 1587mW/1599mW
09-12-2026 22:00:30 RAM 4078/7620MB (lfb 150x1MB) SWAP 808/12002MB (cached 12MB) CPU [28%@1728,12%@1728,39%@1728,23%@1728,18%@729,4%@729] GR3D_FREQ 0% cpu@53.531C soc2@51.593C soc0@52.031C gpu@52.281C tj@53.531C soc1@52.843C VDD_IN 5762mW/5960mW VDD_CPU_GPU_CV 1150mW/1366mW VDD_SOC 1587mW/1599mW
09-12-2026 22:00:31 RAM 4078/7620MB (lfb 150x1MB) SWAP 808/12002MB (cached 12MB) CPU [14%@729,25%@729,13%@729,50%@729,8%@729,11%@729] GR3D_FREQ 94% cpu@53.468C soc2@51.687C soc0@51.968C gpu@52.656C tj@53.468C soc1@52.812C VDD_IN 5802mW/5959mW VDD_CPU_GPU_CV 1150mW/1364mW VDD_SOC 1626mW/1599mW
09-12-2026 22:00:31 RAM 4078/7620MB (lfb 150x1MB) SWAP 808/12002MB (cached 12MB) CPU [20%@1728,19%@1728,22%@1728,6%@1728,34%@729,17%@729] GR3D_FREQ 0% cpu@53.156C soc2@51.562C soc0@52.125C gpu@52.25C tj@53.156C soc1@52.75C VDD_IN 5723mW/5957mW VDD_CPU_GPU_CV 1150mW/1363mW VDD_SOC 1587mW/1599mW
