09-12-2026 20:09:04 RAM 3657/7620MB (lfb 116x1MB) SWAP 941/12002MB (cached 12MB) CPU [12%@1728,12%@1728,19%@1728,88%@1728,1%@1728,26%@1728] GR3D_FREQ 0% cpu@57.687C soc2@55.812C soc0@55.906C gpu@56.343C tj@57.687C soc1@56.687C VDD_IN 5991mW/5991mW VDD_CPU_GPU_CV 1624mW/1624mW VDD_SOC 1507mW/1507mW
09-12-2026 20:09:04 RAM 3760/7620MB (lfb 116x1MB) SWAP 941/12002MB (cached 12MB) CPU [19%@1728,36%@1728,24%@1728,71%@1728,15%@729,43%@729] GR3D_FREQ 0% cpu@57.125C soc2@55.75C soc0@56C gpu@56.437C tj@57.187C soc1@56.812C VDD_IN 6190mW/6091mW VDD_CPU_GPU_CV 1505mW/1565mW VDD_SOC 1626mW/1567mW
09-12-2026 20:09:05 RAM 3780/7620MB (lfb 116x1MB) SWAP 941/12002MB (cached 12MB) CPU [0%@1651,0%@1651,0%@1651,97%@1651,3%@729,2%@729] GR3D_FREQ 4% cpu@57.218C soc2@55.656C soc0@55.812C gpu@56.312C tj@57.218C soc1@56.718C VDD_IN 5912mW/6031mW VDD_CPU_GPU_CV 1309mW/1479mW VDD_SOC 1547mW/1560mW
09-12-2026 20:09:05 RAM 4095/7620MB (lfb 116x1MB) SWAP 941/12002MB (cached 12MB) CPU [26%@1036,40%@1036,8%@1036,66%@1036,58%@729,41%@729] GR3D_FREQ 5% cpu@57.156C soc2@55.812C soc0@55.843C gpu@56.437C tj@57.156C soc1@56.781C VDD_IN 6031mW/6031mW VDD_CPU_GPU_CV 1307mW/1436mW VDD_SOC 1626mW/1577mW
09-12-2026 20:09:06 RAM 4135/7620MB (lfb 116x1MB) SWAP 941/12002MB (cached 12MB) CPU [2%@1728,2%@1728,3%@1728,96%@1728,3%@729,0%@729] GR3D_FREQ 0% cpu@57.156C soc2@55.812C soc0@55.812C gpu@56.343C tj@57.156C soc1@56.593C VDD_IN 5842mW/5993mW VDD_CPU_GPU_CV 1230mW/1395mW VDD_SOC 1587mW/1579mW
09-12-2026 20:09:06 RAM 4637/7620MB (lfb 1x2MB) SWAP 941/12002MB (cached 12MB) CPU [18%@1036,30%@1036,28%@1036,65%@1036,48%@1113,4%@1113] GR3D_FREQ 16% cpu@57.531C soc2@55.625C soc0@55.968C gpu@56.125C tj@57.531C soc1@56.593C VDD_IN 5991mW/5993mW VDD_CPU_GPU_CV 1269mW/1374mW VDD_SOC 1626mW/1587mW
09-12-2026 20:09:07 RAM 4864/7620MB (lfb 13x1MB) SWAP 941/12002MB (cached 12MB) CPU [11%@1728,76%@1728,15%@1728,29%@1728,16%@729,28%@729] GR3D_FREQ 0% cpu@57.25C soc2@55.656C soc0@55.906C gpu@56.281C tj@57.25C soc1@56.593C VDD_IN 5991mW/5993mW VDD_CPU_GPU_CV 1269mW/1359mW VDD_SOC 1626mW/1592mW
09-12-2026 20:09:07 RAM 5148/7620MB (lfb 2x128kB) SWAP 941/12002MB (cached 12MB) CPU [18%@1190,68%@1190,25%@1190,24%@1190,22%@1728,33%@1728] GR3D_FREQ 16% cpu@57.312C soc2@55.687C soc0@55.812C gpu@56.187C tj@57.312C soc1@56.562C VDD_IN 6150mW/6012mW VDD_CPU_GPU_CV 1386mW/1362mW VDD_SOC 1626mW/1596mW
09-12-2026 20:09:08 RAM 5499/7620MB (lfb 12x256kB) SWAP 941/12002MB (cached 12MB) CPU [16%@1728,74%@1728,37%@1728,22%@1728,33%@729,34%@729] GR3D_FREQ 0% cpu@57.156C soc2@55.625C soc0@55.812C gpu@56.25C tj@57.156C soc1@56.812C VDD_IN 6110mW/6023mW VDD_CPU_GPU_CV 1346mW/1361mW VDD_SOC 1626mW/1600mW
09-12-2026 20:09:08 RAM 5634/7620MB (lfb 17x512kB) SWAP 941/12002MB (cached 12MB) CPU [16%@1420,90%@1420,0%@1420,10%@1420,12%@729,15%@729] GR3D_FREQ 0% cpu@57.281C soc2@55.718C soc0@55.781C gpu@56.125C tj@57.281C soc1@56.687C VDD_IN 6110mW/6032mW VDD_CPU_GPU_CV 1386mW/1363mW VDD_SOC 1587mW/1598mW
09-12-2026 20:09:09 RAM 6123/7620MB (lfb 41x64kB) SWAP 941/12002MB (cached 12MB) CPU [38%@729,42%@729,30%@729,50%@729,62%@1497,41%@1497] GR3D_FREQ 16% cpu@57.343C soc2@55.812C soc0@55.812C gpu@56.25C tj@57.343C soc1@56.718C VDD_IN 6388mW/6064mW VDD_CPU_GPU_CV 1545mW/1380mW VDD_SOC 1666mW/1605mW
09-12-2026 20:09:09 RAM 6209/7620MB (lfb 1x128kB) SWAP 941/12002MB (cached 12MB) CPU [78%@1728,6%@1728,6%@1728,6%@1728,11%@729,19%@729] GR3D_FREQ 0% cpu@57.312C soc2@55.781C soc0@55.906C gpu@56.156C tj@57.25C soc1@56.687C VDD_IN 6031mW/6061mW VDD_CPU_GPU_CV 1346mW/1377mW VDD_SOC 1587mW/1603mW
09-12-2026 20:09:10 RAM 6561/7620MB (lfb 1x128kB) SWAP 941/12002MB (cached 12MB) CPU [48%@1113,24%@1113,43%@1113,25%@1113,34%@1728,31%@1728] GR3D_FREQ 6% cpu@57.593C soc2@55.687C soc0@55.875C gpu@56.218C tj@57.593C soc1@56.625C VDD_IN 6190mW/6071mW VDD_CPU_GPU_CV 1465mW/1384mW VDD_SOC 1626mW/1605mW
09-12-2026 20:09:10 RAM 6890/7620MB (lfb 1x1MB) SWAP 941/12002MB (cached 12MB) CPU [25%@1651,24%@1651,71%@1651,43%@1651,54%@1728,61%@1728] GR3D_FREQ 27% cpu@57.625C soc2@55.781C soc0@55.812C gpu@56.218C tj@57.625C soc1@56.656C VDD_IN 6586mW/6108mW VDD_CPU_GPU_CV 1861mW/1418mW VDD_SOC 1626mW/1606mW
09-12-2026 20:09:11 RAM 6908/7620MB (lfb 1x1MB) SWAP 941/12002MB (cached 12MB) CPU [4%@1728,2%@1728,1%@1728,94%@1728,0%@729,29%@729] GR3D_FREQ 0% cpu@57.25C soc2@55.718C soc0@55.781C gpu@56.531C tj@57.281C soc1@56.812C VDD_IN 6190mW/6114mW VDD_CPU_GPU_CV 1545mW/1426mW VDD_SOC 1587mW/1605mW
09-12-2026 20:09:11 RAM 7028/7620MB (lfb 14x128kB) SWAP 970/12002MB (cached 12MB) CPU [45%@1574,22%@1574,20%@1728,36%@1728,5%@1728,43%@1728] GR3D_FREQ 17% cpu@57.281C soc2@55.812C soc0@55.843C gpu@56.25C tj@57.281C soc1@56.656C VDD_IN 6229mW/6121mW VDD_CPU_GPU_CV 1624mW/1439mW VDD_SOC 1587mW/1604mW
09-12-2026 20:09:12 RAM 7128/7620MB (lfb 12x128kB) SWAP 1047/12002MB (cached 11MB) CPU [39%@1344,53%@1344,30%@1344,32%@1344,6%@1728,100%@1728] GR3D_FREQ 2% cpu@57.75C soc2@55.812C soc0@55.875C gpu@56.312C tj@57.75C soc1@56.687C VDD_IN 6626mW/6150mW VDD_CPU_GPU_CV 1980mW/1470mW VDD_SOC 1587mW/1603mW
09-12-2026 20:09:12 RAM 7254/7620MB (lfb 6x2MB) SWAP 1118/12002MB (cached 10MB) CPU [37%@1267,28%@1267,39%@1267,64%@1267,4%@1728,92%@1728] GR3D_FREQ 0% cpu@57.625C soc2@55.781C soc0@56.062C gpu@56.312C tj@57.625C soc1@56.687C VDD_IN 6745mW/6184mW VDD_CPU_GPU_CV 2099mW/1505mW VDD_SOC 1584mW/1602mW
09-12-2026 20:09:13 RAM 7220/7620MB (lfb 19x2MB) SWAP 1225/12002MB (cached 10MB) CPU [3%@1728,5%@1728,96%@1728,0%@1728,3%@729,76%@729] GR3D_FREQ 0% cpu@57.562C soc2@55.781C soc0@55.812C gpu@56.5C tj@57.562C soc1@56.687C VDD_IN 6467mW/6198mW VDD_CPU_GPU_CV 1822mW/1522mW VDD_SOC 1587mW/1601mW
09-12-2026 20:09:13 RAM 7392/7620MB (lfb 1x2MB) SWAP 1287/12002MB (cached 10MB) CPU [8%@1728,14%@1728,84%@1728,11%@1728,22%@1728,58%@1728] GR3D_FREQ 0% cpu@57.812C soc2@55.843C soc0@55.937C gpu@56.25C tj@57.812C soc1@56.593C VDD_IN 6428mW/6210mW VDD_CPU_GPU_CV 1861mW/1539mW VDD_SOC 1547mW/1598mW
09-12-2026 20:09:14 RAM 7353/7620MB (lfb 1x2MB) SWAP 1460/12002MB (cached 9MB) CPU [10%@1728,15%@1728,82%@1728,9%@1728,13%@1728,100%@1728] GR3D_FREQ 17% cpu@57.656C soc2@55.718C soc0@55.812C gpu@56.343C tj@57.656C soc1@56.906C VDD_IN 6705mW/6233mW VDD_CPU_GPU_CV 2020mW/1562mW VDD_SOC 1584mW/1598mW
09-12-2026 20:09:14 RAM 7372/7620MB (lfb 7x1MB) SWAP 1740/12002MB (cached 9MB) CPU [3%@1728,13%@1728,89%@1728,5%@1728,10%@1728,100%@1728] GR3D_FREQ 0% cpu@57.75C soc2@55.906C soc0@55.843C gpu@56.281C tj@57.75C soc1@56.812C VDD_IN 6666mW/6253mW VDD_CPU_GPU_CV 2060mW/1585mW VDD_SOC 1547mW/1595mW
09-12-2026 20:09:15 RAM 7373/7620MB (lfb 7x1MB) SWAP 1924/12002MB (cached 8MB) CPU [2%@1728,0%@1728,92%@1728,0%@1728,2%@729,70%@729] GR3D_FREQ 0% cpu@57.437C soc2@55.843C soc0@55.875C gpu@56.593C tj@57.437C soc1@56.718C VDD_IN 6428mW/6261mW VDD_CPU_GPU_CV 1782mW/1593mW VDD_SOC 1587mW/1595mW
09-12-2026 20:09:15 RAM 7399/7620MB (lfb 3x1MB) SWAP 1994/12002MB (cached 8MB) CPU [0%@1728,5%@1728,56%@1728,36%@1728,0%@729,34%@729] GR3D_FREQ 0% cpu@57.656C soc2@55.75C soc0@56C gpu@56.343C tj@57.656C soc1@56.687C VDD_IN 6190mW/6258mW VDD_CPU_GPU_CV 1584mW/1593mW VDD_SOC 1547mW/1593mW
09-12-2026 20:09:16 RAM 7405/7620MB (lfb 2x2MB) SWAP 1980/12002MB (cached 8MB) CPU [7%@1728,0%@1728,0%@1728,88%@1728,21%@960,0%@960] GR3D_FREQ 0% cpu@57.375C soc2@55.656C soc0@55.906C gpu@56.468C tj@57.5C soc1@56.625C VDD_IN 5912mW/6244mW VDD_CPU_GPU_CV 1386mW/1584mW VDD_SOC 1547mW/1591mW
09-12-2026 20:09:16 RAM 7416/7620MB (lfb 6x1MB) SWAP 2039/12002MB (cached 7MB) CPU [32%@1651,1%@1651,0%@1651,56%@1651,8%@1728,68%@1728] GR3D_FREQ 0% cpu@57.406C soc2@55.718C soc0@55.906C gpu@56.312C tj@57.437C soc1@56.812C VDD_IN 6190mW/6242mW VDD_CPU_GPU_CV 1663mW/1587mW VDD_SOC 1547mW/1590mW
09-12-2026 20:09:17 RAM 7434/7620MB (lfb 6x1MB) SWAP 2095/12002MB (cached 7MB) CPU [0%@1728,0%@1728,0%@1728,91%@1728,0%@1728,68%@1728] GR3D_FREQ 0% cpu@57.437C soc2@55.812C soc0@55.812C gpu@56.281C tj@57.437C soc1@56.718C VDD_IN 6309mW/6244mW VDD_CPU_GPU_CV 1782mW/1595mW VDD_SOC 1547mW/1588mW
09-12-2026 20:09:17 RAM 7435/7620MB (lfb 6x1MB) SWAP 2302/12002MB (cached 6MB) CPU [1%@1728,28%@1728,0%@1728,91%@1728,5%@1728,92%@1728] GR3D_FREQ 0% cpu@57.562C soc2@55.812C soc0@55.812C gpu@56.562C tj@57.562C soc1@56.718C VDD_IN 6467mW/6252mW VDD_CPU_GPU_CV 1941mW/1607mW VDD_SOC 1547mW/1586mW
09-12-2026 20:09:18 RAM 7434/7620MB (lfb 6x1MB) SWAP 2517/12002MB (cached 6MB) CPU [3%@729,0%@729,0%@729,80%@729,3%@1728,94%@1728] GR3D_FREQ 99% cpu@57.75C soc2@55.843C soc0@55.875C gpu@57.281C tj@57.75C soc1@56.687C VDD_IN 7962mW/6311mW VDD_CPU_GPU_CV 2882mW/1651mW VDD_SOC 1740mW/1592mW
09-12-2026 20:09:18 RAM 7406/7620MB (lfb 5x1MB) SWAP 2659/12002MB (cached 5MB) CPU [18%@729,5%@729,19%@729,50%@729,8%@1497,80%@1497] GR3D_FREQ 99% cpu@57.468C soc2@55.968C soc0@55.875C gpu@57.875C tj@57.875C soc1@56.656C VDD_IN 8899mW/6398mW VDD_CPU_GPU_CV 3508mW/1713mW VDD_SOC 1855mW/1601mW
09-12-2026 20:09:19 RAM 7409/7620MB (lfb 2x512kB) SWAP 2693/12002MB (cached 5MB) CPU [4%@1574,1%@1574,23%@1574,31%@1574,49%@1728,2%@1728] GR3D_FREQ 15% cpu@57.937C soc2@56.187C soc0@56.031C gpu@57.093C tj@58.062C soc1@56.718C VDD_IN 10329mW/6524mW VDD_CPU_GPU_CV 4526mW/1804mW VDD_SOC 2010mW/1614mW
09-12-2026 20:09:19 RAM 7463/7620MB (lfb 1x1MB) SWAP 2833/12002MB (cached 4MB) CPU [1%@1728,2%@1728,0%@1728,98%@1728,84%@1728,3%@1728] GR3D_FREQ 99% cpu@58.406C soc2@56.687C soc0@56.218C gpu@58.968C tj@58.968C soc1@57.125C VDD_IN 15588mW/6808mW VDD_CPU_GPU_CV 7483mW/1981mW VDD_SOC 3011mW/1657mW
09-12-2026 20:09:20 RAM 7413/7620MB (lfb 24x256kB) SWAP 2999/12002MB (cached 4MB) CPU [2%@1651,0%@1651,0%@1651,93%@1651,88%@883,4%@883] GR3D_FREQ 42% cpu@57.937C soc2@56.562C soc0@56.281C gpu@57.406C tj@58.031C soc1@57.031C VDD_IN 10526mW/6920mW VDD_CPU_GPU_CV 4401mW/2054mW VDD_SOC 2286mW/1676mW
09-12-2026 20:09:21 RAM 7402/7620MB (lfb 4x256kB) SWAP 3061/12002MB (cached 4MB) CPU [3%@1728,1%@1728,0%@1728,88%@1728,0%@1728,56%@1728] GR3D_FREQ 0% cpu@57.906C soc2@56.25C soc0@56.156C gpu@57.156C tj@57.906C soc1@57C VDD_IN 8029mW/6953mW VDD_CPU_GPU_CV 2843mW/2078mW VDD_SOC 1819mW/1681mW
09-12-2026 20:09:21 RAM 7391/7620MB (lfb 3x2MB) SWAP 3134/12002MB (cached 3MB) CPU [0%@1728,0%@1728,0%@1728,91%@1728,0%@729,48%@729] GR3D_FREQ 81% cpu@58.281C soc2@56.375C soc0@56.281C gpu@57.812C tj@58.281C soc1@57C VDD_IN 10210mW/7046mW VDD_CPU_GPU_CV 3739mW/2125mW VDD_SOC 2247mW/1697mW
09-12-2026 20:09:22 RAM 7393/7620MB (lfb 4x2MB) SWAP 3133/12002MB (cached 3MB) CPU [1%@1728,0%@1728,0%@1728,100%@1728,26%@1728,1%@1728] GR3D_FREQ 72% cpu@58.5C soc2@56.718C soc0@56.5C gpu@58.312C tj@58.5C soc1@57.093C VDD_IN 13456mW/7224mW VDD_CPU_GPU_CV 4700mW/2197mW VDD_SOC 3648mW/1751mW
09-12-2026 20:09:22 RAM 7393/7620MB (lfb 4x2MB) SWAP 3133/12002MB (cached 3MB) CPU [0%@1728,0%@1728,0%@1728,98%@1728,1%@729,0%@729] GR3D_FREQ 73% cpu@58.593C soc2@56.781C soc0@56.531C gpu@58.468C tj@58.593C soc1@57.25C VDD_IN 14515mW/7421mW VDD_CPU_GPU_CV 4958mW/2271mW VDD_SOC 4151mW/1816mW
09-12-2026 20:09:23 RAM 7400/7620MB (lfb 4x2MB) SWAP 3126/12002MB (cached 3MB) CPU [4%@1728,1%@1728,2%@1728,100%@1728,0%@729,0%@729] GR3D_FREQ 66% cpu@58.843C soc2@57.187C soc0@56.562C gpu@58.5C tj@58.843C soc1@57.218C VDD_IN 14962mW/7620mW VDD_CPU_GPU_CV 5309mW/2351mW VDD_SOC 4301mW/1881mW
09-12-2026 20:09:23 RAM 7400/7620MB (lfb 4x2MB) SWAP 3126/12002MB (cached 3MB) CPU [0%@1728,1%@1728,0%@1728,98%@1728,1%@729,0%@729] GR3D_FREQ 66% cpu@59.062C soc2@57.312C soc0@56.812C gpu@58.562C tj@59.062C soc1@57.218C VDD_IN 15236mW/7815mW VDD_CPU_GPU_CV 5426mW/2430mW VDD_SOC 4340mW/1944mW
09-12-2026 20:09:24 RAM 7401/7620MB (lfb 4x2MB) SWAP 3125/12002MB (cached 4MB) CPU [5%@1728,1%@1728,0%@1728,96%@1728,0%@729,1%@729] GR3D_FREQ 63% cpu@58.968C soc2@57.281C soc0@56.812C gpu@58.937C tj@58.968C soc1@57.406C VDD_IN 15236mW/8000mW VDD_CPU_GPU_CV 5465mW/2506mW VDD_SOC 4340mW/2004mW
09-12-2026 20:09:24 RAM 7409/7620MB (lfb 2x2MB) SWAP 3102/12002MB (cached 4MB) CPU [87%@1651,2%@1651,0%@1651,7%@1651,0%@1728,13%@1728] GR3D_FREQ 39% cpu@58.687C soc2@57.156C soc0@56.875C gpu@58.187C tj@58.687C soc1@57.656C VDD_IN 11493mW/8086mW VDD_CPU_GPU_CV 3844mW/2539mW VDD_SOC 3418mW/2039mW
09-12-2026 20:09:25 RAM 7407/7620MB (lfb 2x2MB) SWAP 3106/12002MB (cached 4MB) CPU [2%@1728,1%@1728,0%@1728,60%@1728,0%@729,4%@729] GR3D_FREQ 99% cpu@59.093C soc2@57.75C soc0@56.968C gpu@60.281C tj@60.281C soc1@57.625C VDD_IN 17489mW/8309mW VDD_CPU_GPU_CV 7834mW/2665mW VDD_SOC 4365mW/2094mW
09-12-2026 20:09:25 RAM 7407/7620MB (lfb 2x2MB) SWAP 3106/12002MB (cached 4MB) CPU [0%@1728,0%@1728,0%@1728,52%@1728,10%@729,0%@729] GR3D_FREQ 67% cpu@59.687C soc2@57.843C soc0@57.281C gpu@59.562C tj@59.687C soc1@57.687C VDD_IN 17617mW/8526mW VDD_CPU_GPU_CV 7446mW/2776mW VDD_SOC 4521mW/2151mW
09-12-2026 20:09:26 RAM 7409/7620MB (lfb 2x2MB) SWAP 3104/12002MB (cached 4MB) CPU [0%@1728,0%@1728,0%@1728,100%@1728,1%@729,4%@729] GR3D_FREQ 67% cpu@59.5C soc2@57.75C soc0@57.312C gpu@59.343C tj@59.437C soc1@57.656C VDD_IN 15915mW/8694mW VDD_CPU_GPU_CV 6070mW/2851mW VDD_SOC 4411mW/2202mW
09-12-2026 20:09:26 RAM 7409/7620MB (lfb 2x2MB) SWAP 3104/12002MB (cached 4MB) CPU [0%@1728,0%@1728,0%@1728,98%@1728,0%@729,1%@729] GR3D_FREQ 65% cpu@59.625C soc2@57.843C soc0@57.281C gpu@59.375C tj@59.625C soc1@58C VDD_IN 15628mW/8848mW VDD_CPU_GPU_CV 5573mW/2911mW VDD_SOC 4372mW/2250mW
09-12-2026 20:09:27 RAM 7410/7620MB (lfb 2x2MB) SWAP 3104/12002MB (cached 4MB) CPU [1%@1728,1%@1728,0%@1728,100%@1728,0%@729,0%@729] GR3D_FREQ 63% cpu@59.593C soc2@57.875C soc0@57.312C gpu@59.468C tj@59.593C soc1@58C VDD_IN 15367mW/8990mW VDD_CPU_GPU_CV 5582mW/2969mW VDD_SOC 4340mW/2296mW
09-12-2026 20:09:27 RAM 7410/7620MB (lfb 2x2MB) SWAP 3103/12002MB (cached 4MB) CPU [0%@1728,0%@1728,0%@1728,98%@1728,0%@729,0%@729] GR3D_FREQ 65% cpu@59.593C soc2@58.062C soc0@57.406C gpu@59.437C tj@59.593C soc1@58.031C VDD_IN 15367mW/9125mW VDD_CPU_GPU_CV 5495mW/3023mW VDD_SOC 4340mW/2339mW
09-12-2026 20:09:28 RAM 7410/7620MB (lfb 2x2MB) SWAP 3103/12002MB (cached 4MB) CPU [0%@1728,0%@1728,0%@1728,100%@1728,0%@729,1%@729] GR3D_FREQ 66% cpu@59.718C soc2@58.125C soc0@57.562C gpu@59.812C tj@59.812C soc1@57.968C VDD_IN 15353mW/9255mW VDD_CPU_GPU_CV 5456mW/3074mW VDD_SOC 4379mW/2382mW
09-12-2026 20:09:28 RAM 7410/7620MB (lfb 2x2MB) SWAP 3103/12002MB (cached 4MB) CPU [0%@1728,0%@1728,0%@1728,88%@1728,0%@729,0%@729] GR3D_FREQ 99% cpu@59.625C soc2@58.125C soc0@57.687C gpu@60.437C tj@60.437C soc1@58C VDD_IN 15393mW/9380mW VDD_CPU_GPU_CV 5807mW/3129mW VDD_SOC 4184mW/2418mW
09-12-2026 20:09:29 RAM 7411/7620MB (lfb 2x2MB) SWAP 3103/12002MB (cached 4MB) CPU [0%@1728,0%@1728,0%@1728,61%@1728,0%@729,1%@729] GR3D_FREQ 59% cpu@59.906C soc2@58.375C soc0@57.75C gpu@60C tj@60C soc1@58.281C VDD_IN 17138mW/9535mW VDD_CPU_GPU_CV 7031mW/3207mW VDD_SOC 4443mW/2459mW
09-12-2026 20:09:29 RAM 7411/7620MB (lfb 2x2MB) SWAP 3103/12002MB (cached 4MB) CPU [1%@1728,0%@1728,0%@1728,100%@1728,0%@729,0%@729] GR3D_FREQ 60% cpu@59.937C soc2@58.375C soc0@57.812C gpu@59.906C tj@59.937C soc1@58.281C VDD_IN 15510mW/9653mW VDD_CPU_GPU_CV 5690mW/3256mW VDD_SOC 4301mW/2495mW
09-12-2026 20:09:30 RAM 7411/7620MB (lfb 2x2MB) SWAP 3103/12002MB (cached 4MB) CPU [0%@1728,1%@1728,1%@1728,88%@1728,0%@729,0%@729] GR3D_FREQ 94% cpu@59.875C soc2@58.437C soc0@58C gpu@60.687C tj@60.687C soc1@58.281C VDD_IN 15446mW/9764mW VDD_CPU_GPU_CV 6158mW/3312mW VDD_SOC 4184mW/2527mW
09-12-2026 20:09:30 RAM 7411/7620MB (lfb 2x2MB) SWAP 3102/12002MB (cached 4MB) CPU [0%@1728,0%@1728,0%@1728,62%@1728,0%@729,0%@729] GR3D_FREQ 62% cpu@60.312C soc2@58.593C soc0@58.031C gpu@60.156C tj@60.312C soc1@58.312C VDD_IN 16904mW/9899mW VDD_CPU_GPU_CV 6914mW/3380mW VDD_SOC 4482mW/2564mW
09-12-2026 20:09:31 RAM 7411/7620MB (lfb 2x2MB) SWAP 3102/12002MB (cached 4MB) CPU [0%@1728,0%@1728,0%@1728,100%@1728,0%@729,0%@729] GR3D_FREQ 63% cpu@60.218C soc2@58.625C soc0@57.968C gpu@60.375C tj@60.375C soc1@58.656C VDD_IN 15432mW/10001mW VDD_CPU_GPU_CV 5651mW/3422mW VDD_SOC 4340mW/2597mW
09-12-2026 20:09:31 RAM 7411/7620MB (lfb 2x2MB) SWAP 3102/12002MB (cached 4MB) CPU [0%@1344,1%@1344,0%@1344,83%@1344,0%@729,0%@729] GR3D_FREQ 99% cpu@60.031C soc2@58.687C soc0@58.031C gpu@61.406C tj@61.406C soc1@58.656C VDD_IN 15563mW/10102mW VDD_CPU_GPU_CV 6303mW/3474mW VDD_SOC 4223mW/2627mW
09-12-2026 20:09:32 RAM 7415/7620MB (lfb 2x2MB) SWAP 3097/12002MB (cached 4MB) CPU [3%@1728,1%@1728,0%@1728,63%@1728,5%@729,3%@729] GR3D_FREQ 58% cpu@60.468C soc2@58.968C soc0@58.25C gpu@60.656C tj@60.656C soc1@58.656C VDD_IN 16709mW/10220mW VDD_CPU_GPU_CV 6837mW/3534mW VDD_SOC 4443mW/2659mW
09-12-2026 20:09:32 RAM 7416/7620MB (lfb 2x2MB) SWAP 3097/12002MB (cached 4MB) CPU [0%@1728,0%@1728,0%@1728,100%@1728,0%@729,0%@729] GR3D_FREQ 60% cpu@60.75C soc2@58.906C soc0@58.437C gpu@60.343C tj@60.75C soc1@58.687C VDD_IN 15314mW/10310mW VDD_CPU_GPU_CV 5651mW/3572mW VDD_SOC 4340mW/2689mW
09-12-2026 20:09:33 RAM 7416/7620MB (lfb 2x2MB) SWAP 3097/12002MB (cached 4MB) CPU [0%@1728,0%@1728,0%@1728,98%@1728,0%@729,1%@729] GR3D_FREQ 60% cpu@60.656C soc2@58.843C soc0@58.343C gpu@60.312C tj@60.656C soc1@58.781C VDD_IN 14962mW/10390mW VDD_CPU_GPU_CV 5309mW/3602mW VDD_SOC 4262mW/2716mW
09-12-2026 20:09:33 RAM 7416/7620MB (lfb 2x2MB) SWAP 3097/12002MB (cached 4MB) CPU [1%@1728,1%@1728,0%@1728,100%@1728,0%@729,0%@729] GR3D_FREQ 66% cpu@60.531C soc2@58.937C soc0@58.375C gpu@60.781C tj@60.781C soc1@59.031C VDD_IN 14883mW/10466mW VDD_CPU_GPU_CV 5192mW/3628mW VDD_SOC 4223mW/2741mW
09-12-2026 20:09:34 RAM 7416/7620MB (lfb 2x2MB) SWAP 3097/12002MB (cached 4MB) CPU [0%@1728,0%@1728,0%@1728,100%@1728,0%@729,0%@729] GR3D_FREQ 62% cpu@60.593C soc2@59.062C soc0@58.5C gpu@60.437C tj@60.593C soc1@58.937C VDD_IN 14844mW/10539mW VDD_CPU_GPU_CV 5153mW/3654mW VDD_SOC 4262mW/2767mW
09-12-2026 20:09:34 RAM 7416/7620MB (lfb 2x2MB) SWAP 3097/12002MB (cached 4MB) CPU [0%@1728,0%@1728,1%@1728,98%@1728,0%@729,0%@729] GR3D_FREQ 62% cpu@60.625C soc2@59.125C soc0@58.562C gpu@60.812C tj@60.812C soc1@58.968C VDD_IN 14766mW/10608mW VDD_CPU_GPU_CV 5114mW/3678mW VDD_SOC 4262mW/2791mW
09-12-2026 20:09:35 RAM 7410/7620MB (lfb 1x2MB) SWAP 3108/12002MB (cached 4MB) CPU [36%@1728,24%@1728,24%@1728,88%@1728,28%@1728,37%@1728] GR3D_FREQ 99% cpu@61.062C soc2@59.281C soc0@58.656C gpu@61.593C tj@61.593C soc1@59.031C VDD_IN 16032mW/10696mW VDD_CPU_GPU_CV 6731mW/3727mW VDD_SOC 4177mW/2814mW
09-12-2026 20:09:35 RAM 7396/7620MB (lfb 1x2MB) SWAP 3129/12002MB (cached 5MB) CPU [23%@1728,43%@1728,21%@1728,69%@1728,30%@729,20%@729] GR3D_FREQ 62% cpu@61.062C soc2@59.437C soc0@58.781C gpu@61.031C tj@61.125C soc1@59.281C VDD_IN 17305mW/10801mW VDD_CPU_GPU_CV 7446mW/3786mW VDD_SOC 4443mW/2839mW
09-12-2026 20:09:36 RAM 7396/7620MB (lfb 1x2MB) SWAP 3129/12002MB (cached 5MB) CPU [0%@1728,0%@1728,0%@1728,100%@1728,0%@729,0%@729] GR3D_FREQ 62% cpu@61C soc2@59.468C soc0@58.75C gpu@60.843C tj@61C soc1@59.156C VDD_IN 15563mW/10875mW VDD_CPU_GPU_CV 5846mW/3818mW VDD_SOC 4255mW/2862mW
09-12-2026 20:09:36 RAM 7396/7620MB (lfb 1x2MB) SWAP 3129/12002MB (cached 5MB) CPU [0%@1728,1%@1728,1%@1728,98%@1728,0%@729,0%@729] GR3D_FREQ 63% cpu@60.875C soc2@59.437C soc0@58.781C gpu@60.937C tj@60.937C soc1@59.218C VDD_IN 14962mW/10938mW VDD_CPU_GPU_CV 5300mW/3841mW VDD_SOC 4301mW/2884mW
09-12-2026 20:09:37 RAM 7397/7620MB (lfb 1x2MB) SWAP 3129/12002MB (cached 5MB) CPU [0%@1728,0%@1728,0%@1728,100%@1728,0%@729,0%@729] GR3D_FREQ 63% cpu@61.093C soc2@59.5C soc0@58.906C gpu@60.875C tj@61.093C soc1@59.25C VDD_IN 14688mW/10995mW VDD_CPU_GPU_CV 5222mW/3862mW VDD_SOC 4301mW/2905mW
09-12-2026 20:09:37 RAM 7397/7620MB (lfb 1x2MB) SWAP 3129/12002MB (cached 5MB) CPU [1%@1728,0%@1728,0%@1728,98%@1728,0%@729,0%@729] GR3D_FREQ 63% cpu@61.093C soc2@59.5C soc0@58.937C gpu@61.25C tj@61.25C soc1@59.375C VDD_IN 14766mW/11051mW VDD_CPU_GPU_CV 5153mW/3881mW VDD_SOC 4301mW/2926mW
09-12-2026 20:09:38 RAM 7397/7620MB (lfb 1x2MB) SWAP 3129/12002MB (cached 5MB) CPU [0%@1728,0%@1728,0%@1728,100%@1728,0%@729,0%@729] GR3D_FREQ 62% cpu@61.156C soc2@59.656C soc0@58.937C gpu@61.125C tj@61.156C soc1@59.531C VDD_IN 14688mW/11105mW VDD_CPU_GPU_CV 5192mW/3901mW VDD_SOC 4301mW/2946mW
