09-12-2026 20:36:40 RAM 3522/7620MB (lfb 4x4MB) SWAP 1057/12002MB (cached 10MB) CPU [16%@1190,15%@1190,21%@1190,0%@1190,7%@1728,96%@1728] GR3D_FREQ 0% cpu@50.968C soc2@49C soc0@49.406C gpu@50.031C tj@50.968C soc1@50.031C VDD_IN 5802mW/5802mW VDD_CPU_GPU_CV 1547mW/1547mW VDD_SOC 1470mW/1470mW
09-12-2026 20:36:40 RAM 3634/7620MB (lfb 94x1MB) SWAP 1057/12002MB (cached 10MB) CPU [24%@1728,32%@1728,32%@1728,23%@1728,8%@806,68%@806] GR3D_FREQ 73% cpu@50.906C soc2@49C soc0@49.468C gpu@49.781C tj@50.906C soc1@50.093C VDD_IN 6120mW/5961mW VDD_CPU_GPU_CV 1507mW/1527mW VDD_SOC 1589mW/1530mW
09-12-2026 20:36:41 RAM 3700/7620MB (lfb 94x1MB) SWAP 1057/12002MB (cached 10MB) CPU [11%@729,22%@1728,5%@1728,25%@1728,66%@1728,30%@1728] GR3D_FREQ 0% cpu@50.937C soc2@49C soc0@49.531C gpu@49.875C tj@50.937C soc1@50.062C VDD_IN 5842mW/5921mW VDD_CPU_GPU_CV 1230mW/1428mW VDD_SOC 1589mW/1549mW
09-12-2026 20:36:41 RAM 3767/7620MB (lfb 94x1MB) SWAP 1057/12002MB (cached 10MB) CPU [3%@729,15%@729,0%@729,12%@729,84%@806,8%@806] GR3D_FREQ 35% cpu@50.656C soc2@49C soc0@49.531C gpu@49.781C tj@50.656C soc1@50.093C VDD_IN 5842mW/5902mW VDD_CPU_GPU_CV 1230mW/1379mW VDD_SOC 1589mW/1559mW
09-12-2026 20:36:42 RAM 3965/7620MB (lfb 35x1MB) SWAP 1057/12002MB (cached 10MB) CPU [8%@1728,29%@1728,15%@1728,40%@1728,58%@729,54%@729] GR3D_FREQ 2% cpu@50.718C soc2@48.937C soc0@49.593C gpu@49.906C tj@50.718C soc1@50.062C VDD_IN 5882mW/5898mW VDD_CPU_GPU_CV 1190mW/1341mW VDD_SOC 1629mW/1573mW
09-12-2026 20:36:42 RAM 3965/7620MB (lfb 16x1MB) SWAP 1057/12002MB (cached 10MB) CPU [2%@729,9%@729,0%@729,11%@729,8%@1728,90%@1728] GR3D_FREQ 0% cpu@50.687C soc2@49C soc0@49.531C gpu@49.781C tj@50.687C soc1@50.187C VDD_IN 5802mW/5882mW VDD_CPU_GPU_CV 1150mW/1309mW VDD_SOC 1589mW/1576mW
09-12-2026 20:36:43 RAM 3956/7620MB (lfb 17x1MB) SWAP 1057/12002MB (cached 10MB) CPU [18%@729,35%@729,19%@729,27%@729,32%@729,68%@729] GR3D_FREQ 43% cpu@50.781C soc2@48.937C soc0@49.562C gpu@49.906C tj@50.781C soc1@50.187C VDD_IN 5961mW/5893mW VDD_CPU_GPU_CV 1269mW/1303mW VDD_SOC 1629mW/1583mW
09-12-2026 20:36:43 RAM 4002/7620MB (lfb 28x1MB) SWAP 1057/12002MB (cached 10MB) CPU [9%@729,30%@729,38%@729,35%@729,45%@1574,64%@1574] GR3D_FREQ 0% cpu@50.656C soc2@49.031C soc0@49.5C gpu@49.781C tj@50.656C soc1@50.125C VDD_IN 5882mW/5892mW VDD_CPU_GPU_CV 1190mW/1289mW VDD_SOC 1629mW/1589mW
09-12-2026 20:36:44 RAM 4033/7620MB (lfb 37x1MB) SWAP 1057/12002MB (cached 10MB) CPU [5%@1728,6%@1728,8%@1728,4%@1728,5%@1728,94%@1728] GR3D_FREQ 72% cpu@51.187C soc2@49.031C soc0@49.625C gpu@49.843C tj@51.187C soc1@50.156C VDD_IN 5882mW/5891mW VDD_CPU_GPU_CV 1269mW/1287mW VDD_SOC 1589mW/1589mW
09-12-2026 20:36:44 RAM 4205/7620MB (lfb 57x1MB) SWAP 1057/12002MB (cached 10MB) CPU [49%@806,44%@806,34%@806,4%@806,60%@729,44%@729] GR3D_FREQ 65% cpu@51.062C soc2@49.031C soc0@49.718C gpu@49.906C tj@51.062C soc1@50.156C VDD_IN 5961mW/5898mW VDD_CPU_GPU_CV 1269mW/1285mW VDD_SOC 1629mW/1593mW
09-12-2026 20:36:45 RAM 4251/7620MB (lfb 57x1MB) SWAP 1057/12002MB (cached 10MB) CPU [3%@729,11%@729,16%@729,19%@729,84%@1728,14%@1728] GR3D_FREQ 0% cpu@51.125C soc2@48.937C soc0@49.593C gpu@49.875C tj@51.125C soc1@50.093C VDD_IN 5842mW/5893mW VDD_CPU_GPU_CV 1190mW/1276mW VDD_SOC 1629mW/1596mW
09-12-2026 20:36:45 RAM 4363/7620MB (lfb 57x1MB) SWAP 1057/12002MB (cached 10MB) CPU [22%@729,16%@729,18%@729,21%@729,56%@729,26%@729] GR3D_FREQ 39% cpu@50.937C soc2@49C soc0@49.625C gpu@50C tj@50.937C soc1@50.187C VDD_IN 5882mW/5892mW VDD_CPU_GPU_CV 1269mW/1276mW VDD_SOC 1629mW/1599mW
09-12-2026 20:36:46 RAM 4631/7620MB (lfb 48x1MB) SWAP 1057/12002MB (cached 10MB) CPU [45%@729,35%@729,39%@729,39%@729,1%@729,70%@729] GR3D_FREQ 76% cpu@51.031C soc2@49C soc0@49.656C gpu@50.062C tj@51.031C soc1@50.156C VDD_IN 5961mW/5897mW VDD_CPU_GPU_CV 1230mW/1272mW VDD_SOC 1629mW/1601mW
09-12-2026 20:36:46 RAM 4632/7620MB (lfb 48x1MB) SWAP 1057/12002MB (cached 10MB) CPU [6%@1728,5%@1728,2%@1728,6%@1728,0%@1728,90%@1728] GR3D_FREQ 0% cpu@51C soc2@49C soc0@49.718C gpu@50.218C tj@51C soc1@50.093C VDD_IN 5802mW/5890mW VDD_CPU_GPU_CV 1190mW/1266mW VDD_SOC 1589mW/1600mW
09-12-2026 20:36:47 RAM 4832/7620MB (lfb 27x1MB) SWAP 1057/12002MB (cached 10MB) CPU [32%@729,30%@729,31%@729,38%@729,4%@729,66%@729] GR3D_FREQ 36% cpu@50.812C soc2@48.968C soc0@49.531C gpu@49.968C tj@50.812C soc1@50.156C VDD_IN 5921mW/5892mW VDD_CPU_GPU_CV 1230mW/1264mW VDD_SOC 1629mW/1602mW
09-12-2026 20:36:47 RAM 5030/7620MB (lfb 25x512kB) SWAP 1057/12002MB (cached 10MB) CPU [34%@1728,37%@1728,15%@1728,64%@1728,38%@729,42%@729] GR3D_FREQ 15% cpu@50.906C soc2@49.031C soc0@49.656C gpu@50.25C tj@50.906C soc1@50.281C VDD_IN 5921mW/5894mW VDD_CPU_GPU_CV 1230mW/1262mW VDD_SOC 1629mW/1604mW
09-12-2026 20:36:48 RAM 5033/7620MB (lfb 1x1MB) SWAP 1057/12002MB (cached 10MB) CPU [0%@1728,0%@1728,3%@1728,100%@1728,0%@729,0%@729] GR3D_FREQ 0% cpu@50.968C soc2@49.218C soc0@49.562C gpu@50.125C tj@50.968C soc1@50.25C VDD_IN 5802mW/5889mW VDD_CPU_GPU_CV 1190mW/1258mW VDD_SOC 1589mW/1603mW
09-12-2026 20:36:48 RAM 5245/7620MB (lfb 27x128kB) SWAP 1056/12002MB (cached 10MB) CPU [42%@1113,33%@1113,33%@1113,40%@1113,24%@960,39%@960] GR3D_FREQ 13% cpu@51.031C soc2@49.031C soc0@49.656C gpu@50.25C tj@51.031C soc1@50.312C VDD_IN 5842mW/5886mW VDD_CPU_GPU_CV 1190mW/1254mW VDD_SOC 1629mW/1605mW
09-12-2026 20:36:49 RAM 5473/7620MB (lfb 36x128kB) SWAP 1056/12002MB (cached 10MB) CPU [32%@960,46%@960,29%@960,33%@960,4%@806,73%@806] GR3D_FREQ 20% cpu@50.781C soc2@49.125C soc0@49.562C gpu@49.875C tj@50.781C soc1@50.312C VDD_IN 5882mW/5886mW VDD_CPU_GPU_CV 1230mW/1253mW VDD_SOC 1629mW/1606mW
09-12-2026 20:36:49 RAM 5499/7620MB (lfb 1x2MB) SWAP 1056/12002MB (cached 10MB) CPU [3%@729,5%@729,3%@729,2%@729,0%@1728,98%@1728] GR3D_FREQ 0% cpu@50.968C soc2@49.125C soc0@49.75C gpu@50.218C tj@50.968C soc1@50.312C VDD_IN 5762mW/5880mW VDD_CPU_GPU_CV 1190mW/1250mW VDD_SOC 1589mW/1605mW
09-12-2026 20:36:50 RAM 5712/7620MB (lfb 1x1MB) SWAP 1058/12002MB (cached 10MB) CPU [33%@1728,46%@1728,8%@1728,33%@1728,23%@1113,74%@1113] GR3D_FREQ 8% cpu@51.062C soc2@49.187C soc0@49.812C gpu@49.906C tj@51.062C soc1@50.25C VDD_IN 6120mW/5891mW VDD_CPU_GPU_CV 1468mW/1260mW VDD_SOC 1629mW/1606mW
09-12-2026 20:36:50 RAM 5772/7620MB (lfb 1x1MB) SWAP 1058/12002MB (cached 10MB) CPU [8%@1728,9%@1728,8%@1728,6%@1728,3%@1728,88%@1728] GR3D_FREQ 0% cpu@51.156C soc2@49.062C soc0@49.718C gpu@50C tj@51.156C soc1@50.25C VDD_IN 5882mW/5891mW VDD_CPU_GPU_CV 1269mW/1260mW VDD_SOC 1589mW/1605mW
09-12-2026 20:36:51 RAM 5800/7620MB (lfb 1x1MB) SWAP 1059/12002MB (cached 10MB) CPU [6%@729,0%@729,0%@729,0%@729,14%@1728,96%@1728] GR3D_FREQ 2% cpu@51.125C soc2@49.125C soc0@49.656C gpu@49.875C tj@51.125C soc1@50.156C VDD_IN 5882mW/5890mW VDD_CPU_GPU_CV 1428mW/1268mW VDD_SOC 1550mW/1603mW
09-12-2026 20:36:51 RAM 5856/7620MB (lfb 1x1MB) SWAP 1060/12002MB (cached 10MB) CPU [15%@1728,50%@1728,0%@1728,0%@1728,6%@960,32%@960] GR3D_FREQ 16% cpu@50.968C soc2@49.156C soc0@49.75C gpu@50.218C tj@50.968C soc1@50.375C VDD_IN 5802mW/5887mW VDD_CPU_GPU_CV 1388mW/1273mW VDD_SOC 1510mW/1599mW
09-12-2026 20:36:52 RAM 5943/7620MB (lfb 1x256kB) SWAP 1060/12002MB (cached 10MB) CPU [4%@1497,76%@1497,0%@1728,1%@1728,6%@729,1%@729] GR3D_FREQ 7% cpu@51.187C soc2@49.25C soc0@49.781C gpu@50C tj@51.187C soc1@50.343C VDD_IN 6041mW/5893mW VDD_CPU_GPU_CV 1468mW/1280mW VDD_SOC 1589mW/1599mW
09-12-2026 20:36:52 RAM 6080/7620MB (lfb 60x128kB) SWAP 1061/12002MB (cached 10MB) CPU [5%@1728,82%@1728,1%@1728,0%@1728,27%@729,0%@729] GR3D_FREQ 99% cpu@51.375C soc2@49.218C soc0@49.906C gpu@51.031C tj@51.375C soc1@50.281C VDD_IN 6824mW/5929mW VDD_CPU_GPU_CV 2020mW/1309mW VDD_SOC 1706mW/1603mW
09-12-2026 20:36:53 RAM 6168/7620MB (lfb 25x128kB) SWAP 1063/12002MB (cached 10MB) CPU [4%@1728,84%@1728,0%@1728,0%@1728,20%@729,0%@729] GR3D_FREQ 31% cpu@51.562C soc2@49.625C soc0@49.906C gpu@51.156C tj@51.562C soc1@50.343C VDD_IN 10661mW/6104mW VDD_CPU_GPU_CV 4644mW/1432mW VDD_SOC 2168mW/1624mW
09-12-2026 20:36:54 RAM 6198/7620MB (lfb 17x128kB) SWAP 1064/12002MB (cached 10MB) CPU [0%@1728,98%@1728,0%@1728,1%@1728,10%@729,0%@729] GR3D_FREQ 45% cpu@51.437C soc2@49.562C soc0@49.875C gpu@51C tj@51.625C soc1@50.531C VDD_IN 8820mW/6201mW VDD_CPU_GPU_CV 3514mW/1507mW VDD_SOC 1858mW/1632mW
09-12-2026 20:36:54 RAM 6204/7620MB (lfb 1x2MB) SWAP 1064/12002MB (cached 10MB) CPU [1%@1728,100%@1728,0%@1728,0%@1728,0%@729,28%@729] GR3D_FREQ 56% cpu@51.5C soc2@49.593C soc0@49.968C gpu@50.906C tj@51.5C soc1@50.593C VDD_IN 8438mW/6278mW VDD_CPU_GPU_CV 3198mW/1565mW VDD_SOC 1819mW/1639mW
09-12-2026 20:36:55 RAM 6201/7620MB (lfb 1x2MB) SWAP 1064/12002MB (cached 10MB) CPU [0%@1728,98%@1728,0%@1728,0%@1728,0%@729,1%@729] GR3D_FREQ 56% cpu@51.468C soc2@49.656C soc0@50C gpu@50.906C tj@51.468C soc1@50.531C VDD_IN 8160mW/6341mW VDD_CPU_GPU_CV 3045mW/1614mW VDD_SOC 1782mW/1643mW
09-12-2026 20:36:55 RAM 6207/7620MB (lfb 1x2MB) SWAP 1064/12002MB (cached 10MB) CPU [16%@1728,54%@1728,18%@1728,27%@1728,52%@1728,28%@1728] GR3D_FREQ 93% cpu@52.5C soc2@50.062C soc0@50.093C gpu@52.593C tj@52.593C soc1@50.531C VDD_IN 12910mW/6553mW VDD_CPU_GPU_CV 6306mW/1766mW VDD_SOC 2397mW/1668mW
09-12-2026 20:36:56 RAM 6208/7620MB (lfb 1x2MB) SWAP 1064/12002MB (cached 10MB) CPU [13%@729,5%@729,4%@729,12%@729,98%@1728,26%@1728] GR3D_FREQ 38% cpu@51.968C soc2@49.968C soc0@50.218C gpu@51.25C tj@51.968C soc1@50.562C VDD_IN 9950mW/6659mW VDD_CPU_GPU_CV 4408mW/1848mW VDD_SOC 1974mW/1677mW
09-12-2026 20:36:56 RAM 6207/7620MB (lfb 1x2MB) SWAP 1064/12002MB (cached 10MB) CPU [1%@1728,0%@1728,0%@1728,1%@1728,98%@1728,0%@1728] GR3D_FREQ 45% cpu@52.062C soc2@49.875C soc0@50.218C gpu@51.187C tj@52.062C soc1@50.656C VDD_IN 8701mW/6721mW VDD_CPU_GPU_CV 3474mW/1898mW VDD_SOC 1819mW/1682mW
09-12-2026 20:36:57 RAM 6207/7620MB (lfb 1x2MB) SWAP 1064/12002MB (cached 10MB) CPU [0%@1728,0%@1728,0%@1728,0%@1728,100%@1728,0%@1728] GR3D_FREQ 57% cpu@52.187C soc2@49.875C soc0@50.281C gpu@51.156C tj@52.187C soc1@50.656C VDD_IN 8240mW/6765mW VDD_CPU_GPU_CV 3124mW/1934mW VDD_SOC 1782mW/1684mW
09-12-2026 20:36:57 RAM 6268/7620MB (lfb 1x2MB) SWAP 1064/12002MB (cached 10MB) CPU [1%@1728,8%@1728,0%@1728,0%@1728,66%@729,13%@729] GR3D_FREQ 99% cpu@51.937C soc2@50.031C soc0@50.218C gpu@52.218C tj@52.218C soc1@50.812C VDD_IN 10898mW/6883mW VDD_CPU_GPU_CV 4644mW/2011mW VDD_SOC 2247mW/1701mW
09-12-2026 20:36:58 RAM 6415/7620MB (lfb 1x2MB) SWAP 1064/12002MB (cached 10MB) CPU [0%@1728,66%@1728,1%@1728,0%@1728,19%@729,0%@729] GR3D_FREQ 18% cpu@52.75C soc2@50.625C soc0@50.562C gpu@52.406C tj@52.75C soc1@50.937C VDD_IN 15549mW/7124mW VDD_CPU_GPU_CV 6949mW/2148mW VDD_SOC 3642mW/1754mW
09-12-2026 20:36:58 RAM 6451/7620MB (lfb 2x1MB) SWAP 1068/12002MB (cached 10MB) CPU [0%@1728,100%@1728,0%@1728,0%@1728,23%@729,0%@729] GR3D_FREQ 43% cpu@52.406C soc2@50.468C soc0@50.687C gpu@52.187C tj@52.406C soc1@51.031C VDD_IN 11590mW/7245mW VDD_CPU_GPU_CV 4597mW/2214mW VDD_SOC 3030mW/1789mW
09-12-2026 20:36:59 RAM 6459/7620MB (lfb 4x1MB) SWAP 1068/12002MB (cached 10MB) CPU [3%@1728,98%@1728,0%@1728,1%@1728,0%@729,34%@729] GR3D_FREQ 53% cpu@52.437C soc2@50.375C soc0@50.625C gpu@51.843C tj@52.437C soc1@50.968C VDD_IN 9650mW/7308mW VDD_CPU_GPU_CV 3824mW/2257mW VDD_SOC 2211mW/1800mW
09-12-2026 20:36:59 RAM 6459/7620MB (lfb 4x1MB) SWAP 1068/12002MB (cached 10MB) CPU [0%@1728,85%@1728,1%@1728,3%@1728,0%@729,0%@729] GR3D_FREQ 99% cpu@52.531C soc2@50.781C soc0@50.687C gpu@53.468C tj@53.468C soc1@51.281C VDD_IN 12595mW/7444mW VDD_CPU_GPU_CV 5610mW/2343mW VDD_SOC 2672mW/1822mW
09-12-2026 20:37:00 RAM 6459/7620MB (lfb 4x1MB) SWAP 1068/12002MB (cached 10MB) CPU [0%@1728,62%@1728,0%@1728,0%@1728,0%@729,0%@729] GR3D_FREQ 33% cpu@52.812C soc2@51.062C soc0@50.968C gpu@52.875C tj@52.906C soc1@51.312C VDD_IN 15588mW/7647mW VDD_CPU_GPU_CV 6859mW/2456mW VDD_SOC 3832mW/1873mW
09-12-2026 20:37:00 RAM 6459/7620MB (lfb 4x1MB) SWAP 1068/12002MB (cached 10MB) CPU [0%@1728,100%@1728,1%@1728,0%@1728,0%@729,0%@729] GR3D_FREQ 40% cpu@52.656C soc2@50.937C soc0@51.125C gpu@52.281C tj@52.656C soc1@51.468C VDD_IN 11708mW/7746mW VDD_CPU_GPU_CV 4597mW/2508mW VDD_SOC 3188mW/1905mW
09-12-2026 20:37:01 RAM 6459/7620MB (lfb 4x1MB) SWAP 1068/12002MB (cached 10MB) CPU [0%@1728,98%@1728,0%@1728,0%@1728,0%@729,0%@729] GR3D_FREQ 53% cpu@52.718C soc2@50.75C soc0@50.968C gpu@51.937C tj@52.718C soc1@51.375C VDD_IN 9872mW/7797mW VDD_CPU_GPU_CV 3745mW/2537mW VDD_SOC 2527mW/1920mW
09-12-2026 20:37:01 RAM 6459/7620MB (lfb 4x1MB) SWAP 1068/12002MB (cached 10MB) CPU [1%@1728,90%@1728,0%@1728,0%@1728,0%@729,0%@729] GR3D_FREQ 27% cpu@52.843C soc2@51.031C soc0@51C gpu@53C tj@52.843C soc1@51.656C VDD_IN 13399mW/7927mW VDD_CPU_GPU_CV 5875mW/2615mW VDD_SOC 3261mW/1951mW
09-12-2026 20:37:02 RAM 6459/7620MB (lfb 4x1MB) SWAP 1068/12002MB (cached 10MB) CPU [0%@1728,98%@1728,1%@1728,0%@1728,0%@729,0%@729] GR3D_FREQ 38% cpu@52.718C soc2@50.968C soc0@51.031C gpu@52.156C tj@52.718C soc1@51.625C VDD_IN 10029mW/7975mW VDD_CPU_GPU_CV 4021mW/2647mW VDD_SOC 2369mW/1960mW
09-12-2026 20:37:02 RAM 6459/7620MB (lfb 4x1MB) SWAP 1068/12002MB (cached 10MB) CPU [0%@1728,100%@1728,0%@1728,0%@1728,1%@729,0%@729] GR3D_FREQ 45% cpu@52.593C soc2@50.843C soc0@51C gpu@52.281C tj@52.593C soc1@51.562C VDD_IN 8661mW/7990mW VDD_CPU_GPU_CV 3356mW/2663mW VDD_SOC 1938mW/1960mW
09-12-2026 20:37:03 RAM 6459/7620MB (lfb 4x1MB) SWAP 1068/12002MB (cached 10MB) CPU [1%@1728,98%@1728,0%@1728,0%@1728,0%@729,0%@729] GR3D_FREQ 55% cpu@52.781C soc2@50.843C soc0@50.968C gpu@52.062C tj@52.781C soc1@51.468C VDD_IN 8240mW/7996mW VDD_CPU_GPU_CV 3040mW/2671mW VDD_SOC 1822mW/1957mW
09-12-2026 20:37:03 RAM 6459/7620MB (lfb 4x1MB) SWAP 1068/12002MB (cached 10MB) CPU [0%@1728,82%@1728,0%@1728,0%@1728,0%@729,0%@729] GR3D_FREQ 99% cpu@52.937C soc2@51.187C soc0@51.125C gpu@53.937C tj@53.937C soc1@51.531C VDD_IN 13146mW/8105mW VDD_CPU_GPU_CV 6149mW/2745mW VDD_SOC 2554mW/1969mW
09-12-2026 20:37:04 RAM 6459/7620MB (lfb 4x1MB) SWAP 1068/12002MB (cached 10MB) CPU [0%@1728,66%@1728,0%@1728,0%@1728,0%@729,0%@729] GR3D_FREQ 32% cpu@53.125C soc2@51.343C soc0@51.281C gpu@53C tj@53.125C soc1@51.906C VDD_IN 13360mW/8215mW VDD_CPU_GPU_CV 5836mW/2809mW VDD_SOC 3261mW/1996mW
09-12-2026 20:37:04 RAM 6459/7620MB (lfb 4x1MB) SWAP 1068/12002MB (cached 10MB) CPU [1%@1728,100%@1728,0%@1728,0%@1728,0%@729,0%@729] GR3D_FREQ 46% cpu@52.937C soc2@51.062C soc0@51.25C gpu@52.468C tj@52.937C soc1@51.812C VDD_IN 10306mW/8257mW VDD_CPU_GPU_CV 4172mW/2837mW VDD_SOC 2487mW/2006mW
09-12-2026 20:37:05 RAM 6459/7620MB (lfb 4x1MB) SWAP 1068/12002MB (cached 10MB) CPU [0%@1728,88%@1728,0%@1728,0%@1728,0%@729,0%@729] GR3D_FREQ 77% cpu@53.25C soc2@51.218C soc0@51.312C gpu@53.406C tj@53.406C soc1@51.812C VDD_IN 10999mW/8312mW VDD_CPU_GPU_CV 4833mW/2877mW VDD_SOC 2326mW/2013mW
09-12-2026 20:37:05 RAM 6459/7620MB (lfb 4x1MB) SWAP 1068/12002MB (cached 10MB) CPU [17%@1728,84%@1728,2%@1728,0%@1728,0%@729,0%@729] GR3D_FREQ 35% cpu@53.593C soc2@51.468C soc0@51.468C gpu@52.75C tj@53.593C soc1@51.75C VDD_IN 11196mW/8369mW VDD_CPU_GPU_CV 4754mW/2914mW VDD_SOC 2562mW/2024mW
09-12-2026 20:37:06 RAM 6459/7620MB (lfb 4x1MB) SWAP 1068/12002MB (cached 10MB) CPU [100%@1728,0%@1728,0%@1728,0%@1728,0%@729,0%@729] GR3D_FREQ 47% cpu@53.312C soc2@51.312C soc0@51.375C gpu@52.375C tj@53.312C soc1@51.781C VDD_IN 9096mW/8383mW VDD_CPU_GPU_CV 3587mW/2927mW VDD_SOC 2017mW/2023mW
09-12-2026 20:37:06 RAM 6459/7620MB (lfb 4x1MB) SWAP 1068/12002MB (cached 10MB) CPU [98%@1728,1%@1728,0%@1728,0%@1728,0%@729,0%@729] GR3D_FREQ 99% cpu@53.218C soc2@51.312C soc0@51.406C gpu@53.062C tj@53.218C soc1@52C VDD_IN 8780mW/8390mW VDD_CPU_GPU_CV 3395mW/2936mW VDD_SOC 1898mW/2021mW
09-12-2026 20:37:07 RAM 6459/7620MB (lfb 4x1MB) SWAP 1068/12002MB (cached 10MB) CPU [86%@1728,0%@1728,0%@1728,1%@1728,0%@729,1%@729] GR3D_FREQ 30% cpu@53.406C soc2@51.625C soc0@51.437C gpu@52.781C tj@53.406C soc1@52C VDD_IN 11235mW/8443mW VDD_CPU_GPU_CV 5029mW/2974mW VDD_SOC 2286mW/2026mW
09-12-2026 20:37:07 RAM 6459/7620MB (lfb 4x1MB) SWAP 1067/12002MB (cached 10MB) CPU [100%@1728,1%@1728,0%@1728,0%@1728,0%@729,0%@729] GR3D_FREQ 45% cpu@53.281C soc2@51.468C soc0@51.437C gpu@52.812C tj@53.281C soc1@52C VDD_IN 9136mW/8456mW VDD_CPU_GPU_CV 3705mW/2988mW VDD_SOC 1938mW/2024mW
09-12-2026 20:37:08 RAM 6459/7620MB (lfb 4x1MB) SWAP 1067/12002MB (cached 10MB) CPU [98%@1728,0%@1728,0%@1728,1%@1728,0%@729,0%@729] GR3D_FREQ 62% cpu@53.25C soc2@51.437C soc0@51.531C gpu@52.5C tj@53.25C soc1@51.968C VDD_IN 8398mW/8455mW VDD_CPU_GPU_CV 3198mW/2991mW VDD_SOC 1819mW/2021mW
09-12-2026 20:37:08 RAM 6459/7620MB (lfb 4x1MB) SWAP 1067/12002MB (cached 10MB) CPU [82%@1728,1%@1728,0%@1728,0%@1728,0%@729,0%@729] GR3D_FREQ 99% cpu@53.625C soc2@51.937C soc0@51.625C gpu@54.281C tj@54.281C soc1@51.968C VDD_IN 14185mW/8555mW VDD_CPU_GPU_CV 6686mW/3056mW VDD_SOC 2863mW/2035mW
09-12-2026 20:37:09 RAM 6459/7620MB (lfb 4x1MB) SWAP 1067/12002MB (cached 10MB) CPU [68%@1728,0%@1728,0%@1728,0%@1728,0%@729,0%@729] GR3D_FREQ 30% cpu@53.781C soc2@51.937C soc0@51.656C gpu@53.312C tj@53.781C soc1@52.375C VDD_IN 12928mW/8630mW VDD_CPU_GPU_CV 5601mW/3100mW VDD_SOC 3222mW/2056mW
09-12-2026 20:37:09 RAM 6459/7620MB (lfb 4x1MB) SWAP 1067/12002MB (cached 10MB) CPU [98%@1728,0%@1728,0%@1728,0%@1728,0%@729,0%@729] GR3D_FREQ 44% cpu@53.656C soc2@51.875C soc0@51.718C gpu@52.906C tj@53.656C soc1@52.343C VDD_IN 10108mW/8656mW VDD_CPU_GPU_CV 4093mW/3117mW VDD_SOC 2408mW/2062mW
09-12-2026 20:37:10 RAM 6459/7620MB (lfb 4x1MB) SWAP 1067/12002MB (cached 10MB) CPU [88%@1728,0%@1728,1%@1728,0%@1728,0%@729,0%@729] GR3D_FREQ 97% cpu@53.718C soc2@51.937C soc0@51.937C gpu@54.187C tj@54.187C soc1@52.343C VDD_IN 12024mW/8712mW VDD_CPU_GPU_CV 5414mW/3155mW VDD_SOC 2479mW/2069mW
09-12-2026 20:37:10 RAM 6459/7620MB (lfb 4x1MB) SWAP 1067/12002MB (cached 10MB) CPU [98%@1728,0%@1728,0%@1728,0%@1728,0%@729,0%@729] GR3D_FREQ 34% cpu@53.937C soc2@52C soc0@51.937C gpu@53.156C tj@53.937C soc1@52.25C VDD_IN 10802mW/8746mW VDD_CPU_GPU_CV 4558mW/3178mW VDD_SOC 2483mW/2076mW
09-12-2026 20:37:11 RAM 6460/7620MB (lfb 4x1MB) SWAP 1067/12002MB (cached 10MB) CPU [100%@1728,0%@1728,0%@1728,0%@1728,0%@729,0%@729] GR3D_FREQ 45% cpu@53.812C soc2@51.906C soc0@51.937C gpu@52.781C tj@53.812C soc1@52.343C VDD_IN 8938mW/8749mW VDD_CPU_GPU_CV 3548mW/3184mW VDD_SOC 1977mW/2074mW
09-12-2026 20:37:11 RAM 6460/7620MB (lfb 4x1MB) SWAP 1067/12002MB (cached 10MB) CPU [98%@1728,1%@1728,0%@1728,0%@1728,0%@729,0%@729] GR3D_FREQ 62% cpu@53.718C soc2@51.781C soc0@51.812C gpu@53.031C tj@53.718C soc1@52.625C VDD_IN 8319mW/8742mW VDD_CPU_GPU_CV 3159mW/3184mW VDD_SOC 1819mW/2070mW
09-12-2026 20:37:12 RAM 6460/7620MB (lfb 4x1MB) SWAP 1067/12002MB (cached 10MB) CPU [28%@1728,54%@1728,0%@1728,0%@1728,0%@729,0%@729] GR3D_FREQ 99% cpu@53.593C soc2@51.937C soc0@51.875C gpu@54.343C tj@54.218C soc1@52.468C VDD_IN 12122mW/8795mW VDD_CPU_GPU_CV 5414mW/3219mW VDD_SOC 2400mW/2075mW
09-12-2026 20:37:12 RAM 6460/7620MB (lfb 4x1MB) SWAP 1067/12002MB (cached 10MB) CPU [0%@1728,61%@1728,0%@1728,0%@1728,0%@729,0%@729] GR3D_FREQ 25% cpu@54.343C soc2@52.312C soc0@52.281C gpu@54.156C tj@54.343C soc1@52.625C VDD_IN 15025mW/8891mW VDD_CPU_GPU_CV 6558mW/3270mW VDD_SOC 3642mW/2099mW
09-12-2026 20:37:13 RAM 6460/7620MB (lfb 4x1MB) SWAP 1067/12002MB (cached 10MB) CPU [0%@1728,98%@1728,0%@1728,1%@1728,1%@729,0%@729] GR3D_FREQ 38% cpu@53.968C soc2@52.187C soc0@52.218C gpu@53.531C tj@53.968C soc1@52.718C VDD_IN 11630mW/8932mW VDD_CPU_GPU_CV 4519mW/3289mW VDD_SOC 3148mW/2115mW
09-12-2026 20:37:13 RAM 6460/7620MB (lfb 4x1MB) SWAP 1067/12002MB (cached 10MB) CPU [1%@1728,96%@1728,0%@1728,0%@1728,1%@729,0%@729] GR3D_FREQ 0% cpu@53.843C soc2@52.125C soc0@52.218C gpu@53.093C tj@53.843C soc1@52.812C VDD_IN 9334mW/8938mW VDD_CPU_GPU_CV 3548mW/3293mW VDD_SOC 2250mW/2117mW
09-12-2026 20:37:14 RAM 6460/7620MB (lfb 4x1MB) SWAP 1067/12002MB (cached 10MB) CPU [0%@729,66%@729,1%@729,0%@1728,0%@729,0%@729] GR3D_FREQ 99% cpu@54.343C soc2@52.75C soc0@52.281C gpu@55.406C tj@55.406C soc1@52.906C VDD_IN 17283mW/9061mW VDD_CPU_GPU_CV 7743mW/3358mW VDD_SOC 4138mW/2147mW
09-12-2026 20:37:14 RAM 6460/7620MB (lfb 4x1MB) SWAP 1067/12002MB (cached 10MB) CPU [0%@1728,86%@1728,0%@1728,0%@1728,0%@729,0%@729] GR3D_FREQ 35% cpu@54.562C soc2@52.593C soc0@52.437C gpu@53.906C tj@54.562C soc1@52.968C VDD_IN 13106mW/9120mW VDD_CPU_GPU_CV 5326mW/3387mW VDD_SOC 3418mW/2165mW
09-12-2026 20:37:15 RAM 6460/7620MB (lfb 4x1MB) SWAP 1067/12002MB (cached 10MB) CPU [0%@1728,100%@1728,0%@1728,0%@1728,0%@729,0%@729] GR3D_FREQ 47% cpu@54.218C soc2@52.468C soc0@52.468C gpu@54.125C tj@54.218C soc1@53.062C VDD_IN 10938mW/9146mW VDD_CPU_GPU_CV 4008mW/3396mW VDD_SOC 3075mW/2178mW
09-12-2026 20:37:15 RAM 6460/7620MB (lfb 4x1MB) SWAP 1067/12002MB (cached 10MB) CPU [0%@1728,90%@1728,0%@1728,0%@1728,0%@729,0%@729] GR3D_FREQ 53% cpu@54.625C soc2@52.875C soc0@52.593C gpu@55.062C tj@54.781C soc1@53.031C VDD_IN 14437mW/9220mW VDD_CPU_GPU_CV 6285mW/3436mW VDD_SOC 3570mW/2198mW
09-12-2026 20:37:16 RAM 6460/7620MB (lfb 4x1MB) SWAP 1067/12002MB (cached 10MB) CPU [0%@1728,100%@1728,0%@1728,0%@1728,0%@729,0%@729] GR3D_FREQ 40% cpu@54.312C soc2@52.562C soc0@52.5C gpu@54.125C tj@54.312C soc1@53.218C VDD_IN 10582mW/9239mW VDD_CPU_GPU_CV 4172mW/3447mW VDD_SOC 2680mW/2205mW
09-12-2026 20:37:16 RAM 6460/7620MB (lfb 4x1MB) SWAP 1067/12002MB (cached 10MB) CPU [1%@1728,98%@1728,0%@1728,0%@1728,0%@729,0%@729] GR3D_FREQ 44% cpu@54.156C soc2@52.375C soc0@52.593C gpu@53.687C tj@54.25C soc1@53.093C VDD_IN 8859mW/9234mW VDD_CPU_GPU_CV 3395mW/3446mW VDD_SOC 2056mW/2203mW
09-12-2026 20:37:17 RAM 6460/7620MB (lfb 4x1MB) SWAP 1067/12002MB (cached 10MB) CPU [0%@1728,96%@1728,0%@1728,0%@1728,0%@729,0%@729] GR3D_FREQ 70% cpu@53.937C soc2@52.437C soc0@52.437C gpu@53.562C tj@53.937C soc1@53.062C VDD_IN 8319mW/9222mW VDD_CPU_GPU_CV 3080mW/3441mW VDD_SOC 1858mW/2198mW
09-12-2026 20:37:17 RAM 6460/7620MB (lfb 4x1MB) SWAP 1067/12002MB (cached 10MB) CPU [0%@1728,66%@1728,0%@1728,0%@1728,1%@729,0%@729] GR3D_FREQ 99% cpu@54.687C soc2@52.937C soc0@52.593C gpu@55.593C tj@55.593C soc1@53.156C VDD_IN 14829mW/9296mW VDD_CPU_GPU_CV 6714mW/3485mW VDD_SOC 3211mW/2211mW
09-12-2026 20:37:18 RAM 6460/7620MB (lfb 4x1MB) SWAP 1067/12002MB (cached 10MB) CPU [0%@1728,94%@1728,0%@1728,0%@1728,0%@729,1%@729] GR3D_FREQ 37% cpu@54.75C soc2@52.718C soc0@52.812C gpu@54.125C tj@54.75C soc1@53.187C VDD_IN 11117mW/9320mW VDD_CPU_GPU_CV 4636mW/3500mW VDD_SOC 2601mW/2217mW
09-12-2026 20:37:18 RAM 6460/7620MB (lfb 4x1MB) SWAP 1067/12002MB (cached 10MB) CPU [0%@1728,100%@1728,0%@1728,0%@1728,0%@729,0%@729] GR3D_FREQ 48% cpu@54.375C soc2@52.593C soc0@52.781C gpu@53.718C tj@54.375C soc1@53.218C VDD_IN 9176mW/9318mW VDD_CPU_GPU_CV 3627mW/3501mW VDD_SOC 2017mW/2214mW
09-12-2026 20:37:19 RAM 6460/7620MB (lfb 4x1MB) SWAP 1067/12002MB (cached 10MB) CPU [0%@1728,98%@1728,0%@1728,0%@1728,0%@729,0%@729] GR3D_FREQ 99% cpu@54.281C soc2@52.656C soc0@52.718C gpu@54.187C tj@54.281C soc1@53.312C VDD_IN 8938mW/9314mW VDD_CPU_GPU_CV 3553mW/3502mW VDD_SOC 1898mW/2210mW
09-12-2026 20:37:19 RAM 6460/7620MB (lfb 4x1MB) SWAP 1067/12002MB (cached 10MB) CPU [0%@1728,84%@1728,0%@1728,1%@1728,0%@729,0%@729] GR3D_FREQ 30% cpu@54.468C soc2@52.906C soc0@52.718C gpu@54.156C tj@54.468C soc1@53.375C VDD_IN 11078mW/9336mW VDD_CPU_GPU_CV 4990mW/3521mW VDD_SOC 2207mW/2210mW
09-12-2026 20:37:20 RAM 6460/7620MB (lfb 4x1MB) SWAP 1067/12002MB (cached 10MB) CPU [0%@1728,100%@1728,0%@1728,0%@1728,1%@729,0%@729] GR3D_FREQ 45% cpu@54.625C soc2@52.75C soc0@52.906C gpu@54.218C tj@54.625C soc1@53.375C VDD_IN 9057mW/9332mW VDD_CPU_GPU_CV 3745mW/3524mW VDD_SOC 1858mW/2205mW
09-12-2026 20:37:20 RAM 6460/7620MB (lfb 4x1MB) SWAP 1067/12002MB (cached 10MB) CPU [0%@1728,97%@1728,0%@1728,0%@1728,0%@729,0%@729] GR3D_FREQ 57% cpu@54.437C soc2@52.656C soc0@52.781C gpu@53.718C tj@54.437C soc1@53.343C VDD_IN 8398mW/9321mW VDD_CPU_GPU_CV 3238mW/3520mW VDD_SOC 1779mW/2200mW
09-12-2026 20:37:21 RAM 6460/7620MB (lfb 4x1MB) SWAP 1067/12002MB (cached 10MB) CPU [1%@1728,100%@1728,0%@1728,0%@1728,0%@729,0%@729] GR3D_FREQ 56% cpu@54.343C soc2@52.656C soc0@52.75C gpu@53.968C tj@54.375C soc1@53.25C VDD_IN 8121mW/9306mW VDD_CPU_GPU_CV 3040mW/3514mW VDD_SOC 1743mW/2195mW
09-12-2026 20:37:21 RAM 6460/7620MB (lfb 4x1MB) SWAP 1067/12002MB (cached 10MB) CPU [0%@1728,86%@1728,0%@1728,0%@1728,0%@729,0%@729] GR3D_FREQ 76% cpu@54.281C soc2@52.812C soc0@52.781C gpu@54.937C tj@54.937C soc1@53.5C VDD_IN 9872mW/9313mW VDD_CPU_GPU_CV 4178mW/3522mW VDD_SOC 2013mW/2192mW
09-12-2026 20:37:22 RAM 6460/7620MB (lfb 4x1MB) SWAP 1067/12002MB (cached 10MB) CPU [0%@1728,98%@1728,0%@1728,0%@1728,0%@729,0%@729] GR3D_FREQ 33% cpu@54.5C soc2@52.906C soc0@52.968C gpu@54.125C tj@54.5C soc1@53.437C VDD_IN 10464mW/9327mW VDD_CPU_GPU_CV 4683mW/3536mW VDD_SOC 2010mW/2190mW
09-12-2026 20:37:22 RAM 6460/7620MB (lfb 4x1MB) SWAP 1067/12002MB (cached 10MB) CPU [1%@1728,98%@1728,0%@1728,3%@1728,0%@729,0%@729] GR3D_FREQ 48% cpu@54.531C soc2@52.812C soc0@53.093C gpu@54C tj@54.531C soc1@53.5C VDD_IN 8859mW/9321mW VDD_CPU_GPU_CV 3593mW/3537mW VDD_SOC 1819mW/2186mW
09-12-2026 20:37:23 RAM 6460/7620MB (lfb 4x1MB) SWAP 1067/12002MB (cached 10MB) CPU [0%@1728,100%@1728,0%@1728,0%@1728,0%@729,0%@729] GR3D_FREQ 59% cpu@54.656C soc2@52.781C soc0@52.875C gpu@53.906C tj@54.656C soc1@53.406C VDD_IN 8279mW/9309mW VDD_CPU_GPU_CV 3198mW/3533mW VDD_SOC 1740mW/2181mW
09-12-2026 20:37:23 RAM 6460/7620MB (lfb 4x1MB) SWAP 1067/12002MB (cached 10MB) CPU [0%@1728,98%@1728,0%@1728,0%@1728,0%@729,0%@729] GR3D_FREQ 59% cpu@54.468C soc2@52.75C soc0@52.875C gpu@53.75C tj@54.468C soc1@53.656C VDD_IN 8081mW/9295mW VDD_CPU_GPU_CV 3001mW/3527mW VDD_SOC 1743mW/2176mW
09-12-2026 20:37:24 RAM 6460/7620MB (lfb 4x1MB) SWAP 1067/12002MB (cached 10MB) CPU [1%@1728,82%@1728,4%@1728,0%@1728,0%@729,1%@729] GR3D_FREQ 99% cpu@54.531C soc2@53.031C soc0@52.843C gpu@55.093C tj@55.093C soc1@53.593C VDD_IN 10740mW/9311mW VDD_CPU_GPU_CV 4723mW/3540mW VDD_SOC 2128mW/2175mW
09-12-2026 20:37:24 RAM 6460/7620MB (lfb 4x1MB) SWAP 1067/12002MB (cached 10MB) CPU [0%@1728,74%@1728,0%@1728,0%@1728,0%@729,1%@729] GR3D_FREQ 29% cpu@54.843C soc2@53.25C soc0@53.031C gpu@54.593C tj@54.843C soc1@53.656C VDD_IN 12595mW/9348mW VDD_CPU_GPU_CV 5601mW/3563mW VDD_SOC 2711mW/2181mW
09-12-2026 20:37:25 RAM 6460/7620MB (lfb 4x1MB) SWAP 1067/12002MB (cached 10MB) CPU [0%@1728,100%@1728,0%@1728,0%@1728,0%@729,0%@729] GR3D_FREQ 42% cpu@54.906C soc2@53.093C soc0@53.218C gpu@54.437C tj@54.906C soc1@53.687C VDD_IN 9714mW/9352mW VDD_CPU_GPU_CV 4054mW/3569mW VDD_SOC 2053mW/2180mW
09-12-2026 20:37:25 RAM 6460/7620MB (lfb 4x1MB) SWAP 1067/12002MB (cached 10MB) CPU [0%@1728,98%@1728,3%@1728,0%@1728,0%@729,0%@729] GR3D_FREQ 49% cpu@54.75C soc2@53.093C soc0@53.125C gpu@54.125C tj@54.75C soc1@53.625C VDD_IN 8701mW/9345mW VDD_CPU_GPU_CV 3435mW/3567mW VDD_SOC 1819mW/2176mW
09-12-2026 20:37:26 RAM 6460/7620MB (lfb 4x1MB) SWAP 1067/12002MB (cached 10MB) CPU [0%@1728,86%@1728,0%@1728,0%@1728,2%@729,0%@729] GR3D_FREQ 99% cpu@55.062C soc2@53.375C soc0@53.093C gpu@56C tj@56C soc1@53.781C VDD_IN 12949mW/9384mW VDD_CPU_GPU_CV 6306mW/3597mW VDD_SOC 2397mW/2178mW
09-12-2026 20:37:26 RAM 6460/7620MB (lfb 4x1MB) SWAP 1067/12002MB (cached 10MB) CPU [1%@1728,100%@1728,0%@1728,1%@1728,0%@729,0%@729] GR3D_FREQ 38% cpu@54.843C soc2@53.187C soc0@53.187C gpu@54.5C tj@54.843C soc1@53.843C VDD_IN 9753mW/9388mW VDD_CPU_GPU_CV 4250mW/3604mW VDD_SOC 1934mW/2176mW
09-12-2026 20:37:27 RAM 6460/7620MB (lfb 4x1MB) SWAP 1067/12002MB (cached 10MB) CPU [0%@1728,98%@1728,0%@1728,0%@1728,0%@729,0%@729] GR3D_FREQ 47% cpu@55.031C soc2@53.218C soc0@53.156C gpu@54.25C tj@55.031C soc1@53.843C VDD_IN 8622mW/9380mW VDD_CPU_GPU_CV 3435mW/3602mW VDD_SOC 1779mW/2171mW
09-12-2026 20:37:27 RAM 6460/7620MB (lfb 4x1MB) SWAP 1067/12002MB (cached 10MB) CPU [0%@1728,98%@1728,0%@1728,1%@1728,0%@729,0%@729] GR3D_FREQ 63% cpu@54.843C soc2@53.125C soc0@53.312C gpu@54.156C tj@54.593C soc1@53.781C VDD_IN 8200mW/9368mW VDD_CPU_GPU_CV 3119mW/3597mW VDD_SOC 1743mW/2167mW
09-12-2026 20:37:28 RAM 6460/7620MB (lfb 4x1MB) SWAP 1067/12002MB (cached 10MB) CPU [1%@1728,82%@1728,0%@1728,0%@1728,1%@729,0%@729] GR3D_FREQ 99% cpu@55.312C soc2@53.625C soc0@53.343C gpu@56.093C tj@56.093C soc1@53.843C VDD_IN 14358mW/9420mW VDD_CPU_GPU_CV 6686mW/3629mW VDD_SOC 2942mW/2175mW
09-12-2026 20:37:28 RAM 6460/7620MB (lfb 4x1MB) SWAP 1067/12002MB (cached 10MB) CPU [0%@1728,62%@1728,0%@1728,0%@1728,0%@729,0%@729] GR3D_FREQ 32% cpu@55.375C soc2@53.781C soc0@53.468C gpu@55.062C tj@55.375C soc1@54.156C VDD_IN 13832mW/9465mW VDD_CPU_GPU_CV 5904mW/3653mW VDD_SOC 3373mW/2187mW
09-12-2026 20:37:29 RAM 6460/7620MB (lfb 4x1MB) SWAP 1067/12002MB (cached 10MB) CPU [1%@1728,100%@1728,0%@1728,0%@1728,2%@729,0%@729] GR3D_FREQ 47% cpu@55.218C soc2@53.625C soc0@53.5C gpu@54.968C tj@55.218C soc1@54.093C VDD_IN 10762mW/9478mW VDD_CPU_GPU_CV 4290mW/3659mW VDD_SOC 2680mW/2192mW
09-12-2026 20:37:29 RAM 6460/7620MB (lfb 4x1MB) SWAP 1067/12002MB (cached 10MB) CPU [0%@1728,86%@1728,0%@1728,0%@1728,0%@729,0%@729] GR3D_FREQ 99% cpu@55C soc2@53.562C soc0@53.406C gpu@55.718C tj@55.718C soc1@54.062C VDD_IN 10841mW/9492mW VDD_CPU_GPU_CV 4636mW/3669mW VDD_SOC 2326mW/2194mW
09-12-2026 20:37:30 RAM 6460/7620MB (lfb 4x1MB) SWAP 1067/12002MB (cached 10MB) CPU [3%@1728,52%@1728,8%@1728,0%@1728,0%@729,0%@729] GR3D_FREQ 33% cpu@56.312C soc2@54.218C soc0@53.843C gpu@56.218C tj@56.312C soc1@54.156C VDD_IN 17127mW/9569mW VDD_CPU_GPU_CV 7626mW/3709mW VDD_SOC 4099mW/2213mW
09-12-2026 20:37:30 RAM 6460/7620MB (lfb 4x1MB) SWAP 1067/12002MB (cached 10MB) CPU [0%@1728,0%@1728,100%@1728,0%@1728,0%@729,0%@729] GR3D_FREQ 37% cpu@56.156C soc2@53.968C soc0@53.875C gpu@55.312C tj@56.156C soc1@54.312C VDD_IN 12319mW/9596mW VDD_CPU_GPU_CV 4943mW/3721mW VDD_SOC 3222mW/2223mW
09-12-2026 20:37:31 RAM 6460/7620MB (lfb 4x1MB) SWAP 1067/12002MB (cached 10MB) CPU [0%@1728,0%@1728,98%@1728,1%@1728,1%@729,0%@729] GR3D_FREQ 47% cpu@56.031C soc2@53.875C soc0@53.75C gpu@55.25C tj@56.031C soc1@54.375C VDD_IN 10345mW/9603mW VDD_CPU_GPU_CV 3896mW/3723mW VDD_SOC 2720mW/2228mW
09-12-2026 20:37:31 RAM 6460/7620MB (lfb 4x1MB) SWAP 1067/12002MB (cached 10MB) CPU [4%@1728,1%@1728,88%@1728,1%@1728,0%@729,0%@729] GR3D_FREQ 30% cpu@56.312C soc2@54.062C soc0@53.875C gpu@55.718C tj@56.312C soc1@54.468C VDD_IN 13360mW/9640mW VDD_CPU_GPU_CV 5748mW/3742mW VDD_SOC 3340mW/2238mW
09-12-2026 20:37:32 RAM 6462/7620MB (lfb 4x1MB) SWAP 1067/12002MB (cached 10MB) CPU [5%@1728,0%@1728,100%@1728,0%@1728,18%@729,2%@729] GR3D_FREQ 45% cpu@56.281C soc2@54C soc0@53.906C gpu@55.093C tj@56.281C soc1@54.406C VDD_IN 10108mW/9644mW VDD_CPU_GPU_CV 4054mW/3745mW VDD_SOC 2448mW/2240mW
09-12-2026 20:37:32 RAM 6462/7620MB (lfb 4x1MB) SWAP 1067/12002MB (cached 10MB) CPU [0%@1728,1%@1728,98%@1728,1%@1728,0%@729,0%@729] GR3D_FREQ 57% cpu@55.906C soc2@53.875C soc0@53.843C gpu@55.281C tj@55.906C soc1@54.406C VDD_IN 8740mW/9636mW VDD_CPU_GPU_CV 3356mW/3742mW VDD_SOC 1938mW/2237mW
09-12-2026 20:37:33 RAM 6462/7620MB (lfb 4x1MB) SWAP 1067/12002MB (cached 10MB) CPU [0%@1728,0%@1728,94%@1728,0%@1728,0%@729,0%@729] GR3D_FREQ 37% cpu@55.906C soc2@53.718C soc0@53.812C gpu@54.812C tj@55.906C soc1@54.562C VDD_IN 8160mW/9622mW VDD_CPU_GPU_CV 2961mW/3734mW VDD_SOC 1819mW/2234mW
09-12-2026 20:37:33 RAM 6462/7620MB (lfb 4x1MB) SWAP 1067/12002MB (cached 10MB) CPU [0%@729,1%@729,70%@729,0%@729,0%@729,0%@729] GR3D_FREQ 99% cpu@55.906C soc2@54.5C soc0@53.968C gpu@57.312C tj@57.312C soc1@54.468C VDD_IN 15784mW/9679mW VDD_CPU_GPU_CV 7327mW/3768mW VDD_SOC 3441mW/2245mW
09-12-2026 20:37:34 RAM 6462/7620MB (lfb 4x1MB) SWAP 1067/12002MB (cached 10MB) CPU [0%@1728,0%@1728,76%@1728,0%@1728,0%@729,0%@729] GR3D_FREQ 32% cpu@56.687C soc2@54.343C soc0@54.156C gpu@55.937C tj@56.687C soc1@54.593C VDD_IN 13085mW/9711mW VDD_CPU_GPU_CV 5522mW/3784mW VDD_SOC 3300mW/2255mW
09-12-2026 20:37:34 RAM 6462/7620MB (lfb 4x1MB) SWAP 1067/12002MB (cached 10MB) CPU [0%@1728,0%@1728,100%@1728,0%@1728,0%@729,0%@729] GR3D_FREQ 48% cpu@56.218C soc2@54.187C soc0@54.218C gpu@55.437C tj@56.218C soc1@54.562C VDD_IN 10503mW/9718mW VDD_CPU_GPU_CV 4093mW/3787mW VDD_SOC 2641mW/2258mW
09-12-2026 20:37:35 RAM 6462/7620MB (lfb 4x1MB) SWAP 1067/12002MB (cached 10MB) CPU [1%@1728,1%@1728,88%@1728,1%@1728,0%@729,0%@729] GR3D_FREQ 28% cpu@56.781C soc2@54.437C soc0@54.25C gpu@56.156C tj@56.781C soc1@54.687C VDD_IN 13753mW/9755mW VDD_CPU_GPU_CV 5943mW/3807mW VDD_SOC 3256mW/2267mW
09-12-2026 20:37:35 RAM 6462/7620MB (lfb 4x1MB) SWAP 1067/12002MB (cached 10MB) CPU [0%@1728,0%@1728,100%@1728,0%@1728,0%@729,0%@729] GR3D_FREQ 38% cpu@56.343C soc2@54.281C soc0@54.093C gpu@55.531C tj@56.343C soc1@54.75C VDD_IN 10187mW/9759mW VDD_CPU_GPU_CV 4093mW/3809mW VDD_SOC 2365mW/2268mW
09-12-2026 20:37:36 RAM 6462/7620MB (lfb 4x1MB) SWAP 1067/12002MB (cached 10MB) CPU [0%@1728,0%@1728,98%@1728,3%@1728,0%@729,0%@729] GR3D_FREQ 45% cpu@56.25C soc2@54.281C soc0@54.125C gpu@55.187C tj@56.25C soc1@54.718C VDD_IN 8740mW/9749mW VDD_CPU_GPU_CV 3395mW/3806mW VDD_SOC 1938mW/2265mW
09-12-2026 20:37:36 RAM 6462/7620MB (lfb 4x1MB) SWAP 1067/12002MB (cached 10MB) CPU [0%@1728,0%@1728,98%@1728,0%@1728,0%@729,0%@729] GR3D_FREQ 99% cpu@56.187C soc2@54.187C soc0@54.218C gpu@55.593C tj@56.187C soc1@54.75C VDD_IN 8279mW/9736mW VDD_CPU_GPU_CV 3119mW/3799mW VDD_SOC 1819mW/2261mW
09-12-2026 20:37:37 RAM 6462/7620MB (lfb 4x1MB) SWAP 1067/12002MB (cached 10MB) CPU [1%@1728,0%@1728,86%@1728,0%@1728,1%@729,0%@729] GR3D_FREQ 31% cpu@56.531C soc2@54.343C soc0@54.218C gpu@55.656C tj@56.531C soc1@54.718C VDD_IN 11156mW/9749mW VDD_CPU_GPU_CV 5108mW/3811mW VDD_SOC 2128mW/2260mW
09-12-2026 20:37:37 RAM 6462/7620MB (lfb 4x1MB) SWAP 1067/12002MB (cached 10MB) CPU [0%@1728,0%@1728,100%@1728,0%@1728,0%@729,0%@729] GR3D_FREQ 45% cpu@56.343C soc2@54.156C soc0@54.281C gpu@55.687C tj@56.343C soc1@54.875C VDD_IN 9096mW/9743mW VDD_CPU_GPU_CV 3784mW/3811mW VDD_SOC 1858mW/2257mW
09-12-2026 20:37:38 RAM 6462/7620MB (lfb 4x1MB) SWAP 1067/12002MB (cached 10MB) CPU [0%@1728,0%@1728,98%@1728,0%@1728,0%@729,0%@729] GR3D_FREQ 56% cpu@56.406C soc2@54.312C soc0@54.125C gpu@55.406C tj@56.406C soc1@54.906C VDD_IN 8398mW/9732mW VDD_CPU_GPU_CV 3277mW/3806mW VDD_SOC 1779mW/2252mW
09-12-2026 20:37:39 RAM 6462/7620MB (lfb 4x1MB) SWAP 1067/12002MB (cached 10MB) CPU [1%@1728,0%@1728,84%@1728,0%@1728,0%@729,0%@729] GR3D_FREQ 99% cpu@55.562C soc2@54.343C soc0@54.218C gpu@56.437C tj@56.437C soc1@54.968C VDD_IN 9452mW/9729mW VDD_CPU_GPU_CV 3824mW/3806mW VDD_SOC 1934mW/2250mW
09-12-2026 20:37:39 RAM 6462/7620MB (lfb 4x1MB) SWAP 1067/12002MB (cached 10MB) CPU [0%@1728,0%@1728,62%@1728,0%@1728,0%@729,0%@729] GR3D_FREQ 99% cpu@56.343C soc2@54.843C soc0@54.562C gpu@57.625C tj@57.625C soc1@54.968C VDD_IN 16658mW/9788mW VDD_CPU_GPU_CV 7782mW/3840mW VDD_SOC 3669mW/2262mW
09-12-2026 20:37:40 RAM 6462/7620MB (lfb 4x1MB) SWAP 1067/12002MB (cached 10MB) CPU [0%@1728,0%@1728,94%@1728,0%@1728,0%@729,0%@729] GR3D_FREQ 35% cpu@57.062C soc2@54.75C soc0@54.531C gpu@56.281C tj@57.062C soc1@55.062C VDD_IN 12477mW/9811mW VDD_CPU_GPU_CV 5178mW/3851mW VDD_SOC 3143mW/2269mW
09-12-2026 20:37:40 RAM 6462/7620MB (lfb 4x1MB) SWAP 1067/12002MB (cached 10MB) CPU [0%@1728,1%@1728,100%@1728,0%@1728,0%@729,0%@729] GR3D_FREQ 0% cpu@56.562C soc2@54.593C soc0@54.437C gpu@55.625C tj@56.562C soc1@55.25C VDD_IN 9753mW/9810mW VDD_CPU_GPU_CV 3857mW/3851mW VDD_SOC 2369mW/2270mW
09-12-2026 20:37:41 RAM 6463/7620MB (lfb 4x1MB) SWAP 1067/12002MB (cached 10MB) CPU [1%@1728,0%@1728,88%@1728,0%@1728,1%@729,0%@729] GR3D_FREQ 30% cpu@57C soc2@54.843C soc0@54.656C gpu@56.25C tj@57C soc1@55.281C VDD_IN 12771mW/9835mW VDD_CPU_GPU_CV 5601mW/3866mW VDD_SOC 3143mW/2277mW
09-12-2026 20:37:41 RAM 6462/7620MB (lfb 4x1MB) SWAP 1067/12002MB (cached 10MB) CPU [1%@1728,0%@1728,98%@1728,1%@1728,0%@729,0%@729] GR3D_FREQ 46% cpu@56.718C soc2@54.812C soc0@54.562C gpu@55.843C tj@56.718C soc1@55.093C VDD_IN 9714mW/9834mW VDD_CPU_GPU_CV 3936mW/3866mW VDD_SOC 2211mW/2277mW
09-12-2026 20:37:42 RAM 6462/7620MB (lfb 4x1MB) SWAP 1067/12002MB (cached 10MB) CPU [0%@1728,1%@1728,100%@1728,0%@1728,1%@729,0%@729] GR3D_FREQ 56% cpu@56.531C soc2@54.593C soc0@54.593C gpu@55.687C tj@56.531C soc1@55.218C VDD_IN 8622mW/9824mW VDD_CPU_GPU_CV 3356mW/3862mW VDD_SOC 1898mW/2274mW
09-12-2026 20:37:42 RAM 6505/7620MB (lfb 4x1MB) SWAP 1070/12002MB (cached 10MB) CPU [0%@1728,3%@1728,78%@1728,1%@1728,3%@729,8%@729] GR3D_FREQ 99% cpu@56.812C soc2@54.937C soc0@54.593C gpu@57.093C tj@57.093C soc1@55.187C VDD_IN 12280mW/9844mW VDD_CPU_GPU_CV 5570mW/3876mW VDD_SOC 2397mW/2275mW
09-12-2026 20:37:43 RAM 6560/7620MB (lfb 3x1MB) SWAP 1075/12002MB (cached 10MB) CPU [0%@1728,1%@1728,62%@1728,0%@1728,24%@729,24%@729] GR3D_FREQ 99% cpu@57.343C soc2@55.375C soc0@54.906C gpu@58.062C tj@58.062C soc1@55.593C VDD_IN 18396mW/9912mW VDD_CPU_GPU_CV 8454mW/3913mW VDD_SOC 4241mW/2290mW
09-12-2026 20:37:43 RAM 6579/7620MB (lfb 3x1MB) SWAP 1075/12002MB (cached 10MB) CPU [0%@1728,0%@1728,100%@1728,0%@1728,0%@729,2%@729] GR3D_FREQ 38% cpu@57.281C soc2@55.156C soc0@54.843C gpu@56.625C tj@57.281C soc1@55.593C VDD_IN 12889mW/9936mW VDD_CPU_GPU_CV 5366mW/3924mW VDD_SOC 3340mW/2299mW
09-12-2026 20:37:44 RAM 6585/7620MB (lfb 3x1MB) SWAP 1075/12002MB (cached 10MB) CPU [1%@1728,0%@1728,100%@1728,0%@1728,22%@729,0%@729] GR3D_FREQ 49% cpu@57.343C soc2@55.218C soc0@54.843C gpu@56.562C tj@57.343C soc1@55.531C VDD_IN 11078mW/9945mW VDD_CPU_GPU_CV 4204mW/3926mW VDD_SOC 3070mW/2305mW
09-12-2026 20:37:44 RAM 6586/7620MB (lfb 3x1MB) SWAP 1075/12002MB (cached 10MB) CPU [0%@1728,0%@1728,86%@1728,0%@1728,0%@729,1%@729] GR3D_FREQ 99% cpu@57.375C soc2@55.562C soc0@55.031C gpu@58.125C tj@58.125C soc1@55.531C VDD_IN 15745mW/9990mW VDD_CPU_GPU_CV 6898mW/3949mW VDD_SOC 3871mW/2317mW
09-12-2026 20:37:45 RAM 6586/7620MB (lfb 3x1MB) SWAP 1075/12002MB (cached 10MB) CPU [0%@1728,0%@1728,48%@1728,0%@1728,0%@729,0%@729] GR3D_FREQ 32% cpu@57.968C soc2@55.781C soc0@55.187C gpu@57.531C tj@57.968C soc1@55.593C VDD_IN 17450mW/10048mW VDD_CPU_GPU_CV 7730mW/3979mW VDD_SOC 4326mW/2333mW
09-12-2026 20:37:45 RAM 6586/7620MB (lfb 3x1MB) SWAP 1075/12002MB (cached 10MB) CPU [0%@1728,0%@1728,100%@1728,1%@1728,0%@729,0%@729] GR3D_FREQ 39% cpu@57.718C soc2@55.562C soc0@55.25C gpu@56.781C tj@57.718C soc1@55.906C VDD_IN 12595mW/10067mW VDD_CPU_GPU_CV 5052mW/3987mW VDD_SOC 3340mW/2340mW
09-12-2026 20:37:46 RAM 6586/7620MB (lfb 3x1MB) SWAP 1075/12002MB (cached 10MB) CPU [1%@1728,0%@1728,98%@1728,0%@1728,0%@729,0%@729] GR3D_FREQ 13% cpu@57.218C soc2@55.5C soc0@55.218C gpu@56.468C tj@57.218C soc1@55.906C VDD_IN 10802mW/10073mW VDD_CPU_GPU_CV 3968mW/3987mW VDD_SOC 3035mW/2346mW
09-12-2026 20:37:46 RAM 6586/7620MB (lfb 3x1MB) SWAP 1075/12002MB (cached 10MB) CPU [1%@1728,0%@1728,90%@1728,0%@1728,0%@729,1%@729] GR3D_FREQ 27% cpu@57.812C soc2@55.75C soc0@55.468C gpu@57C tj@57.75C soc1@55.875C VDD_IN 13439mW/10098mW VDD_CPU_GPU_CV 5591mW/3999mW VDD_SOC 3491mW/2354mW
09-12-2026 20:37:47 RAM 6586/7620MB (lfb 3x1MB) SWAP 1075/12002MB (cached 10MB) CPU [0%@1728,0%@1728,100%@1728,1%@1728,0%@729,0%@729] GR3D_FREQ 45% cpu@57.75C soc2@55.406C soc0@55.343C gpu@56.718C tj@57.75C soc1@55.875C VDD_IN 10227mW/10099mW VDD_CPU_GPU_CV 3936mW/3999mW VDD_SOC 2601mW/2356mW
09-12-2026 20:37:47 RAM 6586/7620MB (lfb 3x1MB) SWAP 1075/12002MB (cached 10MB) CPU [0%@1728,0%@1728,98%@1728,0%@1728,0%@729,0%@729] GR3D_FREQ 58% cpu@57.531C soc2@55.437C soc0@55.281C gpu@56.531C tj@57.531C soc1@56C VDD_IN 8780mW/10090mW VDD_CPU_GPU_CV 3311mW/3993mW VDD_SOC 2017mW/2354mW
09-12-2026 20:37:48 RAM 6586/7620MB (lfb 3x1MB) SWAP 1075/12002MB (cached 10MB) CPU [0%@1728,0%@1728,84%@1728,1%@1728,0%@729,0%@729] GR3D_FREQ 99% cpu@57.562C soc2@55.718C soc0@55.281C gpu@58.312C tj@58.312C soc1@55.937C VDD_IN 13832mW/10117mW VDD_CPU_GPU_CV 6295mW/4010mW VDD_SOC 2942mW/2358mW
09-12-2026 20:37:48 RAM 6586/7620MB (lfb 3x1MB) SWAP 1075/12002MB (cached 10MB) CPU [0%@1728,0%@1728,60%@1728,0%@1728,0%@729,5%@729] GR3D_FREQ 30% cpu@58C soc2@55.906C soc0@55.375C gpu@57.468C tj@58C soc1@56.062C VDD_IN 14633mW/10150mW VDD_CPU_GPU_CV 6402mW/4028mW VDD_SOC 3564mW/2367mW
09-12-2026 20:37:49 RAM 6586/7620MB (lfb 3x1MB) SWAP 1075/12002MB (cached 10MB) CPU [0%@1728,0%@1728,100%@1728,0%@1728,0%@729,0%@729] GR3D_FREQ 40% cpu@58.125C soc2@55.812C soc0@55.593C gpu@57C tj@58.125C soc1@56.031C VDD_IN 11432mW/10160mW VDD_CPU_GPU_CV 4519mW/4032mW VDD_SOC 3109mW/2372mW
09-12-2026 20:37:49 RAM 6586/7620MB (lfb 3x1MB) SWAP 1075/12002MB (cached 10MB) CPU [0%@1728,0%@1728,93%@1728,0%@1728,0%@729,0%@729] GR3D_FREQ 99% cpu@57.25C soc2@55.75C soc0@55.468C gpu@57.687C tj@57.687C soc1@56C VDD_IN 10644mW/10163mW VDD_CPU_GPU_CV 4440mW/4035mW VDD_SOC 2404mW/2372mW
09-12-2026 20:37:50 RAM 6586/7620MB (lfb 3x1MB) SWAP 1075/12002MB (cached 10MB) CPU [1%@1728,0%@1728,94%@1728,0%@1728,0%@729,1%@729] GR3D_FREQ 38% cpu@57.75C soc2@55.843C soc0@55.562C gpu@57.281C tj@58.031C soc1@56.312C VDD_IN 12004mW/10177mW VDD_CPU_GPU_CV 4982mW/4041mW VDD_SOC 3025mW/2377mW
09-12-2026 20:37:50 RAM 6587/7620MB (lfb 3x1MB) SWAP 1075/12002MB (cached 10MB) CPU [3%@1728,0%@1728,98%@1728,0%@1728,0%@729,0%@729] GR3D_FREQ 45% cpu@57.687C soc2@55.812C soc0@55.468C gpu@57.093C tj@57.687C soc1@56.187C VDD_IN 9319mW/10170mW VDD_CPU_GPU_CV 3705mW/4039mW VDD_SOC 2132mW/2375mW
09-12-2026 20:37:51 RAM 6587/7620MB (lfb 3x1MB) SWAP 1075/12002MB (cached 10MB) CPU [0%@1728,1%@1728,100%@1728,0%@1728,0%@729,0%@729] GR3D_FREQ 55% cpu@57.5C soc2@55.562C soc0@55.406C gpu@56.781C tj@57.5C soc1@56.156C VDD_IN 8464mW/10158mW VDD_CPU_GPU_CV 3238mW/4033mW VDD_SOC 1858mW/2372mW
09-12-2026 20:37:51 RAM 6587/7620MB (lfb 3x1MB) SWAP 1075/12002MB (cached 10MB) CPU [0%@1728,0%@1728,92%@1728,1%@1728,0%@729,0%@729] GR3D_FREQ 99% cpu@57.093C soc2@55.656C soc0@55.562C gpu@57.5C tj@57.5C soc1@56.125C VDD_IN 9334mW/10153mW VDD_CPU_GPU_CV 3784mW/4032mW VDD_SOC 1934mW/2369mW
09-12-2026 20:37:52 RAM 6587/7620MB (lfb 3x1MB) SWAP 1075/12002MB (cached 10MB) CPU [0%@1728,0%@1728,90%@1728,0%@1728,0%@729,0%@729] GR3D_FREQ 33% cpu@57.937C soc2@55.812C soc0@55.562C gpu@57.281C tj@57.937C soc1@56.093C VDD_IN 10762mW/10157mW VDD_CPU_GPU_CV 4872mW/4037mW VDD_SOC 2089mW/2367mW
09-12-2026 20:37:52 RAM 6587/7620MB (lfb 3x1MB) SWAP 1075/12002MB (cached 10MB) CPU [0%@1728,0%@1728,100%@1728,0%@1728,0%@729,1%@729] GR3D_FREQ 47% cpu@57.718C soc2@55.75C soc0@55.562C gpu@56.843C tj@57.718C soc1@56.25C VDD_IN 8978mW/10149mW VDD_CPU_GPU_CV 3666mW/4035mW VDD_SOC 1819mW/2363mW
09-12-2026 20:37:53 RAM 6587/7620MB (lfb 3x1MB) SWAP 1075/12002MB (cached 10MB) CPU [0%@1728,1%@1728,98%@1728,0%@1728,0%@729,0%@729] GR3D_FREQ 55% cpu@57.656C soc2@55.718C soc0@55.406C gpu@56.562C tj@57.656C soc1@56.218C VDD_IN 8398mW/10137mW VDD_CPU_GPU_CV 3238mW/4029mW VDD_SOC 1779mW/2359mW
09-12-2026 20:37:53 RAM 6587/7620MB (lfb 3x1MB) SWAP 1075/12002MB (cached 10MB) CPU [0%@1728,1%@1728,93%@1728,0%@1728,0%@729,0%@729] GR3D_FREQ 82% cpu@57.5C soc2@55.593C soc0@55.406C gpu@57C tj@57.5C soc1@56.218C VDD_IN 8200mW/10123mW VDD_CPU_GPU_CV 3040mW/4023mW VDD_SOC 1779mW/2355mW
09-12-2026 20:37:54 RAM 6587/7620MB (lfb 3x1MB) SWAP 1075/12002MB (cached 10MB) CPU [0%@1728,0%@1728,69%@1728,0%@1728,0%@729,0%@729] GR3D_FREQ 99% cpu@57.781C soc2@56.281C soc0@55.812C gpu@58.75C tj@58.75C soc1@56.187C VDD_IN 15941mW/10163mW VDD_CPU_GPU_CV 7405mW/4046mW VDD_SOC 3441mW/2362mW
09-12-2026 20:37:54 RAM 6588/7620MB (lfb 3x1MB) SWAP 1075/12002MB (cached 10MB) CPU [0%@1728,0%@1728,80%@1728,3%@1728,0%@729,0%@729] GR3D_FREQ 30% cpu@58.25C soc2@56.156C soc0@55.843C gpu@57.843C tj@58.25C soc1@56.406C VDD_IN 12928mW/10182mW VDD_CPU_GPU_CV 5444mW/4055mW VDD_SOC 3261mW/2368mW
09-12-2026 20:37:55 RAM 6593/7620MB (lfb 3x1MB) SWAP 1075/12002MB (cached 10MB) CPU [16%@1728,18%@1728,100%@1728,15%@1728,33%@729,44%@729] GR3D_FREQ 47% cpu@58.218C soc2@56.156C soc0@55.812C gpu@57.468C tj@58.218C soc1@56.5C VDD_IN 10723mW/10185mW VDD_CPU_GPU_CV 4440mW/4058mW VDD_SOC 2523mW/2369mW
