09-12-2026 20:05:22 RAM 3322/7620MB (lfb 126x1MB) SWAP 1224/12002MB (cached 9MB) CPU [13%@1728,6%@1728,13%@1728,90%@1728,12%@729,19%@729] GR3D_FREQ 0% cpu@57.687C soc2@55.906C soc0@56.218C gpu@56.5C tj@57.687C soc1@56.812C VDD_IN 5802mW/5802mW VDD_CPU_GPU_CV 1547mW/1547mW VDD_SOC 1468mW/1468mW
09-12-2026 20:05:23 RAM 3730/7620MB (lfb 126x1MB) SWAP 1224/12002MB (cached 9MB) CPU [37%@1113,36%@1113,17%@1113,58%@1728,1%@729,56%@729] GR3D_FREQ 15% cpu@57.343C soc2@55.906C soc0@56.062C gpu@56.437C tj@57.531C soc1@56.875C VDD_IN 6031mW/5917mW VDD_CPU_GPU_CV 1386mW/1467mW VDD_SOC 1587mW/1528mW
09-12-2026 20:05:23 RAM 3889/7620MB (lfb 1x2MB) SWAP 1223/12002MB (cached 9MB) CPU [8%@1728,11%@1728,7%@1728,92%@1728,3%@729,10%@729] GR3D_FREQ 0% cpu@57.468C soc2@55.843C soc0@56.031C gpu@56.593C tj@57.468C soc1@57C VDD_IN 5912mW/5915mW VDD_CPU_GPU_CV 1269mW/1401mW VDD_SOC 1587mW/1547mW
09-12-2026 20:05:24 RAM 4031/7620MB (lfb 166x1MB) SWAP 1223/12002MB (cached 9MB) CPU [33%@1267,16%@1267,20%@1267,70%@1267,0%@729,39%@729] GR3D_FREQ 0% cpu@57.437C soc2@56.062C soc0@56.093C gpu@56.312C tj@57.437C soc1@57C VDD_IN 6150mW/5974mW VDD_CPU_GPU_CV 1426mW/1407mW VDD_SOC 1626mW/1567mW
09-12-2026 20:05:24 RAM 4079/7620MB (lfb 3x2MB) SWAP 1223/12002MB (cached 9MB) CPU [37%@1728,18%@1728,15%@1728,83%@1728,1%@729,29%@729] GR3D_FREQ 0% cpu@57.718C soc2@55.875C soc0@55.968C gpu@56.593C tj@57.718C soc1@56.968C VDD_IN 6031mW/5985mW VDD_CPU_GPU_CV 1307mW/1387mW VDD_SOC 1626mW/1579mW
09-12-2026 20:05:25 RAM 4234/7620MB (lfb 1x2MB) SWAP 1223/12002MB (cached 9MB) CPU [25%@1190,1%@1190,12%@1190,82%@1190,30%@1574,24%@1574] GR3D_FREQ 5% cpu@57.593C soc2@55.906C soc0@56.125C gpu@56.687C tj@57.593C soc1@56.906C VDD_IN 6031mW/5993mW VDD_CPU_GPU_CV 1346mW/1380mW VDD_SOC 1626mW/1587mW
09-12-2026 20:05:25 RAM 4595/7620MB (lfb 192x1MB) SWAP 1223/12002MB (cached 9MB) CPU [41%@1728,25%@1728,30%@1728,34%@1728,36%@1728,54%@1728] GR3D_FREQ 0% cpu@57.375C soc2@55.812C soc0@56.031C gpu@56.562C tj@57.375C soc1@56.875C VDD_IN 6110mW/6010mW VDD_CPU_GPU_CV 1386mW/1381mW VDD_SOC 1626mW/1592mW
09-12-2026 20:05:26 RAM 4774/7620MB (lfb 192x1MB) SWAP 1223/12002MB (cached 9MB) CPU [17%@729,17%@729,14%@729,0%@729,11%@1728,88%@1728] GR3D_FREQ 0% cpu@57.437C soc2@55.906C soc0@56.062C gpu@56.718C tj@57.468C soc1@56.843C VDD_IN 6031mW/6012mW VDD_CPU_GPU_CV 1386mW/1382mW VDD_SOC 1587mW/1592mW
09-12-2026 20:05:26 RAM 5311/7620MB (lfb 192x1MB) SWAP 1223/12002MB (cached 9MB) CPU [33%@1190,50%@1190,47%@1190,38%@1113,32%@729,54%@729] GR3D_FREQ 5% cpu@57.281C soc2@55.843C soc0@56.031C gpu@56.562C tj@57.375C soc1@57.031C VDD_IN 6229mW/6036mW VDD_CPU_GPU_CV 1426mW/1387mW VDD_SOC 1666mW/1600mW
09-12-2026 20:05:27 RAM 5369/7620MB (lfb 192x1MB) SWAP 1223/12002MB (cached 9MB) CPU [5%@1574,94%@1651,0%@1651,8%@1651,0%@729,0%@729] GR3D_FREQ 4% cpu@57.437C soc2@55.812C soc0@56.031C gpu@56.718C tj@57.437C soc1@57C VDD_IN 5912mW/6024mW VDD_CPU_GPU_CV 1309mW/1379mW VDD_SOC 1587mW/1599mW
09-12-2026 20:05:27 RAM 5865/7620MB (lfb 12894x32kB) SWAP 1223/12002MB (cached 9MB) CPU [66%@1728,42%@1728,32%@1728,34%@1728,32%@729,54%@729] GR3D_FREQ 4% cpu@57.468C soc2@55.968C soc0@56.031C gpu@56.531C tj@57.468C soc1@56.937C VDD_IN 6229mW/6043mW VDD_CPU_GPU_CV 1465mW/1387mW VDD_SOC 1666mW/1605mW
09-12-2026 20:05:28 RAM 5998/7620MB (lfb 13064x32kB) SWAP 1223/12002MB (cached 9MB) CPU [23%@1728,92%@1728,9%@1728,0%@1728,15%@729,12%@729] GR3D_FREQ 0% cpu@57.437C soc2@55.906C soc0@55.968C gpu@56.687C tj@57.437C soc1@56.906C VDD_IN 6071mW/6045mW VDD_CPU_GPU_CV 1346mW/1383mW VDD_SOC 1587mW/1603mW
09-12-2026 20:05:28 RAM 6421/7620MB (lfb 11472x32kB) SWAP 1223/12002MB (cached 9MB) CPU [46%@1420,72%@1420,29%@1420,4%@1420,43%@729,44%@729] GR3D_FREQ 14% cpu@57.687C soc2@55.937C soc0@56.093C gpu@56.531C tj@57.687C soc1@56.875C VDD_IN 6269mW/6062mW VDD_CPU_GPU_CV 1465mW/1390mW VDD_SOC 1626mW/1605mW
09-12-2026 20:05:29 RAM 6679/7620MB (lfb 3x256kB) SWAP 1223/12002MB (cached 9MB) CPU [42%@1728,78%@1728,20%@1728,4%@1728,59%@1728,30%@1728] GR3D_FREQ 0% cpu@57.531C soc2@55.906C soc0@56C gpu@56.531C tj@57.531C soc1@56.812C VDD_IN 6269mW/6077mW VDD_CPU_GPU_CV 1545mW/1401mW VDD_SOC 1626mW/1607mW
09-12-2026 20:05:29 RAM 6707/7620MB (lfb 6x128kB) SWAP 1223/12002MB (cached 9MB) CPU [5%@1728,74%@1728,3%@1728,12%@1728,6%@1036,6%@1036] GR3D_FREQ 20% cpu@57.343C soc2@55.875C soc0@56C gpu@56.5C tj@57.343C soc1@57.031C VDD_IN 5842mW/6061mW VDD_CPU_GPU_CV 1269mW/1392mW VDD_SOC 1547mW/1603mW
09-12-2026 20:05:30 RAM 6887/7620MB (lfb 1x128kB) SWAP 1239/12002MB (cached 9MB) CPU [23%@1267,51%@1267,31%@1267,44%@1267,50%@806,34%@806] GR3D_FREQ 10% cpu@57.25C soc2@55.781C soc0@55.968C gpu@56.593C tj@57.25C soc1@57C VDD_IN 5952mW/6054mW VDD_CPU_GPU_CV 1349mW/1389mW VDD_SOC 1587mW/1602mW
09-12-2026 20:05:30 RAM 7029/7620MB (lfb 1339x32kB) SWAP 1265/12002MB (cached 8MB) CPU [19%@883,59%@883,40%@883,40%@883,42%@1728,52%@1728] GR3D_FREQ 19% cpu@57.437C soc2@55.875C soc0@55.968C gpu@56.468C tj@57.437C soc1@56.937C VDD_IN 6190mW/6062mW VDD_CPU_GPU_CV 1584mW/1401mW VDD_SOC 1587mW/1601mW
09-12-2026 20:05:31 RAM 7088/7620MB (lfb 9x64kB) SWAP 1265/12002MB (cached 8MB) CPU [5%@1728,92%@1728,8%@1728,8%@1728,8%@729,32%@729] GR3D_FREQ 0% cpu@57.25C soc2@55.843C soc0@55.937C gpu@56.656C tj@57.25C soc1@56.875C VDD_IN 6071mW/6063mW VDD_CPU_GPU_CV 1465mW/1404mW VDD_SOC 1547mW/1598mW
09-12-2026 20:05:31 RAM 7219/7620MB (lfb 899x32kB) SWAP 1265/12002MB (cached 7MB) CPU [36%@1728,31%@1728,23%@1728,66%@1728,34%@1728,54%@1728] GR3D_FREQ 9% cpu@57.781C soc2@55.906C soc0@56.156C gpu@56.531C tj@57.781C soc1@56.937C VDD_IN 6626mW/6093mW VDD_CPU_GPU_CV 1941mW/1432mW VDD_SOC 1587mW/1597mW
09-12-2026 20:05:32 RAM 7387/7620MB (lfb 3x2MB) SWAP 1324/12002MB (cached 7MB) CPU [21%@1728,0%@1728,16%@1728,84%@1728,25%@960,71%@960] GR3D_FREQ 0% cpu@57.781C soc2@55.968C soc0@55.937C gpu@56.437C tj@57.781C soc1@56.937C VDD_IN 6586mW/6117mW VDD_CPU_GPU_CV 2020mW/1462mW VDD_SOC 1547mW/1595mW
09-12-2026 20:05:32 RAM 7357/7620MB (lfb 6x2MB) SWAP 1433/12002MB (cached 7MB) CPU [18%@729,1%@729,0%@729,57%@729,9%@1728,86%@1728] GR3D_FREQ 0% cpu@57.312C soc2@55.812C soc0@56.093C gpu@56.531C tj@57.562C soc1@56.812C VDD_IN 6269mW/6124mW VDD_CPU_GPU_CV 1703mW/1473mW VDD_SOC 1547mW/1592mW
09-12-2026 20:05:33 RAM 7381/7620MB (lfb 2x2MB) SWAP 1433/12002MB (cached 7MB) CPU [1%@1728,0%@1728,0%@1728,28%@1728,0%@1728,95%@1728] GR3D_FREQ 0% cpu@57.281C soc2@55.812C soc0@56.125C gpu@56.375C tj@57.281C soc1@56.937C VDD_IN 6110mW/6124mW VDD_CPU_GPU_CV 1465mW/1473mW VDD_SOC 1547mW/1590mW
09-12-2026 20:05:33 RAM 7408/7620MB (lfb 7x1MB) SWAP 1464/12002MB (cached 7MB) CPU [2%@1728,0%@1728,0%@1728,34%@1728,7%@1651,71%@1651] GR3D_FREQ 0% cpu@57.406C soc2@55.937C soc0@55.968C gpu@56.687C tj@57.406C soc1@56.781C VDD_IN 5872mW/6113mW VDD_CPU_GPU_CV 1428mW/1471mW VDD_SOC 1507mW/1587mW
09-12-2026 20:05:34 RAM 7399/7620MB (lfb 10x1MB) SWAP 1643/12002MB (cached 6MB) CPU [0%@1728,0%@1728,1%@1728,92%@1728,1%@1728,94%@1728] GR3D_FREQ 0% cpu@57.718C soc2@55.812C soc0@55.937C gpu@56.312C tj@57.718C soc1@56.843C VDD_IN 6309mW/6121mW VDD_CPU_GPU_CV 1822mW/1486mW VDD_SOC 1547mW/1585mW
09-12-2026 20:05:34 RAM 7409/7620MB (lfb 18x1MB) SWAP 1837/12002MB (cached 6MB) CPU [2%@1728,1%@1728,0%@1728,100%@1728,2%@1728,68%@1728] GR3D_FREQ 0% cpu@57.75C soc2@55.937C soc0@56.156C gpu@56.906C tj@57.656C soc1@56.843C VDD_IN 7725mW/6185mW VDD_CPU_GPU_CV 2724mW/1535mW VDD_SOC 1703mW/1590mW
09-12-2026 20:05:35 RAM 7430/7620MB (lfb 9x1MB) SWAP 2078/12002MB (cached 5MB) CPU [0%@1728,1%@1728,0%@1728,100%@1728,0%@1728,100%@1728] GR3D_FREQ 0% cpu@57.906C soc2@55.968C soc0@56.093C gpu@56.625C tj@57.906C soc1@56.843C VDD_IN 8081mW/6258mW VDD_CPU_GPU_CV 2961mW/1590mW VDD_SOC 1740mW/1596mW
09-12-2026 20:05:35 RAM 7456/7620MB (lfb 28x128kB) SWAP 2330/12002MB (cached 5MB) CPU [0%@1728,0%@1728,0%@1728,96%@1728,0%@1728,96%@1728] GR3D_FREQ 0% cpu@57.937C soc2@56.031C soc0@56.125C gpu@56.656C tj@57.937C soc1@56.906C VDD_IN 7725mW/6312mW VDD_CPU_GPU_CV 2764mW/1633mW VDD_SOC 1703mW/1600mW
09-12-2026 20:05:36 RAM 7474/7620MB (lfb 21x128kB) SWAP 2539/12002MB (cached 4MB) CPU [21%@1728,25%@1728,0%@1728,75%@1728,57%@1728,15%@1728] GR3D_FREQ 0% cpu@57.937C soc2@56C soc0@56C gpu@56.625C tj@57.937C soc1@56.968C VDD_IN 6944mW/6335mW VDD_CPU_GPU_CV 2214mW/1654mW VDD_SOC 1584mW/1599mW
09-12-2026 20:05:36 RAM 7454/7620MB (lfb 22x128kB) SWAP 2806/12002MB (cached 4MB) CPU [21%@1728,32%@1728,0%@1728,96%@1728,100%@1728,18%@1728] GR3D_FREQ 0% cpu@57.875C soc2@56.062C soc0@56.062C gpu@56.75C tj@57.875C soc1@56.937C VDD_IN 7368mW/6371mW VDD_CPU_GPU_CV 2452mW/1682mW VDD_SOC 1663mW/1601mW
09-12-2026 20:05:37 RAM 7408/7620MB (lfb 11x128kB) SWAP 2886/12002MB (cached 3MB) CPU [36%@1728,0%@1728,1%@1728,44%@1728,64%@729,0%@729] GR3D_FREQ 86% cpu@57.968C soc2@56.281C soc0@56.093C gpu@57.593C tj@57.968C soc1@57C VDD_IN 9595mW/6478mW VDD_CPU_GPU_CV 3272mW/1735mW VDD_SOC 2132mW/1619mW
09-12-2026 20:05:37 RAM 7420/7620MB (lfb 2x1MB) SWAP 2864/12002MB (cached 3MB) CPU [76%@806,20%@806,1%@806,0%@806,20%@1728,0%@1728] GR3D_FREQ 0% cpu@57.968C soc2@56.406C soc0@56.281C gpu@57.312C tj@57.968C soc1@57.062C VDD_IN 10920mW/6621mW VDD_CPU_GPU_CV 3733mW/1799mW VDD_SOC 2597mW/1650mW
09-12-2026 20:05:38 RAM 7422/7620MB (lfb 2x1MB) SWAP 2850/12002MB (cached 3MB) CPU [0%@1728,0%@1728,0%@1728,0%@1728,12%@1728,60%@1728] GR3D_FREQ 64% cpu@58.218C soc2@56.781C soc0@56.281C gpu@58.312C tj@58.312C soc1@57.125C VDD_IN 13809mW/6846mW VDD_CPU_GPU_CV 5357mW/1910mW VDD_SOC 3491mW/1708mW
09-12-2026 20:05:38 RAM 7425/7620MB (lfb 2x1MB) SWAP 2849/12002MB (cached 4MB) CPU [4%@1728,0%@1728,4%@1728,1%@1728,0%@1728,98%@1728] GR3D_FREQ 65% cpu@58.656C soc2@56.843C soc0@56.687C gpu@58.25C tj@58.656C soc1@57.218C VDD_IN 14280mW/7071mW VDD_CPU_GPU_CV 4888mW/2001mW VDD_SOC 3995mW/1777mW
09-12-2026 20:05:39 RAM 7429/7620MB (lfb 2x1MB) SWAP 2845/12002MB (cached 4MB) CPU [0%@729,0%@729,0%@729,0%@729,0%@1728,75%@1728] GR3D_FREQ 60% cpu@58.968C soc2@57.062C soc0@56.687C gpu@58.781C tj@58.968C soc1@57.25C VDD_IN 15706mW/7325mW VDD_CPU_GPU_CV 6158mW/2123mW VDD_SOC 4184mW/1848mW
09-12-2026 20:05:40 RAM 7429/7620MB (lfb 2x1MB) SWAP 2845/12002MB (cached 4MB) CPU [0%@729,0%@729,3%@729,0%@729,0%@1728,96%@1728] GR3D_FREQ 99% cpu@58.781C soc2@57.156C soc0@56.718C gpu@59.375C tj@59.375C soc1@57.312C VDD_IN 14962mW/7543mW VDD_CPU_GPU_CV 5699mW/2225mW VDD_SOC 4145mW/1914mW
09-12-2026 20:05:40 RAM 7429/7620MB (lfb 2x1MB) SWAP 2845/12002MB (cached 4MB) CPU [0%@1728,0%@1728,0%@1728,0%@1728,0%@1728,82%@1728] GR3D_FREQ 60% cpu@58.843C soc2@57.343C soc0@56.781C gpu@58.843C tj@58.968C soc1@57.562C VDD_IN 15563mW/7766mW VDD_CPU_GPU_CV 6002mW/2330mW VDD_SOC 4262mW/1979mW
09-12-2026 20:05:41 RAM 7430/7620MB (lfb 2x1MB) SWAP 2844/12002MB (cached 4MB) CPU [3%@1728,0%@1728,0%@1728,0%@1728,0%@1728,80%@1728] GR3D_FREQ 62% cpu@58.968C soc2@57.375C soc0@56.906C gpu@59.468C tj@59.468C soc1@57.562C VDD_IN 16736mW/8009mW VDD_CPU_GPU_CV 6953mW/2455mW VDD_SOC 4333mW/2043mW
09-12-2026 20:05:41 RAM 7430/7620MB (lfb 2x1MB) SWAP 2844/12002MB (cached 4MB) CPU [0%@729,0%@729,1%@729,0%@729,0%@1728,98%@1728] GR3D_FREQ 61% cpu@59C soc2@57.562C soc0@56.968C gpu@58.937C tj@59C soc1@57.593C VDD_IN 15118mW/8196mW VDD_CPU_GPU_CV 5651mW/2539mW VDD_SOC 4262mW/2101mW
09-12-2026 20:05:42 RAM 7430/7620MB (lfb 2x1MB) SWAP 2844/12002MB (cached 4MB) CPU [0%@729,1%@729,0%@729,0%@729,0%@1728,80%@1728] GR3D_FREQ 62% cpu@59.156C soc2@57.687C soc0@57.406C gpu@59.281C tj@59.281C soc1@57.718C VDD_IN 15876mW/8393mW VDD_CPU_GPU_CV 6264mW/2635mW VDD_SOC 4294mW/2157mW
09-12-2026 20:05:42 RAM 7431/7620MB (lfb 2x1MB) SWAP 2844/12002MB (cached 4MB) CPU [0%@1728,0%@1728,1%@1728,0%@1728,0%@1728,86%@1728] GR3D_FREQ 99% cpu@59.406C soc2@57.812C soc0@57.187C gpu@60.062C tj@60.062C soc1@57.812C VDD_IN 16032mW/8584mW VDD_CPU_GPU_CV 6537mW/2732mW VDD_SOC 4255mW/2210mW
09-12-2026 20:05:43 RAM 7431/7620MB (lfb 2x1MB) SWAP 2843/12002MB (cached 4MB) CPU [1%@729,0%@729,2%@729,1%@729,0%@1728,90%@1728] GR3D_FREQ 60% cpu@59.375C soc2@57.843C soc0@57.281C gpu@59.343C tj@59.375C soc1@57.843C VDD_IN 15432mW/8751mW VDD_CPU_GPU_CV 5807mW/2807mW VDD_SOC 4262mW/2260mW
09-12-2026 20:05:43 RAM 7423/7620MB (lfb 2x1MB) SWAP 2850/12002MB (cached 4MB) CPU [0%@729,0%@729,2%@729,1%@729,9%@1728,78%@1728] GR3D_FREQ 61% cpu@59.5C soc2@57.937C soc0@57.375C gpu@59.562C tj@59.562C soc1@58.031C VDD_IN 16228mW/8929mW VDD_CPU_GPU_CV 6459mW/2894mW VDD_SOC 4294mW/2308mW
09-12-2026 20:05:44 RAM 7427/7620MB (lfb 1x1MB) SWAP 2845/12002MB (cached 4MB) CPU [0%@729,9%@1728,1%@1728,0%@1728,1%@1728,86%@1728] GR3D_FREQ 99% cpu@59.5C soc2@58C soc0@57.406C gpu@60.468C tj@60.468C soc1@58.125C VDD_IN 16189mW/9098mW VDD_CPU_GPU_CV 6653mW/2981mW VDD_SOC 4294mW/2354mW
09-12-2026 20:05:44 RAM 7416/7620MB (lfb 1x1MB) SWAP 2856/12002MB (cached 4MB) CPU [8%@1728,21%@1728,0%@1728,2%@1728,14%@1728,91%@1728] GR3D_FREQ 60% cpu@59.875C soc2@58.218C soc0@57.437C gpu@59.531C tj@59.875C soc1@58.125C VDD_IN 15602mW/9245mW VDD_CPU_GPU_CV 6080mW/3052mW VDD_SOC 4301mW/2399mW
09-12-2026 20:05:45 RAM 7416/7620MB (lfb 1x1MB) SWAP 2855/12002MB (cached 4MB) CPU [0%@729,0%@729,0%@729,0%@729,0%@1728,88%@1728] GR3D_FREQ 99% cpu@59.656C soc2@58.187C soc0@57.75C gpu@61.031C tj@61.031C soc1@58.156C VDD_IN 16501mW/9407mW VDD_CPU_GPU_CV 6759mW/3134mW VDD_SOC 4333mW/2442mW
09-12-2026 20:05:45 RAM 7416/7620MB (lfb 1x1MB) SWAP 2855/12002MB (cached 5MB) CPU [0%@729,2%@729,0%@729,0%@729,0%@1728,90%@1728] GR3D_FREQ 58% cpu@59.812C soc2@58.218C soc0@57.812C gpu@59.687C tj@59.812C soc1@58.156C VDD_IN 15446mW/9538mW VDD_CPU_GPU_CV 5807mW/3192mW VDD_SOC 4301mW/2482mW
09-12-2026 20:05:46 RAM 7416/7620MB (lfb 1x1MB) SWAP 2855/12002MB (cached 5MB) CPU [1%@729,0%@729,1%@729,0%@729,1%@1728,84%@1728] GR3D_FREQ 99% cpu@60.031C soc2@58.343C soc0@57.781C gpu@61.093C tj@61.093C soc1@58.281C VDD_IN 16658mW/9689mW VDD_CPU_GPU_CV 6837mW/3270mW VDD_SOC 4372mW/2522mW
09-12-2026 20:05:46 RAM 7416/7620MB (lfb 1x1MB) SWAP 2855/12002MB (cached 5MB) CPU [1%@729,0%@729,0%@729,0%@729,0%@1728,94%@1728] GR3D_FREQ 60% cpu@59.937C soc2@58.406C soc0@57.843C gpu@59.843C tj@59.937C soc1@58.562C VDD_IN 15393mW/9808mW VDD_CPU_GPU_CV 5729mW/3321mW VDD_SOC 4301mW/2559mW
09-12-2026 20:05:47 RAM 7416/7620MB (lfb 1x1MB) SWAP 2855/12002MB (cached 5MB) CPU [0%@729,1%@729,0%@729,0%@729,0%@1728,80%@1728] GR3D_FREQ 61% cpu@59.968C soc2@58.687C soc0@58C gpu@60.437C tj@60.437C soc1@58.5C VDD_IN 16306mW/9941mW VDD_CPU_GPU_CV 6537mW/3387mW VDD_SOC 4333mW/2595mW
09-12-2026 20:05:47 RAM 7416/7620MB (lfb 1x1MB) SWAP 2855/12002MB (cached 5MB) CPU [0%@1728,0%@1728,0%@1728,0%@1728,0%@1728,86%@1728] GR3D_FREQ 99% cpu@59.937C soc2@58.718C soc0@57.968C gpu@60.875C tj@60.875C soc1@58.5C VDD_IN 15719mW/10056mW VDD_CPU_GPU_CV 6187mW/3443mW VDD_SOC 4262mW/2629mW
09-12-2026 20:05:48 RAM 7416/7620MB (lfb 1x1MB) SWAP 2853/12002MB (cached 5MB) CPU [0%@1728,0%@1728,0%@1728,0%@1728,1%@1728,90%@1728] GR3D_FREQ 59% cpu@60.281C soc2@58.718C soc0@58.218C gpu@60.437C tj@60.437C soc1@58.625C VDD_IN 15602mW/10165mW VDD_CPU_GPU_CV 5963mW/3492mW VDD_SOC 4294mW/2661mW
09-12-2026 20:05:48 RAM 7418/7620MB (lfb 1x1MB) SWAP 2852/12002MB (cached 5MB) CPU [0%@729,7%@729,0%@729,0%@729,0%@1728,88%@1728] GR3D_FREQ 99% cpu@60.593C soc2@58.75C soc0@58.25C gpu@61.343C tj@61.343C soc1@58.656C VDD_IN 16619mW/10289mW VDD_CPU_GPU_CV 6876mW/3557mW VDD_SOC 4372mW/2694mW
09-12-2026 20:05:49 RAM 7418/7620MB (lfb 1x1MB) SWAP 2851/12002MB (cached 5MB) CPU [0%@729,5%@1728,0%@1728,0%@1728,0%@1728,90%@1728] GR3D_FREQ 60% cpu@60.343C soc2@58.875C soc0@58.25C gpu@60.468C tj@60.468C soc1@58.75C VDD_IN 15367mW/10385mW VDD_CPU_GPU_CV 5807mW/3600mW VDD_SOC 4301mW/2725mW
09-12-2026 20:05:49 RAM 7418/7620MB (lfb 1x1MB) SWAP 2851/12002MB (cached 5MB) CPU [0%@1728,0%@1728,0%@1728,0%@1728,0%@1728,79%@1728] GR3D_FREQ 62% cpu@60.25C soc2@58.937C soc0@58.312C gpu@60.906C tj@60.906C soc1@58.937C VDD_IN 16748mW/10503mW VDD_CPU_GPU_CV 6953mW/3662mW VDD_SOC 4372mW/2755mW
09-12-2026 20:05:50 RAM 7419/7620MB (lfb 1x1MB) SWAP 2851/12002MB (cached 5MB) CPU [0%@1728,0%@1728,0%@1728,0%@1728,0%@1728,98%@1728] GR3D_FREQ 62% cpu@60.406C soc2@59.031C soc0@58.5C gpu@60.718C tj@60.718C soc1@59.062C VDD_IN 15236mW/10589mW VDD_CPU_GPU_CV 5651mW/3698mW VDD_SOC 4262mW/2783mW
09-12-2026 20:05:50 RAM 7419/7620MB (lfb 1x1MB) SWAP 2851/12002MB (cached 5MB) CPU [1%@1728,0%@1728,0%@1728,0%@1728,0%@1728,80%@1728] GR3D_FREQ 60% cpu@60.5C soc2@59.125C soc0@58.656C gpu@60.687C tj@60.687C soc1@59C VDD_IN 15915mW/10684mW VDD_CPU_GPU_CV 6264mW/3744mW VDD_SOC 4333mW/2810mW
