09-12-2026 21:03:25 RAM 3491/7620MB (lfb 10x4MB) SWAP 1051/12002MB (cached 10MB) CPU [6%@1728,94%@1728,12%@1728,3%@1728,6%@729,16%@729] GR3D_FREQ 0% cpu@49.968C soc2@48.093C soc0@48.531C gpu@49.187C tj@49.968C soc1@49.25C VDD_IN 5921mW/5921mW VDD_CPU_GPU_CV 1587mW/1587mW VDD_SOC 1470mW/1470mW
09-12-2026 21:03:26 RAM 3577/7620MB (lfb 2x4MB) SWAP 1051/12002MB (cached 10MB) CPU [12%@1728,18%@1728,28%@1728,38%@1728,34%@729,38%@729] GR3D_FREQ 11% cpu@49.968C soc2@48.062C soc0@48.656C gpu@49.125C tj@49.968C soc1@49.218C VDD_IN 6080mW/6001mW VDD_CPU_GPU_CV 1468mW/1528mW VDD_SOC 1589mW/1530mW
09-12-2026 21:03:26 RAM 3667/7620MB (lfb 249x1MB) SWAP 1051/12002MB (cached 10MB) CPU [23%@1728,1%@1728,24%@1728,36%@1728,49%@1728,24%@1728] GR3D_FREQ 0% cpu@50.218C soc2@48.062C soc0@48.812C gpu@49.218C tj@50C soc1@49.218C VDD_IN 5802mW/5934mW VDD_CPU_GPU_CV 1190mW/1415mW VDD_SOC 1589mW/1549mW
09-12-2026 21:03:27 RAM 3734/7620MB (lfb 249x1MB) SWAP 1051/12002MB (cached 10MB) CPU [2%@883,11%@883,10%@883,0%@883,86%@1113,7%@1113] GR3D_FREQ 57% cpu@49.812C soc2@48C soc0@48.687C gpu@49.062C tj@49.812C soc1@49.218C VDD_IN 5802mW/5901mW VDD_CPU_GPU_CV 1230mW/1369mW VDD_SOC 1589mW/1559mW
09-12-2026 21:03:27 RAM 3927/7620MB (lfb 235x1MB) SWAP 1051/12002MB (cached 10MB) CPU [10%@729,38%@729,38%@1728,41%@1728,22%@729,47%@729] GR3D_FREQ 55% cpu@50.031C soc2@48.062C soc0@48.781C gpu@49.187C tj@50.031C soc1@49.218C VDD_IN 5842mW/5889mW VDD_CPU_GPU_CV 1190mW/1333mW VDD_SOC 1629mW/1573mW
09-12-2026 21:03:28 RAM 3929/7620MB (lfb 1x2MB) SWAP 1051/12002MB (cached 10MB) CPU [7%@1728,8%@1728,11%@1728,86%@1728,1%@729,6%@729] GR3D_FREQ 0% cpu@49.968C soc2@48.062C soc0@48.625C gpu@48.968C tj@49.968C soc1@49.437C VDD_IN 5802mW/5875mW VDD_CPU_GPU_CV 1150mW/1303mW VDD_SOC 1589mW/1576mW
09-12-2026 21:03:28 RAM 3918/7620MB (lfb 215x1MB) SWAP 1051/12002MB (cached 10MB) CPU [10%@806,21%@806,20%@806,68%@806,27%@729,34%@729] GR3D_FREQ 33% cpu@49.968C soc2@48.031C soc0@48.687C gpu@49.187C tj@49.968C soc1@49.281C VDD_IN 5921mW/5881mW VDD_CPU_GPU_CV 1230mW/1292mW VDD_SOC 1629mW/1583mW
09-12-2026 21:03:29 RAM 4033/7620MB (lfb 216x1MB) SWAP 1051/12002MB (cached 10MB) CPU [38%@729,17%@729,39%@729,64%@729,46%@729,34%@729] GR3D_FREQ 32% cpu@49.937C soc2@48.031C soc0@48.718C gpu@49.312C tj@49.937C soc1@49.375C VDD_IN 5921mW/5886mW VDD_CPU_GPU_CV 1230mW/1284mW VDD_SOC 1629mW/1589mW
09-12-2026 21:03:29 RAM 4010/7620MB (lfb 216x1MB) SWAP 1051/12002MB (cached 10MB) CPU [79%@1728,1%@1728,3%@1728,21%@1728,0%@729,6%@729] GR3D_FREQ 0% cpu@49.968C soc2@48.093C soc0@48.656C gpu@49.187C tj@49.968C soc1@49.25C VDD_IN 5762mW/5873mW VDD_CPU_GPU_CV 1150mW/1269mW VDD_SOC 1589mW/1589mW
09-12-2026 21:03:30 RAM 4157/7620MB (lfb 216x1MB) SWAP 1051/12002MB (cached 10MB) CPU [46%@729,38%@729,8%@729,35%@729,40%@729,39%@729] GR3D_FREQ 33% cpu@50.031C soc2@48.156C soc0@48.843C gpu@49.343C tj@50.031C soc1@49.25C VDD_IN 5921mW/5877mW VDD_CPU_GPU_CV 1269mW/1269mW VDD_SOC 1629mW/1593mW
09-12-2026 21:03:30 RAM 4289/7620MB (lfb 216x1MB) SWAP 1051/12002MB (cached 10MB) CPU [12%@1728,75%@1728,29%@1728,31%@1728,28%@729,31%@729] GR3D_FREQ 0% cpu@50.125C soc2@48.156C soc0@48.812C gpu@49.187C tj@50.125C soc1@49.281C VDD_IN 5802mW/5871mW VDD_CPU_GPU_CV 1150mW/1259mW VDD_SOC 1629mW/1596mW
09-12-2026 21:03:31 RAM 4364/7620MB (lfb 216x1MB) SWAP 1051/12002MB (cached 10MB) CPU [2%@1036,86%@1036,5%@1036,6%@1036,12%@729,19%@729] GR3D_FREQ 15% cpu@50.062C soc2@48.125C soc0@48.75C gpu@49.375C tj@50.062C soc1@49.218C VDD_IN 5921mW/5875mW VDD_CPU_GPU_CV 1269mW/1259mW VDD_SOC 1589mW/1596mW
09-12-2026 21:03:31 RAM 4600/7620MB (lfb 216x1MB) SWAP 1051/12002MB (cached 10MB) CPU [15%@1728,60%@1728,36%@1728,35%@1728,43%@960,39%@960] GR3D_FREQ 42% cpu@50.218C soc2@48.125C soc0@48.781C gpu@49.093C tj@50.218C soc1@49.25C VDD_IN 6001mW/5884mW VDD_CPU_GPU_CV 1269mW/1260mW VDD_SOC 1629mW/1598mW
09-12-2026 21:03:32 RAM 4681/7620MB (lfb 216x1MB) SWAP 1051/12002MB (cached 10MB) CPU [63%@1728,25%@1728,19%@1728,20%@1728,10%@729,27%@729] GR3D_FREQ 0% cpu@50.156C soc2@48.093C soc0@48.75C gpu@49.343C tj@50.156C soc1@49.5C VDD_IN 5842mW/5881mW VDD_CPU_GPU_CV 1190mW/1255mW VDD_SOC 1629mW/1601mW
09-12-2026 21:03:32 RAM 4814/7620MB (lfb 216x1MB) SWAP 1051/12002MB (cached 10MB) CPU [74%@883,13%@883,18%@883,21%@883,20%@806,16%@806] GR3D_FREQ 0% cpu@49.937C soc2@48.25C soc0@48.75C gpu@49.062C tj@49.937C soc1@49.406C VDD_IN 5961mW/5887mW VDD_CPU_GPU_CV 1309mW/1259mW VDD_SOC 1629mW/1602mW
09-12-2026 21:03:33 RAM 5056/7620MB (lfb 215x1MB) SWAP 1051/12002MB (cached 10MB) CPU [47%@883,37%@883,23%@883,42%@883,22%@729,60%@729] GR3D_FREQ 70% cpu@50.062C soc2@48.281C soc0@48.75C gpu@49.343C tj@50.062C soc1@49.437C VDD_IN 6001mW/5894mW VDD_CPU_GPU_CV 1269mW/1259mW VDD_SOC 1629mW/1604mW
09-12-2026 21:03:33 RAM 5077/7620MB (lfb 215x1MB) SWAP 1051/12002MB (cached 10MB) CPU [11%@1728,18%@1728,11%@1728,5%@1728,0%@1728,92%@1728] GR3D_FREQ 0% cpu@50.25C soc2@48.062C soc0@48.75C gpu@49.156C tj@50.25C soc1@49.312C VDD_IN 5842mW/5891mW VDD_CPU_GPU_CV 1190mW/1255mW VDD_SOC 1589mW/1603mW
09-12-2026 21:03:34 RAM 5219/7620MB (lfb 214x1MB) SWAP 1051/12002MB (cached 10MB) CPU [26%@729,21%@729,32%@729,18%@729,8%@883,68%@883] GR3D_FREQ 21% cpu@50.218C soc2@48.125C soc0@48.875C gpu@49.25C tj@50.218C soc1@49.375C VDD_IN 5762mW/5884mW VDD_CPU_GPU_CV 1150mW/1249mW VDD_SOC 1589mW/1602mW
09-12-2026 21:03:34 RAM 5519/7620MB (lfb 214x1MB) SWAP 1051/12002MB (cached 10MB) CPU [46%@883,37%@883,38%@883,31%@883,17%@883,60%@960] GR3D_FREQ 15% cpu@50.031C soc2@48.156C soc0@48.875C gpu@49.093C tj@50.031C soc1@49.406C VDD_IN 5762mW/5877mW VDD_CPU_GPU_CV 1150mW/1244mW VDD_SOC 1629mW/1604mW
09-12-2026 21:03:35 RAM 5598/7620MB (lfb 214x1MB) SWAP 1051/12002MB (cached 10MB) CPU [16%@1728,15%@1728,21%@1728,13%@1728,1%@1728,90%@1728] GR3D_FREQ 0% cpu@50.25C soc2@48.156C soc0@48.843C gpu@49.312C tj@50.25C soc1@49.593C VDD_IN 5802mW/5874mW VDD_CPU_GPU_CV 1150mW/1239mW VDD_SOC 1589mW/1603mW
09-12-2026 21:03:35 RAM 5806/7620MB (lfb 97x1MB) SWAP 1051/12002MB (cached 10MB) CPU [20%@1190,46%@1190,24%@1190,26%@1190,14%@729,60%@729] GR3D_FREQ 17% cpu@50.031C soc2@48.187C soc0@48.875C gpu@49C tj@50.031C soc1@49.5C VDD_IN 6001mW/5880mW VDD_CPU_GPU_CV 1309mW/1243mW VDD_SOC 1629mW/1604mW
09-12-2026 21:03:36 RAM 5946/7620MB (lfb 4702x32kB) SWAP 1051/12002MB (cached 10MB) CPU [4%@1728,88%@1728,13%@1728,8%@1728,15%@729,13%@729] GR3D_FREQ 0% cpu@50.187C soc2@48.312C soc0@48.812C gpu@49.406C tj@50.031C soc1@49.406C VDD_IN 5882mW/5880mW VDD_CPU_GPU_CV 1230mW/1242mW VDD_SOC 1589mW/1604mW
09-12-2026 21:03:36 RAM 5958/7620MB (lfb 4598x32kB) SWAP 1051/12002MB (cached 10MB) CPU [2%@1728,94%@1728,0%@1728,0%@1728,2%@729,0%@729] GR3D_FREQ 32% cpu@50.156C soc2@48.312C soc0@48.781C gpu@49.25C tj@50.062C soc1@49.375C VDD_IN 5762mW/5875mW VDD_CPU_GPU_CV 1309mW/1245mW VDD_SOC 1510mW/1600mW
09-12-2026 21:03:37 RAM 5961/7620MB (lfb 2x128kB) SWAP 1051/12002MB (cached 10MB) CPU [5%@1728,62%@1728,9%@1728,0%@1728,0%@1728,15%@1728] GR3D_FREQ 0% cpu@50.406C soc2@48.218C soc0@48.937C gpu@49.406C tj@50.406C soc1@49.375C VDD_IN 5723mW/5868mW VDD_CPU_GPU_CV 1349mW/1249mW VDD_SOC 1510mW/1596mW
09-12-2026 21:03:37 RAM 6045/7620MB (lfb 5075x32kB) SWAP 1051/12002MB (cached 10MB) CPU [4%@1728,1%@1728,10%@1728,0%@1728,2%@1497,71%@1497] GR3D_FREQ 99% cpu@50.25C soc2@48.25C soc0@48.968C gpu@49.5C tj@50.25C soc1@49.375C VDD_IN 6120mW/5878mW VDD_CPU_GPU_CV 1507mW/1260mW VDD_SOC 1589mW/1596mW
09-12-2026 21:03:38 RAM 6165/7620MB (lfb 3730x32kB) SWAP 1051/12002MB (cached 10MB) CPU [5%@1728,2%@1728,13%@1728,1%@1728,0%@1728,87%@1728] GR3D_FREQ 40% cpu@50.218C soc2@48.25C soc0@48.906C gpu@49.625C tj@50.218C soc1@49.562C VDD_IN 6080mW/5886mW VDD_CPU_GPU_CV 1507mW/1269mW VDD_SOC 1589mW/1595mW
09-12-2026 21:03:38 RAM 6253/7620MB (lfb 1x256kB) SWAP 1051/12002MB (cached 10MB) CPU [2%@729,0%@729,21%@729,0%@729,1%@1728,79%@1728] GR3D_FREQ 4% cpu@50.468C soc2@48.687C soc0@49.031C gpu@50.593C tj@50.593C soc1@49.531C VDD_IN 11017mW/6076mW VDD_CPU_GPU_CV 4762mW/1399mW VDD_SOC 2207mW/1618mW
09-12-2026 21:03:39 RAM 6284/7620MB (lfb 1x256kB) SWAP 1070/12002MB (cached 10MB) CPU [0%@1728,0%@1728,18%@1728,0%@1728,0%@1728,100%@1728] GR3D_FREQ 48% cpu@50.531C soc2@48.718C soc0@49.062C gpu@50.156C tj@50.562C soc1@49.531C VDD_IN 9096mW/6184mW VDD_CPU_GPU_CV 3632mW/1478mW VDD_SOC 1898mW/1628mW
09-12-2026 21:03:39 RAM 6292/7620MB (lfb 1x1MB) SWAP 1070/12002MB (cached 10MB) CPU [14%@729,0%@729,0%@729,0%@729,7%@1728,100%@1728] GR3D_FREQ 58% cpu@50.75C soc2@48.75C soc0@49.093C gpu@50.187C tj@50.75C soc1@49.593C VDD_IN 8596mW/6267mW VDD_CPU_GPU_CV 3316mW/1542mW VDD_SOC 1819mW/1635mW
09-12-2026 21:03:40 RAM 6292/7620MB (lfb 1x1MB) SWAP 1070/12002MB (cached 10MB) CPU [0%@1728,0%@1728,0%@1728,0%@1728,0%@1728,98%@1728] GR3D_FREQ 62% cpu@50.75C soc2@48.75C soc0@49.218C gpu@49.968C tj@50.75C soc1@49.625C VDD_IN 8279mW/6334mW VDD_CPU_GPU_CV 3124mW/1595mW VDD_SOC 1782mW/1639mW
09-12-2026 21:03:40 RAM 6292/7620MB (lfb 1x1MB) SWAP 1070/12002MB (cached 10MB) CPU [0%@1728,0%@1728,0%@1728,1%@1728,0%@1728,82%@1728] GR3D_FREQ 31% cpu@51.031C soc2@49.031C soc0@49.281C gpu@51C tj@51.031C soc1@49.656C VDD_IN 12398mW/6530mW VDD_CPU_GPU_CV 5884mW/1733mW VDD_SOC 2361mW/1663mW
09-12-2026 21:03:41 RAM 6292/7620MB (lfb 1x1MB) SWAP 1070/12002MB (cached 10MB) CPU [0%@729,0%@729,0%@729,0%@729,0%@1728,100%@1728] GR3D_FREQ 41% cpu@50.906C soc2@49C soc0@49.406C gpu@50.343C tj@50.906C soc1@49.875C VDD_IN 9611mW/6626mW VDD_CPU_GPU_CV 4100mW/1807mW VDD_SOC 1934mW/1671mW
09-12-2026 21:03:41 RAM 6292/7620MB (lfb 1x1MB) SWAP 1070/12002MB (cached 10MB) CPU [1%@729,1%@729,0%@729,0%@729,0%@1728,98%@1728] GR3D_FREQ 48% cpu@50.875C soc2@48.937C soc0@49.343C gpu@50.406C tj@50.875C soc1@50.031C VDD_IN 8675mW/6688mW VDD_CPU_GPU_CV 3435mW/1856mW VDD_SOC 1819mW/1676mW
09-12-2026 21:03:42 RAM 6292/7620MB (lfb 1x1MB) SWAP 1070/12002MB (cached 10MB) CPU [3%@729,0%@729,0%@729,0%@729,0%@1728,98%@1728] GR3D_FREQ 0% cpu@50.812C soc2@48.875C soc0@49.406C gpu@50.031C tj@50.812C soc1@49.937C VDD_IN 8240mW/6734mW VDD_CPU_GPU_CV 3124mW/1893mW VDD_SOC 1782mW/1679mW
09-12-2026 21:03:42 RAM 6436/7620MB (lfb 4x2MB) SWAP 1080/12002MB (cached 10MB) CPU [0%@883,5%@883,21%@883,1%@883,0%@1728,78%@1728] GR3D_FREQ 99% cpu@51.562C soc2@49.593C soc0@49.5C gpu@52.343C tj@52.343C soc1@49.937C VDD_IN 14751mW/6963mW VDD_CPU_GPU_CV 6949mW/2038mW VDD_SOC 3060mW/1718mW
09-12-2026 21:03:43 RAM 6480/7620MB (lfb 1x256kB) SWAP 1094/12002MB (cached 10MB) CPU [0%@729,1%@729,20%@729,0%@729,80%@1728,0%@1728] GR3D_FREQ 37% cpu@51.562C soc2@49.562C soc0@49.906C gpu@51C tj@51.562C soc1@50.093C VDD_IN 12516mW/7117mW VDD_CPU_GPU_CV 5296mW/2128mW VDD_SOC 3148mW/1758mW
09-12-2026 21:03:43 RAM 6484/7620MB (lfb 2x1MB) SWAP 1094/12002MB (cached 10MB) CPU [30%@729,0%@729,0%@729,0%@729,98%@1728,0%@1728] GR3D_FREQ 47% cpu@51.687C soc2@49.406C soc0@49.75C gpu@50.875C tj@51.687C soc1@50.062C VDD_IN 10069mW/7197mW VDD_CPU_GPU_CV 4093mW/2182mW VDD_SOC 2290mW/1772mW
09-12-2026 21:03:44 RAM 6484/7620MB (lfb 2x1MB) SWAP 1094/12002MB (cached 10MB) CPU [1%@729,0%@729,0%@729,0%@729,100%@1728,0%@1728] GR3D_FREQ 99% cpu@51.562C soc2@49.406C soc0@49.718C gpu@51C tj@51.562C soc1@50.156C VDD_IN 9136mW/7248mW VDD_CPU_GPU_CV 3627mW/2220mW VDD_SOC 2017mW/1779mW
09-12-2026 21:03:44 RAM 6522/7620MB (lfb 3x512kB) SWAP 1094/12002MB (cached 10MB) CPU [0%@729,0%@729,2%@729,5%@729,62%@1728,0%@1728] GR3D_FREQ 99% cpu@52.031C soc2@50.093C soc0@49.906C gpu@52.875C tj@52.875C soc1@50.437C VDD_IN 16971mW/7497mW VDD_CPU_GPU_CV 7743mW/2361mW VDD_SOC 3943mW/1834mW
09-12-2026 21:03:45 RAM 6526/7620MB (lfb 4x512kB) SWAP 1094/12002MB (cached 10MB) CPU [0%@729,0%@729,9%@729,0%@729,90%@1728,0%@1728] GR3D_FREQ 34% cpu@52C soc2@49.968C soc0@50C gpu@51.468C tj@52C soc1@50.437C VDD_IN 12949mW/7634mW VDD_CPU_GPU_CV 5366mW/2436mW VDD_SOC 3340mW/1872mW
09-12-2026 21:03:45 RAM 6526/7620MB (lfb 4x512kB) SWAP 1094/12002MB (cached 10MB) CPU [0%@1728,0%@1728,0%@1728,0%@1728,100%@1728,0%@1728] GR3D_FREQ 48% cpu@51.781C soc2@49.906C soc0@50C gpu@51.281C tj@51.781C soc1@50.406C VDD_IN 10661mW/7707mW VDD_CPU_GPU_CV 4093mW/2477mW VDD_SOC 2838mW/1895mW
09-12-2026 21:03:46 RAM 6526/7620MB (lfb 4x512kB) SWAP 1094/12002MB (cached 10MB) CPU [1%@1728,0%@1728,0%@1728,0%@1728,88%@1728,0%@1728] GR3D_FREQ 99% cpu@52.156C soc2@50.062C soc0@50.187C gpu@52.625C tj@52.625C soc1@50.5C VDD_IN 13517mW/7846mW VDD_CPU_GPU_CV 5953mW/2559mW VDD_SOC 3182mW/1926mW
09-12-2026 21:03:46 RAM 6527/7620MB (lfb 4x512kB) SWAP 1094/12002MB (cached 10MB) CPU [1%@729,0%@729,0%@729,0%@729,98%@1728,0%@1728] GR3D_FREQ 42% cpu@52C soc2@50C soc0@50.281C gpu@51.375C tj@52C soc1@50.593C VDD_IN 10938mW/7918mW VDD_CPU_GPU_CV 4440mW/2603mW VDD_SOC 2680mW/1944mW
09-12-2026 21:03:47 RAM 6527/7620MB (lfb 4x512kB) SWAP 1094/12002MB (cached 10MB) CPU [0%@1728,1%@1728,0%@1728,0%@1728,100%@1728,0%@1728] GR3D_FREQ 51% cpu@51.968C soc2@49.812C soc0@50.218C gpu@51.156C tj@51.968C soc1@50.5C VDD_IN 9057mW/7944mW VDD_CPU_GPU_CV 3548mW/2625mW VDD_SOC 2056mW/1946mW
09-12-2026 21:03:47 RAM 6528/7620MB (lfb 4x512kB) SWAP 1094/12002MB (cached 10MB) CPU [0%@1728,2%@1728,0%@1728,0%@1728,98%@1728,0%@1728] GR3D_FREQ 60% cpu@51.937C soc2@49.687C soc0@50.125C gpu@51.093C tj@52.062C soc1@50.5C VDD_IN 8477mW/7955mW VDD_CPU_GPU_CV 3238mW/2638mW VDD_SOC 1858mW/1944mW
09-12-2026 21:03:48 RAM 6528/7620MB (lfb 4x512kB) SWAP 1094/12002MB (cached 10MB) CPU [0%@729,1%@1728,1%@1728,1%@1728,85%@1728,0%@1728] GR3D_FREQ 99% cpu@52.125C soc2@50.25C soc0@50.281C gpu@52.781C tj@52.781C soc1@50.75C VDD_IN 13675mW/8080mW VDD_CPU_GPU_CV 6266mW/2717mW VDD_SOC 2829mW/1963mW
09-12-2026 21:03:48 RAM 6528/7620MB (lfb 4x512kB) SWAP 1094/12002MB (cached 10MB) CPU [1%@729,7%@729,0%@729,0%@729,62%@1728,0%@1728] GR3D_FREQ 30% cpu@52.5C soc2@50.593C soc0@50.468C gpu@52.156C tj@52.5C soc1@50.781C VDD_IN 14343mW/8213mW VDD_CPU_GPU_CV 6139mW/2790mW VDD_SOC 3530mW/1997mW
09-12-2026 21:03:49 RAM 6528/7620MB (lfb 4x512kB) SWAP 1094/12002MB (cached 10MB) CPU [0%@1728,0%@1728,0%@1728,1%@1728,100%@1728,0%@1728] GR3D_FREQ 41% cpu@52.406C soc2@50.375C soc0@50.468C gpu@52.093C tj@52.406C soc1@50.906C VDD_IN 11393mW/8279mW VDD_CPU_GPU_CV 4401mW/2824mW VDD_SOC 3114mW/2020mW
09-12-2026 21:03:49 RAM 6528/7620MB (lfb 4x512kB) SWAP 1094/12002MB (cached 10MB) CPU [0%@1728,0%@1728,0%@1728,0%@1728,100%@1728,0%@1728] GR3D_FREQ 99% cpu@52.375C soc2@50.281C soc0@50.5C gpu@52.156C tj@52.375C soc1@50.781C VDD_IN 9990mW/8314mW VDD_CPU_GPU_CV 3981mW/2847mW VDD_SOC 2329mW/2026mW
09-12-2026 21:03:50 RAM 6533/7620MB (lfb 4x512kB) SWAP 1094/12002MB (cached 10MB) CPU [7%@1728,8%@1728,10%@1728,15%@1728,58%@806,17%@806] GR3D_FREQ 32% cpu@53.156C soc2@50.875C soc0@50.687C gpu@53.218C tj@53.218C soc1@50.968C VDD_IN 16814mW/8484mW VDD_CPU_GPU_CV 7665mW/2944mW VDD_SOC 3988mW/2066mW
09-12-2026 21:03:50 RAM 6532/7620MB (lfb 4x512kB) SWAP 1094/12002MB (cached 10MB) CPU [4%@1728,0%@1728,3%@1728,100%@1728,6%@729,33%@729] GR3D_FREQ 41% cpu@52.781C soc2@50.625C soc0@50.718C gpu@52.281C tj@52.781C soc1@51.25C VDD_IN 12437mW/8562mW VDD_CPU_GPU_CV 5100mW/2986mW VDD_SOC 3266mW/2089mW
09-12-2026 21:03:51 RAM 6532/7620MB (lfb 4x512kB) SWAP 1094/12002MB (cached 10MB) CPU [0%@1728,0%@1728,0%@1728,100%@1728,0%@729,0%@729] GR3D_FREQ 43% cpu@52.593C soc2@50.593C soc0@50.718C gpu@52C tj@52.593C soc1@51.156C VDD_IN 10227mW/8594mW VDD_CPU_GPU_CV 3975mW/3005mW VDD_SOC 2606mW/2099mW
09-12-2026 21:03:51 RAM 6532/7620MB (lfb 4x512kB) SWAP 1094/12002MB (cached 10MB) CPU [34%@1728,0%@1728,0%@1728,54%@1728,0%@729,0%@729] GR3D_FREQ 99% cpu@52.75C soc2@50.906C soc0@50.906C gpu@53.437C tj@53.437C soc1@51.187C VDD_IN 12595mW/8669mW VDD_CPU_GPU_CV 5649mW/3055mW VDD_SOC 2790mW/2112mW
09-12-2026 21:03:52 RAM 6532/7620MB (lfb 4x512kB) SWAP 1094/12002MB (cached 10MB) CPU [26%@1728,0%@1728,0%@1728,42%@1728,0%@729,0%@729] GR3D_FREQ 30% cpu@53.406C soc2@51.031C soc0@51.031C gpu@52.781C tj@53.406C soc1@51.312C VDD_IN 14398mW/8775mW VDD_CPU_GPU_CV 6334mW/3115mW VDD_SOC 3570mW/2139mW
09-12-2026 21:03:52 RAM 6532/7620MB (lfb 4x512kB) SWAP 1094/12002MB (cached 10MB) CPU [1%@1728,0%@1728,0%@1728,98%@1728,0%@729,0%@729] GR3D_FREQ 40% cpu@53.031C soc2@50.906C soc0@50.968C gpu@52.25C tj@53.031C soc1@51.343C VDD_IN 11393mW/8823mW VDD_CPU_GPU_CV 4440mW/3140mW VDD_SOC 3070mW/2156mW
09-12-2026 21:03:53 RAM 6532/7620MB (lfb 4x512kB) SWAP 1094/12002MB (cached 10MB) CPU [0%@1728,0%@1728,0%@1728,100%@1728,0%@729,1%@729] GR3D_FREQ 19% cpu@52.687C soc2@50.656C soc0@51C gpu@52.25C tj@52.687C soc1@51.5C VDD_IN 9215mW/8830mW VDD_CPU_GPU_CV 3548mW/3147mW VDD_SOC 2214mW/2157mW
09-12-2026 21:03:53 RAM 6532/7620MB (lfb 4x512kB) SWAP 1094/12002MB (cached 10MB) CPU [0%@729,1%@729,0%@729,60%@729,0%@729,1%@729] GR3D_FREQ 99% cpu@53.062C soc2@51.406C soc0@51.062C gpu@54.125C tj@54.125C soc1@51.562C VDD_IN 16697mW/8968mW VDD_CPU_GPU_CV 7704mW/3227mW VDD_SOC 3949mW/2189mW
09-12-2026 21:03:54 RAM 6532/7620MB (lfb 4x512kB) SWAP 1094/12002MB (cached 10MB) CPU [1%@1728,0%@1728,0%@1728,94%@1728,0%@729,0%@729] GR3D_FREQ 36% cpu@53.562C soc2@51.281C soc0@51.343C gpu@52.968C tj@53.562C soc1@51.718C VDD_IN 12516mW/9029mW VDD_CPU_GPU_CV 5178mW/3260mW VDD_SOC 3300mW/2208mW
09-12-2026 21:03:54 RAM 6532/7620MB (lfb 4x512kB) SWAP 1094/12002MB (cached 10MB) CPU [0%@1728,1%@1728,0%@1728,98%@1728,0%@729,0%@729] GR3D_FREQ 46% cpu@53.156C soc2@51.125C soc0@51.25C gpu@52.562C tj@53.156C soc1@51.593C VDD_IN 10306mW/9051mW VDD_CPU_GPU_CV 4014mW/3273mW VDD_SOC 2641mW/2215mW
09-12-2026 21:03:55 RAM 6532/7620MB (lfb 4x512kB) SWAP 1094/12002MB (cached 10MB) CPU [1%@1728,0%@1728,0%@1728,86%@1728,0%@729,0%@729] GR3D_FREQ 29% cpu@53.468C soc2@51.406C soc0@51.312C gpu@53.281C tj@53.468C soc1@51.875C VDD_IN 13596mW/9126mW VDD_CPU_GPU_CV 5914mW/3317mW VDD_SOC 3295mW/2233mW
09-12-2026 21:03:55 RAM 6532/7620MB (lfb 4x512kB) SWAP 1094/12002MB (cached 10MB) CPU [0%@1728,0%@1728,0%@1728,100%@1728,0%@729,0%@729] GR3D_FREQ 41% cpu@53.281C soc2@51.187C soc0@51.375C gpu@52.625C tj@53.281C soc1@51.781C VDD_IN 10227mW/9144mW VDD_CPU_GPU_CV 4093mW/3330mW VDD_SOC 2448mW/2237mW
09-12-2026 21:03:56 RAM 6532/7620MB (lfb 4x512kB) SWAP 1094/12002MB (cached 10MB) CPU [1%@1728,1%@1728,0%@1728,98%@1728,0%@729,0%@729] GR3D_FREQ 49% cpu@53.125C soc2@51.218C soc0@51.156C gpu@52.437C tj@53.125C soc1@51.812C VDD_IN 8859mW/9140mW VDD_CPU_GPU_CV 3435mW/3332mW VDD_SOC 1977mW/2232mW
09-12-2026 21:03:56 RAM 6532/7620MB (lfb 4x512kB) SWAP 1094/12002MB (cached 10MB) CPU [0%@1728,0%@1728,0%@1728,83%@1728,0%@729,0%@729] GR3D_FREQ 99% cpu@53.281C soc2@51.468C soc0@51.375C gpu@54.125C tj@54.125C soc1@51.718C VDD_IN 14437mW/9224mW VDD_CPU_GPU_CV 6804mW/3387mW VDD_SOC 3099mW/2246mW
09-12-2026 21:03:57 RAM 6532/7620MB (lfb 4x512kB) SWAP 1094/12002MB (cached 10MB) CPU [0%@1728,0%@1728,0%@1728,71%@1728,0%@729,0%@729] GR3D_FREQ 32% cpu@53.687C soc2@51.437C soc0@51.593C gpu@53.093C tj@53.687C soc1@51.937C VDD_IN 12928mW/9282mW VDD_CPU_GPU_CV 5522mW/3420mW VDD_SOC 3261mW/2262mW
09-12-2026 21:03:58 RAM 6532/7620MB (lfb 4x512kB) SWAP 1094/12002MB (cached 10MB) CPU [0%@1728,1%@1728,0%@1728,98%@1728,0%@729,0%@729] GR3D_FREQ 48% cpu@53.375C soc2@51.406C soc0@51.5C gpu@52.687C tj@53.375C soc1@52.093C VDD_IN 10306mW/9298mW VDD_CPU_GPU_CV 4132mW/3431mW VDD_SOC 2483mW/2265mW
09-12-2026 21:03:58 RAM 6532/7620MB (lfb 4x512kB) SWAP 1094/12002MB (cached 10MB) CPU [0%@1728,0%@1728,0%@1728,90%@1728,0%@729,0%@729] GR3D_FREQ 99% cpu@53.375C soc2@51.562C soc0@51.437C gpu@54.125C tj@54.125C soc1@52.062C VDD_IN 11432mW/9330mW VDD_CPU_GPU_CV 5108mW/3456mW VDD_SOC 2365mW/2267mW
09-12-2026 21:03:59 RAM 6532/7620MB (lfb 4x512kB) SWAP 1094/12002MB (cached 10MB) CPU [1%@1728,0%@1728,1%@1728,98%@1728,0%@729,0%@729] GR3D_FREQ 36% cpu@53.562C soc2@51.625C soc0@51.562C gpu@53.062C tj@53.562C soc1@52.062C VDD_IN 11117mW/9357mW VDD_CPU_GPU_CV 4833mW/3477mW VDD_SOC 2483mW/2270mW
09-12-2026 21:03:59 RAM 6532/7620MB (lfb 4x512kB) SWAP 1094/12002MB (cached 10MB) CPU [1%@1728,1%@1728,1%@1728,98%@1728,0%@729,0%@729] GR3D_FREQ 46% cpu@53.656C soc2@51.375C soc0@51.656C gpu@52.937C tj@53.656C soc1@52C VDD_IN 9215mW/9355mW VDD_CPU_GPU_CV 3705mW/3480mW VDD_SOC 1977mW/2266mW
09-12-2026 21:04:00 RAM 6532/7620MB (lfb 4x512kB) SWAP 1094/12002MB (cached 10MB) CPU [0%@1728,0%@1728,0%@1728,85%@1728,0%@729,0%@729] GR3D_FREQ 85% cpu@53.281C soc2@51.437C soc0@51.562C gpu@53.781C tj@53.781C soc1@52.031C VDD_IN 10345mW/9369mW VDD_CPU_GPU_CV 4447mW/3494mW VDD_SOC 2132mW/2264mW
09-12-2026 21:04:00 RAM 6532/7620MB (lfb 4x512kB) SWAP 1094/12002MB (cached 10MB) CPU [0%@1728,1%@1728,1%@1728,66%@1728,0%@729,0%@729] GR3D_FREQ 32% cpu@54.125C soc2@52C soc0@51.781C gpu@53.906C tj@54.125C soc1@52.375C VDD_IN 15510mW/9457mW VDD_CPU_GPU_CV 7066mW/3545mW VDD_SOC 3642mW/2284mW
09-12-2026 21:04:01 RAM 6532/7620MB (lfb 4x512kB) SWAP 1094/12002MB (cached 10MB) CPU [0%@1728,2%@1728,0%@1728,100%@1728,0%@729,0%@729] GR3D_FREQ 40% cpu@53.906C soc2@51.937C soc0@51.843C gpu@53.187C tj@53.906C soc1@52.437C VDD_IN 11808mW/9490mW VDD_CPU_GPU_CV 4786mW/3563mW VDD_SOC 3148mW/2296mW
09-12-2026 21:04:01 RAM 6532/7620MB (lfb 4x512kB) SWAP 1094/12002MB (cached 10MB) CPU [0%@1728,0%@1728,0%@1728,98%@1728,0%@729,0%@729] GR3D_FREQ 53% cpu@53.906C soc2@51.75C soc0@51.937C gpu@53.156C tj@53.906C soc1@52.375C VDD_IN 9714mW/9493mW VDD_CPU_GPU_CV 3824mW/3566mW VDD_SOC 2290mW/2296mW
09-12-2026 21:04:02 RAM 6532/7620MB (lfb 4x512kB) SWAP 1094/12002MB (cached 10MB) CPU [0%@729,0%@729,0%@729,60%@729,0%@729,1%@729] GR3D_FREQ 99% cpu@54.406C soc2@52.437C soc0@52.093C gpu@55.093C tj@55.093C soc1@52.437C VDD_IN 17557mW/9603mW VDD_CPU_GPU_CV 7886mW/3626mW VDD_SOC 4216mW/2322mW
09-12-2026 21:04:02 RAM 6532/7620MB (lfb 4x512kB) SWAP 1094/12002MB (cached 10MB) CPU [0%@1728,3%@1728,0%@1728,92%@1728,0%@729,1%@729] GR3D_FREQ 36% cpu@54.343C soc2@52.218C soc0@52.187C gpu@53.968C tj@54.343C soc1@52.687C VDD_IN 12967mW/9649mW VDD_CPU_GPU_CV 5326mW/3649mW VDD_SOC 3418mW/2337mW
09-12-2026 21:04:03 RAM 6532/7620MB (lfb 4x512kB) SWAP 1094/12002MB (cached 10MB) CPU [0%@1728,0%@1728,0%@1728,98%@1728,0%@729,0%@729] GR3D_FREQ 44% cpu@54.125C soc2@52.031C soc0@52.125C gpu@53.562C tj@54.125C soc1@52.687C VDD_IN 10959mW/9666mW VDD_CPU_GPU_CV 4126mW/3655mW VDD_SOC 3114mW/2347mW
09-12-2026 21:04:03 RAM 6532/7620MB (lfb 4x512kB) SWAP 1094/12002MB (cached 10MB) CPU [1%@1728,1%@1728,0%@1728,88%@1728,0%@729,0%@729] GR3D_FREQ 29% cpu@54.656C soc2@52.406C soc0@52.218C gpu@54.125C tj@54.656C soc1@52.656C VDD_IN 13910mW/9722mW VDD_CPU_GPU_CV 5982mW/3686mW VDD_SOC 3491mW/2362mW
09-12-2026 21:04:04 RAM 6532/7620MB (lfb 4x512kB) SWAP 1094/12002MB (cached 10MB) CPU [0%@1728,0%@1728,0%@1728,100%@1728,0%@729,0%@729] GR3D_FREQ 41% cpu@54.218C soc2@52.187C soc0@52.375C gpu@53.5C tj@54.125C soc1@52.687C VDD_IN 10582mW/9733mW VDD_CPU_GPU_CV 4132mW/3691mW VDD_SOC 2680mW/2366mW
09-12-2026 21:04:04 RAM 6532/7620MB (lfb 4x512kB) SWAP 1094/12002MB (cached 10MB) CPU [0%@1728,0%@1728,0%@1728,98%@1728,0%@729,0%@729] GR3D_FREQ 48% cpu@54.218C soc2@51.968C soc0@52.25C gpu@53.312C tj@54.218C soc1@52.687C VDD_IN 8978mW/9724mW VDD_CPU_GPU_CV 3474mW/3689mW VDD_SOC 2056mW/2362mW
09-12-2026 21:04:05 RAM 6532/7620MB (lfb 4x512kB) SWAP 1094/12002MB (cached 10MB) CPU [0%@729,0%@729,0%@729,86%@729,0%@729,0%@729] GR3D_FREQ 99% cpu@53.718C soc2@52.093C soc0@52.187C gpu@54.25C tj@54.25C soc1@52.843C VDD_IN 10148mW/9729mW VDD_CPU_GPU_CV 4250mW/3696mW VDD_SOC 2132mW/2359mW
09-12-2026 21:04:05 RAM 6532/7620MB (lfb 4x512kB) SWAP 1094/12002MB (cached 10MB) CPU [0%@1728,0%@1728,0%@1728,68%@1728,0%@729,0%@729] GR3D_FREQ 32% cpu@54.5C soc2@52.687C soc0@52.437C gpu@54.406C tj@54.5C soc1@52.906C VDD_IN 15314mW/9799mW VDD_CPU_GPU_CV 6910mW/3736mW VDD_SOC 3564mW/2374mW
09-12-2026 21:04:06 RAM 6532/7620MB (lfb 4x512kB) SWAP 1094/12002MB (cached 10MB) CPU [1%@1728,0%@1728,0%@1728,100%@1728,1%@729,0%@729] GR3D_FREQ 40% cpu@54.5C soc2@52.531C soc0@52.437C gpu@53.875C tj@54.5C soc1@52.968C VDD_IN 11787mW/9823mW VDD_CPU_GPU_CV 4707mW/3748mW VDD_SOC 3148mW/2384mW
09-12-2026 21:04:06 RAM 6532/7620MB (lfb 4x512kB) SWAP 1094/12002MB (cached 10MB) CPU [0%@1728,3%@1728,0%@1728,100%@1728,0%@729,0%@729] GR3D_FREQ 48% cpu@54.375C soc2@52.375C soc0@52.437C gpu@53.781C tj@54.375C soc1@52.843C VDD_IN 9690mW/9822mW VDD_CPU_GPU_CV 3863mW/3749mW VDD_SOC 2290mW/2383mW
09-12-2026 21:04:07 RAM 6532/7620MB (lfb 4x512kB) SWAP 1094/12002MB (cached 10MB) CPU [0%@1728,0%@1728,0%@1728,84%@1728,0%@729,0%@729] GR3D_FREQ 99% cpu@54.562C soc2@52.875C soc0@52.5C gpu@55.593C tj@55.593C soc1@53C VDD_IN 16215mW/9899mW VDD_CPU_GPU_CV 7288mW/3792mW VDD_SOC 3793mW/2400mW
09-12-2026 21:04:07 RAM 6532/7620MB (lfb 4x512kB) SWAP 1094/12002MB (cached 10MB) CPU [0%@1728,0%@1728,0%@1728,68%@1728,0%@729,0%@729] GR3D_FREQ 34% cpu@54.75C soc2@52.812C soc0@52.687C gpu@54.375C tj@54.75C soc1@53.281C VDD_IN 13871mW/9946mW VDD_CPU_GPU_CV 5865mW/3817mW VDD_SOC 3530mW/2413mW
09-12-2026 21:04:08 RAM 6532/7620MB (lfb 4x512kB) SWAP 1094/12002MB (cached 10MB) CPU [0%@1728,1%@1728,0%@1728,98%@1728,0%@729,0%@729] GR3D_FREQ 49% cpu@54.656C soc2@52.687C soc0@52.656C gpu@54.125C tj@54.656C soc1@53.281C VDD_IN 11275mW/9962mW VDD_CPU_GPU_CV 4322mW/3823mW VDD_SOC 3109mW/2422mW
09-12-2026 21:04:08 RAM 6532/7620MB (lfb 4x512kB) SWAP 1094/12002MB (cached 10MB) CPU [3%@1728,0%@1728,1%@1728,89%@1728,1%@729,0%@729] GR3D_FREQ 99% cpu@55.125C soc2@53.093C soc0@52.812C gpu@55.593C tj@55.593C soc1@53.218C VDD_IN 14868mW/10019mW VDD_CPU_GPU_CV 6480mW/3853mW VDD_SOC 3681mW/2436mW
09-12-2026 21:04:09 RAM 6532/7620MB (lfb 4x512kB) SWAP 1094/12002MB (cached 10MB) CPU [0%@1728,0%@1728,0%@1728,66%@1728,0%@729,0%@729] GR3D_FREQ 33% cpu@55.062C soc2@53.093C soc0@52.937C gpu@55C tj@55.062C soc1@53.343C VDD_IN 14123mW/10066mW VDD_CPU_GPU_CV 6061mW/3879mW VDD_SOC 3648mW/2450mW
09-12-2026 21:04:09 RAM 6532/7620MB (lfb 4x512kB) SWAP 1094/12002MB (cached 10MB) CPU [0%@1728,0%@1728,0%@1728,100%@1728,0%@729,0%@729] GR3D_FREQ 47% cpu@55C soc2@52.906C soc0@52.968C gpu@54.5C tj@55C soc1@53.562C VDD_IN 11314mW/10080mW VDD_CPU_GPU_CV 4361mW/3884mW VDD_SOC 3109mW/2458mW
09-12-2026 21:04:10 RAM 6532/7620MB (lfb 4x512kB) SWAP 1094/12002MB (cached 10MB) CPU [1%@1728,0%@1728,0%@1728,94%@1728,0%@729,1%@729] GR3D_FREQ 99% cpu@54.562C soc2@52.937C soc0@52.843C gpu@55.25C tj@55.25C soc1@53.5C VDD_IN 10661mW/10087mW VDD_CPU_GPU_CV 4368mW/3890mW VDD_SOC 2523mW/2458mW
09-12-2026 21:04:10 RAM 6532/7620MB (lfb 4x512kB) SWAP 1094/12002MB (cached 10MB) CPU [0%@1728,0%@1728,0%@1728,94%@1728,0%@729,0%@729] GR3D_FREQ 36% cpu@55.312C soc2@53.093C soc0@53.125C gpu@54.593C tj@55.312C soc1@53.531C VDD_IN 12162mW/10110mW VDD_CPU_GPU_CV 5021mW/3902mW VDD_SOC 3109mW/2466mW
09-12-2026 21:04:11 RAM 6532/7620MB (lfb 4x512kB) SWAP 1094/12002MB (cached 10MB) CPU [0%@1728,0%@1728,1%@1728,98%@1728,0%@729,0%@729] GR3D_FREQ 47% cpu@54.843C soc2@52.968C soc0@53.062C gpu@54.156C tj@54.875C soc1@53.531C VDD_IN 9532mW/10103mW VDD_CPU_GPU_CV 3784mW/3901mW VDD_SOC 2171mW/2462mW
09-12-2026 21:04:11 RAM 6532/7620MB (lfb 4x512kB) SWAP 1094/12002MB (cached 10MB) CPU [1%@1728,1%@1728,0%@1728,100%@1728,0%@729,0%@729] GR3D_FREQ 49% cpu@54.843C soc2@52.843C soc0@52.968C gpu@53.937C tj@54.843C soc1@53.468C VDD_IN 8675mW/10088mW VDD_CPU_GPU_CV 3356mW/3895mW VDD_SOC 1858mW/2456mW
09-12-2026 21:04:12 RAM 6532/7620MB (lfb 4x512kB) SWAP 1094/12002MB (cached 10MB) CPU [0%@1728,0%@1728,0%@1728,82%@1728,0%@729,0%@729] GR3D_FREQ 85% cpu@54.906C soc2@53.218C soc0@52.937C gpu@55.562C tj@55.562C soc1@53.687C VDD_IN 13067mW/10120mW VDD_CPU_GPU_CV 6266mW/3921mW VDD_SOC 2475mW/2456mW
09-12-2026 21:04:12 RAM 6532/7620MB (lfb 4x512kB) SWAP 1094/12002MB (cached 10MB) CPU [1%@1728,0%@1728,0%@1728,100%@1728,0%@729,0%@729] GR3D_FREQ 42% cpu@54.906C soc2@53.062C soc0@52.937C gpu@54.187C tj@54.906C soc1@53.625C VDD_IN 9872mW/10117mW VDD_CPU_GPU_CV 4290mW/3925mW VDD_SOC 1974mW/2451mW
09-12-2026 21:04:13 RAM 6532/7620MB (lfb 4x512kB) SWAP 1094/12002MB (cached 10MB) CPU [0%@1728,0%@1728,0%@1728,98%@1728,0%@729,0%@729] GR3D_FREQ 48% cpu@54.875C soc2@52.906C soc0@53.125C gpu@54.125C tj@54.875C soc1@53.531C VDD_IN 8740mW/10103mW VDD_CPU_GPU_CV 3514mW/3920mW VDD_SOC 1819mW/2444mW
09-12-2026 21:04:13 RAM 6532/7620MB (lfb 4x512kB) SWAP 1094/12002MB (cached 10MB) CPU [0%@1728,0%@1728,0%@1728,100%@1728,0%@729,0%@729] GR3D_FREQ 61% cpu@54.968C soc2@52.937C soc0@53.062C gpu@54.031C tj@54.968C soc1@53.531C VDD_IN 8358mW/10084mW VDD_CPU_GPU_CV 3238mW/3913mW VDD_SOC 1740mW/2437mW
09-12-2026 21:04:14 RAM 6532/7620MB (lfb 4x512kB) SWAP 1094/12002MB (cached 10MB) CPU [0%@1728,1%@1728,1%@1728,98%@1728,0%@729,0%@729] GR3D_FREQ 19% cpu@54.75C soc2@52.906C soc0@52.937C gpu@54.375C tj@54.75C soc1@53.593C VDD_IN 8160mW/10065mW VDD_CPU_GPU_CV 3040mW/3904mW VDD_SOC 1743mW/2430mW
09-12-2026 21:04:14 RAM 6532/7620MB (lfb 4x512kB) SWAP 1094/12002MB (cached 10MB) CPU [3%@1728,0%@1728,0%@1728,70%@1728,0%@729,0%@729] GR3D_FREQ 30% cpu@55.25C soc2@53.187C soc0@53.093C gpu@55C tj@55.25C soc1@53.812C VDD_IN 12595mW/10090mW VDD_CPU_GPU_CV 5914mW/3925mW VDD_SOC 2440mW/2430mW
09-12-2026 21:04:15 RAM 6532/7620MB (lfb 4x512kB) SWAP 1094/12002MB (cached 10MB) CPU [0%@1728,0%@1728,0%@1728,98%@1728,0%@729,0%@729] GR3D_FREQ 45% cpu@55C soc2@53.156C soc0@53.187C gpu@54.656C tj@55C soc1@53.687C VDD_IN 9793mW/10087mW VDD_CPU_GPU_CV 4211mW/3927mW VDD_SOC 1974mW/2425mW
09-12-2026 21:04:15 RAM 6532/7620MB (lfb 4x512kB) SWAP 1094/12002MB (cached 10MB) CPU [0%@1728,0%@1728,0%@1728,100%@1728,0%@729,0%@729] GR3D_FREQ 52% cpu@55.062C soc2@52.968C soc0@53.25C gpu@54.343C tj@55.062C soc1@53.625C VDD_IN 8820mW/10075mW VDD_CPU_GPU_CV 3553mW/3924mW VDD_SOC 1819mW/2419mW
09-12-2026 21:04:16 RAM 6532/7620MB (lfb 4x512kB) SWAP 1094/12002MB (cached 10MB) CPU [1%@1728,0%@1728,0%@1728,98%@1728,0%@729,0%@729] GR3D_FREQ 51% cpu@55.187C soc2@53C soc0@53.156C gpu@54.218C tj@55.187C soc1@53.656C VDD_IN 8517mW/10059mW VDD_CPU_GPU_CV 3316mW/3918mW VDD_SOC 1779mW/2413mW
09-12-2026 21:04:16 RAM 6532/7620MB (lfb 4x512kB) SWAP 1094/12002MB (cached 10MB) CPU [1%@1728,1%@1728,1%@1728,86%@1728,0%@729,1%@729] GR3D_FREQ 80% cpu@54.968C soc2@53.187C soc0@53.187C gpu@55.281C tj@55.281C soc1@53.875C VDD_IN 10266mW/10061mW VDD_CPU_GPU_CV 4447mW/3923mW VDD_SOC 2053mW/2409mW
09-12-2026 21:04:17 RAM 6532/7620MB (lfb 4x512kB) SWAP 1094/12002MB (cached 10MB) CPU [0%@1728,0%@1728,0%@1728,76%@1728,0%@729,1%@729] GR3D_FREQ 28% cpu@55.312C soc2@53.343C soc0@53.312C gpu@55.062C tj@55.312C soc1@54C VDD_IN 13321mW/10093mW VDD_CPU_GPU_CV 5914mW/3942mW VDD_SOC 2947mW/2414mW
09-12-2026 21:04:17 RAM 6533/7620MB (lfb 1x1MB) SWAP 1094/12002MB (cached 10MB) CPU [1%@1728,1%@1728,3%@1728,100%@1728,1%@729,0%@729] GR3D_FREQ 44% cpu@55.218C soc2@53.375C soc0@53.281C gpu@54.593C tj@55.218C soc1@53.812C VDD_IN 10069mW/10093mW VDD_CPU_GPU_CV 4250mW/3945mW VDD_SOC 2132mW/2412mW
09-12-2026 21:04:18 RAM 6533/7620MB (lfb 1x1MB) SWAP 1094/12002MB (cached 10MB) CPU [0%@1728,0%@1728,0%@1728,98%@1728,0%@729,0%@729] GR3D_FREQ 50% cpu@55.093C soc2@53.343C soc0@53.375C gpu@54.687C tj@55.093C soc1@53.875C VDD_IN 8938mW/10082mW VDD_CPU_GPU_CV 3593mW/3942mW VDD_SOC 1898mW/2407mW
09-12-2026 21:04:18 RAM 6533/7620MB (lfb 1x1MB) SWAP 1094/12002MB (cached 10MB) CPU [0%@1728,1%@1728,0%@1728,86%@1728,0%@729,0%@729] GR3D_FREQ 27% cpu@55.5C soc2@53.531C soc0@53.437C gpu@55.343C tj@55.5C soc1@53.937C VDD_IN 13124mW/10111mW VDD_CPU_GPU_CV 6266mW/3964mW VDD_SOC 2632mW/2409mW
09-12-2026 21:04:19 RAM 6533/7620MB (lfb 1x1MB) SWAP 1094/12002MB (cached 10MB) CPU [0%@1728,0%@1728,1%@1728,98%@1728,0%@729,0%@729] GR3D_FREQ 40% cpu@55.312C soc2@53.406C soc0@53.375C gpu@54.843C tj@55.312C soc1@54.187C VDD_IN 9950mW/10109mW VDD_CPU_GPU_CV 4250mW/3966mW VDD_SOC 2053mW/2406mW
09-12-2026 21:04:19 RAM 6533/7620MB (lfb 1x1MB) SWAP 1094/12002MB (cached 10MB) CPU [0%@1728,0%@1728,0%@1728,100%@1728,0%@729,0%@729] GR3D_FREQ 50% cpu@55.281C soc2@53.375C soc0@53.312C gpu@54.687C tj@55.281C soc1@54.062C VDD_IN 8780mW/10097mW VDD_CPU_GPU_CV 3514mW/3962mW VDD_SOC 1819mW/2400mW
09-12-2026 21:04:20 RAM 6533/7620MB (lfb 1x1MB) SWAP 1094/12002MB (cached 10MB) CPU [0%@1728,0%@1728,0%@1728,98%@1728,0%@729,0%@729] GR3D_FREQ 62% cpu@55.093C soc2@53.375C soc0@53.375C gpu@54.468C tj@55.093C soc1@53.968C VDD_IN 8398mW/10081mW VDD_CPU_GPU_CV 3238mW/3956mW VDD_SOC 1779mW/2395mW
09-12-2026 21:04:20 RAM 6533/7620MB (lfb 1x1MB) SWAP 1094/12002MB (cached 10MB) CPU [1%@1728,0%@1728,0%@1728,98%@1728,0%@729,0%@729] GR3D_FREQ 99% cpu@55.343C soc2@53.312C soc0@53.5C gpu@55.062C tj@55.343C soc1@53.968C VDD_IN 8701mW/10069mW VDD_CPU_GPU_CV 3395mW/3951mW VDD_SOC 1819mW/2389mW
09-12-2026 21:04:21 RAM 6533/7620MB (lfb 1x1MB) SWAP 1094/12002MB (cached 10MB) CPU [0%@1728,0%@1728,0%@1728,62%@1728,0%@729,0%@729] GR3D_FREQ 29% cpu@55.812C soc2@53.875C soc0@53.625C gpu@55.437C tj@55.812C soc1@54.093C VDD_IN 13871mW/10103mW VDD_CPU_GPU_CV 6295mW/3972mW VDD_SOC 2981mW/2395mW
09-12-2026 21:04:21 RAM 6533/7620MB (lfb 1x1MB) SWAP 1094/12002MB (cached 10MB) CPU [0%@1728,0%@1728,0%@1728,98%@1728,0%@729,0%@729] GR3D_FREQ 40% cpu@55.562C soc2@53.593C soc0@53.531C gpu@54.875C tj@55.562C soc1@54.218C VDD_IN 10385mW/10105mW VDD_CPU_GPU_CV 4408mW/3976mW VDD_SOC 2207mW/2393mW
09-12-2026 21:04:22 RAM 6533/7620MB (lfb 1x1MB) SWAP 1094/12002MB (cached 10MB) CPU [0%@1728,0%@1728,1%@1728,100%@1728,0%@729,0%@729] GR3D_FREQ 52% cpu@55.375C soc2@53.562C soc0@53.5C gpu@55C tj@55.375C soc1@54.218C VDD_IN 9057mW/10096mW VDD_CPU_GPU_CV 3627mW/3972mW VDD_SOC 1898mW/2389mW
09-12-2026 21:04:22 RAM 6533/7620MB (lfb 1x1MB) SWAP 1094/12002MB (cached 10MB) CPU [0%@1728,0%@1728,2%@1728,88%@1728,0%@729,0%@729] GR3D_FREQ 99% cpu@55.75C soc2@53.906C soc0@53.781C gpu@56.25C tj@56.25C soc1@54.281C VDD_IN 12831mW/10120mW VDD_CPU_GPU_CV 6071mW/3991mW VDD_SOC 2436mW/2389mW
09-12-2026 21:04:23 RAM 6533/7620MB (lfb 1x1MB) SWAP 1094/12002MB (cached 10MB) CPU [0%@1728,0%@1728,1%@1728,86%@1728,0%@729,0%@729] GR3D_FREQ 41% cpu@55.812C soc2@53.937C soc0@53.843C gpu@55.343C tj@55.812C soc1@54.187C VDD_IN 11235mW/10130mW VDD_CPU_GPU_CV 4912mW/3999mW VDD_SOC 2404mW/2389mW
09-12-2026 21:04:23 RAM 6533/7620MB (lfb 1x1MB) SWAP 1094/12002MB (cached 10MB) CPU [1%@1728,0%@1728,0%@1728,100%@1728,0%@729,0%@729] GR3D_FREQ 54% cpu@55.531C soc2@53.656C soc0@53.781C gpu@55.031C tj@55.531C soc1@54.312C VDD_IN 9334mW/10123mW VDD_CPU_GPU_CV 3824mW/3997mW VDD_SOC 1974mW/2386mW
09-12-2026 21:04:24 RAM 6533/7620MB (lfb 1x1MB) SWAP 1094/12002MB (cached 10MB) CPU [0%@1728,0%@1728,0%@1728,98%@1728,0%@729,0%@729] GR3D_FREQ 50% cpu@55.437C soc2@53.718C soc0@53.75C gpu@54.968C tj@55.593C soc1@54.531C VDD_IN 8675mW/10111mW VDD_CPU_GPU_CV 3395mW/3992mW VDD_SOC 1819mW/2381mW
09-12-2026 21:04:24 RAM 6533/7620MB (lfb 1x1MB) SWAP 1094/12002MB (cached 10MB) CPU [1%@1728,0%@1728,0%@1728,100%@1728,0%@729,0%@729] GR3D_FREQ 55% cpu@55.562C soc2@53.625C soc0@53.718C gpu@54.937C tj@55.562C soc1@54.437C VDD_IN 8477mW/10097mW VDD_CPU_GPU_CV 3277mW/3986mW VDD_SOC 1779mW/2376mW
09-12-2026 21:04:25 RAM 6533/7620MB (lfb 1x1MB) SWAP 1094/12002MB (cached 10MB) CPU [1%@1728,0%@1728,0%@1728,76%@1728,0%@729,0%@729] GR3D_FREQ 99% cpu@55.968C soc2@54.25C soc0@53.843C gpu@56.937C tj@56.937C soc1@54.406C VDD_IN 14829mW/10136mW VDD_CPU_GPU_CV 6988mW/4011mW VDD_SOC 3055mW/2381mW
09-12-2026 21:04:25 RAM 6533/7620MB (lfb 1x1MB) SWAP 1094/12002MB (cached 10MB) CPU [0%@1728,1%@1728,0%@1728,78%@1728,0%@729,1%@729] GR3D_FREQ 38% cpu@56.156C soc2@54.25C soc0@54.062C gpu@55.562C tj@56.031C soc1@54.562C VDD_IN 12831mW/10159mW VDD_CPU_GPU_CV 5444mW/4023mW VDD_SOC 3143mW/2388mW
09-12-2026 21:04:26 RAM 6533/7620MB (lfb 1x1MB) SWAP 1094/12002MB (cached 10MB) CPU [0%@1728,0%@1728,0%@1728,98%@1728,0%@729,0%@729] GR3D_FREQ 48% cpu@56.031C soc2@54.031C soc0@53.937C gpu@55.218C tj@56.031C soc1@54.531C VDD_IN 10148mW/10159mW VDD_CPU_GPU_CV 4132mW/4024mW VDD_SOC 2329mW/2387mW
09-12-2026 21:04:26 RAM 6533/7620MB (lfb 1x1MB) SWAP 1094/12002MB (cached 10MB) CPU [0%@1728,1%@1728,0%@1728,100%@1728,0%@729,0%@729] GR3D_FREQ 57% cpu@55.781C soc2@53.875C soc0@53.937C gpu@55.562C tj@55.781C soc1@54.656C VDD_IN 9096mW/10150mW VDD_CPU_GPU_CV 3627mW/4021mW VDD_SOC 1977mW/2384mW
09-12-2026 21:04:27 RAM 6533/7620MB (lfb 1x1MB) SWAP 1094/12002MB (cached 10MB) CPU [0%@1728,0%@1728,0%@1728,82%@1728,0%@729,1%@729] GR3D_FREQ 99% cpu@56.125C soc2@54.531C soc0@54.031C gpu@57.093C tj@57.093C soc1@54.687C VDD_IN 15823mW/10196mW VDD_CPU_GPU_CV 7288mW/4048mW VDD_SOC 3480mW/2393mW
09-12-2026 21:04:27 RAM 6534/7620MB (lfb 1x1MB) SWAP 1094/12002MB (cached 10MB) CPU [0%@1728,0%@1728,1%@1728,68%@1728,0%@729,1%@729] GR3D_FREQ 34% cpu@56.25C soc2@54.5C soc0@54.468C gpu@56.312C tj@56.312C soc1@54.75C VDD_IN 13753mW/10225mW VDD_CPU_GPU_CV 5865mW/4062mW VDD_SOC 3413mW/2401mW
09-12-2026 21:04:28 RAM 6534/7620MB (lfb 1x1MB) SWAP 1094/12002MB (cached 10MB) CPU [0%@1728,1%@1728,0%@1728,100%@1728,0%@729,0%@729] GR3D_FREQ 46% cpu@56.437C soc2@54.375C soc0@54.312C gpu@55.812C tj@56.437C soc1@54.875C VDD_IN 11275mW/10233mW VDD_CPU_GPU_CV 4361mW/4065mW VDD_SOC 3070mW/2406mW
09-12-2026 21:04:28 RAM 6534/7620MB (lfb 1x1MB) SWAP 1094/12002MB (cached 10MB) CPU [1%@1728,0%@1728,0%@1728,86%@1728,0%@729,0%@729] GR3D_FREQ 99% cpu@56.5C soc2@54.656C soc0@54.281C gpu@57.281C tj@57.281C soc1@55C VDD_IN 14107mW/10264mW VDD_CPU_GPU_CV 6178mW/4081mW VDD_SOC 3413mW/2414mW
09-12-2026 21:04:29 RAM 6534/7620MB (lfb 1x1MB) SWAP 1094/12002MB (cached 10MB) CPU [0%@1728,0%@1728,0%@1728,100%@1728,0%@729,0%@729] GR3D_FREQ 41% cpu@56.218C soc2@54.406C soc0@54.312C gpu@55.593C tj@56.218C soc1@54.906C VDD_IN 11078mW/10270mW VDD_CPU_GPU_CV 4479mW/4084mW VDD_SOC 2799mW/2417mW
09-12-2026 21:04:29 RAM 6534/7620MB (lfb 1x1MB) SWAP 1094/12002MB (cached 10MB) CPU [1%@1728,0%@1728,0%@1728,98%@1728,0%@729,0%@729] GR3D_FREQ 47% cpu@56.031C soc2@54.375C soc0@54.25C gpu@55.593C tj@56.031C soc1@54.875C VDD_IN 9136mW/10262mW VDD_CPU_GPU_CV 3587mW/4081mW VDD_SOC 2056mW/2414mW
09-12-2026 21:04:30 RAM 6534/7620MB (lfb 1x1MB) SWAP 1094/12002MB (cached 10MB) CPU [0%@1728,1%@1728,0%@1728,98%@1728,0%@729,1%@729] GR3D_FREQ 0% cpu@56.156C soc2@54.156C soc0@54.343C gpu@55.156C tj@56.156C soc1@54.843C VDD_IN 8279mW/10246mW VDD_CPU_GPU_CV 3119mW/4073mW VDD_SOC 1819mW/2410mW
09-12-2026 21:04:30 RAM 6534/7620MB (lfb 1x1MB) SWAP 1094/12002MB (cached 10MB) CPU [0%@1728,0%@1728,0%@1728,62%@1728,0%@729,0%@729] GR3D_FREQ 99% cpu@56.625C soc2@54.968C soc0@54.5C gpu@57.75C tj@57.75C soc1@54.937C VDD_IN 15980mW/10290mW VDD_CPU_GPU_CV 7444mW/4099mW VDD_SOC 3480mW/2418mW
09-12-2026 21:04:31 RAM 6534/7620MB (lfb 1x1MB) SWAP 1094/12002MB (cached 10MB) CPU [0%@1728,1%@1728,0%@1728,92%@1728,0%@729,0%@729] GR3D_FREQ 36% cpu@56.656C soc2@54.718C soc0@54.437C gpu@56C tj@56.656C soc1@55.218C VDD_IN 12437mW/10307mW VDD_CPU_GPU_CV 5178mW/4107mW VDD_SOC 3143mW/2424mW
09-12-2026 21:04:31 RAM 6536/7620MB (lfb 1x1MB) SWAP 1094/12002MB (cached 10MB) CPU [2%@1728,4%@1728,0%@1728,100%@1728,0%@729,0%@729] GR3D_FREQ 47% cpu@56.312C soc2@54.75C soc0@54.5C gpu@56.125C tj@56.312C soc1@55.062C VDD_IN 10108mW/10305mW VDD_CPU_GPU_CV 4054mW/4107mW VDD_SOC 2408mW/2424mW
09-12-2026 21:04:32 RAM 6537/7620MB (lfb 1x1MB) SWAP 1094/12002MB (cached 10MB) CPU [12%@1728,6%@1728,34%@1728,98%@1728,27%@729,39%@729] GR3D_FREQ 0% cpu@56.437C soc2@54.5C soc0@54.437C gpu@55.593C tj@56.437C soc1@55.093C VDD_IN 9215mW/10297mW VDD_CPU_GPU_CV 3705mW/4104mW VDD_SOC 1977mW/2420mW
09-12-2026 21:04:32 RAM 6537/7620MB (lfb 1x1MB) SWAP 1094/12002MB (cached 10MB) CPU [1%@1728,1%@1728,0%@1728,88%@1728,0%@729,0%@729] GR3D_FREQ 33% cpu@56.531C soc2@54.843C soc0@54.812C gpu@56.281C tj@56.531C soc1@55.187C VDD_IN 12437mW/10313mW VDD_CPU_GPU_CV 5570mW/4115mW VDD_SOC 2715mW/2422mW
09-12-2026 21:04:33 RAM 6537/7620MB (lfb 1x1MB) SWAP 1094/12002MB (cached 10MB) CPU [0%@1728,0%@1728,0%@1728,100%@1728,0%@729,0%@729] GR3D_FREQ 40% cpu@56.5C soc2@54.625C soc0@54.656C gpu@55.968C tj@56.5C soc1@55.125C VDD_IN 9650mW/10308mW VDD_CPU_GPU_CV 4021mW/4114mW VDD_SOC 2053mW/2420mW
09-12-2026 21:04:33 RAM 6537/7620MB (lfb 1x1MB) SWAP 1094/12002MB (cached 10MB) CPU [0%@1728,0%@1728,1%@1728,98%@1728,0%@729,0%@729] GR3D_FREQ 47% cpu@56.343C soc2@54.468C soc0@54.437C gpu@55.718C tj@56.343C soc1@55.281C VDD_IN 8701mW/10296mW VDD_CPU_GPU_CV 3435mW/4109mW VDD_SOC 1819mW/2415mW
09-12-2026 21:04:34 RAM 6537/7620MB (lfb 1x1MB) SWAP 1094/12002MB (cached 10MB) CPU [0%@1728,0%@1728,0%@1728,86%@1728,1%@729,0%@729] GR3D_FREQ 99% cpu@56.781C soc2@54.781C soc0@54.5C gpu@56.937C tj@56.937C soc1@55.218C VDD_IN 11472mW/10305mW VDD_CPU_GPU_CV 5108mW/4116mW VDD_SOC 2243mW/2414mW
09-12-2026 21:04:34 RAM 6537/7620MB (lfb 1x1MB) SWAP 1094/12002MB (cached 10MB) CPU [0%@1728,0%@1728,0%@1728,62%@1728,0%@729,0%@729] GR3D_FREQ 34% cpu@56.937C soc2@55.156C soc0@54.937C gpu@56.906C tj@56.937C soc1@55.25C VDD_IN 15823mW/10345mW VDD_CPU_GPU_CV 7054mW/4138mW VDD_SOC 3675mW/2423mW
09-12-2026 21:04:35 RAM 6537/7620MB (lfb 1x1MB) SWAP 1094/12002MB (cached 10MB) CPU [1%@1728,0%@1728,0%@1728,100%@1728,0%@729,0%@729] GR3D_FREQ 41% cpu@56.937C soc2@55.062C soc0@54.906C gpu@56.281C tj@56.937C soc1@55.375C VDD_IN 11965mW/10356mW VDD_CPU_GPU_CV 4786mW/4142mW VDD_SOC 3148mW/2428mW
09-12-2026 21:04:35 RAM 6537/7620MB (lfb 1x1MB) SWAP 1094/12002MB (cached 10MB) CPU [0%@1728,0%@1728,0%@1728,100%@1728,0%@729,0%@729] GR3D_FREQ 99% cpu@56.687C soc2@54.875C soc0@54.875C gpu@56.625C tj@56.687C soc1@55.312C VDD_IN 10029mW/10354mW VDD_CPU_GPU_CV 3936mW/4141mW VDD_SOC 2369mW/2428mW
09-12-2026 21:04:36 RAM 6537/7620MB (lfb 1x1MB) SWAP 1094/12002MB (cached 10MB) CPU [0%@1728,0%@1728,0%@1728,59%@1728,0%@729,0%@729] GR3D_FREQ 99% cpu@57C soc2@55.531C soc0@55.031C gpu@58.156C tj@58.156C soc1@55.593C VDD_IN 17411mW/10404mW VDD_CPU_GPU_CV 7886mW/4167mW VDD_SOC 4177mW/2440mW
09-12-2026 21:04:36 RAM 6537/7620MB (lfb 1x1MB) SWAP 1094/12002MB (cached 10MB) CPU [0%@1728,0%@1728,0%@1728,90%@1728,0%@729,1%@729] GR3D_FREQ 37% cpu@57.187C soc2@55.406C soc0@54.968C gpu@56.968C tj@57.187C soc1@55.687C VDD_IN 13006mW/10423mW VDD_CPU_GPU_CV 5444mW/4176mW VDD_SOC 3379mW/2447mW
09-12-2026 21:04:37 RAM 6537/7620MB (lfb 1x1MB) SWAP 1094/12002MB (cached 10MB) CPU [1%@1728,1%@1728,0%@1728,100%@1728,0%@729,1%@729] GR3D_FREQ 40% cpu@57.031C soc2@55.312C soc0@55.125C gpu@56.562C tj@57.031C soc1@55.593C VDD_IN 10841mW/10425mW VDD_CPU_GPU_CV 4047mW/4176mW VDD_SOC 2996mW/2451mW
09-12-2026 21:04:37 RAM 6537/7620MB (lfb 1x1MB) SWAP 1094/12002MB (cached 10MB) CPU [0%@1728,1%@1728,0%@1728,90%@1728,0%@729,0%@729] GR3D_FREQ 30% cpu@57.531C soc2@55.5C soc0@55.25C gpu@56.812C tj@57.531C soc1@55.656C VDD_IN 12967mW/10443mW VDD_CPU_GPU_CV 5522mW/4185mW VDD_SOC 3379mW/2457mW
09-12-2026 21:04:38 RAM 6537/7620MB (lfb 1x1MB) SWAP 1094/12002MB (cached 10MB) CPU [0%@1728,0%@1728,1%@1728,100%@1728,0%@729,0%@729] GR3D_FREQ 47% cpu@57.093C soc2@55.218C soc0@55.125C gpu@56.562C tj@57.093C soc1@55.812C VDD_IN 10108mW/10441mW VDD_CPU_GPU_CV 3975mW/4183mW VDD_SOC 2527mW/2458mW
09-12-2026 21:04:38 RAM 6537/7620MB (lfb 1x1MB) SWAP 1094/12002MB (cached 10MB) CPU [0%@1728,0%@1728,0%@1728,98%@1728,0%@729,0%@729] GR3D_FREQ 48% cpu@56.906C soc2@55.281C soc0@55C gpu@56.343C tj@56.906C soc1@55.781C VDD_IN 8859mW/10430mW VDD_CPU_GPU_CV 3435mW/4178mW VDD_SOC 1977mW/2454mW
09-12-2026 21:04:39 RAM 6537/7620MB (lfb 1x1MB) SWAP 1094/12002MB (cached 10MB) CPU [3%@1728,0%@1728,0%@1728,86%@1728,0%@729,0%@729] GR3D_FREQ 99% cpu@57.093C soc2@55.375C soc0@55.062C gpu@57.593C tj@57.593C soc1@55.75C VDD_IN 12240mW/10442mW VDD_CPU_GPU_CV 5649mW/4188mW VDD_SOC 2400mW/2454mW
09-12-2026 21:04:39 RAM 6537/7620MB (lfb 1x1MB) SWAP 1094/12002MB (cached 10MB) CPU [0%@1728,0%@1728,0%@1728,66%@1728,0%@729,0%@729] GR3D_FREQ 30% cpu@57.812C soc2@55.75C soc0@55.437C gpu@57.187C tj@57.812C soc1@55.812C VDD_IN 14241mW/10468mW VDD_CPU_GPU_CV 6295mW/4203mW VDD_SOC 3373mW/2460mW
09-12-2026 21:04:40 RAM 6537/7620MB (lfb 1x1MB) SWAP 1094/12002MB (cached 10MB) CPU [0%@1728,0%@1728,0%@1728,98%@1728,0%@729,0%@729] GR3D_FREQ 43% cpu@57.343C soc2@55.531C soc0@55.437C gpu@56.718C tj@57.343C soc1@55.906C VDD_IN 11196mW/10473mW VDD_CPU_GPU_CV 4479mW/4204mW VDD_SOC 2877mW/2463mW
09-12-2026 21:04:40 RAM 6537/7620MB (lfb 1x1MB) SWAP 1094/12002MB (cached 10MB) CPU [0%@1728,1%@1728,0%@1728,100%@1728,0%@729,0%@729] GR3D_FREQ 58% cpu@57.093C soc2@55.375C soc0@55.312C gpu@56.718C tj@57.343C soc1@56.031C VDD_IN 9492mW/10466mW VDD_CPU_GPU_CV 3784mW/4202mW VDD_SOC 2132mW/2461mW
09-12-2026 21:04:41 RAM 6537/7620MB (lfb 1x1MB) SWAP 1094/12002MB (cached 10MB) CPU [0%@1728,0%@1728,1%@1728,88%@1728,0%@729,0%@729] GR3D_FREQ 99% cpu@56.968C soc2@55.562C soc0@55.281C gpu@57.562C tj@57.562C soc1@56C VDD_IN 10622mW/10467mW VDD_CPU_GPU_CV 4605mW/4204mW VDD_SOC 2168mW/2459mW
09-12-2026 21:04:41 RAM 6537/7620MB (lfb 1x1MB) SWAP 1094/12002MB (cached 10MB) CPU [0%@1728,0%@1728,0%@1728,60%@1728,0%@729,0%@729] GR3D_FREQ 71% cpu@57.656C soc2@56C soc0@55.343C gpu@58.375C tj@58.375C soc1@56.031C VDD_IN 17205mW/10512mW VDD_CPU_GPU_CV 7847mW/4228mW VDD_SOC 3982mW/2469mW
09-12-2026 21:04:42 RAM 6537/7620MB (lfb 1x1MB) SWAP 1094/12002MB (cached 10MB) CPU [0%@1728,0%@1728,0%@1728,100%@1728,0%@729,0%@729] GR3D_FREQ 38% cpu@57.718C soc2@55.812C soc0@55.656C gpu@57.218C tj@57.718C soc1@56.062C VDD_IN 12477mW/10524mW VDD_CPU_GPU_CV 5139mW/4234mW VDD_SOC 3222mW/2474mW
09-12-2026 21:04:42 RAM 6537/7620MB (lfb 1x1MB) SWAP 1094/12002MB (cached 10MB) CPU [0%@1728,3%@1728,0%@1728,96%@1728,0%@729,0%@729] GR3D_FREQ 99% cpu@57.5C soc2@55.812C soc0@55.593C gpu@58C tj@58C soc1@56.125C VDD_IN 11669mW/10532mW VDD_CPU_GPU_CV 4833mW/4238mW VDD_SOC 2873mW/2476mW
09-12-2026 21:04:43 RAM 6537/7620MB (lfb 1x1MB) SWAP 1094/12002MB (cached 10MB) CPU [0%@1728,0%@1728,1%@1728,62%@1728,0%@729,0%@729] GR3D_FREQ 32% cpu@57.906C soc2@56.25C soc0@55.656C gpu@58.031C tj@58.031C soc1@56.312C VDD_IN 16580mW/10571mW VDD_CPU_GPU_CV 7510mW/4259mW VDD_SOC 4060mW/2487mW
09-12-2026 21:04:44 RAM 6537/7620MB (lfb 1x1MB) SWAP 1094/12002MB (cached 10MB) CPU [3%@1728,0%@1728,0%@1728,100%@1728,0%@729,0%@729] GR3D_FREQ 40% cpu@57.687C soc2@56.062C soc0@55.75C gpu@57.312C tj@57.687C soc1@56.406C VDD_IN 12162mW/10581mW VDD_CPU_GPU_CV 4943mW/4264mW VDD_SOC 3266mW/2492mW
09-12-2026 21:04:44 RAM 6537/7620MB (lfb 1x1MB) SWAP 1094/12002MB (cached 10MB) CPU [1%@1728,1%@1728,0%@1728,98%@1728,0%@729,0%@729] GR3D_FREQ 48% cpu@57.562C soc2@55.937C soc0@55.625C gpu@57.437C tj@57.562C soc1@56.25C VDD_IN 10266mW/10579mW VDD_CPU_GPU_CV 3936mW/4261mW VDD_SOC 2641mW/2493mW
09-12-2026 21:04:45 RAM 6537/7620MB (lfb 1x1MB) SWAP 1094/12002MB (cached 10MB) CPU [3%@1728,0%@1728,0%@1728,98%@1728,0%@729,0%@729] GR3D_FREQ 0% cpu@57.593C soc2@55.812C soc0@55.718C gpu@56.812C tj@57.593C soc1@56.187C VDD_IN 8899mW/10568mW VDD_CPU_GPU_CV 3395mW/4256mW VDD_SOC 2056mW/2490mW
09-12-2026 21:04:45 RAM 6537/7620MB (lfb 1x1MB) SWAP 1094/12002MB (cached 10MB) CPU [0%@1728,1%@1728,0%@1728,89%@1728,0%@729,0%@729] GR3D_FREQ 33% cpu@57.781C soc2@56C soc0@55.781C gpu@57.468C tj@57.781C soc1@56.281C VDD_IN 12398mW/10580mW VDD_CPU_GPU_CV 5492mW/4264mW VDD_SOC 2868mW/2492mW
09-12-2026 21:04:46 RAM 6537/7620MB (lfb 1x1MB) SWAP 1094/12002MB (cached 10MB) CPU [0%@1728,0%@1728,0%@1728,98%@1728,0%@729,0%@729] GR3D_FREQ 40% cpu@57.593C soc2@55.906C soc0@55.718C gpu@57.187C tj@57.687C soc1@56.343C VDD_IN 9635mW/10574mW VDD_CPU_GPU_CV 3981mW/4262mW VDD_SOC 2092mW/2490mW
09-12-2026 21:04:46 RAM 6537/7620MB (lfb 1x1MB) SWAP 1094/12002MB (cached 10MB) CPU [0%@1728,1%@1728,0%@1728,100%@1728,0%@729,0%@729] GR3D_FREQ 42% cpu@57.468C soc2@55.875C soc0@55.625C gpu@56.968C tj@57.468C soc1@56.406C VDD_IN 8701mW/10562mW VDD_CPU_GPU_CV 3435mW/4257mW VDD_SOC 1858mW/2486mW
09-12-2026 21:04:47 RAM 6537/7620MB (lfb 1x1MB) SWAP 1094/12002MB (cached 10MB) CPU [0%@1728,0%@1728,1%@1728,84%@1728,0%@729,0%@729] GR3D_FREQ 98% cpu@57.812C soc2@55.937C soc0@55.812C gpu@58.281C tj@58.281C soc1@56.25C VDD_IN 11432mW/10568mW VDD_CPU_GPU_CV 5226mW/4263mW VDD_SOC 2204mW/2484mW
09-12-2026 21:04:47 RAM 6537/7620MB (lfb 1x1MB) SWAP 1094/12002MB (cached 10MB) CPU [3%@1728,0%@1728,0%@1728,96%@1728,1%@729,0%@729] GR3D_FREQ 36% cpu@57.656C soc2@55.937C soc0@55.906C gpu@57.218C tj@57.5C soc1@56.281C VDD_IN 10385mW/10567mW VDD_CPU_GPU_CV 4565mW/4265mW VDD_SOC 2089mW/2482mW
09-12-2026 21:04:48 RAM 6537/7620MB (lfb 1x1MB) SWAP 1094/12002MB (cached 10MB) CPU [1%@1728,3%@1728,0%@1728,100%@1728,0%@729,0%@729] GR3D_FREQ 48% cpu@57.656C soc2@55.937C soc0@55.781C gpu@56.937C tj@57.656C soc1@56.312C VDD_IN 8978mW/10557mW VDD_CPU_GPU_CV 3666mW/4261mW VDD_SOC 1858mW/2478mW
09-12-2026 21:04:48 RAM 6582/7620MB (lfb 2x512kB) SWAP 1094/12002MB (cached 10MB) CPU [4%@1728,0%@1728,0%@1728,86%@1728,0%@729,0%@729] GR3D_FREQ 70% cpu@57.687C soc2@55.906C soc0@55.781C gpu@58.031C tj@58.031C soc1@56.5C VDD_IN 10701mW/10558mW VDD_CPU_GPU_CV 4676mW/4264mW VDD_SOC 2089mW/2475mW
09-12-2026 21:04:49 RAM 6602/7620MB (lfb 1x2MB) SWAP 1122/12002MB (cached 10MB) CPU [6%@729,2%@1728,0%@1728,76%@1728,18%@806,0%@806] GR3D_FREQ 99% cpu@58.031C soc2@56.593C soc0@55.968C gpu@59.156C tj@59.156C soc1@56.5C VDD_IN 17646mW/10601mW VDD_CPU_GPU_CV 8119mW/4287mW VDD_SOC 4014mW/2485mW
09-12-2026 21:04:49 RAM 6601/7620MB (lfb 1x2MB) SWAP 1122/12002MB (cached 10MB) CPU [0%@1728,0%@1728,1%@1728,86%@1728,0%@729,0%@729] GR3D_FREQ 35% cpu@58.218C soc2@56.468C soc0@56.25C gpu@58.093C tj@58.218C soc1@56.687C VDD_IN 13439mW/10618mW VDD_CPU_GPU_CV 5670mW/4295mW VDD_SOC 3413mW/2490mW
09-12-2026 21:04:50 RAM 6609/7620MB (lfb 1x2MB) SWAP 1122/12002MB (cached 10MB) CPU [0%@1728,0%@1728,14%@1728,100%@1728,2%@729,0%@729] GR3D_FREQ 51% cpu@58.218C soc2@56.406C soc0@56.218C gpu@57.718C tj@58.218C soc1@56.718C VDD_IN 11354mW/10622mW VDD_CPU_GPU_CV 4361mW/4295mW VDD_SOC 3109mW/2494mW
09-12-2026 21:04:50 RAM 6610/7620MB (lfb 1x2MB) SWAP 1122/12002MB (cached 10MB) CPU [1%@1728,0%@1728,1%@1728,88%@1728,0%@729,0%@729] GR3D_FREQ 99% cpu@58.156C soc2@56.656C soc0@56.218C gpu@59.312C tj@59.312C soc1@56.906C VDD_IN 14005mW/10642mW VDD_CPU_GPU_CV 6100mW/4306mW VDD_SOC 3413mW/2499mW
09-12-2026 21:04:51 RAM 6632/7620MB (lfb 2x512kB) SWAP 1159/12002MB (cached 10MB) CPU [0%@729,0%@729,0%@729,62%@729,3%@729,33%@729] GR3D_FREQ 99% cpu@58.468C soc2@57.093C soc0@56.343C gpu@59.781C tj@59.781C soc1@57C VDD_IN 19215mW/10692mW VDD_CPU_GPU_CV 8712mW/4332mW VDD_SOC 4669mW/2512mW
09-12-2026 21:04:51 RAM 6636/7620MB (lfb 1x1MB) SWAP 1159/12002MB (cached 10MB) CPU [1%@1728,1%@1728,0%@1728,97%@1728,11%@1344,0%@1344] GR3D_FREQ 35% cpu@58.593C soc2@56.875C soc0@56.437C gpu@58.187C tj@58.593C soc1@56.937C VDD_IN 13557mW/10709mW VDD_CPU_GPU_CV 5748mW/4340mW VDD_SOC 3530mW/2518mW
09-12-2026 21:04:52 RAM 6633/7620MB (lfb 1x1MB) SWAP 1159/12002MB (cached 10MB) CPU [0%@1728,0%@1728,0%@1728,98%@1728,2%@729,0%@729] GR3D_FREQ 49% cpu@58.531C soc2@56.718C soc0@56.593C gpu@58C tj@58.531C soc1@56.937C VDD_IN 11354mW/10713mW VDD_CPU_GPU_CV 4401mW/4341mW VDD_SOC 3148mW/2522mW
09-12-2026 21:04:52 RAM 6633/7620MB (lfb 1x1MB) SWAP 1159/12002MB (cached 10MB) CPU [0%@1728,0%@1728,0%@1728,92%@1728,0%@729,0%@729] GR3D_FREQ 38% cpu@58.843C soc2@56.875C soc0@56.593C gpu@58.343C tj@58.843C soc1@56.968C VDD_IN 14107mW/10733mW VDD_CPU_GPU_CV 6022mW/4350mW VDD_SOC 3609mW/2528mW
09-12-2026 21:04:53 RAM 6633/7620MB (lfb 1x1MB) SWAP 1159/12002MB (cached 10MB) CPU [0%@1728,0%@1728,1%@1728,100%@1728,0%@729,0%@729] GR3D_FREQ 46% cpu@58.406C soc2@56.718C soc0@56.531C gpu@57.687C tj@58.406C soc1@57.093C VDD_IN 10841mW/10733mW VDD_CPU_GPU_CV 4204mW/4350mW VDD_SOC 2917mW/2530mW
09-12-2026 21:04:53 RAM 6633/7620MB (lfb 1x1MB) SWAP 1159/12002MB (cached 10MB) CPU [0%@1728,1%@1728,0%@1728,98%@1728,0%@729,0%@729] GR3D_FREQ 50% cpu@58.156C soc2@56.593C soc0@56.312C gpu@57.843C tj@58.156C soc1@57.031C VDD_IN 9096mW/10724mW VDD_CPU_GPU_CV 3508mW/4345mW VDD_SOC 2092mW/2528mW
09-12-2026 21:04:54 RAM 6633/7620MB (lfb 1x1MB) SWAP 1159/12002MB (cached 10MB) CPU [0%@1728,0%@1728,0%@1728,87%@1728,0%@729,0%@729] GR3D_FREQ 99% cpu@58.531C soc2@57.156C soc0@56.437C gpu@59.531C tj@59.531C soc1@57.125C VDD_IN 15745mW/10752mW VDD_CPU_GPU_CV 7171mW/4361mW VDD_SOC 3519mW/2533mW
09-12-2026 21:04:54 RAM 6633/7620MB (lfb 1x1MB) SWAP 1159/12002MB (cached 10MB) CPU [0%@1728,0%@1728,0%@1728,49%@1728,0%@729,0%@729] GR3D_FREQ 36% cpu@58.812C soc2@57.281C soc0@56.843C gpu@59.093C tj@59.093C soc1@57.125C VDD_IN 16345mW/10784mW VDD_CPU_GPU_CV 7198mW/4377mW VDD_SOC 3943mW/2541mW
09-12-2026 21:04:55 RAM 6633/7620MB (lfb 1x1MB) SWAP 1159/12002MB (cached 10MB) CPU [0%@1728,0%@1728,0%@1728,98%@1728,0%@729,0%@729] GR3D_FREQ 42% cpu@58.843C soc2@57C soc0@56.781C gpu@58.468C tj@58.843C soc1@57.187C VDD_IN 12359mW/10793mW VDD_CPU_GPU_CV 5021mW/4380mW VDD_SOC 3261mW/2545mW
09-12-2026 21:04:55 RAM 6633/7620MB (lfb 1x1MB) SWAP 1159/12002MB (cached 10MB) CPU [0%@1728,0%@1728,0%@1728,96%@1728,0%@729,0%@729] GR3D_FREQ 99% cpu@58.593C soc2@57.156C soc0@56.718C gpu@59.343C tj@59.343C soc1@57.375C VDD_IN 12437mW/10802mW VDD_CPU_GPU_CV 5100mW/4385mW VDD_SOC 3340mW/2550mW
09-12-2026 21:04:56 RAM 6633/7620MB (lfb 1x1MB) SWAP 1159/12002MB (cached 10MB) CPU [1%@729,0%@729,1%@729,66%@729,0%@729,1%@729] GR3D_FREQ 99% cpu@58.906C soc2@57.625C soc0@56.843C gpu@60.312C tj@60.312C soc1@57.437C VDD_IN 18591mW/10845mW VDD_CPU_GPU_CV 8299mW/4406mW VDD_SOC 4630mW/2561mW
09-12-2026 21:04:56 RAM 6634/7620MB (lfb 1x1MB) SWAP 1159/12002MB (cached 10MB) CPU [1%@1728,1%@1728,0%@1728,82%@1728,0%@729,0%@729] GR3D_FREQ 36% cpu@59C soc2@57.437C soc0@56.906C gpu@58.843C tj@59C soc1@57.437C VDD_IN 13848mW/10862mW VDD_CPU_GPU_CV 5865mW/4414mW VDD_SOC 3609mW/2567mW
09-12-2026 21:04:57 RAM 6634/7620MB (lfb 1x1MB) SWAP 1159/12002MB (cached 10MB) CPU [0%@1728,1%@1728,1%@1728,100%@1728,0%@729,0%@729] GR3D_FREQ 49% cpu@58.875C soc2@57.343C soc0@57.125C gpu@58.5C tj@58.875C soc1@57.468C VDD_IN 11432mW/10865mW VDD_CPU_GPU_CV 4440mW/4414mW VDD_SOC 3148mW/2570mW
09-12-2026 21:04:57 RAM 6634/7620MB (lfb 1x1MB) SWAP 1159/12002MB (cached 10MB) CPU [0%@1728,0%@1728,0%@1728,88%@1728,1%@729,0%@729] GR3D_FREQ 99% cpu@59.281C soc2@57.406C soc0@56.968C gpu@59.937C tj@59.937C soc1@57.437C VDD_IN 13989mW/10882mW VDD_CPU_GPU_CV 5826mW/4422mW VDD_SOC 3687mW/2576mW
09-12-2026 21:04:58 RAM 6635/7620MB (lfb 1x1MB) SWAP 1159/12002MB (cached 10MB) CPU [1%@1728,1%@1728,1%@1728,64%@1728,0%@729,0%@729] GR3D_FREQ 31% cpu@59.312C soc2@57.593C soc0@57.218C gpu@59.125C tj@59.312C soc1@57.687C VDD_IN 15197mW/10905mW VDD_CPU_GPU_CV 6636mW/4434mW VDD_SOC 3871mW/2584mW
09-12-2026 21:04:58 RAM 6635/7620MB (lfb 1x1MB) SWAP 1159/12002MB (cached 10MB) CPU [0%@1728,0%@1728,1%@1728,100%@1728,1%@729,0%@729] GR3D_FREQ 39% cpu@59.125C soc2@57.5C soc0@57.125C gpu@58.875C tj@59.125C soc1@57.687C VDD_IN 11689mW/10910mW VDD_CPU_GPU_CV 4629mW/4435mW VDD_SOC 3188mW/2587mW
09-12-2026 21:04:59 RAM 6635/7620MB (lfb 1x1MB) SWAP 1159/12002MB (cached 10MB) CPU [0%@1728,0%@1728,0%@1728,90%@1728,0%@729,0%@729] GR3D_FREQ 87% cpu@58.906C soc2@57.531C soc0@57.281C gpu@59.625C tj@59.625C soc1@57.562C VDD_IN 12083mW/10916mW VDD_CPU_GPU_CV 5021mW/4438mW VDD_SOC 3070mW/2589mW
09-12-2026 21:04:59 RAM 6635/7620MB (lfb 1x1MB) SWAP 1159/12002MB (cached 10MB) CPU [0%@1728,0%@1728,0%@1728,60%@1728,0%@729,0%@729] GR3D_FREQ 34% cpu@59.625C soc2@57.906C soc0@57.375C gpu@60.031C tj@60.031C soc1@57.718C VDD_IN 17489mW/10951mW VDD_CPU_GPU_CV 7847mW/4457mW VDD_SOC 4326mW/2599mW
09-12-2026 21:05:00 RAM 6635/7620MB (lfb 1x1MB) SWAP 1159/12002MB (cached 10MB) CPU [1%@1728,0%@1728,0%@1728,100%@1728,0%@729,0%@729] GR3D_FREQ 36% cpu@59.437C soc2@57.656C soc0@57.375C gpu@59.093C tj@59.437C soc1@58C VDD_IN 12634mW/10960mW VDD_CPU_GPU_CV 5131mW/4460mW VDD_SOC 3340mW/2603mW
09-12-2026 21:05:00 RAM 6635/7620MB (lfb 1x1MB) SWAP 1159/12002MB (cached 10MB) CPU [0%@1728,3%@1728,0%@1728,100%@1728,0%@729,0%@729] GR3D_FREQ 0% cpu@59.187C soc2@57.531C soc0@57.375C gpu@58.5C tj@59.187C soc1@57.906C VDD_IN 10644mW/10958mW VDD_CPU_GPU_CV 3936mW/4457mW VDD_SOC 2996mW/2605mW
09-12-2026 21:05:01 RAM 6635/7620MB (lfb 1x1MB) SWAP 1159/12002MB (cached 10MB) CPU [0%@1728,0%@1728,0%@1728,86%@1728,0%@729,1%@729] GR3D_FREQ 29% cpu@59.312C soc2@57.875C soc0@57.312C gpu@59C tj@59.312C soc1@57.937C VDD_IN 13242mW/10970mW VDD_CPU_GPU_CV 5601mW/4463mW VDD_SOC 3418mW/2609mW
09-12-2026 21:05:01 RAM 6636/7620MB (lfb 1x1MB) SWAP 1159/12002MB (cached 10MB) CPU [2%@1728,0%@1728,0%@1728,100%@1728,0%@729,0%@729] GR3D_FREQ 43% cpu@59.562C soc2@57.656C soc0@57.5C gpu@58.625C tj@59.562C soc1@57.906C VDD_IN 10187mW/10966mW VDD_CPU_GPU_CV 4014mW/4461mW VDD_SOC 2523mW/2609mW
09-12-2026 21:05:02 RAM 6636/7620MB (lfb 1x1MB) SWAP 1159/12002MB (cached 10MB) CPU [1%@1728,0%@1728,0%@1728,98%@1728,0%@729,0%@729] GR3D_FREQ 43% cpu@59.062C soc2@57.5C soc0@57.218C gpu@58.843C tj@59.062C soc1@57.843C VDD_IN 8899mW/10956mW VDD_CPU_GPU_CV 3429mW/4456mW VDD_SOC 1977mW/2605mW
09-12-2026 21:05:02 RAM 6636/7620MB (lfb 1x1MB) SWAP 1159/12002MB (cached 10MB) CPU [1%@1651,1%@1651,1%@1651,96%@1651,0%@729,0%@729] GR3D_FREQ 99% cpu@58.75C soc2@57.343C soc0@57.218C gpu@59.093C tj@59.093C soc1@57.968C VDD_IN 9096mW/10946mW VDD_CPU_GPU_CV 3587mW/4451mW VDD_SOC 1934mW/2602mW
09-12-2026 21:05:03 RAM 6636/7620MB (lfb 1x1MB) SWAP 1159/12002MB (cached 10MB) CPU [0%@1728,0%@1728,0%@1728,52%@1728,0%@729,0%@729] GR3D_FREQ 79% cpu@59.468C soc2@58C soc0@57.406C gpu@60.281C tj@60.281C soc1@58.031C VDD_IN 16267mW/10973mW VDD_CPU_GPU_CV 7561mW/4467mW VDD_SOC 3636mW/2607mW
09-12-2026 21:05:03 RAM 6636/7620MB (lfb 1x1MB) SWAP 1159/12002MB (cached 10MB) CPU [0%@1728,0%@1728,0%@1728,100%@1728,0%@729,0%@729] GR3D_FREQ 37% cpu@59.406C soc2@57.843C soc0@57.5C gpu@59.218C tj@59.406C soc1@58.031C VDD_IN 12201mW/10980mW VDD_CPU_GPU_CV 5021mW/4470mW VDD_SOC 3104mW/2610mW
09-12-2026 21:05:04 RAM 6636/7620MB (lfb 1x1MB) SWAP 1159/12002MB (cached 10MB) CPU [0%@1728,0%@1728,1%@1728,100%@1728,0%@729,0%@729] GR3D_FREQ 54% cpu@59.25C soc2@57.625C soc0@57.437C gpu@58.75C tj@59.25C soc1@57.968C VDD_IN 9872mW/10974mW VDD_CPU_GPU_CV 3975mW/4468mW VDD_SOC 2250mW/2608mW
09-12-2026 21:05:04 RAM 6636/7620MB (lfb 1x1MB) SWAP 1159/12002MB (cached 10MB) CPU [3%@1728,0%@1728,0%@1728,86%@1728,0%@729,0%@729] GR3D_FREQ 34% cpu@59.75C soc2@57.937C soc0@57.593C gpu@59.25C tj@59.75C soc1@58.093C VDD_IN 12967mW/10984mW VDD_CPU_GPU_CV 5836mW/4475mW VDD_SOC 3065mW/2610mW
09-12-2026 21:05:05 RAM 6636/7620MB (lfb 1x1MB) SWAP 1159/12002MB (cached 10MB) CPU [0%@1728,0%@1728,1%@1728,100%@1728,0%@729,0%@729] GR3D_FREQ 45% cpu@59.281C soc2@57.656C soc0@57.5C gpu@59.031C tj@59.281C soc1@58.093C VDD_IN 9950mW/10979mW VDD_CPU_GPU_CV 4093mW/4473mW VDD_SOC 2250mW/2608mW
09-12-2026 21:05:05 RAM 6636/7620MB (lfb 1x1MB) SWAP 1159/12002MB (cached 10MB) CPU [0%@1728,0%@1728,0%@1728,98%@1728,0%@729,1%@729] GR3D_FREQ 47% cpu@59.187C soc2@57.75C soc0@57.406C gpu@58.656C tj@59.187C soc1@58.031C VDD_IN 8820mW/10968mW VDD_CPU_GPU_CV 3469mW/4468mW VDD_SOC 1898mW/2605mW
09-12-2026 21:05:06 RAM 6636/7620MB (lfb 1x1MB) SWAP 1159/12002MB (cached 10MB) CPU [0%@1728,0%@1728,0%@1728,100%@1728,0%@729,0%@729] GR3D_FREQ 99% cpu@59.187C soc2@57.562C soc0@57.468C gpu@59.062C tj@59.187C soc1@58C VDD_IN 8582mW/10956mW VDD_CPU_GPU_CV 3316mW/4462mW VDD_SOC 1858mW/2601mW
09-12-2026 21:05:06 RAM 6636/7620MB (lfb 1x1MB) SWAP 1159/12002MB (cached 10MB) CPU [0%@1728,1%@1728,0%@1728,62%@1728,0%@729,0%@729] GR3D_FREQ 99% cpu@59.593C soc2@58.156C soc0@57.75C gpu@60.718C tj@60.718C soc1@58.093C VDD_IN 16228mW/10982mW VDD_CPU_GPU_CV 7510mW/4477mW VDD_SOC 3558mW/2606mW
09-12-2026 21:05:07 RAM 6636/7620MB (lfb 1x1MB) SWAP 1159/12002MB (cached 10MB) CPU [0%@1728,0%@1728,0%@1728,82%@1728,0%@729,0%@729] GR3D_FREQ 35% cpu@59.718C soc2@58.125C soc0@57.75C gpu@59.718C tj@59.718C soc1@58.125C VDD_IN 12967mW/10992mW VDD_CPU_GPU_CV 5483mW/4482mW VDD_SOC 3261mW/2609mW
09-12-2026 21:05:07 RAM 6636/7620MB (lfb 1x1MB) SWAP 1159/12002MB (cached 10MB) CPU [0%@1728,0%@1728,0%@1728,100%@1728,0%@729,0%@729] GR3D_FREQ 49% cpu@59.687C soc2@57.937C soc0@57.656C gpu@59.187C tj@59.687C soc1@58.25C VDD_IN 10565mW/10990mW VDD_CPU_GPU_CV 4211mW/4481mW VDD_SOC 2641mW/2609mW
